 sadll

 Timestamp is 64859e16 (Sun Jun 11 18:12:38 2023)

 Preferred load address is 10000000

 Start         Length     Name                   Class
 0001:00000000 00019fc0H .text$mn                CODE
 0001:00019fc0 00001c9fH .text$x                 CODE
 0002:00000000 00000104H .CRT$XCA                DATA
 0002:00000104 00000104H .CRT$XCZ                DATA
 0002:00000208 00000104H .CRT$XIA                DATA
 0002:0000030c 00000104H .CRT$XIC                DATA
 0002:00000410 00000104H .CRT$XIZ                DATA
 0002:00000514 00000004H .CRT$XLA                DATA
 0002:00000518 00000004H .CRT$XLZ                DATA
 0002:0000051c 00000104H .CRT$XPA                DATA
 0002:00000620 00000104H .CRT$XPZ                DATA
 0002:00000724 00000104H .CRT$XTA                DATA
 0002:00000828 00000108H .CRT$XTZ                DATA
 0002:00000930 00001f90H .rdata                  DATA
 0002:000028c0 00000180H .rdata$CastGuardVftablesA DATA
 0002:00002a40 0000014cH .rdata$CastGuardVftablesC DATA
 0002:00002b8c 0000011cH .rdata$T                DATA
 0002:00002ca8 00000328H .rdata$r                DATA
 0002:00002fd0 000001f0H .rdata$sxdata           DATA
 0002:000031c0 00000184H .rdata$zzzdbg           DATA
 0002:00003344 00000104H .rtc$IAA                DATA
 0002:00003448 00000110H .rtc$IMZ                DATA
 0002:00003558 00000104H .rtc$IZZ                DATA
 0002:0000365c 00000104H .rtc$TAA                DATA
 0002:00003760 00000110H .rtc$TMZ                DATA
 0002:00003870 00000108H .rtc$TZZ                DATA
 0002:00003978 00000ebfH .xdata$x                DATA
 0002:00004837 00000000H .edata                  DATA
 0003:00000000 00000148H .data                   DATA
 0003:00000148 00000178H .data$r                 DATA
 0003:000002c0 00000160H .data$rs                DATA
 0003:00000420 006153c0H .bss                    DATA
 0004:00000000 00000484H .idata$5                DATA
 0004:00000484 000000a0H .idata$2                DATA
 0004:00000524 00000014H .idata$3                DATA
 0004:00000538 00000484H .idata$4                DATA
 0004:000009bc 00001446H .idata$6                DATA
 0005:00000000 0000024eH .msvcjmc                DATA
 0006:00000000 00000104H .tls                    DATA
 0006:00000104 00000104H .tls$                   DATA
 0006:00000208 00000101H .tls$ZZZ                DATA
 0007:00000000 0000010eH .00cfg                  DATA
 0008:00000000 00001687H .detourc                DATA
 0009:00000000 0000010eH .detourd                DATA
 000a:00000000 00000170H .rsrc$01                DATA
 000a:00000170 000002d6H .rsrc$02                DATA

  Address         Publics by Value              Rva+Base       Lib:Object

 0000:00000000       ___AbsoluteZero            00000000     <absolute>
 0000:00000000       ___arm64x_extra_rfe_table  00000000     <absolute>
 0000:00000000       ___arm64x_extra_rfe_table_size 00000000     <absolute>
 0000:00000000       ___arm64x_native_entrypoint 00000000     <absolute>
 0000:00000000       ___arm64x_redirection_metadata 00000000     <absolute>
 0000:00000000       ___arm64x_redirection_metadata_count 00000000     <absolute>
 0000:00000000       ___dynamic_value_reloc_table 00000000     <absolute>
 0000:00000000       ___enclave_config          00000000     <absolute>
 0000:00000000       ___guard_check_icall_a64n_fptr 00000000     <absolute>
 0000:00000000       ___guard_eh_cont_count     00000000     <absolute>
 0000:00000000       ___guard_eh_cont_table     00000000     <absolute>
 0000:00000000       ___guard_fids_count        00000000     <absolute>
 0000:00000000       ___guard_fids_table        00000000     <absolute>
 0000:00000000       ___guard_iat_count         00000000     <absolute>
 0000:00000000       ___guard_iat_table         00000000     <absolute>
 0000:00000000       ___guard_longjmp_count     00000000     <absolute>
 0000:00000000       ___guard_longjmp_table     00000000     <absolute>
 0000:00000000       ___hybrid_auxiliary_delayload_iat 00000000     <absolute>
 0000:00000000       ___hybrid_auxiliary_delayload_iat_copy 00000000     <absolute>
 0000:00000000       ___hybrid_auxiliary_iat    00000000     <absolute>
 0000:00000000       ___hybrid_auxiliary_iat_copy 00000000     <absolute>
 0000:00000000       ___hybrid_code_map         00000000     <absolute>
 0000:00000000       ___hybrid_code_map_count   00000000     <absolute>
 0000:00000000       ___volatile_metadata       00000000     <absolute>
 0000:00000000       ___x64_code_ranges_to_entry_points 00000000     <absolute>
 0000:00000000       ___x64_code_ranges_to_entry_points_count 00000000     <absolute>
 0000:0000002c       __tls_array                0000002c     <absolute>
 0000:00000032       ___safe_se_handler_count   00000032     <absolute>
 0000:00000100       ___guard_flags             00000100     <absolute>
 0000:00000000       ___ImageBase               10000000     <linker-defined>
 0001:00001230       ?util_Init@Autil@@YIXXZ    10002230 f   autil.obj
 0001:00001270       ?util_Release@Autil@@YIXXZ 10002270 f   autil.obj
 0001:000012b0       ?util_SplitMessage@Autil@@YI_NPADI0@Z 100022b0 f   autil.obj
 0001:000013c0       ?util_EncodeMessage@Autil@@YIXPADI0@Z 100023c0 f   autil.obj
 0001:000015b0       ?util_DecodeMessage@Autil@@YIXPADI0@Z 100025b0 f   autil.obj
 0001:000017b0       ?util_GetFunctionFromSlice@Autil@@YIHPAH0@Z 100027b0 f   autil.obj
 0001:00001910       ?util_DiscardMessage@Autil@@YIXXZ 10002910 f   autil.obj
 0001:00001930       ?util_SendMesg@Autil@@YIXHHPAD@Z 10002930 f   autil.obj
 0001:00001970       ?util_256to64@Autil@@YIHPAD0H0@Z 10002970 f   autil.obj
 0001:00001ac0       ?util_64to256@Autil@@YIHPAD00@Z 10002ac0 f   autil.obj
 0001:00001c60       ?util_256to64_shr@Autil@@YIHPAD0H00@Z 10002c60 f   autil.obj
 0001:00001e40       ?util_shl_64to256@Autil@@YIHPAD000@Z 10002e40 f   autil.obj
 0001:00002080       ?util_256to64_shl@Autil@@YIHPAD0H00@Z 10003080 f   autil.obj
 0001:00002270       ?util_shr_64to256@Autil@@YIHPAD000@Z 10003270 f   autil.obj
 0001:00002490       ?util_swapint@Autil@@YIXPAH0PAD@Z 10003490 f   autil.obj
 0001:00002510       ?util_xorstring@Autil@@YIXPAD0@Z 10003510 f   autil.obj
 0001:000025a0       ?util_shrstring@Autil@@YIXPADI0H@Z 100035a0 f   autil.obj
 0001:000026a0       ?util_shlstring@Autil@@YIXPADI0H@Z 100036a0 f   autil.obj
 0001:00002780       ?util_deint@Autil@@YIHHPAH@Z 10003780 f   autil.obj
 0001:00002890       ?util_mkint@Autil@@YIHPADH@Z 10003890 f   autil.obj
 0001:000029f0       ?util_destring@Autil@@YIHHPAD@Z 100039f0 f   autil.obj
 0001:00002a50       ?util_mkstring@Autil@@YIHPAD0@Z 10003a50 f   autil.obj
 0001:000031b0       ??$?RV?$mersenne_twister_engine@I$0CA@$0CHA@$0BIN@$0BP@$0JJAILANP@$0L@$0PPPPPPPP@$06$0JNCMFGIA@$0P@$0OPMGAAAA@$0BC@$0GMAHIJGF@@std@@@?$uniform_int@H@std@@QAEHAAV?$mersenne_twister_engine@I$0CA@$0CHA@$0BIN@$0BP@$0JJAILANP@$0L@$0PPPPPPPP@$06$0JNCMFGIA@$0P@$0OPMGAAAA@$0BC@$0GMAHIJGF@@1@@Z 100041b0 f i autil.obj
 0001:00003210       ??$_Eval@V?$mersenne_twister_engine@I$0CA@$0CHA@$0BIN@$0BP@$0JJAILANP@$0L@$0PPPPPPPP@$06$0JNCMFGIA@$0P@$0OPMGAAAA@$0BC@$0GMAHIJGF@@std@@@?$uniform_int@H@std@@ABEHAAV?$mersenne_twister_engine@I$0CA@$0CHA@$0BIN@$0BP@$0JJAILANP@$0L@$0PPPPPPPP@$06$0JNCMFGIA@$0P@$0OPMGAAAA@$0BC@$0GMAHIJGF@@1@HH@Z 10004210 f i autil.obj
 0001:00003340       ??$strcat_s@$0PPNM@@@YAHAAY0PPNM@DPBD@Z 10004340 f i autil.obj
 0001:00003390       ??$strncpy_s@$0BAAA@@@YAHAAY0BAAA@DPBDI@Z 10004390 f i autil.obj
 0001:000033e0       ??0?$_Rng_from_urng_v2@IV?$mersenne_twister_engine@I$0CA@$0CHA@$0BIN@$0BP@$0JJAILANP@$0L@$0PPPPPPPP@$06$0JNCMFGIA@$0P@$0OPMGAAAA@$0BC@$0GMAHIJGF@@std@@@std@@QAE@AAV?$mersenne_twister_engine@I$0CA@$0CHA@$0BIN@$0BP@$0JJAILANP@$0L@$0PPPPPPPP@$06$0JNCMFGIA@$0P@$0OPMGAAAA@$0BC@$0GMAHIJGF@@1@@Z 100043e0 f i autil.obj
 0001:00003420       ??0?$mersenne_twister@I$0CA@$0CHA@$0BIN@$0BP@$0JJAILANP@$0L@$06$0JNCMFGIA@$0P@$0OPMGAAAA@$0BC@@std@@QAE@III@Z 10004420 f i autil.obj
 0001:00003480       ??0?$mersenne_twister_engine@I$0CA@$0CHA@$0BIN@$0BP@$0JJAILANP@$0L@$0PPPPPPPP@$06$0JNCMFGIA@$0P@$0OPMGAAAA@$0BC@$0GMAHIJGF@@std@@QAE@I@Z 10004480 f i autil.obj
 0001:000034d0       ??0?$uniform_int@H@std@@QAE@HH@Z 100044d0 f i autil.obj
 0001:00003520       ??0?$uniform_int_distribution@H@std@@QAE@HH@Z 10004520 f i autil.obj
 0001:00003570       ??0param_type@?$uniform_int@H@std@@QAE@HH@Z 10004570 f i autil.obj
 0001:000035c0       ??0random_device@std@@QAE@XZ 100045c0 f i autil.obj
 0001:00003600       ??R?$_Rng_from_urng_v2@IV?$mersenne_twister_engine@I$0CA@$0CHA@$0BIN@$0BP@$0JJAILANP@$0L@$0PPPPPPPP@$06$0JNCMFGIA@$0P@$0OPMGAAAA@$0BC@$0GMAHIJGF@@std@@@std@@QAEII@Z 10004600 f i autil.obj
 0001:00003700       ??R?$mersenne_twister@I$0CA@$0CHA@$0BIN@$0BP@$0JJAILANP@$0L@$06$0JNCMFGIA@$0P@$0OPMGAAAA@$0BC@@std@@QAEIXZ 10004700 f i autil.obj
 0001:000037f0       ??Rrandom_device@std@@QAEIXZ 100047f0 f i autil.obj
 0001:00003830       ?_Adjust@?$uniform_int@H@std@@CAII@Z 10004830 f i autil.obj
 0001:00003890       ?_Get_all_bits@?$_Rng_from_urng_v2@IV?$mersenne_twister_engine@I$0CA@$0CHA@$0BIN@$0BP@$0JJAILANP@$0L@$0PPPPPPPP@$06$0JNCMFGIA@$0P@$0OPMGAAAA@$0BC@$0GMAHIJGF@@std@@@std@@QAEIXZ 10004890 f i autil.obj
 0001:000038e0       ?_Get_bits@?$_Rng_from_urng_v2@IV?$mersenne_twister_engine@I$0CA@$0CHA@$0BIN@$0BP@$0JJAILANP@$0L@$0PPPPPPPP@$06$0JNCMFGIA@$0P@$0OPMGAAAA@$0BC@$0GMAHIJGF@@std@@@std@@AAEIXZ 100048e0 f i autil.obj
 0001:00003940       ?_Get_random_product@?$_Rng_from_urng_v2@IV?$mersenne_twister_engine@I$0CA@$0CHA@$0BIN@$0BP@$0JJAILANP@$0L@$0PPPPPPPP@$06$0JNCMFGIA@$0P@$0OPMGAAAA@$0BC@$0GMAHIJGF@@std@@@std@@AAE_KII@Z 10004940 f i autil.obj
 0001:000039a0       ?_Init@param_type@?$uniform_int@H@std@@QAEXHH@Z 100049a0 f i autil.obj
 0001:00003a70       ?_Refill_lower@?$mersenne_twister@I$0CA@$0CHA@$0BIN@$0BP@$0JJAILANP@$0L@$06$0JNCMFGIA@$0P@$0OPMGAAAA@$0BC@@std@@IAEXXZ 10004a70 f i autil.obj
 0001:00003cb0       ?_Refill_upper@?$mersenne_twister@I$0CA@$0CHA@$0BIN@$0BP@$0JJAILANP@$0L@$06$0JNCMFGIA@$0P@$0OPMGAAAA@$0BC@@std@@IAEXXZ 10004cb0 f i autil.obj
 0001:00003d90       ?__empty_global_delete@@YAXPAX@Z 10004d90 f i autil.obj
 0001:00003db0       ?__empty_global_delete@@YAXPAXI@Z 10004db0 f i autil.obj
 0001:00003dd0       ?seed@?$mersenne_twister@I$0CA@$0CHA@$0BIN@$0BP@$0JJAILANP@$0L@$06$0JNCMFGIA@$0P@$0OPMGAAAA@$0BC@@std@@QAEXII@Z 10004dd0 f i autil.obj
 0001:00003e90       ?strstr@@YAPADQADQBD@Z     10004e90 f i autil.obj
 0001:00003ec0       __JustMyCode_Default       10004ec0 f i autil.obj
 0001:00003ed0       ___local_stdio_printf_options 10004ed0 f i autil.obj
 0001:00003f00       __snprintf_s               10004f00 f i autil.obj
 0001:00003f80       __vsnprintf_s_l            10004f80 f i autil.obj
 0001:000041a0       ?EnumWindowsCallback@util@@YGHPAUHWND__@@J@Z 100051a0 f   sadll.obj
 0001:00004270       ?FindCurrentWindow@util@@YAPAUHWND__@@K@Z 10005270 f   sadll.obj
 0001:00004320       ?GetCurrentWindowHandle@util@@YAPAUHWND__@@XZ 10005320 f   sadll.obj
 0001:00004390       ?initialize@GameService@@QAEXG@Z 10005390 f   sadll.obj
 0001:00004760       ?uninitialize@GameService@@QAEXXZ 10005760 f   sadll.obj
 0001:00004840       ?WM_EnableEffect@GameService@@QAEX_N@Z 10005840 f   sadll.obj
 0001:00004980       ?WM_EnablePlayerShow@GameService@@QAEX_N@Z 10005980 f   sadll.obj
 0001:00004a70       ?WM_SetTimeLock@GameService@@QAEX_NH@Z 10005a70 f   sadll.obj
 0001:00004c70       ?WM_EnableSound@GameService@@QAEX_N@Z 10005c70 f   sadll.obj
 0001:00004d50       ?WM_EnableImageLock@GameService@@QAEX_N@Z 10005d50 f   sadll.obj
 0001:00004dd0       ?WM_EnablePassWall@GameService@@QAEX_N@Z 10005dd0 f   sadll.obj
 0001:00004e50       ?WM_EnableFastWalk@GameService@@QAEX_N@Z 10005e50 f   sadll.obj
 0001:00004ed0       ?WM_SetBoostSpeed@GameService@@QAEX_NH@Z 10005ed0 f   sadll.obj
 0001:00004f90       ?WM_EnableMoveLock@GameService@@QAEX_N@Z 10005f90 f   sadll.obj
 0001:00005020       ?WM_MuteSound@GameService@@QAEX_N@Z 10006020 f   sadll.obj
 0001:00005060       ?WM_BattleTimeExtend@GameService@@QAEX_N@Z 10006060 f   sadll.obj
 0001:000050d0       ?WM_EnableBattleDialog@GameService@@QAEX_N@Z 100060d0 f   sadll.obj
 0001:00005160       ?WM_SetGameStatus@GameService@@QAEXH@Z 10006160 f   sadll.obj
 0001:000051c0       ?WM_Announce@GameService@@QAEXPADH@Z 100061c0 f   sadll.obj
 0001:00005230       ?WM_Move@GameService@@QAEXHH@Z 10006230 f   sadll.obj
 0001:000052d0       ?WM_DistoryDialog@GameService@@QAEXXZ 100062d0 f   sadll.obj
 0001:00005380       ?WM_CleanChatHistory@GameService@@QAEXXZ 10006380 f   sadll.obj
 0001:00005440       ?New_recv@GameService@@QAGHIPADHH@Z 10006440 f   sadll.obj
 0001:00005570       ?New_SetWindowTextA@GameService@@QAGHPAUHWND__@@PBD@Z 10006570 f   sadll.obj
 0001:00005590       ?New_PlaySound@GameService@@QAAXHHH@Z 10006590 f   sadll.obj
 0001:000055e0       ?New_BattleProc@GameService@@QAAXXZ 100065e0 f   sadll.obj
 0001:00005620       ?New_TimeProc@GameService@@QAAXH@Z 10006620 f   sadll.obj
 0001:00005660       ?New_lssproto_EN_recv@GameService@@QAAXHHH@Z 10006660 f   sadll.obj
 0001:000056b0       ?clearNetBuffer@GameService@@AAEXXZ 100066b0 f   sadll.obj
 0001:00005710       ?appendReadBuf@GameService@@AAEHPADH@Z 10006710 f   sadll.obj
 0001:00005780       ?shiftReadBuf@GameService@@AAEHH@Z 10006780 f   sadll.obj
 0001:00005810       ?getLineFromReadBuf@GameService@@AAEHPADH@Z 10006810 f   sadll.obj
 0001:00005950       ?hideModule@GameService@@AAEXPAUHINSTANCE__@@@Z 10006950 f   sadll.obj
 0001:00005b10       ?CreateConsole@@YAXXZ      10006b10 f   sadll.obj
 0001:00005e00       ?MinidumpCallback@@YGJPAU_EXCEPTION_POINTERS@@@Z 10006e00 f   sadll.obj
 0001:000060f0       ?WndProc@@YGJPAUHWND__@@KJJ@Z 100070f0 f   sadll.obj
 0001:00006640       _DllMain@12                10007640 f   sadll.obj
 0001:00006820       _New_recv@16               10007820 f   sadll.obj
 0001:00006870       _New_SetWindowTextA@8      10007870 f   sadll.obj
 0001:000068b0       _New_PlaySound             100078b0 f   sadll.obj
 0001:00006900       _New_BattleProc            10007900 f   sadll.obj
 0001:00006940       _New_TimeProc              10007940 f   sadll.obj
 0001:00006980       _New_lssproto_EN_recv      10007980 f   sadll.obj
 0001:000069d0       ?SaDispatchMessage@@YAHHPAD@Z 100079d0 f   sadll.obj
 0001:00007a60       ??$?0$$V@?$_Compressed_pair@U?$default_delete@VSyncClient@@@std@@PAVSyncClient@@$00@std@@QAE@U_Zero_then_variadic_args_t@1@@Z 10008a60 f i sadll.obj
 0001:00007ab0       ??$?0$$V@?$_Compressed_pair@V?$allocator@D@std@@V?$_String_val@U?$_Simple_types@D@std@@@2@$00@std@@QAE@U_Zero_then_variadic_args_t@1@@Z 10008ab0 f i sadll.obj
 0001:00007b40       ??$?0AAPAD@?$_Compressed_pair@U?$default_delete@$$BY0A@D@std@@PAD$00@std@@QAE@U_Zero_then_variadic_args_t@1@AAPAD@Z 10008b40 f i sadll.obj
 0001:00007be0       ??$?0ABV?$allocator@D@std@@$$V@?$_Compressed_pair@V?$allocator@D@std@@V?$_String_val@U?$_Simple_types@D@std@@@2@$00@std@@QAE@U_One_then_variadic_args_t@1@ABV?$allocator@D@1@@Z 10008be0 f i sadll.obj
 0001:00007c70       ??$?0D@?$allocator@U_Container_proxy@std@@@std@@QAE@ABV?$allocator@D@1@@Z 10008c70 f i sadll.obj
 0001:00007cb0       ??$?0PAD$0A@@?$basic_string@DU?$char_traits@D@std@@V?$allocator@D@2@@std@@QAE@PAD0ABV?$allocator@D@1@@Z 10008cb0 f i sadll.obj
 0001:00007df0       ??$?0PADU?$default_delete@$$BY0A@D@std@@$0A@$0A@@?$unique_ptr@$$BY0A@DU?$default_delete@$$BY0A@D@std@@@std@@QAE@PAD@Z 10008df0 f i sadll.obj
 0001:00007f80       ??$?0U?$default_delete@VSyncClient@@@std@@$0A@@?$unique_ptr@VSyncClient@@U?$default_delete@VSyncClient@@@std@@@std@@QAE@$$T@Z 10008f80 f i sadll.obj
 0001:00007fe0       ??$?0U_Exact_args_t@std@@$0A@@?$tuple@$$V@std@@QAE@U_Exact_args_t@1@@Z 10008fe0 f i sadll.obj
 0001:000081b0       ??$?6DU?$char_traits@D@std@@V?$allocator@D@1@@std@@YAAAV?$basic_ostream@DU?$char_traits@D@std@@@0@AAV10@ABV?$basic_string@DU?$char_traits@D@std@@V?$allocator@D@2@@0@@Z 100091b0 f i sadll.obj
 0001:00008200       ??$?6U?$char_traits@D@std@@@std@@YAAAV?$basic_ostream@DU?$char_traits@D@std@@@0@AAV10@PBD@Z 10009200 f i sadll.obj
 0001:000086e0       ??$?8VSyncClient@@U?$default_delete@VSyncClient@@@std@@@std@@YA_N$$TABV?$unique_ptr@VSyncClient@@U?$default_delete@VSyncClient@@@std@@@0@@Z 100096e0 f i sadll.obj
 0001:00008740       ??$?8VSyncClient@@U?$default_delete@VSyncClient@@@std@@@std@@YA_NABV?$unique_ptr@VSyncClient@@U?$default_delete@VSyncClient@@@std@@@0@$$T@Z 10009740 f i sadll.obj
 0001:000087a0       ??$?9VSyncClient@@U?$default_delete@VSyncClient@@@std@@@std@@YA_NABV?$unique_ptr@VSyncClient@@U?$default_delete@VSyncClient@@@std@@@0@$$T@Z 100097a0 f i sadll.obj
 0001:00008810       ??$?RD$0A@@?$default_delete@$$BY0A@D@std@@QBEXPAD@Z 10009810 f i sadll.obj
 0001:00008890       ??$CONVERT_GAMEVAR@K@@YAKK@Z 10009890 f i sadll.obj
 0001:000088c0       ??$CONVERT_GAMEVAR@P6AXH@Z@@YAP6AXH@ZK@Z 100098c0 f i sadll.obj
 0001:000088f0       ??$CONVERT_GAMEVAR@P6AXHHH@Z@@YAP6AXHHH@ZK@Z 100098f0 f i sadll.obj
 0001:00008920       ??$CONVERT_GAMEVAR@P6AXPADH@Z@@YAP6AXPADH@ZK@Z 10009920 f i sadll.obj
 0001:00008950       ??$CONVERT_GAMEVAR@P6AXXZ@@YAP6AXXZK@Z 10009950 f i sadll.obj
 0001:00008980       ??$CONVERT_GAMEVAR@P6GHIPADHH@Z@@YAP6GHIPADHH@ZK@Z 10009980 f i sadll.obj
 0001:000089b0       ??$CONVERT_GAMEVAR@PAD@@YAPADK@Z 100099b0 f i sadll.obj
 0001:000089e0       ??$CONVERT_GAMEVAR@PAH@@YAPAHK@Z 100099e0 f i sadll.obj
 0001:00008a10       ??$CONVERT_GAMEVAR@PAK@@YAPAKK@Z 10009a10 f i sadll.obj
 0001:00008a40       ??$MemoryMove@K$$CBD@util@@YAXKPBDI@Z 10009a40 f i sadll.obj
 0001:00008bb0       ??$_Adl_verify_range@PADPAD@std@@YAXABQAD0@Z 10009bb0 f i sadll.obj
 0001:00008bf0       ??$_Alloc_proxy@V?$allocator@U_Container_proxy@std@@@std@@@_Container_base12@std@@QAEX$$QAV?$allocator@U_Container_proxy@std@@@1@@Z 10009bf0 f i sadll.obj
 0001:00008c90       ??$_Allocate@$07U_Default_allocate_traits@std@@$0A@@std@@YAPAXI@Z 10009c90 f i sadll.obj
 0001:00008cf0       ??$_Allocate_manually_vector_aligned@U_Default_allocate_traits@std@@@std@@YAPAXI@Z 10009cf0 f i sadll.obj
 0001:00008e30       ??$_Atomic_address_as@DU?$_Atomic_padded@_N@std@@@std@@YAPCDAAU?$_Atomic_padded@_N@0@@Z 10009e30 f i sadll.obj
 0001:00008e50       ??$_Atomic_address_as@DU?$_Atomic_padded@_N@std@@@std@@YAPDDABU?$_Atomic_padded@_N@0@@Z 10009e50 f i sadll.obj
 0001:00008e70       ??$_Atomic_reinterpret_as@D_N@std@@YADAB_N@Z 10009e70 f i sadll.obj
 0001:00008ea0       ??$_Construct@$00PAD@?$basic_string@DU?$char_traits@D@std@@V?$allocator@D@2@@std@@AAEXQADI@Z 10009ea0 f i sadll.obj
 0001:00009170       ??$_Construct@$00PBD@?$basic_string@DU?$char_traits@D@std@@V?$allocator@D@2@@std@@AAEXQBDI@Z 1000a170 f i sadll.obj
 0001:00009440       ??$_Construct_in_place@PADABQAD@std@@YAXAAPADABQAD@Z 1000a440 f i sadll.obj
 0001:000094b0       ??$_Construct_in_place@U_Container_proxy@std@@PAU_Container_base12@2@@std@@YAXAAU_Container_proxy@0@$$QAPAU_Container_base12@0@@Z 1000a4b0 f i sadll.obj
 0001:00009520       ??$_Convert_size@II@std@@YAII@Z 1000a520 f i sadll.obj
 0001:00009540       ??$_Deallocate@$07$0A@@std@@YAXPAXI@Z 1000a540 f i sadll.obj
 0001:000095d0       ??$_Deallocate_plain@V?$allocator@U_Container_proxy@std@@@std@@@std@@YAXAAV?$allocator@U_Container_proxy@std@@@0@QAU_Container_proxy@0@@Z 1000a5d0 f i sadll.obj
 0001:00009650       ??$_Delete_plain_internal@V?$allocator@U_Container_proxy@std@@@std@@@std@@YAXAAV?$allocator@U_Container_proxy@std@@@0@QAU_Container_proxy@0@@Z 1000a650 f i sadll.obj
 0001:00009680       ??$_Destroy_in_place@PAD@std@@YAXAAPAD@Z 1000a680 f i sadll.obj
 0001:000096a0       ??$_Get_size_of_n@$00@std@@YAII@Z 1000a6a0 f i sadll.obj
 0001:000096e0       ??$_Get_size_of_n@$07@std@@YAII@Z 1000a6e0 f i sadll.obj
 0001:00009740       ??$_Get_unwrapped@AAPAD@std@@YA?A_TAAPAD@Z 1000a740 f i sadll.obj
 0001:00009770       ??$_Insert_string@DU?$char_traits@D@std@@I@std@@YAAAV?$basic_ostream@DU?$char_traits@D@std@@@0@AAV10@QBDI@Z 1000a770 f i sadll.obj
 0001:00009be0       ??$_Integral_to_string@DH@std@@YA?AV?$basic_string@DU?$char_traits@D@std@@V?$allocator@D@2@@0@H@Z 1000abe0 f i sadll.obj
 0001:0000a050       ??$_UIntegral_to_buff@DI@std@@YAPADPADI@Z 1000b050 f i sadll.obj
 0001:0000a0e0       ??$_Unfancy@D@std@@YAPADPAD@Z 1000b0e0 f i sadll.obj
 0001:0000a100       ??$_Unfancy@U_Container_proxy@std@@@std@@YAPAU_Container_proxy@0@PAU10@@Z 1000b100 f i sadll.obj
 0001:0000a120       ??$_Verify_range@D@std@@YAXQBD0@Z 1000b120 f i sadll.obj
 0001:0000a210       ??$_Voidify_iter@PAPAD@std@@YAPAXPAPAD@Z 1000b210 f i sadll.obj
 0001:0000a230       ??$_Voidify_iter@PAU_Container_proxy@std@@@std@@YAPAXPAU_Container_proxy@0@@Z 1000b230 f i sadll.obj
 0001:0000a250       ??$addressof@PAD@std@@YAPAPADAAPAD@Z 1000b250 f i sadll.obj
 0001:0000a270       ??$addressof@U_Container_base12@std@@@std@@YAPAU_Container_base12@0@AAU10@@Z 1000b270 f i sadll.obj
 0001:0000a290       ??$addressof@U_Container_proxy@std@@@std@@YAPAU_Container_proxy@0@AAU10@@Z 1000b290 f i sadll.obj
 0001:0000a2b0       ??$end@D$0BF@@std@@YAPADAAY0BF@D@Z 1000b2b0 f i sadll.obj
 0001:0000a2e0       ??$endl@DU?$char_traits@D@std@@@std@@YAAAV?$basic_ostream@DU?$char_traits@D@std@@@0@AAV10@@Z 1000b2e0 f i sadll.obj
 0001:0000a360       ??$exchange@PAU_Iterator_base12@std@@$$T@std@@YAPAU_Iterator_base12@0@AAPAU10@$$QA$$T@Z 1000b360 f i sadll.obj
 0001:0000a400       ??$exchange@PAVSyncClient@@AAPAV1@@std@@YAPAVSyncClient@@AAPAV1@0@Z 1000b400 f i sadll.obj
 0001:0000a5b0       ??$max@I@std@@YAABIABI0@Z  1000b5b0 f i sadll.obj
 0001:0000a620       ??$min@I@std@@YAABIABI0@Z  1000b620 f i sadll.obj
 0001:0000a690       ??$swprintf_s@$0BAE@@@YAHAAY0BAE@_WPB_WZZ 1000b690 f i sadll.obj
 0001:0000a6f0       ??0?$_Atomic_storage@_N$00@std@@QAE@_N@Z 1000b6f0 f i sadll.obj
 0001:0000a730       ??0?$_Container_proxy_ptr12@V?$allocator@U_Container_proxy@std@@@std@@@std@@QAE@AAV?$allocator@U_Container_proxy@std@@@1@AAU_Container_base12@1@@Z 1000b730 f i sadll.obj
 0001:0000a7e0       ??0?$_String_val@U?$_Simple_types@D@std@@@std@@QAE@XZ 1000b7e0 f i sadll.obj
 0001:0000a890       ??0?$allocator@D@std@@QAE@XZ 1000b890 f i sadll.obj
 0001:0000a8d0       ??0?$atomic@_N@std@@QAE@_N@Z 1000b8d0 f i sadll.obj
 0001:0000a910       ??0?$basic_string@DU?$char_traits@D@std@@V?$allocator@D@2@@std@@QAE@QBD@Z 1000b910 f i sadll.obj
 0001:0000a9e0       ??0GameService@@QAE@XZ     1000b9e0 f i sadll.obj
 0001:0000ab40       ??0SyncClient@@QAE@XZ      1000bb40 f i sadll.obj
 0001:0000ac90       ??0_Basic_container_proxy_ptr12@std@@IAE@XZ 1000bc90 f i sadll.obj
 0001:0000acd0       ??0_Bxty@?$_String_val@U?$_Simple_types@D@std@@@std@@QAE@XZ 1000bcd0 f i sadll.obj
 0001:0000ad20       ??0_Container_base12@std@@QAE@XZ 1000bd20 f i sadll.obj
 0001:0000ad60       ??0_Container_proxy@std@@QAE@PAU_Container_base12@1@@Z 1000bd60 f i sadll.obj
 0001:0000adb0       ??0_Sentry_base@?$basic_ostream@DU?$char_traits@D@std@@@std@@QAE@AAV12@@Z 1000bdb0 f i sadll.obj
 0001:0000ae60       ??0bad_alloc@std@@AAE@QBD@Z 1000be60 f i sadll.obj
 0001:0000af00       ??0bad_alloc@std@@QAE@ABV01@@Z 1000bf00 f i sadll.obj
 0001:0000af90       ??0bad_array_new_length@std@@QAE@ABV01@@Z 1000bf90 f i sadll.obj
 0001:0000b020       ??0bad_array_new_length@std@@QAE@XZ 1000c020 f i sadll.obj
 0001:0000b0c0       ??0exception@std@@QAE@ABV01@@Z 1000c0c0 f i sadll.obj
 0001:0000b170       ??0exception@std@@QAE@QBDH@Z 1000c170 f i sadll.obj
 0001:0000b1d0       ??0sentry@?$basic_ostream@DU?$char_traits@D@std@@@std@@QAE@AAV12@@Z 1000c1d0 f i sadll.obj
 0001:0000b320       ??1?$_Compressed_pair@V?$allocator@D@std@@V?$_String_val@U?$_Simple_types@D@std@@@2@$00@std@@QAE@XZ 1000c320 f i sadll.obj
 0001:0000b3a0       ??1?$_Container_proxy_ptr12@V?$allocator@U_Container_proxy@std@@@std@@@std@@QAE@XZ 1000c3a0 f i sadll.obj
 0001:0000b400       ??1?$_String_val@U?$_Simple_types@D@std@@@std@@QAE@XZ 1000c400 f i sadll.obj
 0001:0000b480       ??1?$basic_string@DU?$char_traits@D@std@@V?$allocator@D@2@@std@@QAE@XZ 1000c480 f i sadll.obj
 0001:0000b5c0       ??1?$unique_ptr@$$BY0A@DU?$default_delete@$$BY0A@D@std@@@std@@QAE@XZ 1000c5c0 f i sadll.obj
 0001:0000b620       ??1?$unique_ptr@VSyncClient@@U?$default_delete@VSyncClient@@@std@@@std@@QAE@XZ 1000c620 f i sadll.obj
 0001:0000b680       ??1GameService@@UAE@XZ     1000c680 f i sadll.obj
 0001:0000b710       ??1SyncClient@@UAE@XZ      1000c710 f i sadll.obj
 0001:0000b7d0       ??1_Bxty@?$_String_val@U?$_Simple_types@D@std@@@std@@QAE@XZ 1000c7d0 f i sadll.obj
 0001:0000b800       ??1_Sentry_base@?$basic_ostream@DU?$char_traits@D@std@@@std@@QAE@XZ 1000c800 f i sadll.obj
 0001:0000b8e0       ??1bad_alloc@std@@UAE@XZ   1000c8e0 f i sadll.obj
 0001:0000b960       ??1bad_array_new_length@std@@UAE@XZ 1000c960 f i sadll.obj
 0001:0000b9e0       ??1exception@std@@UAE@XZ   1000c9e0 f i sadll.obj
 0001:0000ba70       ??1sentry@?$basic_ostream@DU?$char_traits@D@std@@@std@@QAE@XZ 1000ca70 f i sadll.obj
 0001:0000bb50       ??1thread@std@@QAE@XZ      1000cb50 f i sadll.obj
 0001:0000bbb0       ??2@YAPAXIPAX@Z            1000cbb0 f i sadll.obj
 0001:0000bbd0       ??B?$unique_ptr@VSyncClient@@U?$default_delete@VSyncClient@@@std@@@std@@QBE_NXZ 1000cbd0 f i sadll.obj
 0001:0000bc30       ??Bsentry@?$basic_ostream@DU?$char_traits@D@std@@@std@@QBE_NXZ 1000cc30 f i sadll.obj
 0001:0000bc70       ??C?$unique_ptr@VSyncClient@@U?$default_delete@VSyncClient@@@std@@@std@@QBEPAVSyncClient@@XZ 1000cc70 f i sadll.obj
 0001:0000bcb0       ??R?$default_delete@VSyncClient@@@std@@QBEXPAVSyncClient@@@Z 1000ccb0 f i sadll.obj
 0001:0000bd40       ??_EGameService@@UAEPAXI@Z 1000cd40 f i sadll.obj
 0001:0000bd40       ??_GGameService@@UAEPAXI@Z 1000cd40 f i sadll.obj
 0001:0000bd90       ??_ESyncClient@@UAEPAXI@Z  1000cd90 f i sadll.obj
 0001:0000bd90       ??_GSyncClient@@UAEPAXI@Z  1000cd90 f i sadll.obj
 0001:0000bde0       ??_Ebad_alloc@std@@UAEPAXI@Z 1000cde0 f i sadll.obj
 0001:0000bde0       ??_Gbad_alloc@std@@UAEPAXI@Z 1000cde0 f i sadll.obj
 0001:0000be30       ??_Ebad_array_new_length@std@@UAEPAXI@Z 1000ce30 f i sadll.obj
 0001:0000be30       ??_Gbad_array_new_length@std@@UAEPAXI@Z 1000ce30 f i sadll.obj
 0001:0000be80       ??_Eexception@std@@UAEPAXI@Z 1000ce80 f i sadll.obj
 0001:0000be80       ??_Gexception@std@@UAEPAXI@Z 1000ce80 f i sadll.obj
 0001:0000bed0       ?Connect@SyncClient@@QAE_NABV?$basic_string@DU?$char_traits@D@std@@V?$allocator@D@2@@std@@G@Z 1000ced0 f i sadll.obj
 0001:0000c440       ?IsCurrentWindow@util@@YA_NQAUHWND__@@@Z 1000d440 f i sadll.obj
 0001:0000c4b0       ?Send@SyncClient@@QAEHPADH@Z 1000d4b0 f i sadll.obj
 0001:0000c680       ?WM_SetBLockPacket@GameService@@QAEX_N@Z 1000d680 f i sadll.obj
 0001:0000c6c0       ?_Activate_SSO_buffer@?$_String_val@U?$_Simple_types@D@std@@@std@@QAEXXZ 1000d6c0 f i sadll.obj
 0001:0000c6f0       ?_Adjust_manually_vector_aligned@std@@YAXAAPAXAAI@Z 1000d6f0 f i sadll.obj
 0001:0000c8a0       ?_Allocate@_Default_allocate_traits@std@@SAPAXI@Z 1000d8a0 f i sadll.obj
 0001:0000c8d0       ?_Calculate_growth@?$basic_string@DU?$char_traits@D@std@@V?$allocator@D@2@@std@@ABEII@Z 1000d8d0 f i sadll.obj
 0001:0000c930       ?_Calculate_growth@?$basic_string@DU?$char_traits@D@std@@V?$allocator@D@2@@std@@CAIIII@Z 1000d930 f i sadll.obj
 0001:0000ca20       ?_Check_C_return@std@@YAHH@Z 1000da20 f i sadll.obj
 0001:0000ca60       ?_Get_first@?$_Compressed_pair@U?$default_delete@$$BY0A@D@std@@PAD$00@std@@QAEAAU?$default_delete@$$BY0A@D@2@XZ 1000da60 f i sadll.obj
 0001:0000caa0       ?_Get_first@?$_Compressed_pair@U?$default_delete@VSyncClient@@@std@@PAVSyncClient@@$00@std@@QAEAAU?$default_delete@VSyncClient@@@2@XZ 1000daa0 f i sadll.obj
 0001:0000cae0       ?_Get_first@?$_Compressed_pair@V?$allocator@D@std@@V?$_String_val@U?$_Simple_types@D@std@@@2@$00@std@@QAEAAV?$allocator@D@2@XZ 1000dae0 f i sadll.obj
 0001:0000cb20       ?_Get_first@?$_Compressed_pair@V?$allocator@D@std@@V?$_String_val@U?$_Simple_types@D@std@@@2@$00@std@@QBEABV?$allocator@D@2@XZ 1000db20 f i sadll.obj
 0001:0000cb60       ?_Getal@?$basic_string@DU?$char_traits@D@std@@V?$allocator@D@2@@std@@AAEAAV?$allocator@D@2@XZ 1000db60 f i sadll.obj
 0001:0000cba0       ?_Getal@?$basic_string@DU?$char_traits@D@std@@V?$allocator@D@2@@std@@ABEABV?$allocator@D@2@XZ 1000dba0 f i sadll.obj
 0001:0000cbe0       ?_Large_string_engaged@?$_String_val@U?$_Simple_types@D@std@@@std@@QBE_NXZ 1000dbe0 f i sadll.obj
 0001:0000cc40       ?_Myptr@?$_String_val@U?$_Simple_types@D@std@@@std@@QBEPBDXZ 1000dc40 f i sadll.obj
 0001:0000ccc0       ?_Orphan_all@_Container_base12@std@@QAEXXZ 1000dcc0 f i sadll.obj
 0001:0000cd00       ?_Orphan_all_locked_v3@_Container_base12@std@@AAEXXZ 1000dd00 f i sadll.obj
 0001:0000ce10       ?_Orphan_all_unlocked_v3@_Container_base12@std@@AAEXXZ 1000de10 f i sadll.obj
 0001:0000ceb0       ?_Release@_Basic_container_proxy_ptr12@std@@QAEXXZ 1000deb0 f i sadll.obj
 0001:0000cef0       ?_Start_element_lifetimes@?$basic_string@DU?$char_traits@D@std@@V?$allocator@D@2@@std@@CAXQADI@Z 1000def0 f i sadll.obj
 0001:0000cf10       ?_Throw_bad_array_new_length@std@@YAXXZ 1000df10 f i sadll.obj
 0001:0000cf70       ?_Tidy_deallocate@?$basic_string@DU?$char_traits@D@std@@V?$allocator@D@2@@std@@AAEXXZ 1000df70 f i sadll.obj
 0001:0000d0b0       ?_Tidy_init@?$basic_string@DU?$char_traits@D@std@@V?$allocator@D@2@@std@@AAEXXZ 1000e0b0 f i sadll.obj
 0001:0000d150       ?_Xlen_string@std@@YAXXZ   1000e150 f i sadll.obj
 0001:0000d180       ?__autoclassinit2@?$unique_ptr@$$BY0A@DU?$default_delete@$$BY0A@D@std@@@std@@QAEXI@Z 1000e180 f i sadll.obj
 0001:0000d1c0       ?__autoclassinit2@GameService@@QAEXI@Z 1000e1c0 f i sadll.obj
 0001:0000d200       ?allocate@?$allocator@D@std@@QAEPADI@Z 1000e200 f i sadll.obj
 0001:0000d250       ?allocate@?$allocator@U_Container_proxy@std@@@std@@QAEPAU_Container_proxy@2@I@Z 1000e250 f i sadll.obj
 0001:0000d2a0       ?assign@?$_Narrow_char_traits@DH@std@@SAXAADABD@Z 1000e2a0 f i sadll.obj
 0001:0000d2d0       ?c_str@?$basic_string@DU?$char_traits@D@std@@V?$allocator@D@2@@std@@QBEPBDXZ 1000e2d0 f i sadll.obj
 0001:0000d310       ?copy@?$_Char_traits@DH@std@@SAPADQADQBDI@Z 1000e310 f i sadll.obj
 0001:0000d390       ?data@?$basic_string@DU?$char_traits@D@std@@V?$allocator@D@2@@std@@QBEPBDXZ 1000e390 f i sadll.obj
 0001:0000d3d0       ?deallocate@?$_Default_allocator_traits@V?$allocator@U_Container_proxy@std@@@std@@@std@@SAXAAV?$allocator@U_Container_proxy@std@@@2@QAU_Container_proxy@2@I@Z 1000e3d0 f i sadll.obj
 0001:0000d410       ?deallocate@?$allocator@D@std@@QAEXQADI@Z 1000e410 f i sadll.obj
 0001:0000d4f0       ?detach@thread@std@@QAEXXZ 1000e4f0 f i sadll.obj
 0001:0000d590       ?eof@?$_Narrow_char_traits@DH@std@@SAHXZ 1000e590 f i sadll.obj
 0001:0000d5b0       ?eq_int_type@?$_Narrow_char_traits@DH@std@@SA_NABH0@Z 1000e5b0 f i sadll.obj
 0001:0000d610       ?get@?$unique_ptr@$$BY0A@DU?$default_delete@$$BY0A@D@std@@@std@@QBEPADXZ 1000e610 f i sadll.obj
 0001:0000d650       ?getInstance@GameService@@SAAAV1@XZ 1000e650 f i sadll.obj
 0001:0000d780       ?getInstance@SyncClient@@SAAAV1@XZ 1000e780 f i sadll.obj
 0001:0000d8b0       ?joinable@thread@std@@QBE_NXZ 1000e8b0 f i sadll.obj
 0001:0000d910       ?length@?$_Narrow_char_traits@DH@std@@SAIQBD@Z 1000e910 f i sadll.obj
 0001:0000d980       ?load@?$_Atomic_storage@_N$00@std@@QBE_NW4memory_order@2@@Z 1000e980 f i sadll.obj
 0001:0000daf0       ?max@?$numeric_limits@H@std@@SAHXZ 1000eaf0 f i sadll.obj
 0001:0000db20       ?max_size@?$_Default_allocator_traits@V?$allocator@D@std@@@std@@SAIABV?$allocator@D@2@@Z 1000eb20 f i sadll.obj
 0001:0000db40       ?max_size@?$basic_string@DU?$char_traits@D@std@@V?$allocator@D@2@@std@@QBEIXZ 1000eb40 f i sadll.obj
 0001:0000dc60       ?reset@?$unique_ptr@VSyncClient@@U?$default_delete@VSyncClient@@@std@@@std@@QAEXPAVSyncClient@@@Z 1000ec60 f i sadll.obj
 0001:0000dce0       ?size@?$basic_string@DU?$char_traits@D@std@@V?$allocator@D@2@@std@@QBEIXZ 1000ece0 f i sadll.obj
 0001:0000dd20       ?store@?$_Atomic_storage@_N$00@std@@QAEX_N@Z 1000ed20 f i sadll.obj
 0001:0000dda0       ?store@?$_Atomic_storage@_N$00@std@@QAEX_NW4memory_order@2@@Z 1000eda0 f i sadll.obj
 0001:0000df20       ?to_string@std@@YA?AV?$basic_string@DU?$char_traits@D@std@@V?$allocator@D@2@@1@H@Z 1000ef20 f i sadll.obj
 0001:0000dfc0       ?what@exception@std@@UBEPBDXZ 1000efc0 f i sadll.obj
 0001:0000e020       __vswprintf_s_l            1000f020 f i sadll.obj
 0001:0000e0c0       _vswprintf_s               1000f0c0 f i sadll.obj
 0001:0000e0fc       _SetStdHandle@8            1000f0fc f   kernel32:KERNEL32.dll
 0001:0000e102       _CreateDirectoryW@8        1000f102 f   kernel32:KERNEL32.dll
 0001:0000e108       _CreateFileW@28            1000f108 f   kernel32:KERNEL32.dll
 0001:0000e10e       _GetFileAttributesW@4      1000f10e f   kernel32:KERNEL32.dll
 0001:0000e114       _SetUnhandledExceptionFilter@4 1000f114 f   kernel32:KERNEL32.dll
 0001:0000e11a       _GetCurrentProcess@0       1000f11a f   kernel32:KERNEL32.dll
 0001:0000e120       _GetCurrentProcessId@0     1000f120 f   kernel32:KERNEL32.dll
 0001:0000e126       _GetCurrentThread@0        1000f126 f   kernel32:KERNEL32.dll
 0001:0000e12c       _GetCurrentThreadId@0      1000f12c f   kernel32:KERNEL32.dll
 0001:0000e132       _GetLocalTime@4            1000f132 f   kernel32:KERNEL32.dll
 0001:0000e138       _VirtualProtect@16         1000f138 f   kernel32:KERNEL32.dll
 0001:0000e13e       _DisableThreadLibraryCalls@4 1000f13e f   kernel32:KERNEL32.dll
 0001:0000e144       _FreeLibrary@4             1000f144 f   kernel32:KERNEL32.dll
 0001:0000e14a       _FreeLibraryAndExitThread@8 1000f14a f   kernel32:KERNEL32.dll
 0001:0000e150       _GetModuleFileNameW@12     1000f150 f   kernel32:KERNEL32.dll
 0001:0000e156       _GetModuleHandleW@4        1000f156 f   kernel32:KERNEL32.dll
 0001:0000e15c       _GetACP@0                  1000f15c f   kernel32:KERNEL32.dll
 0001:0000e162       _AllocConsole@0            1000f162 f   kernel32:KERNEL32.dll
 0001:0000e168       _SetConsoleCP@4            1000f168 f   kernel32:KERNEL32.dll
 0001:0000e16e       _SetConsoleOutputCP@4      1000f16e f   kernel32:KERNEL32.dll
 0001:0000e174       _SendMessageW@16           1000f174 f   user32:USER32.dll
 0001:0000e17a       _PostMessageW@16           1000f17a f   user32:USER32.dll
 0001:0000e180       _CallWindowProcW@20        1000f180 f   user32:USER32.dll
 0001:0000e186       _IsWindowVisible@4         1000f186 f   user32:USER32.dll
 0001:0000e18c       _SetWindowTextA@8          1000f18c f   user32:USER32.dll
 0001:0000e192       _GetWindowLongW@8          1000f192 f   user32:USER32.dll
 0001:0000e198       _SetWindowLongW@12         1000f198 f   user32:USER32.dll
 0001:0000e19e       _EnumWindows@8             1000f19e f   user32:USER32.dll
 0001:0000e1a4       _GetWindowThreadProcessId@8 1000f1a4 f   user32:USER32.dll
 0001:0000e1aa       _GetWindow@8               1000f1aa f   user32:USER32.dll
 0001:0000e1b0       ?_Random_device@std@@YAIXZ 1000f1b0 f   msvcprtd:MSVCP140D.dll
 0001:0000e1b6       ??0_Lockit@std@@QAE@H@Z    1000f1b6 f   msvcprtd:MSVCP140D.dll
 0001:0000e1bc       ??1_Lockit@std@@QAE@XZ     1000f1bc f   msvcprtd:MSVCP140D.dll
 0001:0000e1c2       ?uncaught_exception@std@@YA_NXZ 1000f1c2 f   msvcprtd:MSVCP140D.dll
 0001:0000e1c8       ?_Xlength_error@std@@YAXPBD@Z 1000f1c8 f   msvcprtd:MSVCP140D.dll
 0001:0000e1ce       __Thrd_detach              1000f1ce f   msvcprtd:MSVCP140D.dll
 0001:0000e1d4       __Cnd_do_broadcast_at_thread_exit 1000f1d4 f   msvcprtd:MSVCP140D.dll
 0001:0000e1da       ?_Throw_C_error@std@@YAXH@Z 1000f1da f   msvcprtd:MSVCP140D.dll
 0001:0000e1e0       ?_Throw_Cpp_error@std@@YAXH@Z 1000f1e0 f   msvcprtd:MSVCP140D.dll
 0001:0000e1e6       ?good@ios_base@std@@QBE_NXZ 1000f1e6 f   msvcprtd:MSVCP140D.dll
 0001:0000e1ec       ?flags@ios_base@std@@QBEHXZ 1000f1ec f   msvcprtd:MSVCP140D.dll
 0001:0000e1f2       ?width@ios_base@std@@QBE_JXZ 1000f1f2 f   msvcprtd:MSVCP140D.dll
 0001:0000e1f8       ?width@ios_base@std@@QAE_J_J@Z 1000f1f8 f   msvcprtd:MSVCP140D.dll
 0001:0000e1fe       ?sputc@?$basic_streambuf@DU?$char_traits@D@std@@@std@@QAEHD@Z 1000f1fe f   msvcprtd:MSVCP140D.dll
 0001:0000e204       ?sputn@?$basic_streambuf@DU?$char_traits@D@std@@@std@@QAE_JPBD_J@Z 1000f204 f   msvcprtd:MSVCP140D.dll
 0001:0000e20a       ?clear@?$basic_ios@DU?$char_traits@D@std@@@std@@QAEXH_N@Z 1000f20a f   msvcprtd:MSVCP140D.dll
 0001:0000e210       ?setstate@?$basic_ios@DU?$char_traits@D@std@@@std@@QAEXH_N@Z 1000f210 f   msvcprtd:MSVCP140D.dll
 0001:0000e216       ?tie@?$basic_ios@DU?$char_traits@D@std@@@std@@QBEPAV?$basic_ostream@DU?$char_traits@D@std@@@2@XZ 1000f216 f   msvcprtd:MSVCP140D.dll
 0001:0000e21c       ?rdbuf@?$basic_ios@DU?$char_traits@D@std@@@std@@QBEPAV?$basic_streambuf@DU?$char_traits@D@std@@@2@XZ 1000f21c f   msvcprtd:MSVCP140D.dll
 0001:0000e222       ?fill@?$basic_ios@DU?$char_traits@D@std@@@std@@QBEDXZ 1000f222 f   msvcprtd:MSVCP140D.dll
 0001:0000e228       ?widen@?$basic_ios@DU?$char_traits@D@std@@@std@@QBEDD@Z 1000f228 f   msvcprtd:MSVCP140D.dll
 0001:0000e22e       ?clear@?$basic_ios@_WU?$char_traits@_W@std@@@std@@QAEXH_N@Z 1000f22e f   msvcprtd:MSVCP140D.dll
 0001:0000e234       ?_Osfx@?$basic_ostream@DU?$char_traits@D@std@@@std@@QAEXXZ 1000f234 f   msvcprtd:MSVCP140D.dll
 0001:0000e23a       ??6?$basic_ostream@DU?$char_traits@D@std@@@std@@QAEAAV01@P6AAAV01@AAV01@@Z@Z 1000f23a f   msvcprtd:MSVCP140D.dll
 0001:0000e240       ??6?$basic_ostream@DU?$char_traits@D@std@@@std@@QAEAAV01@H@Z 1000f240 f   msvcprtd:MSVCP140D.dll
 0001:0000e246       ??6?$basic_ostream@DU?$char_traits@D@std@@@std@@QAEAAV01@J@Z 1000f246 f   msvcprtd:MSVCP140D.dll
 0001:0000e24c       ??6?$basic_ostream@DU?$char_traits@D@std@@@std@@QAEAAV01@K@Z 1000f24c f   msvcprtd:MSVCP140D.dll
 0001:0000e252       ??6?$basic_ostream@DU?$char_traits@D@std@@@std@@QAEAAV01@PBX@Z 1000f252 f   msvcprtd:MSVCP140D.dll
 0001:0000e258       ?put@?$basic_ostream@DU?$char_traits@D@std@@@std@@QAEAAV12@D@Z 1000f258 f   msvcprtd:MSVCP140D.dll
 0001:0000e25e       ?flush@?$basic_ostream@DU?$char_traits@D@std@@@std@@QAEAAV12@XZ 1000f25e f   msvcprtd:MSVCP140D.dll
 0001:0000e264       _NtTerminateProcess@8      1000f264 f   ntdll:ntdll.dll
 0001:0000e270       ___raise_securityfailure   1000f270 f   MSVCRTD:gs_report.obj
 0001:0000e2b0       ___report_gsfailure        1000f2b0 f   MSVCRTD:gs_report.obj
 0001:0000e400       ___report_rangecheckfailure 1000f400 f   MSVCRTD:gs_report.obj
 0001:0000e410       ___report_securityfailure  1000f410 f   MSVCRTD:gs_report.obj
 0001:0000e520       ___report_securityfailureEx 1000f520 f   MSVCRTD:gs_report.obj
 0001:0000e690       @_RTC_AllocaHelper@12      1000f690 f   MSVCRTD:stack.obj
 0001:0000e6d0       @_RTC_CheckStackVars2@12   1000f6d0 f   MSVCRTD:stack.obj
 0001:0000e7e0       @_RTC_CheckStackVars@8     1000f7e0 f   MSVCRTD:stack.obj
 0001:0000e850       __RTC_CheckEsp             1000f850 f   MSVCRTD:stack.obj
 0001:0000e880       @__CheckForDebuggerJustMyCode@4 1000f880 f   MSVCRTD:debugger_jmc.obj
 0001:0000e8d0       @__security_check_cookie@4 1000f8d0 f   MSVCRTD:secchk.obj
 0001:0000e8f0       __CRT_RTC_INIT             1000f8f0 f   MSVCRTD:init.obj
 0001:0000e900       __CRT_RTC_INITW            1000f900 f   MSVCRTD:init.obj
 0001:0000e910       __RTC_InitBase             1000f910 f   MSVCRTD:init.obj
 0001:0000e950       __RTC_Shutdown             1000f950 f   MSVCRTD:init.obj
 0001:0000e970       __aullshr                  1000f970 f   MSVCRTD:ullshr.obj
 0001:0000e9a0       __alloca_probe             1000f9a0 f   MSVCRTD:chkstk.obj
 0001:0000e9a0       __chkstk                   1000f9a0 f   MSVCRTD:chkstk.obj
 0001:0000e9e0       ??2@YAPAXI@Z               1000f9e0 f   MSVCRTD:new_scalar.obj
 0001:0000ea40       ??3@YAXPAXI@Z              1000fa40 f   MSVCRTD:delete_scalar_size.obj
 0001:0000ea60       ??_U@YAPAXI@Z              1000fa60 f   MSVCRTD:new_array.obj
 0001:0000ea80       ??_V@YAXPAX@Z              1000fa80 f   MSVCRTD:delete_array.obj
 0001:0000ebf0       __Init_thread_abort        1000fbf0 f   MSVCRTD:thread_safe_statics.obj
 0001:0000ec20       __Init_thread_footer       1000fc20 f   MSVCRTD:thread_safe_statics.obj
 0001:0000ec80       __Init_thread_header       1000fc80 f   MSVCRTD:thread_safe_statics.obj
 0001:0000ed10       __Init_thread_lock         1000fd10 f   MSVCRTD:thread_safe_statics.obj
 0001:0000ed30       __Init_thread_notify       1000fd30 f   MSVCRTD:thread_safe_statics.obj
 0001:0000ed90       __Init_thread_unlock       1000fd90 f   MSVCRTD:thread_safe_statics.obj
 0001:0000edb0       __Init_thread_wait         1000fdb0 f   MSVCRTD:thread_safe_statics.obj
 0001:0000ee60       __except_handler4          1000fe60 f   MSVCRTD:chandler4gs.obj
 0001:0000eeb0       ??1type_info@@UAE@XZ       1000feb0 f   MSVCRTD:std_type_info_static.obj
 0001:0000eed0       ??_Etype_info@@UAEPAXI@Z   1000fed0 f i MSVCRTD:std_type_info_static.obj
 0001:0000eed0       ??_Gtype_info@@UAEPAXI@Z   1000fed0 f i MSVCRTD:std_type_info_static.obj
 0001:0000f510       __CRT_INIT@12              10010510 f   MSVCRTD:dll_dllmain.obj
 0001:0000f530       __DllMainCRTStartup@12     10010530 f   MSVCRTD:dll_dllmain.obj
 0001:0000f610       ?_RTC_AllocaFailure@@YAXPAXPAU_RTC_ALLOCA_NODE@@H@Z 10010610 f   MSVCRTD:error.obj
 0001:0000f730       ?_RTC_Failure@@YAXPAXH@Z   10010730 f   MSVCRTD:error.obj
 0001:0000f7a0       ?_RTC_StackFailure@@YAXPAXPBD@Z 100107a0 f   MSVCRTD:error.obj
 0001:0000fc50       __RTC_UninitUse            10010c50 f   MSVCRTD:error.obj
 0001:0000fd30       __vsprintf_s_l             10010d30 f i MSVCRTD:error.obj
 0001:0000fd70       _sprintf_s                 10010d70 f i MSVCRTD:error.obj
 0001:0000fda0       ?_RTC_GetErrorFunc@@YAP6AHHPBDH00ZZPBX@Z 10010da0 f   MSVCRTD:userapi.obj
 0001:0000fdb0       ?_RTC_GetErrorFuncW@@YAP6AHHPB_WH00ZZPBX@Z 10010db0 f   MSVCRTD:userapi.obj
 0001:0000fdc0       __RTC_GetErrDesc           10010dc0 f   MSVCRTD:userapi.obj
 0001:0000fde0       __RTC_NumErrors            10010de0 f   MSVCRTD:userapi.obj
 0001:0000fdf0       __RTC_SetErrorFunc         10010df0 f   MSVCRTD:userapi.obj
 0001:0000fe20       __RTC_SetErrorFuncW        10010e20 f   MSVCRTD:userapi.obj
 0001:0000fe50       __RTC_SetErrorType         10010e50 f   MSVCRTD:userapi.obj
 0001:0000fe80       ??0bad_alloc@std@@QAE@XZ   10010e80 f i MSVCRTD:throw_bad_alloc.obj
 0001:0000feb0       ?__scrt_throw_std_bad_alloc@@YAXXZ 10010eb0 f   MSVCRTD:throw_bad_alloc.obj
 0001:0000fee0       ?__scrt_throw_std_bad_array_new_length@@YAXXZ 10010ee0 f   MSVCRTD:throw_bad_alloc.obj
 0001:0000ff10       ??3@YAXPAX@Z               10010f10 f   MSVCRTD:delete_scalar.obj
 0001:0000ff30       ?configure_argv@__scrt_narrow_argv_policy@@SAHXZ 10010f30 f i MSVCRTD:utility.obj
 0001:00010000       ?initialize_environment@__scrt_narrow_environment_policy@@SAHXZ 10011000 f i MSVCRTD:utility.obj
 0001:000100a0       _NtCurrentTeb              100110a0 f i MSVCRTD:utility.obj
 0001:000100b0       ___scrt_acquire_startup_lock 100110b0 f   MSVCRTD:utility.obj
 0001:00010110       ___scrt_dllmain_after_initialize_c 10011110 f   MSVCRTD:utility.obj
 0001:00010150       ___scrt_dllmain_before_initialize_c 10011150 f   MSVCRTD:utility.obj
 0001:00010180       ___scrt_dllmain_crt_thread_attach 10011180 f   MSVCRTD:utility.obj
 0001:000101c0       ___scrt_dllmain_crt_thread_detach 100111c0 f   MSVCRTD:utility.obj
 0001:000101e0       ___scrt_dllmain_exception_filter 100111e0 f   MSVCRTD:utility.obj
 0001:00010240       ___scrt_dllmain_uninitialize_c 10011240 f   MSVCRTD:utility.obj
 0001:00010280       ___scrt_dllmain_uninitialize_critical 10011280 f   MSVCRTD:utility.obj
 0001:000102a0       ___scrt_initialize_crt     100112a0 f   MSVCRTD:utility.obj
 0001:00010300       ___scrt_initialize_onexit_tables 10011300 f   MSVCRTD:utility.obj
 0001:00010410       ___scrt_is_nonwritable_in_current_image 10011410 f   MSVCRTD:utility.obj
 0001:00010590       ___scrt_release_startup_lock 10011590 f   MSVCRTD:utility.obj
 0001:000105c0       ___scrt_uninitialize_crt   100115c0 f   MSVCRTD:utility.obj
 0001:00010610       __onexit                   10011610 f   MSVCRTD:utility.obj
 0001:00010690       _at_quick_exit             10011690 f   MSVCRTD:utility.obj
 0001:000106e0       _atexit                    100116e0 f   MSVCRTD:utility.obj
 0001:00010720       ___scrt_fastfail           10011720 f   MSVCRTD:utility_desktop.obj
 0001:000108b0       ___scrt_get_show_window_mode 100118b0 f   MSVCRTD:utility_desktop.obj
 0001:00010900       ___scrt_initialize_mta     10011900 f   MSVCRTD:utility_desktop.obj
 0001:00010910       ___scrt_initialize_winrt   10011910 f   MSVCRTD:utility_desktop.obj
 0001:00010920       ___scrt_is_managed_app     10011920 f   MSVCRTD:utility_desktop.obj
 0001:000109d0       ___scrt_set_unhandled_exception_filter 100119d0 f   MSVCRTD:utility_desktop.obj
 0001:000109f0       ___scrt_exe_initialize_mta 100119f0 f   MSVCRTD:utility_desktop.obj
 0001:000109f0       ___scrt_stub_for_initialize_mta 100119f0 f   MSVCRTD:utility_desktop.obj
 0001:00010a00       ___scrt_unhandled_exception_filter@4 10011a00 f   MSVCRTD:utility_desktop.obj
 0001:00010aa0       __crt_debugger_hook        10011aa0 f   MSVCRTD:utility_desktop.obj
 0001:00010ac0       @_guard_check_icall_nop@4  10011ac0 f i MSVCRTD:guard_support.obj
 0001:00010ad0       _ReadNoFence               10011ad0 f i MSVCRTD:guard_support.obj
 0001:00010af0       _ReadPointerNoFence        10011af0 f i MSVCRTD:guard_support.obj
 0001:00010b10       __InlineInterlockedExchangePointer 10011b10 f i MSVCRTD:guard_support.obj
 0001:00010b20       ___castguard_check_failure_debugbreak 10011b20 f i MSVCRTD:guard_support.obj
 0001:00010b40       ___castguard_check_failure_fastfail 10011b40 f i MSVCRTD:guard_support.obj
 0001:00010b70       ___castguard_check_failure_nop 10011b70 f i MSVCRTD:guard_support.obj
 0001:00010b80       ___castguard_check_failure_os_handled 10011b80 f i MSVCRTD:guard_support.obj
 0001:00010be0       ___castguard_check_failure_user_handled 10011be0 f i MSVCRTD:guard_support.obj
 0001:00010ca0       ___castguard_set_user_handler 10011ca0 f i MSVCRTD:guard_support.obj
 0001:00010cd0       ___castguard_slow_path_check_debugbreak 10011cd0 f i MSVCRTD:guard_support.obj
 0001:00010d10       ___castguard_slow_path_check_fastfail 10011d10 f i MSVCRTD:guard_support.obj
 0001:00010d60       ___castguard_slow_path_check_nop 10011d60 f i MSVCRTD:guard_support.obj
 0001:00010d70       ___castguard_slow_path_check_os_handled 10011d70 f i MSVCRTD:guard_support.obj
 0001:00010dc0       ___castguard_slow_path_check_user_handled 10011dc0 f i MSVCRTD:guard_support.obj
 0001:00010e60       __guard_icall_checks_enforced 10011e60 f i MSVCRTD:guard_support.obj
 0001:00010f30       ___security_init_cookie    10011f30 f   MSVCRTD:gs_support.obj
 0001:00010fd0       ?__scrt_initialize_type_info@@YAXXZ 10011fd0 f   MSVCRTD:tncleanup.obj
 0001:00010ff0       ?__scrt_uninitialize_type_info@@YAXXZ 10011ff0 f   MSVCRTD:tncleanup.obj
 0001:00011010       ___local_stdio_scanf_options 10012010 f i MSVCRTD:default_local_stdio_options.obj
 0001:00011020       ___scrt_initialize_default_local_stdio_options 10012020 f   MSVCRTD:default_local_stdio_options.obj
 0001:00011070       ___scrt_get_dyn_tls_init_callback 10012070 f   MSVCRTD:dyn_tls_init.obj
 0001:00011080       __RTC_Initialize           10012080 f   MSVCRTD:initsect.obj
 0001:000110c0       __RTC_Terminate            100120c0 f   MSVCRTD:initsect.obj
 0001:000116a0       ?_RTC_GetSrcLine@@YAHPAEPA_WKPAH1K@Z 100126a0 f   MSVCRTD:pdblkup.obj
 0001:00011b00       __except_handler4_noexcept 10012b00 f   MSVCRTD:chandler4_noexcept.obj
 0001:00011b80       ___isa_available_init      10012b80 f   MSVCRTD:cpu_disp.obj
 0001:00011f80       __get_startup_argv_mode    10012f80 f   MSVCRTD:argv_mode.obj
 0001:00011f90       ___scrt_is_ucrt_dll_in_use 10012f90 f   MSVCRTD:ucrt_detection.obj
 0001:00012080       ?detour_2gb_above@@YAKK@Z  10013080 f i detours:detours.obj
 0001:000120c0       ?detour_2gb_below@@YAKK@Z  100130c0 f i detours:detours.obj
 0001:00012730       ?detour_does_code_end_function@@YAHPAE@Z 10013730 f i detours:detours.obj
 0001:00012960       ?detour_find_jmp_bounds@@YAXPAEPAPAU_DETOUR_TRAMPOLINE@@1@Z 10013960 f i detours:detours.obj
 0001:00012b00       ?detour_gen_brk@@YAPAEPAE0@Z 10013b00 f i detours:detours.obj
 0001:00012b30       ?detour_gen_jmp_immediate@@YAPAEPAE0@Z 10013b30 f i detours:detours.obj
 0001:00012b80       ?detour_is_code_filler@@YAKPAE@Z 10013b80 f i detours:detours.obj
 0001:00013590       ?detour_skip_jmp@@YAPAEPAEPAPAX@Z 10014590 f i detours:detours.obj
 0001:000137a0       _DetourAllocateRegionWithinJumpBounds@8 100147a0 f   detours:detours.obj
 0001:00013810       _DetourAreSameGuid@8       10014810 f   detours:detours.obj
 0001:00013a00       _DetourAttach@8            10014a00 f   detours:detours.obj
 0001:00013a20       _DetourAttachEx@20         10014a20 f   detours:detours.obj
 0001:00013f80       _DetourCodeFromPointer@8   10014f80 f   detours:detours.obj
 0001:00013fa0       _DetourDetach@8            10014fa0 f   detours:detours.obj
 0001:000141f0       _DetourIsFunctionImported@8 100151f0 f   detours:detours.obj
 0001:00014210       _DetourSetIgnoreTooSmall@4 10015210 f   detours:detours.obj
 0001:00014240       _DetourSetRetainRegions@4  10015240 f   detours:detours.obj
 0001:00014270       _DetourSetSystemRegionLowerBound@4 10015270 f   detours:detours.obj
 0001:000142a0       _DetourSetSystemRegionUpperBound@4 100152a0 f   detours:detours.obj
 0001:000142d0       _DetourTransactionAbort@0  100152d0 f   detours:detours.obj
 0001:00014420       _DetourTransactionBegin@0  10015420 f   detours:detours.obj
 0001:000144a0       _DetourTransactionCommit@0 100154a0 f   detours:detours.obj
 0001:000144b0       _DetourTransactionCommitEx@4 100154b0 f   detours:detours.obj
 0001:00014a30       _DetourUpdateThread@4      10015a30 f   detours:detours.obj
 0001:00014b20       _DetourVirtualProtectSameExecute@16 10015b20 f   detours:detours.obj
 0001:00014b50       _DetourVirtualProtectSameExecuteEx@20 10015b50 f   detours:detours.obj
 0001:00014c30       ?DetourLoadImageHlp@@YAPAU_DETOUR_SYM_INFO@@XZ 10015c30 f   detours:modules.obj
 0001:000151d0       ?StringCchCatA@@YGJPADIPBD@Z 100161d0 f i detours:modules.obj
 0001:00015240       ?StringCchCopyA@@YGJPADIPBD@Z 10016240 f i detours:modules.obj
 0001:000154b0       _DetourEnumerateExports@12 100164b0 f   detours:modules.obj
 0001:00015880       _DetourEnumerateImports@16 10016880 f   detours:modules.obj
 0001:000158e0       _DetourEnumerateImportsEx@16 100168e0 f   detours:modules.obj
 0001:00015cd0       _DetourEnumerateModules@4  10016cd0 f   detours:modules.obj
 0001:00015ea0       _DetourFindFunction@8      10016ea0 f   detours:modules.obj
 0001:00016150       _DetourFindPayload@12      10017150 f   detours:modules.obj
 0001:00016360       _DetourFindPayloadEx@8     10017360 f   detours:modules.obj
 0001:000163d0       _DetourFreePayload@4       100173d0 f   detours:modules.obj
 0001:00016430       _DetourGetContainingModule@4 10017430 f   detours:modules.obj
 0001:00016680       _DetourGetEntryPoint@4     10017680 f   detours:modules.obj
 0001:000169a0       _DetourGetModuleSize@4     100179a0 f   detours:modules.obj
 0001:00016b60       _DetourGetSizeOfPayloads@4 10017b60 f   detours:modules.obj
 0001:00016cb0       _DetourRestoreAfterWith@0  10017cb0 f   detours:modules.obj
 0001:00016d00       _DetourRestoreAfterWithEx@8 10017d00 f   detours:modules.obj
 0001:00016f40       ?CopyBytes@CDetourDis@@IAEPAEPBUCOPYENTRY@1@PAE1@Z 10017f40 f   detours:disasm.obj
 0001:00017170       ?CopyBytesPrefix@CDetourDis@@IAEPAEPBUCOPYENTRY@1@PAE1@Z 10018170 f   detours:disasm.obj
 0001:000171f0       ?CopyBytesSegment@CDetourDis@@IAEPAEPBUCOPYENTRY@1@PAE1@Z 100181f0 f   detours:disasm.obj
 0001:00017230       ?CopyBytesJump@CDetourDis@@IAEPAEPBUCOPYENTRY@1@PAE1@Z 10018230 f   detours:disasm.obj
 0001:00017390       ?Invalid@CDetourDis@@IAEPAEPBUCOPYENTRY@1@PAE1@Z 10018390 f   detours:disasm.obj
 0001:000173b0       ?Copy0F@CDetourDis@@IAEPAEPBUCOPYENTRY@1@PAE1@Z 100183b0 f   detours:disasm.obj
 0001:00017430       ?Copy0F00@CDetourDis@@IAEPAEPBUCOPYENTRY@1@PAE1@Z 10018430 f   detours:disasm.obj
 0001:000174a0       ?Copy0F78@CDetourDis@@IAEPAEPBUCOPYENTRY@1@PAE1@Z 100184a0 f   detours:disasm.obj
 0001:00017500       ?Copy0FB8@CDetourDis@@IAEPAEPBUCOPYENTRY@1@PAE1@Z 10018500 f   detours:disasm.obj
 0001:00017560       ?Copy66@CDetourDis@@IAEPAEPBUCOPYENTRY@1@PAE1@Z 10018560 f   detours:disasm.obj
 0001:000175a0       ?Copy67@CDetourDis@@IAEPAEPBUCOPYENTRY@1@PAE1@Z 100185a0 f   detours:disasm.obj
 0001:000175e0       ?CopyF2@CDetourDis@@IAEPAEPBUCOPYENTRY@1@PAE1@Z 100185e0 f   detours:disasm.obj
 0001:00017620       ?CopyF3@CDetourDis@@IAEPAEPBUCOPYENTRY@1@PAE1@Z 10018620 f   detours:disasm.obj
 0001:00017660       ?CopyF6@CDetourDis@@IAEPAEPBUCOPYENTRY@1@PAE1@Z 10018660 f   detours:disasm.obj
 0001:000176d0       ?CopyF7@CDetourDis@@IAEPAEPBUCOPYENTRY@1@PAE1@Z 100186d0 f   detours:disasm.obj
 0001:00017740       ?CopyFF@CDetourDis@@IAEPAEPBUCOPYENTRY@1@PAE1@Z 10018740 f   detours:disasm.obj
 0001:00017860       ?CopyVex2@CDetourDis@@IAEPAEPBUCOPYENTRY@1@PAE1@Z 10018860 f   detours:disasm.obj
 0001:00017930       ?CopyVex3@CDetourDis@@IAEPAEPBUCOPYENTRY@1@PAE1@Z 10018930 f   detours:disasm.obj
 0001:00017a30       ?CopyEvex@CDetourDis@@IAEPAEPBUCOPYENTRY@1@PAE1@Z 10018a30 f   detours:disasm.obj
 0001:00017b50       ?CopyXop@CDetourDis@@IAEPAEPBUCOPYENTRY@1@PAE1@Z 10018b50 f   detours:disasm.obj
 0001:00017c10       ??0CDetourDis@@QAE@PAPAEPAJ@Z 10018c10 f   detours:disasm.obj
 0001:00017cf0       ?AdjustTarget@CDetourDis@@IAEPAEPAE0III@Z 10018cf0 f   detours:disasm.obj
 0001:00017e40       ?CopyBytesRax@CDetourDis@@IAEPAEPBUCOPYENTRY@1@PAE1@Z 10018e40 f   detours:disasm.obj
 0001:00017e90       ?CopyInstruction@CDetourDis@@QAEPAEPAE0@Z 10018e90 f   detours:disasm.obj
 0001:00017f10       ?CopyVexCommon@CDetourDis@@IAEPAEEPAE0@Z 10018f10 f   detours:disasm.obj
 0001:00017f70       ?CopyVexEvexCommon@CDetourDis@@IAEPAEEPAE0EE@Z 10018f70 f   detours:disasm.obj
 0001:000180c0       ?SanityCheckSystem@CDetourDis@@SAHXZ 100190c0 f   detours:disasm.obj
 0001:000180d0       ?SetCodeModule@CDetourDis@@SAHPAE0H@Z 100190d0 f   detours:disasm.obj
 0001:00018110       _DetourCopyInstruction@20  10019110 f   detours:disasm.obj
 0001:00018160       _DetourSetCodeModule@8     10019160 f   detours:disasm.obj
 0001:000181c2       _closesocket@4             100191c2 f   ws2_32:WS2_32.dll
 0001:000181c8       _connect@12                100191c8 f   ws2_32:WS2_32.dll
 0001:000181ce       _htons@4                   100191ce f   ws2_32:WS2_32.dll
 0001:000181d4       _send@16                   100191d4 f   ws2_32:WS2_32.dll
 0001:000181da       _setsockopt@20             100191da f   ws2_32:WS2_32.dll
 0001:000181e0       _socket@12                 100191e0 f   ws2_32:WS2_32.dll
 0001:000181e6       _WSAStartup@8              100191e6 f   ws2_32:WS2_32.dll
 0001:000181ec       _WSACleanup@0              100191ec f   ws2_32:WS2_32.dll
 0001:000181f2       _WSAGetLastError@0         100191f2 f   ws2_32:WS2_32.dll
 0001:000181f8       _inet_pton@12              100191f8 f   ws2_32:WS2_32.dll
 0001:000181fe       _MiniDumpWriteDump@28      100191fe f   dbghelp:dbghelp.dll
 0001:00018204       _memset                    10019204 f   vcruntimed:VCRUNTIME140D.dll
 0001:0001820a       _strstr                    1001920a f   vcruntimed:VCRUNTIME140D.dll
 0001:00018210       _memcpy                    10019210 f   vcruntimed:VCRUNTIME140D.dll
 0001:00018216       ___std_exception_copy      10019216 f   vcruntimed:VCRUNTIME140D.dll
 0001:0001821c       ___std_exception_destroy   1001921c f   vcruntimed:VCRUNTIME140D.dll
 0001:00018222       __CxxThrowException@8      10019222 f   vcruntimed:VCRUNTIME140D.dll
 0001:00018228       ___CxxFrameHandler3        10019228 f   vcruntimed:VCRUNTIME140D.dll
 0001:0001822e       __except_handler4_common   1001922e f   vcruntimed:VCRUNTIME140D.dll
 0001:00018234       ___current_exception       10019234 f   vcruntimed:VCRUNTIME140D.dll
 0001:0001823a       ___current_exception_context 1001923a f   vcruntimed:VCRUNTIME140D.dll
 0001:00018240       ___std_type_info_destroy_list 10019240 f   vcruntimed:VCRUNTIME140D.dll
 0001:00018246       ___vcrt_GetModuleFileNameW 10019246 f   vcruntimed:VCRUNTIME140D.dll
 0001:0001824c       ___vcrt_GetModuleHandleW   1001924c f   vcruntimed:VCRUNTIME140D.dll
 0001:00018252       ___vcrt_LoadLibraryExW     10019252 f   vcruntimed:VCRUNTIME140D.dll
 0001:00018258       __invalid_parameter        10019258 f   ucrtd:ucrtbased.dll
 0001:0001825e       _strcpy_s                  1001925e f   ucrtd:ucrtbased.dll
 0001:00018264       _strcat_s                  10019264 f   ucrtd:ucrtbased.dll
 0001:0001826a       _strncat_s                 1001926a f   ucrtd:ucrtbased.dll
 0001:00018270       _strncpy_s                 10019270 f   ucrtd:ucrtbased.dll
 0001:00018276       _strcmp                    10019276 f   ucrtd:ucrtbased.dll
 0001:0001827c       _strlen                    1001927c f   ucrtd:ucrtbased.dll
 0001:00018282       __CrtDbgReport             10019282 f   ucrtd:ucrtbased.dll
 0001:00018288       ___stdio_common_vsnprintf_s 10019288 f   ucrtd:ucrtbased.dll
 0001:0001828e       _atoi                      1001928e f   ucrtd:ucrtbased.dll
 0001:00018294       __invalid_parameter_noinfo 10019294 f   ucrtd:ucrtbased.dll
 0001:0001829a       __errno                    1001929a f   ucrtd:ucrtbased.dll
 0001:000182a0       ___acrt_iob_func           100192a0 f   ucrtd:ucrtbased.dll
 0001:000182a6       ___stdio_common_vswprintf_s 100192a6 f   ucrtd:ucrtbased.dll
 0001:000182ac       _freopen_s                 100192ac f   ucrtd:ucrtbased.dll
 0001:000182b2       _system                    100192b2 f   ucrtd:ucrtbased.dll
 0001:000182b8       _terminate                 100192b8 f   ucrtd:ucrtbased.dll
 0001:000182be       __beginthreadex            100192be f   ucrtd:ucrtbased.dll
 0001:000182c4       _setlocale                 100192c4 f   ucrtd:ucrtbased.dll
 0001:000182ca       __CrtDbgReportW            100192ca f   ucrtd:ucrtbased.dll
 0001:000182d0       __callnewh                 100192d0 f   ucrtd:ucrtbased.dll
 0001:000182d6       _malloc                    100192d6 f   ucrtd:ucrtbased.dll
 0001:000182dc       __initterm                 100192dc f   ucrtd:ucrtbased.dll
 0001:000182e2       __initterm_e               100192e2 f   ucrtd:ucrtbased.dll
 0001:000182e8       ___stdio_common_vsprintf_s 100192e8 f   ucrtd:ucrtbased.dll
 0001:000182ee       __free_dbg                 100192ee f   ucrtd:ucrtbased.dll
 0001:000182f4       __seh_filter_dll           100192f4 f   ucrtd:ucrtbased.dll
 0001:000182fa       __configure_narrow_argv    100192fa f   ucrtd:ucrtbased.dll
 0001:00018300       __initialize_narrow_environment 10019300 f   ucrtd:ucrtbased.dll
 0001:00018306       __initialize_onexit_table  10019306 f   ucrtd:ucrtbased.dll
 0001:0001830c       __register_onexit_function 1001930c f   ucrtd:ucrtbased.dll
 0001:00018312       __execute_onexit_table     10019312 f   ucrtd:ucrtbased.dll
 0001:00018318       __crt_atexit               10019318 f   ucrtd:ucrtbased.dll
 0001:0001831e       __crt_at_quick_exit        1001931e f   ucrtd:ucrtbased.dll
 0001:00018324       __cexit                    10019324 f   ucrtd:ucrtbased.dll
 0001:0001832a       __wmakepath_s              1001932a f   ucrtd:ucrtbased.dll
 0001:00018330       __wsplitpath_s             10019330 f   ucrtd:ucrtbased.dll
 0001:00018336       _wcscpy_s                  10019336 f   ucrtd:ucrtbased.dll
 0001:0001833c       _UnhandledExceptionFilter@4 1001933c f   kernel32:KERNEL32.dll
 0001:00018342       _TerminateProcess@8        10019342 f   kernel32:KERNEL32.dll
 0001:00018348       _IsProcessorFeaturePresent@4 10019348 f   kernel32:KERNEL32.dll
 0001:0001834e       _CloseHandle@4             1001934e f   kernel32:KERNEL32.dll
 0001:00018354       _EnterCriticalSection@4    10019354 f   kernel32:KERNEL32.dll
 0001:0001835a       _LeaveCriticalSection@4    1001935a f   kernel32:KERNEL32.dll
 0001:00018360       _InitializeCriticalSectionAndSpinCount@8 10019360 f   kernel32:KERNEL32.dll
 0001:00018366       _DeleteCriticalSection@4   10019366 f   kernel32:KERNEL32.dll
 0001:0001836c       _SetEvent@4                1001936c f   kernel32:KERNEL32.dll
 0001:00018372       _ResetEvent@4              10019372 f   kernel32:KERNEL32.dll
 0001:00018378       _WaitForSingleObjectEx@12  10019378 f   kernel32:KERNEL32.dll
 0001:0001837e       _CreateEventW@16           1001937e f   kernel32:KERNEL32.dll
 0001:00018384       _GetProcAddress@8          10019384 f   kernel32:KERNEL32.dll
 0001:0001838a       _IsDebuggerPresent@0       1001938a f   kernel32:KERNEL32.dll
 0001:00018390       _RaiseException@16         10019390 f   kernel32:KERNEL32.dll
 0001:00018396       _MultiByteToWideChar@24    10019396 f   kernel32:KERNEL32.dll
 0001:0001839c       _WideCharToMultiByte@32    1001939c f   kernel32:KERNEL32.dll
 0001:000183a2       _GetStartupInfoW@4         100193a2 f   kernel32:KERNEL32.dll
 0001:000183a8       _QueryPerformanceCounter@4 100193a8 f   kernel32:KERNEL32.dll
 0001:000183ae       _GetSystemTimeAsFileTime@4 100193ae f   kernel32:KERNEL32.dll
 0001:000183b4       _InitializeSListHead@4     100193b4 f   kernel32:KERNEL32.dll
 0001:000183ba       _GetLastError@0            100193ba f   kernel32:KERNEL32.dll
 0001:000183c0       _HeapAlloc@12              100193c0 f   kernel32:KERNEL32.dll
 0001:000183c6       _HeapFree@12               100193c6 f   kernel32:KERNEL32.dll
 0001:000183cc       _GetProcessHeap@0          100193cc f   kernel32:KERNEL32.dll
 0001:000183d2       _VirtualQuery@12           100193d2 f   kernel32:KERNEL32.dll
 0001:000183d8       _SuspendThread@4           100193d8 f   kernel32:KERNEL32.dll
 0001:000183de       _ResumeThread@4            100193de f   kernel32:KERNEL32.dll
 0001:000183e4       _GetThreadContext@8        100193e4 f   kernel32:KERNEL32.dll
 0001:000183ea       _SetThreadContext@8        100193ea f   kernel32:KERNEL32.dll
 0001:000183f0       _FlushInstructionCache@12  100193f0 f   kernel32:KERNEL32.dll
 0001:000183f6       _VirtualAlloc@16           100193f6 f   kernel32:KERNEL32.dll
 0001:000183fc       _VirtualFree@12            100193fc f   kernel32:KERNEL32.dll
 0001:00018402       _VirtualProtectEx@20       10019402 f   kernel32:KERNEL32.dll
 0001:00018408       _VirtualQueryEx@16         10019408 f   kernel32:KERNEL32.dll
 0001:0001840e       _SetLastError@4            1001940e f   kernel32:KERNEL32.dll
 0001:00018414       _LoadLibraryExA@12         10019414 f   kernel32:KERNEL32.dll
 0001:0001841a       _LoadLibraryExW@12         1001941a f   kernel32:KERNEL32.dll
 0001:00018420       __filter_x86_sse2_floating_point_exception 10019420 f   MSVCRTD:x86_exception_filter.obj
 0001:00018420       __filter_x86_sse2_floating_point_exception_default 10019420 f   MSVCRTD:x86_exception_filter.obj
 0001:000185b0       ___acrt_initialize         100195b0 f   MSVCRTD:ucrt_stubs.obj
 0001:000185b0       ___scrt_stub_for_acrt_initialize 100195b0 f   MSVCRTD:ucrt_stubs.obj
 0001:000185b0       ___vcrt_initialize         100195b0 f   MSVCRTD:ucrt_stubs.obj
 0001:000185c0       ___acrt_thread_attach      100195c0 f   MSVCRTD:ucrt_stubs.obj
 0001:000185c0       ___scrt_stub_for_acrt_thread_attach 100195c0 f   MSVCRTD:ucrt_stubs.obj
 0001:000185c0       ___vcrt_thread_attach      100195c0 f   MSVCRTD:ucrt_stubs.obj
 0001:000185d0       ___acrt_thread_detach      100195d0 f   MSVCRTD:ucrt_stubs.obj
 0001:000185d0       ___scrt_stub_for_acrt_thread_detach 100195d0 f   MSVCRTD:ucrt_stubs.obj
 0001:000185d0       ___vcrt_thread_detach      100195d0 f   MSVCRTD:ucrt_stubs.obj
 0001:000185e0       ___acrt_uninitialize       100195e0 f   MSVCRTD:ucrt_stubs.obj
 0001:000185e0       ___scrt_stub_for_acrt_uninitialize 100195e0 f   MSVCRTD:ucrt_stubs.obj
 0001:000185e0       ___vcrt_uninitialize       100195e0 f   MSVCRTD:ucrt_stubs.obj
 0001:000185f0       ___acrt_uninitialize_critical 100195f0 f   MSVCRTD:ucrt_stubs.obj
 0001:000185f0       ___scrt_stub_for_acrt_uninitialize_critical 100195f0 f   MSVCRTD:ucrt_stubs.obj
 0001:000185f0       ___vcrt_uninitialize_critical 100195f0 f   MSVCRTD:ucrt_stubs.obj
 0001:00018600       ___scrt_stub_for_is_c_termination_complete 10019600 f   MSVCRTD:ucrt_stubs.obj
 0001:00018600       __is_c_termination_complete 10019600 f   MSVCRTD:ucrt_stubs.obj
 0002:00000000       ___xc_a                    1001d000     MSVCRTD:initializers.obj
 0002:00000104       ___xc_z                    1001d104     MSVCRTD:initializers.obj
 0002:00000208       ___xi_a                    1001d208     MSVCRTD:initializers.obj
 0002:00000410       ___xi_z                    1001d410     MSVCRTD:initializers.obj
 0002:00000514       ___xl_a                    1001d514     MSVCRTD:tlssup.obj
 0002:00000518       ___xl_z                    1001d518     MSVCRTD:tlssup.obj
 0002:0000051c       ___xp_a                    1001d51c     MSVCRTD:initializers.obj
 0002:00000620       ___xp_z                    1001d620     MSVCRTD:initializers.obj
 0002:00000724       ___xt_a                    1001d724     MSVCRTD:initializers.obj
 0002:00000828       ___xt_z                    1001d828     MSVCRTD:initializers.obj
 0002:00000968       ??_C@_01ICJEACDI@?$DL@     1001d968     autil.obj
 0002:00000970       ??_C@_0EB@CPNIKEEC@0123456789ABCDEFGHIJKLMNOPQRSTU@ 1001d970     autil.obj
 0002:000009c0       ??_C@_01IPJKGB@?$CD@       1001d9c0     autil.obj
 0002:000009c4       ??_C@_02DKCKIIND@?$CFs@    1001d9c4     autil.obj
 0002:000009c8       ??_C@_11LOCGONAA@@         1001d9c8     autil.obj
 0002:000009d0       ??_C@_0GB@FECHECBJ@D?3?2Program?5Files?2Microsoft?5Visu@ 1001d9d0     autil.obj
 0002:00000a48       ??_C@_1MC@LCPLFHLA@?$AAD?$AA?3?$AA?2?$AAP?$AAr?$AAo?$AAg?$AAr?$AAa?$AAm?$AA?5?$AAF?$AAi?$AAl?$AAe@ 1001da48     autil.obj
 0002:00000b30       ??_C@_0CO@CCCJIBKO@invalid?5min?5and?5max?5arguments?5f@ 1001db30     autil.obj
 0002:00000b68       ??_C@_1GA@FJHEAOJP@?$AA?$CC?$AAi?$AAn?$AAv?$AAa?$AAl?$AAi?$AAd?$AA?5?$AAm?$AAi?$AAn?$AA?5?$AAa?$AAn@ 1001db68     autil.obj
 0002:0000126c       ??_C@_03KOIMFPNC@?3?31@    1001e26c     sadll.obj
 0002:00001274       ??_7exception@std@@6B@     1001e274     sadll.obj
 0002:00001280       ??_C@_0BC@EOODALEL@Unknown?5exception@ 1001e280     sadll.obj
 0002:0000129c       ??_7bad_alloc@std@@6B@     1001e29c     sadll.obj
 0002:000012ac       ??_7bad_array_new_length@std@@6B@ 1001e2ac     sadll.obj
 0002:000012b8       ??_C@_0BF@KINCDENJ@bad?5array?5new?5length@ 1001e2b8     sadll.obj
 0002:000012d4       ??_C@_0BB@FCMFBGOM@invalid?5argument@ 1001e2d4     sadll.obj
 0002:000012e8       ??_C@_0GC@LMAPENHO@D?3?2Program?5Files?2Microsoft?5Visu@ 1001e2e8     sadll.obj
 0002:00001360       ??_C@_1ME@KGLMCDIJ@?$AAD?$AA?3?$AA?2?$AAP?$AAr?$AAo?$AAg?$AAr?$AAa?$AAm?$AA?5?$AAF?$AAi?$AAl?$AAe@ 1001e360     sadll.obj
 0002:0000144c       ??_C@_1CG@JNLFBNGN@?$AA?$CC?$AAi?$AAn?$AAv?$AAa?$AAl?$AAi?$AAd?$AA?5?$AAa?$AAr?$AAg?$AAu?$AAm?$AAe@ 1001e44c     sadll.obj
 0002:0000147c       ??_C@_0BF@FBDAHHJI@Invalid?5memory?5order@ 1001e47c     sadll.obj
 0002:00001498       ??_C@_0GB@ILGMGAGE@D?3?2Program?5Files?2Microsoft?5Visu@ 1001e498     sadll.obj
 0002:00001510       ??_C@_1MC@PKJIDANA@?$AAD?$AA?3?$AA?2?$AAP?$AAr?$AAo?$AAg?$AAr?$AAa?$AAm?$AA?5?$AAF?$AAi?$AAl?$AAe@ 1001e510     sadll.obj
 0002:000015f8       ??_C@_1CO@JOMFDNFG@?$AA?$CC?$AAI?$AAn?$AAv?$AAa?$AAl?$AAi?$AAd?$AA?5?$AAm?$AAe?$AAm?$AAo?$AAr?$AAy@ 1001e5f8     sadll.obj
 0002:00001630       ??_C@_0BA@JFNIOLAK@string?5too?5long@ 1001e630     sadll.obj
 0002:00001644       ??_C@_0DG@KGHKKGBC@null?5pointer?5cannot?5point?5to?5a?5@ 1001e644     sadll.obj
 0002:00001688       ??_C@_1HA@FACCKGGH@?$AA?$CC?$AAn?$AAu?$AAl?$AAl?$AA?5?$AAp?$AAo?$AAi?$AAn?$AAt?$AAe?$AAr?$AA?5?$AAc@ 1001e688     sadll.obj
 0002:00001710       ??_C@_0BJ@HAJGEHKO@transposed?5pointer?5range@ 1001e710     sadll.obj
 0002:00001730       ??_C@_0GD@HEPKFHCG@D?3?2Program?5Files?2Microsoft?5Visu@ 1001e730     sadll.obj
 0002:000017a8       ??_C@_1MG@EFOGNJMO@?$AAD?$AA?3?$AA?2?$AAP?$AAr?$AAo?$AAg?$AAr?$AAa?$AAm?$AA?5?$AAF?$AAi?$AAl?$AAe@ 1001e7a8     sadll.obj
 0002:00001898       ??_C@_1DG@FJIKMGFD@?$AA?$CC?$AAt?$AAr?$AAa?$AAn?$AAs?$AAp?$AAo?$AAs?$AAe?$AAd?$AA?5?$AAp?$AAo?$AAi@ 1001e898     sadll.obj
 0002:000018dc       ??_7GameService@@6B@       1001e8dc     sadll.obj
 0002:000018e8       ??_7SyncClient@@6B@        1001e8e8     sadll.obj
 0002:000018f0       ??_C@_0BP@GEDJMKHO@WSAStartup?5failed?5with?5error?3?5@ 1001e8f0     sadll.obj
 0002:00001918       ??_C@_0BL@BHEMOCNM@socket?5failed?5with?5error?3?5@ 1001e918     sadll.obj
 0002:00001938       ??_C@_0CA@EONFHMJK@inet_pton?5failed?4?5Error?5Code?5?3?5@ 1001e938     sadll.obj
 0002:00001960       ??_C@_0BO@LFDJDNGG@connect?5failed?4?5Error?5Code?5?3?5@ 1001e960     sadll.obj
 0002:00001984       ??_C@_01CLKCMJKC@?5@       1001e984     sadll.obj
 0002:00001988       ??_C@_0BC@PHDBAIIE@connect?5success?4?5@ 1001e988     sadll.obj
 0002:000019a0       ??_C@_0BJ@DEDKDNBL@send?5failed?5with?5error?3?5@ 1001e9a0     sadll.obj
 0002:000019c0       ??_C@_05PDJBBECF@pause@    1001e9c0     sadll.obj
 0002:000019d4       ??_C@_17CNPHIMPH@?$AA?$CF?$AAl?$AAs@ 1001e9d4     MSVCRTD:thread_safe_statics.obj
 0002:000019e0       ??_C@_1EC@JIJBPKFM@?$AAa?$AAp?$AAi?$AA?9?$AAm?$AAs?$AA?9?$AAw?$AAi?$AAn?$AA?9?$AAc?$AAo?$AAr?$AAe@ 1001e9e0     MSVCRTD:thread_safe_statics.obj
 0002:00001a30       ??_C@_1BK@MGMFAEKH@?$AAk?$AAe?$AAr?$AAn?$AAe?$AAl?$AA3?$AA2?$AA?4?$AAd?$AAl?$AAl@ 1001ea30     MSVCRTD:thread_safe_statics.obj
 0002:00001a50       ??_C@_0BJ@JEBJOJFJ@SleepConditionVariableCS@ 1001ea50     MSVCRTD:thread_safe_statics.obj
 0002:00001a70       ??_C@_0BJ@PGPPEPCC@WakeAllConditionVariable@ 1001ea70     MSVCRTD:thread_safe_statics.obj
 0002:00001a90       ??_C@_1JE@OMOJFEE@?$AAD?$AA?3?$AA?2?$AAa?$AA?2?$AA_?$AAw?$AAo?$AAr?$AAk?$AA?2?$AA1?$AA?2?$AAs?$AA?2@ 1001ea90     MSVCRTD:thread_safe_statics.obj
 0002:00001b48       ??_7type_info@@6B@         1001eb48     MSVCRTD:std_type_info_static.obj
 0002:00001b50       __pDefaultRawDllMain       1001eb50     MSVCRTD:dll_dllmain.obj
 0002:00001b50       __pRawDllMain              1001eb50     MSVCRTD:dll_dllmain.obj
 0002:00001c10       ??_C@_0NN@JMPELKLB@The?5value?5of?5ESP?5was?5not?5proper@ 1001ec10     MSVCRTD:error.obj
 0002:00001d20       ??_C@_0BBN@ELNNILBE@A?5cast?5to?5a?5smaller?5data?5type?5h@ 1001ed20     MSVCRTD:error.obj
 0002:00001e78       ??_C@_0BN@BPOGFMJL@Stack?5memory?5was?5corrupted?$AN?6@ 1001ee78     MSVCRTD:error.obj
 0002:00001e9c       ??_C@_0DG@DAJCDLPN@A?5local?5variable?5was?5used?5befor@ 1001ee9c     MSVCRTD:error.obj
 0002:00001edc       ??_C@_0CM@JMIDGKLA@Stack?5memory?5around?5_alloca?5was@ 1001eedc     MSVCRTD:error.obj
 0002:00001f10       ??_C@_0BO@CHIONIOI@Unknown?5Runtime?5Check?5Error?$AN?6@ 1001ef10     MSVCRTD:error.obj
 0002:00001f38       ??_C@_1GM@CNOOJIHC@?$AAR?$AAu?$AAn?$AAt?$AAi?$AAm?$AAe?$AA?5?$AAC?$AAh?$AAe?$AAc?$AAk?$AA?5?$AAE@ 1001ef38     MSVCRTD:error.obj
 0002:00001fc0       ??_C@_1EA@NFKNIFJP@?$AAR?$AAu?$AAn?$AA?9?$AAT?$AAi?$AAm?$AAe?$AA?5?$AAC?$AAh?$AAe?$AAc?$AAk?$AA?5@ 1001efc0     MSVCRTD:error.obj
 0002:0000200c       ??_C@_0BB@PFFGGCJP@Unknown?5Filename@ 1001f00c     MSVCRTD:error.obj
 0002:00002020       ??_C@_0BE@GNBOBNCK@Unknown?5Module?5Name@ 1001f020     MSVCRTD:error.obj
 0002:00002038       ??_C@_0CA@IODNCDPG@Run?9Time?5Check?5Failure?5?$CD?$CFd?5?9?5?$CFs@ 1001f038     MSVCRTD:error.obj
 0002:00002060       ??_C@_0CG@IAFNJNEE@Stack?5corrupted?5near?5unknown?5va@ 1001f060     MSVCRTD:error.obj
 0002:00002090       ??_C@_05MKKEDADM@?$CF?42X?5@ 1001f090     MSVCRTD:error.obj
 0002:00002098       ??_C@_0EJ@LJKNEOLN@Stack?5area?5around?5_alloca?5memor@ 1001f098     MSVCRTD:error.obj
 0002:000020f0       ??_C@_01EEMJAFIK@?6@       1001f0f0     MSVCRTD:error.obj
 0002:000020f4       ??_C@_02LLMPMKNF@?$DO?5@   1001f0f4     MSVCRTD:error.obj
 0002:000020f8       ??_C@_08OMAHNMHJ@?6Data?3?5?$DM@ 1001f0f8     MSVCRTD:error.obj
 0002:00002104       ??_C@_0CK@DKGBICFE@?6Allocation?5number?5within?5this?5@ 1001f104     MSVCRTD:error.obj
 0002:00002138       ??_C@_07DFDJCKFN@?6Size?3?5@ 1001f138     MSVCRTD:error.obj
 0002:00002144       ??_C@_0N@MHFFIMFG@?6Address?3?50x@ 1001f144     MSVCRTD:error.obj
 0002:00002158       ??_C@_0EI@CLEPFNGI@Stack?5area?5around?5_alloca?5memor@ 1001f158     MSVCRTD:error.obj
 0002:000021b0       ??_C@_0BK@ODNDAGKB@?$CFs?$CFs?$CFp?$CFs?$CFzd?$CFs?$CFd?$CFs?$CFs?$CFs?$CFs?$CFs@ 1001f1b0     MSVCRTD:error.obj
 0002:000021d0       ??_C@_0DE@OHJBPMBP@A?5variable?5is?5being?5used?5withou@ 1001f1d0     MSVCRTD:error.obj
 0002:00002228       ??_C@_0BJ@HEGAHDFO@Stack?5pointer?5corruption@ 1001f228     MSVCRTD:userapi.obj
 0002:00002248       ??_C@_0CK@FEGOIOPB@Cast?5to?5smaller?5type?5causing?5lo@ 1001f248     MSVCRTD:userapi.obj
 0002:0000227c       ??_C@_0BI@CIGMDCBH@Stack?5memory?5corruption@ 1001f27c     MSVCRTD:userapi.obj
 0002:00002298       ??_C@_0CK@CNLNOEPB@Local?5variable?5used?5before?5init@ 1001f298     MSVCRTD:userapi.obj
 0002:000022cc       ??_C@_0BP@OGBCLIBO@Stack?5around?5_alloca?5corrupted@ 1001f2cc     MSVCRTD:userapi.obj
 0002:000022f4       ??_C@_0P@GHFPNOJB@bad?5allocation@ 1001f2f4     MSVCRTD:throw_bad_alloc.obj
 0002:00002360       ??_C@_1EI@MLPKHBGE@?$AAa?$AAp?$AAi?$AA?9?$AAm?$AAs?$AA?9?$AAw?$AAi?$AAn?$AA?9?$AAc?$AAo?$AAr?$AAe@ 1001f360     MSVCRTD:pdblkup.obj
 0002:000023b8       ??_C@_1BK@JHLNAEJL@?$AAa?$AAd?$AAv?$AAa?$AAp?$AAi?$AA3?$AA2?$AA?4?$AAd?$AAl?$AAl@ 1001f3b8     MSVCRTD:pdblkup.obj
 0002:000023d8       ??_C@_0O@COHOBMLB@RegOpenKeyExW@ 1001f3d8     MSVCRTD:pdblkup.obj
 0002:000023e8       ??_C@_0BB@GLNAEDBD@RegQueryValueExW@ 1001f3e8     MSVCRTD:pdblkup.obj
 0002:000023fc       ??_C@_0M@HLOHPNFA@RegCloseKey@ 1001f3fc     MSVCRTD:pdblkup.obj
 0002:00002410       ??_C@_1HE@EBEAGLFB@?$AAS?$AAO?$AAF?$AAT?$AAW?$AAA?$AAR?$AAE?$AA?2?$AAW?$AAo?$AAw?$AA6?$AA4?$AA3@ 1001f410     MSVCRTD:pdblkup.obj
 0002:0000249c       ??_C@_1BG@EABPBLLF@?$AAP?$AAr?$AAo?$AAd?$AAu?$AAc?$AAt?$AAD?$AAi?$AAr@ 1001f49c     MSVCRTD:pdblkup.obj
 0002:000024dc       ??_C@_1BC@JINFINNJ@?$AAM?$AAS?$AAP?$AAD?$AAB?$AA1?$AA4?$AA0@ 1001f4dc     MSVCRTD:pdblkup.obj
 0002:000024f4       ??_C@_0BB@KCIACLNC@PDBOpenValidate5@ 1001f4f4     MSVCRTD:pdblkup.obj
 0002:00002508       ??_C@_01KDCPPGHE@r@        1001f508     MSVCRTD:pdblkup.obj
 0002:00002514       _DETOUR_EXE_RESTORE_GUID   1001f514     detours:modules.obj
 0002:00002618       __load_config_used         1001f618     MSVCRTD:loadcfg.obj
 0002:000028c0       ___CastGuardVftablesStart  1001f8c0     MSVCRTD:guard_support.obj
 0002:00002a40       ___CastGuardVftablesEnd    1001fa40     MSVCRTD:guard_support.obj
 0002:00002b8c       __tls_used                 1001fb8c     MSVCRTD:tlssup.obj
 0002:00002ca8       ??_R4exception@std@@6B@    1001fca8     sadll.obj
 0002:00002cc0       ??_R3exception@std@@8      1001fcc0     sadll.obj
 0002:00002cd4       ??_R2exception@std@@8      1001fcd4     sadll.obj
 0002:00002cdc       ??_R1A@?0A@EA@exception@std@@8 1001fcdc     sadll.obj
 0002:00002d00       ??_R4bad_alloc@std@@6B@    1001fd00     sadll.obj
 0002:00002d18       ??_R3bad_alloc@std@@8      1001fd18     sadll.obj
 0002:00002d2c       ??_R2bad_alloc@std@@8      1001fd2c     sadll.obj
 0002:00002d38       ??_R1A@?0A@EA@bad_alloc@std@@8 1001fd38     sadll.obj
 0002:00002d5c       ??_R4bad_array_new_length@std@@6B@ 1001fd5c     sadll.obj
 0002:00002d74       ??_R3bad_array_new_length@std@@8 1001fd74     sadll.obj
 0002:00002d88       ??_R2bad_array_new_length@std@@8 1001fd88     sadll.obj
 0002:00002d98       ??_R1A@?0A@EA@bad_array_new_length@std@@8 1001fd98     sadll.obj
 0002:00002dbc       ??_R4SyncClient@@6B@       1001fdbc     sadll.obj
 0002:00002dd4       ??_R3SyncClient@@8         1001fdd4     sadll.obj
 0002:00002de8       ??_R2SyncClient@@8         1001fde8     sadll.obj
 0002:00002df0       ??_R1A@?0A@EA@SyncClient@@8 1001fdf0     sadll.obj
 0002:00002e14       ??_R4GameService@@6B@      1001fe14     sadll.obj
 0002:00002e2c       ??_R3GameService@@8        1001fe2c     sadll.obj
 0002:00002e40       ??_R2GameService@@8        1001fe40     sadll.obj
 0002:00002e48       ??_R1A@?0A@EA@GameService@@8 1001fe48     sadll.obj
 0002:00002e6c       ??_R4type_info@@6B@        1001fe6c     MSVCRTD:std_type_info_static.obj
 0002:00002e84       ??_R3type_info@@8          1001fe84     MSVCRTD:std_type_info_static.obj
 0002:00002e98       ??_R2type_info@@8          1001fe98     MSVCRTD:std_type_info_static.obj
 0002:00002ea0       ??_R1A@?0A@EA@type_info@@8 1001fea0     MSVCRTD:std_type_info_static.obj
 0002:00002fd0       ___safe_se_handler_table   1001ffd0     <linker-defined>
 0002:00003344       ___rtc_iaa                 10020344     MSVCRTD:initsect.obj
 0002:00003558       ___rtc_izz                 10020558     MSVCRTD:initsect.obj
 0002:0000365c       ___rtc_taa                 1002065c     MSVCRTD:initsect.obj
 0002:00003870       ___rtc_tzz                 10020870     MSVCRTD:initsect.obj
 0002:00004348       __TI3?AVbad_array_new_length@std@@ 10021348     sadll.obj
 0002:0000435c       __CTA3?AVbad_array_new_length@std@@ 1002135c     sadll.obj
 0002:00004370       __CT??_R0?AVbad_array_new_length@std@@@8??0bad_array_new_length@std@@QAE@ABV01@@Z12 10021370     sadll.obj
 0002:00004390       __CT??_R0?AVbad_alloc@std@@@8??0bad_alloc@std@@QAE@ABV01@@Z12 10021390     sadll.obj
 0002:000043b0       __CT??_R0?AVexception@std@@@8??0exception@std@@QAE@ABV01@@Z12 100213b0     sadll.obj
 0002:00004460       __TI2?AVbad_alloc@std@@    10021460     MSVCRTD:throw_bad_alloc.obj
 0002:00004474       __CTA2?AVbad_alloc@std@@   10021474     MSVCRTD:throw_bad_alloc.obj
 0003:00000000       ___security_cookie_complement 10022000     MSVCRTD:gs_cookie.obj
 0003:00000004       ___security_cookie         10022004     MSVCRTD:gs_cookie.obj
 0003:0000000c       __Init_global_epoch        1002200c     MSVCRTD:thread_safe_statics.obj
 0003:00000010       ?_RTC_ErrorLevels@@3PAHA   10022010     MSVCRTD:error.obj
 0003:00000028       ___scrt_native_dllmain_reason 10022028     MSVCRTD:utility.obj
 0003:0000002c       ___isa_enabled             1002202c     MSVCRTD:cpu_disp.obj
 0003:0000003c       ___scrt_ucrt_dll_is_in_use 1002203c     MSVCRTD:ucrt_stubs.obj
 0003:00000148       ??_R0?AVbad_array_new_length@std@@@8 10022148     sadll.obj
 0003:00000178       ??_R0?AVbad_alloc@std@@@8  10022178     sadll.obj
 0003:0000019c       ??_R0?AVexception@std@@@8  1002219c     sadll.obj
 0003:000002c0       ??_R0?AVSyncClient@@@8     100222c0     sadll.obj
 0003:000002e0       ??_R0?AVGameService@@@8    100222e0     sadll.obj
 0003:00000300       ??_R0?AVtype_info@@@8      10022300     MSVCRTD:std_type_info_static.obj
 0003:00000420       ?MesgSlice@Autil@@3PAY0PPNM@DA 10022420     autil.obj
 0003:004ff8e0       ?SliceCount@Autil@@3HA     105218e0     autil.obj
 0003:004ff8e4       ?PersonalKey@Autil@@3PADA  105218e4     autil.obj
 0003:005ff6b0       ?_OptionsStorage@?1??__local_stdio_printf_options@@9@4_KA 106216b0     autil.obj
 0003:005ff6bc       ___@@_PchSym_@00@UfhvihUyvhgpzpplrrUwvhpglkUehPkilqvxgUhzhsUhzwooUwvyftUkxsOlyq@4B2008FD98C1DD4 106216bc     pch.obj
 0003:005ff6c0       ?g_OldWndProc@@3P6GJPAUHWND__@@IIJ@ZA 106216c0     sadll.obj
 0003:005ff6c4       ?g_MainHwnd@@3PAUHWND__@@A 106216c4     sadll.obj
 0003:005ff6c8       ?g_hGameModule@@3PAUHINSTANCE__@@A 106216c8     sadll.obj
 0003:005ff6cc       ?g_hDllModule@@3PAUHINSTANCE__@@A 106216cc     sadll.obj
[...]
 0005:00000023       __7FCB5136_guiddef@h       1063a023     pch.obj
 0005:00000024       __FF8A9E11_pshpack4@h      1063a024     pch.obj
 0005:00000025       __D5438902_poppack@h       1063a025     pch.obj
 0005:00000026       __FB07E2A3_pshpack2@h      1063a026     pch.obj
 0005:00000027       __F6906775_pshpack8@h      1063a027     pch.obj
 0005:00000028       __F9415CFA_pshpack1@h      1063a028     pch.obj
 0005:00000029       __E58C6F1C_apiset@h        1063a029     pch.obj
 0005:0000002a       __A5C52262_ktmtypes@h      1063a02a     pch.obj
 0005:0000002b       __FBBA8F9D_winnt@h         1063a02b     pch.obj
 0005:0000002c       __A32D3D2C_minwindef@h     1063a02c     pch.obj
 0005:0000002d       __7D798299_windef@h        1063a02d     pch.obj
 0005:0000002e       __9AE108E9_apisetcconv@h   1063a02e     pch.obj
 0005:0000002f       __9CE53D2C_minwinbase@h    1063a02f     pch.obj
 0005:00000030       __5D0AA210_apiquery2@h     1063a030     pch.obj
 0005:00000031       __4DD4E726_processenv@h    1063a031     pch.obj
 0005:00000032       __3575CC96_fileapi@h       1063a032     pch.obj
 0005:00000033       __8EA220E6_fileapifromapp@h 1063a033     pch.obj
 0005:00000034       __BF9B31FE_debugapi@h      1063a034     pch.obj
 0005:00000035       __C3AFE134_utilapiset@h    1063a035     pch.obj
 0005:00000036       __76F69E51_handleapi@h     1063a036     pch.obj
 0005:00000037       __7E63D784_errhandlingapi@h 1063a037     pch.obj
 0005:00000038       __FFA7003C_fibersapi@h     1063a038     pch.obj
 0005:00000039       __8971CECF_namedpipeapi@h  1063a039     pch.obj
 0005:0000003a       __46C9D8A6_profileapi@h    1063a03a     pch.obj
 0005:0000003b       __98D4F0A3_heapapi@h       1063a03b     pch.obj
 0005:0000003c       __50EF2A88_ioapiset@h      1063a03c     pch.obj
 0005:0000003d       __92EA1464_synchapi@h      1063a03d     pch.obj
 0005:0000003e       __A53D8AED_interlockedapi@h 1063a03e     pch.obj
 0005:0000003f       __B506CAAF_processthreadsapi@h 1063a03f     pch.obj
 0005:00000040       __FF735694_sysinfoapi@h    1063a040     pch.obj
 0005:00000041       __29589789_memoryapi@h     1063a041     pch.obj
 0005:00000042       __E9C7A663_enclaveapi@h    1063a042     pch.obj
 0005:00000043       __D035F9F7_threadpoollegacyapiset@h 1063a043     pch.obj
 0005:00000044       __C899130C_threadpoolapiset@h 1063a044     pch.obj
 0005:00000045       __E0441EE7_jobapi@h        1063a045     pch.obj
 0005:00000046       __CEF86838_jobapi2@h       1063a046     pch.obj
 0005:00000047       __35AC6B9A_wow64apiset@h   1063a047     pch.obj
 0005:00000048       __C8AE41A5_libloaderapi@h  1063a048     pch.obj
 0005:00000049       __CC9E232D_securitybaseapi@h 1063a049     pch.obj
 0005:0000004a       __C9D0C9B8_namespaceapi@h  1063a04a     pch.obj
 0005:0000004b       __30FF9CAD_systemtopologyapi@h 1063a04b     pch.obj
 0005:0000004c       __4D358795_processtopologyapi@h 1063a04c     pch.obj
 0005:0000004d       __40446D10_securityappcontainer@h 1063a04d     pch.obj
 0005:0000004e       __3A952EDF_realtimeapiset@h 1063a04e     pch.obj
 0005:0000004f       __F4865F4B_winerror@h      1063a04f     pch.obj
 0005:00000050       __53C1BD93_timezoneapi@h   1063a050     pch.obj
 0005:00000051       __1FFBEDBF_winbase@h       1063a051     pch.obj
 0005:00000052       __43D3FA34_wingdi@h        1063a052     pch.obj
 0005:00000053       __D24A7391_tvout@h         1063a053     pch.obj
 0005:00000054       __7713A6C8_winuser@h       1063a054     pch.obj
 0005:00000055       __0B345F71_datetimeapi@h   1063a055     pch.obj
 0005:00000056       __9AC6960C_winnls@h        1063a056     pch.obj
 0005:00000057       __973A40A8_stringapiset@h  1063a057     pch.obj
 0005:00000058       __CC46FEE2_wincontypes@h   1063a058     pch.obj
 0005:00000059       __97D70BE1_consoleapi@h    1063a059     pch.obj
 0005:0000005a       __27EC5E18_consoleapi2@h   1063a05a     pch.obj
 0005:0000005b       __262E342F_consoleapi3@h   1063a05b     pch.obj
 0005:0000005c       __641DCD70_wincon@h        1063a05c     pch.obj
 0005:0000005d       __5A96C7A7_verrsrc@h       1063a05d     pch.obj
 0005:0000005e       __B69C6FF2_winver@h        1063a05e     pch.obj
 0005:0000005f       __7AEB8C37_reason@h        1063a05f     pch.obj
 0005:00000060       __59F1A8A9_winreg@h        1063a060     pch.obj
 0005:00000061       __EE0E2B7F_wnnc@h          1063a061     pch.obj
 0005:00000062       __DCDB7054_winnetwk@h      1063a062     pch.obj
 0005:00000063       __81DDEDE3_stralign@h      1063a063     pch.obj
 0005:00000064       __2134D1B4_winsvc@h        1063a064     pch.obj
 0005:00000065       __11C07376_mcx@h           1063a065     pch.obj
 0005:00000066       __577CE3E7_ime_cmodes@h    1063a066     pch.obj
 0005:00000067       __1E72C31E_imm@h           1063a067     pch.obj
 0005:00000068       __E15BF856_windows@h       1063a068     pch.obj
 0005:00000069       __832A4112_inaddr@h        1063a069     pch.obj
 0005:0000006a       __C59B8995_ws2def@h        1063a06a     pch.obj
 0005:0000006b       __F9202461_qos@h           1063a06b     pch.obj
 0005:0000006c       __50CB22FA_WinSock2@h      1063a06c     pch.obj
 0005:0000006d       __B01BC3FD_in6addr@h       1063a06d     pch.obj
 0005:0000006e       __DEBB33B8_ws2ipdef@h      1063a06e     pch.obj
 0005:0000006f       __2A51B905_limits@h        1063a06f     pch.obj
 0005:00000070       __6AD23521_WS2tcpip@h      1063a070     pch.obj
 0005:00000071       __CDBF38D3_xkeycheck@h     1063a071     pch.obj
 0005:00000072       __B82E8187_yvals_core@h    1063a072     pch.obj
 0005:00000073       __85D44119_vcruntime_new@h 1063a073     pch.obj
 0005:00000074       __4A04F9FC_vcruntime_new_debug@h 1063a074     pch.obj
 0005:00000075       __935DC21B_crtdbg@h        1063a075     pch.obj
 0005:00000076       __7B9928CC_crtdefs@h       1063a076     pch.obj
 0005:00000077       __8E69A139_use_ansi@h      1063a077     pch.obj
 0005:00000078       __9E3F5EBE_yvals@h         1063a078     pch.obj
 0005:00000079       __369A9BC3_corecrt_wtime@h 1063a079     pch.obj
 0005:0000007a       __0A9237D2_time@h          1063a07a     pch.obj
 0005:0000007b       __7636E091_ctime           1063a07b     pch.obj
 0005:0000007c       __B9985323_float@h         1063a07c     pch.obj
 0005:0000007d       __9A0005AD_cfloat          1063a07d     pch.obj
 0005:0000007e       __AC90CAF3_climits         1063a07e     pch.obj
 0005:0000007f       __44420885_corecrt_stdio_config@h 1063a07f     pch.obj
 0005:00000080       __AB601D8D_corecrt_wstdio@h 1063a080     pch.obj
 0005:00000081       __C1EC35D3_stdio@h         1063a081     pch.obj
 0005:00000082       __E944CE2A_cstdio          1063a082     pch.obj
 0005:00000083       __EF1F6BBA_corecrt_wconio@h 1063a083     pch.obj
 0005:00000084       __3D1D430C_corecrt_wdirect@h 1063a084     pch.obj
 0005:00000085       __8ECB7138_corecrt_share@h 1063a085     pch.obj
 0005:00000086       __DB7FEBA6_corecrt_wio@h   1063a086     pch.obj
 0005:00000087       __9A9F0068_corecrt_wprocess@h 1063a087     pch.obj
 0005:00000088       __E2E33A61_corecrt_wstdlib@h 1063a088     pch.obj
 0005:00000089       __CE789B9D_types@h         1063a089     pch.obj
 0005:0000008a       __9901C817_stat@h          1063a08a     pch.obj
 0005:0000008b       __3FCAD62E_wchar@h         1063a08b     pch.obj
 0005:0000008c       __73CF1879_cwchar          1063a08c     pch.obj
 0005:0000008d       __DB641432_intrin0@inl@h   1063a08d     pch.obj
 0005:0000008e       __62B491C7_intrin0@h       1063a08e     pch.obj
 0005:0000008f       __14343ED5_isa_availability@h 1063a08f     pch.obj
 0005:00000090       __13F5961F_stddef@h        1063a090     pch.obj
 0005:00000091       __75679370_xtr1common      1063a091     pch.obj
 0005:00000092       __8DB432AC_cstddef         1063a092     pch.obj
 0005:00000093       __BB16330F_corecrt_math@h  1063a093     pch.obj
 0005:00000094       __3BF2A406_math@h          1063a094     pch.obj
 0005:00000095       __45DED006_corecrt_malloc@h 1063a095     pch.obj
 0005:00000096       __FD6DBD68_corecrt_search@h 1063a096     pch.obj
 0005:00000097       __6E5ACABA_stdlib@h        1063a097     pch.obj
 0005:00000098       __287FE801_cstdlib         1063a098     pch.obj
 0005:00000099       __2E531C5B_initializer_list 1063a099     pch.obj
 0005:0000009a       __E86DFA98_xstddef         1063a09a     pch.obj
 0005:0000009b       __FCE648C9_limits          1063a09b     pch.obj
 0005:0000009c       __9427973A_stdint@h        1063a09c     pch.obj
 0005:0000009d       __9521097C_cstdint         1063a09d     pch.obj
 0005:0000009e       __8316FE18_type_traits     1063a09e     pch.obj
 0005:0000009f       __DC36E537_ratio           1063a09f     pch.obj
 0005:000000a0       __1F726D8A_utility         1063a0a0     pch.obj
 0005:000000a1       __4E3B0C86_xtimec@h        1063a0a1     pch.obj
 0005:000000a2       __536815A4___msvc_chrono@hpp 1063a0a2     pch.obj
 0005:000000a3       __FA77ED4C_malloc@h        1063a0a3     pch.obj
 0005:000000a4       __89766DA4_corecrt_terminate@h 1063a0a4     pch.obj
 0005:000000a5       __15A429A0_eh@h            1063a0a5     pch.obj
 0005:000000a6       __42EAFCAE_vcruntime_exception@h 1063a0a6     pch.obj
 0005:000000a7       __B3C6465A_exception       1063a0a7     pch.obj
 0005:000000a8       __64ED40E1_cstring         1063a0a8     pch.obj
 0005:000000a9       __300F9D4F_iosfwd          1063a0a9     pch.obj
 0005:000000aa       __4C6B6D9A_vcruntime_typeinfo@h 1063a0aa     pch.obj
 0005:000000ab       __88201CDE_typeinfo        1063a0ab     pch.obj
 0005:000000ac       __D54891C9_new             1063a0ac     pch.obj
 0005:000000ad       __B9CACA8C_xatomic@h       1063a0ad     pch.obj
 0005:000000ae       __58858B05___msvc_iter_core@hpp 1063a0ae     pch.obj
 0005:000000af       __F8FFEFC7_xutility        1063a0af     pch.obj
 0005:000000b0       __75E70E49_xmemory         1063a0b0     pch.obj
 0005:000000b1       __40484447_memory          1063a0b1     pch.obj
 0005:000000b2       __537DDF86_vcruntime_startup@h 1063a0b2     pch.obj
 0005:000000b3       __005E73E1_corecrt_startup@h 1063a0b3     pch.obj
 0005:000000b4       __8B12B2C4_process@h       1063a0b4     pch.obj
 0005:000000b5       __16A665D8_tuple           1063a0b5     pch.obj
 0005:000000b6       __EF27968A_xthreads@h      1063a0b6     pch.obj
 0005:000000b7       __9B053CF1_thread          1063a0b7     pch.obj
 0005:000000b8       __97D3140B_atomic          1063a0b8     pch.obj
 0005:000000b9       __43E37B5E___msvc_sanitizer_annotate_container@hpp 1063a0b9     pch.obj
 0005:000000ba       __013488D5_xstring         1063a0ba     pch.obj
 0005:000000bb       __E68F298D_cctype          1063a0bb     pch.obj
 0005:000000bc       __349BC2DB_string          1063a0bc     pch.obj
 0005:000000bd       __B14B3829_vector          1063a0bd     pch.obj
 0005:000000be       __B0857C99_cmath           1063a0be     pch.obj
 0005:000000bf       __E9535887_iterator        1063a0bf     pch.obj
 0005:000000c0       __F7972D0B_share@h         1063a0c0     pch.obj
 0005:000000c1       __BF0DA2D8___msvc_system_error_abi@hpp 1063a0c1     pch.obj
 0005:000000c2       __7465BAD1_cerrno          1063a0c2     pch.obj
 0005:000000c3       __3A887C07_stdexcept       1063a0c3     pch.obj
 0005:000000c4       __FBB65FD7_xcall_once@h    1063a0c4     pch.obj
 0005:000000c5       __36AA4BB1_xerrc@h         1063a0c5     pch.obj
 0005:000000c6       __44EB4DF7_system_error    1063a0c6     pch.obj
 0005:000000c7       __6C0D1348_xfacet          1063a0c7     pch.obj
 0005:000000c8       __0E8B0509___msvc_xlocinfo_types@hpp 1063a0c8     pch.obj
 0005:000000c9       __791C33B7_locale@h        1063a0c9     pch.obj
 0005:000000ca       __BBD334D0_clocale         1063a0ca     pch.obj
 0005:000000cb       __97A9FF16_xlocinfo        1063a0cb     pch.obj
 0005:000000cc       __DE0AFCE4_xlocale         1063a0cc     pch.obj
 0005:000000cd       __AE4C8805_xiosbase        1063a0cd     pch.obj
 0005:000000ce       __3828C4BB_streambuf       1063a0ce     pch.obj
 0005:000000cf       __408D9AF3_xlocnum         1063a0cf     pch.obj
 0005:000000d0       __2D85ABDF_ios             1063a0d0     pch.obj
 0005:000000d1       __CD1A2620_ostream         1063a0d1     pch.obj
 0005:000000d2       __AECA131A_istream         1063a0d2     pch.obj
 0005:000000d3       __9A8695D8_iostream        1063a0d3     pch.obj
 0005:000000d4       __73AABCDD___msvc_int128@hpp 1063a0d4     pch.obj
 0005:000000d5       __590A048E_algorithm       1063a0d5     pch.obj
 0005:000000d6       __5A2DC2B7_xbit_ops@h      1063a0d6     pch.obj
 0005:000000d7       __BC1EAAA7_random          1063a0d7     pch.obj
 0005:000000d8       __CE9BEF67_mutex           1063a0d8     pch.obj
 0005:000000d9       __7E731E85_condition_variable 1063a0d9     pch.obj
 0005:000000da       __BC9D66EA_deque           1063a0da     pch.obj
 0005:000000db       __5FAB222B_queue           1063a0db     pch.obj
 0005:000000dc       __3201A73B_windowsx@h      1063a0dc     pch.obj
 0005:000000dd       __7DDD9F45_winioctl@h      1063a0dd     pch.obj
 0005:000000de       __60C1BB96_ntstatus@h      1063a0de     pch.obj
 0005:000000df       __8527A4A5_cfg@h           1063a0df     pch.obj
 0005:000000e0       __3C9886FD_d3dukmdt@h      1063a0e0     pch.obj
 0005:000000e1       __933B0786_d3dkmdt@h       1063a0e1     pch.obj
 0005:000000e2       __ED7C2C75_d3dkmthk@h      1063a0e2     pch.obj
 0005:000000e3       __17C221F5_lsalookup@h     1063a0e3     pch.obj
 0005:000000e4       __74EAFA7C_ntlsa@h         1063a0e4     pch.obj
 0005:000000e5       __0D771C8D_MINT@h          1063a0e5     pch.obj
 0005:000000e6       __CD0D37DF_detours@h       1063a0e6     pch.obj
 0005:000000e7       __9D20E11D_pch@h           1063a0e7     pch.obj
 0005:000000e8       __E1CC6C87_sadll@pch       1063a0e8     pch.obj
 0005:000000e9       __5B0EC4F9_pch@cpp         1063a0e9     pch.obj
 0005:00000116       __E1CC6C87_sadll@pch       1063a116     sadll.obj
 0005:00000117       __BB16330F_corecrt_math@h  1063a117     sadll.obj
 0005:00000118       __16A665D8_tuple           1063a118     sadll.obj
 0005:00000119       __B9CACA8C_xatomic@h       1063a119     sadll.obj
 0005:0000011a       __AB601D8D_corecrt_wstdio@h 1063a11a     sadll.obj
 0005:0000011b       __97A9FF16_xlocinfo        1063a11b     sadll.obj
 0005:0000011c       __88201CDE_typeinfo        1063a11c     sadll.obj
 0005:0000011d       __4C6B6D9A_vcruntime_typeinfo@h 1063a11d     sadll.obj
 0005:0000011e       __5B0EC4F9_pch@cpp         1063a11e     sadll.obj
 0005:0000011f       __3828C4BB_streambuf       1063a11f     sadll.obj
 0005:00000120       __C1EC35D3_stdio@h         1063a120     sadll.obj
 0005:00000121       __44420885_corecrt_stdio_config@h 1063a121     sadll.obj
 0005:00000122       __408D9AF3_xlocnum         1063a122     sadll.obj
 0005:00000123       __E9535887_iterator        1063a123     sadll.obj
 0005:00000124       __44EB4DF7_system_error    1063a124     sadll.obj
 0005:00000125       __3A887C07_stdexcept       1063a125     sadll.obj
 0005:00000126       __2D85ABDF_ios             1063a126     sadll.obj
 0005:00000127       __AE4C8805_xiosbase        1063a127     sadll.obj
 0005:00000128       __DE0AFCE4_xlocale         1063a128     sadll.obj
 0005:00000129       __6C0D1348_xfacet          1063a129     sadll.obj
 0005:0000012a       __CD1A2620_ostream         1063a12a     sadll.obj
 0005:0000012b       __40484447_memory          1063a12b     sadll.obj
 0005:0000012c       __349BC2DB_string          1063a12c     sadll.obj
 0005:0000012d       __1F726D8A_utility         1063a12d     sadll.obj
 0005:0000012e       __FCE648C9_limits          1063a12e     sadll.obj
 0005:0000012f       __B3C6465A_exception       1063a12f     sadll.obj
 0005:00000130       __42EAFCAE_vcruntime_exception@h 1063a130     sadll.obj
 0005:00000131       __8316FE18_type_traits     1063a131     sadll.obj
 0005:00000132       __85D44119_vcruntime_new@h 1063a132     sadll.obj
 0005:00000133       __F8FFEFC7_xutility        1063a133     sadll.obj
 0005:00000134       __75E70E49_xmemory         1063a134     sadll.obj
 0005:00000135       __013488D5_xstring         1063a135     sadll.obj
 0005:00000136       __E86DFA98_xstddef         1063a136     sadll.obj
 0005:00000137       __EF27968A_xthreads@h      1063a137     sadll.obj
 0005:00000138       __9B053CF1_thread          1063a138     sadll.obj
 0005:00000139       __FF8A9E11_pshpack4@h      1063a139     sadll.obj
 0005:0000013a       __12B565B4_minidumpapiset@h 1063a13a     sadll.obj
 0005:0000013b       __D5438902_poppack@h       1063a13b     sadll.obj
 0005:0000013c       __F6906775_pshpack8@h      1063a13c     sadll.obj
 0005:0000013d       __8195EEEF_DbgHelp@h       1063a13d     sadll.obj
 0005:0000013e       __E4C945B4_corecrt_memcpy_s@h 1063a13e     sadll.obj
 0005:0000013f       __D0F307B3_autil@h         1063a13f     sadll.obj
 0005:00000140       __6F37075B_sadll@cpp       1063a140     sadll.obj
 0005:00000141       __97D3140B_atomic          1063a141     sadll.obj
 0005:00000142       __EFCBAD69_sadll@h         1063a142     sadll.obj
 0005:00000143       __9D20E11D_pch@h           1063a143     sadll.obj
 0008:00001468       ?vmread@?1??Copy0F78@CDetourDis@@IAEPAEPBUCOPYENTRY@2@PAE1@Z@4U32@B 1063e468     detours:disasm.obj
 0008:00001474       ?extrq_insertq@?1??Copy0F78@CDetourDis@@IAEPAEPBUCOPYENTRY@2@PAE1@Z@4U32@B 1063e474     detours:disasm.obj
 0008:00001480       ?other@?1??Copy0F00@CDetourDis@@IAEPAEPBUCOPYENTRY@2@PAE1@Z@4U32@B 1063e480     detours:disasm.obj
 0008:0000148c       ?jmpe@?1??Copy0F00@CDetourDis@@IAEPAEPBUCOPYENTRY@2@PAE1@Z@4U32@B 1063e48c     detours:disasm.obj
 0008:00001498       ?popcnt@?1??Copy0FB8@CDetourDis@@IAEPAEPBUCOPYENTRY@2@PAE1@Z@4U32@B 1063e498     detours:disasm.obj
 0008:000014a4       ?jmpe@?1??Copy0FB8@CDetourDis@@IAEPAEPBUCOPYENTRY@2@PAE1@Z@4U32@B 1063e4a4     detours:disasm.obj
 0008:000014b0       ?ce@?4??CopyF6@CDetourDis@@IAEPAEPBUCOPYENTRY@2@PAE1@Z@4U32@B 1063e4b0     detours:disasm.obj
 0008:000014bc       ?ce@?1??CopyF6@CDetourDis@@IAEPAEPBUCOPYENTRY@2@PAE1@Z@4U32@B 1063e4bc     detours:disasm.obj
 0008:000014c8       ?ce@?4??CopyF7@CDetourDis@@IAEPAEPBUCOPYENTRY@2@PAE1@Z@4U32@B 1063e4c8     detours:disasm.obj
 0008:000014d4       ?ce@?1??CopyF7@CDetourDis@@IAEPAEPBUCOPYENTRY@2@PAE1@Z@4U32@B 1063e4d4     detours:disasm.obj
 0008:000014e0       ?ce@?1??CopyFF@CDetourDis@@IAEPAEPBUCOPYENTRY@2@PAE1@Z@4U32@B 1063e4e0     detours:disasm.obj
 0008:000014ec       ?ceF38@?1??CopyVexEvexCommon@CDetourDis@@IAEPAEEPAE0EE@Z@4UCOPYENTRY@2@B 1063e4ec     detours:disasm.obj
 0008:000014f8       ?ceF3A@?1??CopyVexEvexCommon@CDetourDis@@IAEPAEEPAE0EE@Z@4UCOPYENTRY@2@B 1063e4f8     detours:disasm.obj
 0008:00001504       ?ceInvalid@?1??CopyVexEvexCommon@CDetourDis@@IAEPAEEPAE0EE@Z@4UCOPYENTRY@2@B 1063e504     detours:disasm.obj
 0008:00001510       ?ceLES@?1??CopyVex3@CDetourDis@@IAEPAEPBUCOPYENTRY@2@PAE1@Z@4U32@B 1063e510     detours:disasm.obj
 0008:0000151c       ?ceLDS@?1??CopyVex2@CDetourDis@@IAEPAEPBUCOPYENTRY@2@PAE1@Z@4U32@B 1063e51c     detours:disasm.obj
 0008:00001528       ?ceBound@?1??CopyEvex@CDetourDis@@IAEPAEPBUCOPYENTRY@2@PAE1@Z@4U32@B 1063e528     detours:disasm.obj
 0008:00001534       ?ceInvalid@?1??CopyEvex@CDetourDis@@IAEPAEPBUCOPYENTRY@2@PAE1@Z@4U32@B 1063e534     detours:disasm.obj
 0008:00001540       ?cePop@?1??CopyXop@CDetourDis@@IAEPAEPBUCOPYENTRY@2@PAE1@Z@4U32@B 1063e540     detours:disasm.obj
 0008:0000154c       ?ceXop@?1??CopyXop@CDetourDis@@IAEPAEPBUCOPYENTRY@2@PAE1@Z@4U32@B 1063e54c     detours:disasm.obj
 0008:00001558       ?ceXop1@?1??CopyXop@CDetourDis@@IAEPAEPBUCOPYENTRY@2@PAE1@Z@4U32@B 1063e558     detours:disasm.obj
 0008:00001564       ?ceXop4@?1??CopyXop@CDetourDis@@IAEPAEPBUCOPYENTRY@2@PAE1@Z@4U32@B 1063e564     detours:disasm.obj
 000a:00000170       $R000000                   10640170     * linker generated manifest res *

 Exports

  ordinal    name

