 sadll

 Timestamp is 647fa47e (Wed Jun  7 05:26:22 2023)

 Preferred load address is 10000000

 Start         Length     Name                   Class
 0001:00000000 00019d40H .text$mn                CODE
 0001:00019d40 00001c8fH .text$x                 CODE
 0002:00000000 00000104H .CRT$XCA                DATA
 0002:00000104 00000104H .CRT$XCZ                DATA
 0002:00000208 00000104H .CRT$XIA                DATA
 0002:0000030c 00000104H .CRT$XIC                DATA
 0002:00000410 00000104H .CRT$XIZ                DATA
 0002:00000514 00000004H .CRT$XLA                DATA
 0002:00000518 00000004H .CRT$XLZ                DATA
 0002:0000051c 00000104H .CRT$XPA                DATA
 0002:00000620 00000104H .CRT$XPZ                DATA
 0002:00000724 00000104H .CRT$XTA                DATA
 0002:00000828 00000108H .CRT$XTZ                DATA
 0002:00000930 00001ed0H .rdata                  DATA
 0002:00002800 00000180H .rdata$CastGuardVftablesA DATA
 0002:00002980 0000014cH .rdata$CastGuardVftablesC DATA
 0002:00002acc 0000011cH .rdata$T                DATA
 0002:00002be8 000002ccH .rdata$r                DATA
 0002:00002eb4 000001ecH .rdata$sxdata           DATA
 0002:000030a0 00000184H .rdata$zzzdbg           DATA
 0002:00003224 00000104H .rtc$IAA                DATA
 0002:00003328 00000110H .rtc$IMZ                DATA
 0002:00003438 00000104H .rtc$IZZ                DATA
 0002:0000353c 00000104H .rtc$TAA                DATA
 0002:00003640 00000110H .rtc$TMZ                DATA
 0002:00003750 00000108H .rtc$TZZ                DATA
 0002:00003858 00000e21H .xdata$x                DATA
 0002:00004679 00000000H .edata                  DATA
 0003:00000000 00000148H .data                   DATA
 0003:00000148 00000178H .data$r                 DATA
 0003:000002c0 00000140H .data$rs                DATA
 0003:00000400 006153c0H .bss                    DATA
 0004:00000000 00000424H .idata$5                DATA
 0004:00000424 0000008cH .idata$2                DATA
 0004:000004b0 00000014H .idata$3                DATA
 0004:000004c4 00000424H .idata$4                DATA
 0004:000008e8 000012e2H .idata$6                DATA
 0005:00000000 00000247H .msvcjmc                DATA
 0006:00000000 00000104H .tls                    DATA
 0006:00000104 00000104H .tls$                   DATA
 0006:00000208 00000101H .tls$ZZZ                DATA
 0007:00000000 0000010eH .00cfg                  DATA
 0008:00000000 00001687H .detourc                DATA
 0009:00000000 0000010eH .detourd                DATA
 000a:00000000 00000170H .rsrc$01                DATA
 000a:00000170 000002d6H .rsrc$02                DATA

  Address         Publics by Value              Rva+Base       Lib:Object

 0000:00000000       ___AbsoluteZero            00000000     <absolute>
 0000:00000000       ___arm64x_extra_rfe_table  00000000     <absolute>
 0000:00000000       ___arm64x_extra_rfe_table_size 00000000     <absolute>
 0000:00000000       ___arm64x_native_entrypoint 00000000     <absolute>
 0000:00000000       ___arm64x_redirection_metadata 00000000     <absolute>
 0000:00000000       ___arm64x_redirection_metadata_count 00000000     <absolute>
 0000:00000000       ___dynamic_value_reloc_table 00000000     <absolute>
 0000:00000000       ___enclave_config          00000000     <absolute>
 0000:00000000       ___guard_check_icall_a64n_fptr 00000000     <absolute>
 0000:00000000       ___guard_eh_cont_count     00000000     <absolute>
 0000:00000000       ___guard_eh_cont_table     00000000     <absolute>
 0000:00000000       ___guard_fids_count        00000000     <absolute>
 0000:00000000       ___guard_fids_table        00000000     <absolute>
 0000:00000000       ___guard_iat_count         00000000     <absolute>
 0000:00000000       ___guard_iat_table         00000000     <absolute>
 0000:00000000       ___guard_longjmp_count     00000000     <absolute>
 0000:00000000       ___guard_longjmp_table     00000000     <absolute>
 0000:00000000       ___hybrid_auxiliary_delayload_iat 00000000     <absolute>
 0000:00000000       ___hybrid_auxiliary_delayload_iat_copy 00000000     <absolute>
 0000:00000000       ___hybrid_auxiliary_iat    00000000     <absolute>
 0000:00000000       ___hybrid_auxiliary_iat_copy 00000000     <absolute>
 0000:00000000       ___hybrid_code_map         00000000     <absolute>
 0000:00000000       ___hybrid_code_map_count   00000000     <absolute>
 0000:00000000       ___volatile_metadata       00000000     <absolute>
 0000:00000000       ___x64_code_ranges_to_entry_points 00000000     <absolute>
 0000:00000000       ___x64_code_ranges_to_entry_points_count 00000000     <absolute>
 0000:0000002c       __tls_array                0000002c     <absolute>
 0000:00000031       ___safe_se_handler_count   00000031     <absolute>
 0000:00000100       ___guard_flags             00000100     <absolute>
 0000:00000000       ___ImageBase               10000000     <linker-defined>
 0001:000011d0       ?util_Init@Autil@@YIXXZ    100021d0 f   autil.obj
 0001:00001210       ?util_Release@Autil@@YIXXZ 10002210 f   autil.obj
 0001:00001250       ?util_SplitMessage@Autil@@YI_NPADI0@Z 10002250 f   autil.obj
 0001:00001360       ?util_EncodeMessage@Autil@@YIXPADI0@Z 10002360 f   autil.obj
 0001:00001550       ?util_DecodeMessage@Autil@@YIXPADI0@Z 10002550 f   autil.obj
 0001:00001750       ?util_GetFunctionFromSlice@Autil@@YIHPAH0@Z 10002750 f   autil.obj
 0001:000018b0       ?util_DiscardMessage@Autil@@YIXXZ 100028b0 f   autil.obj
 0001:000018d0       ?util_SendMesg@Autil@@YIXHHPAD@Z 100028d0 f   autil.obj
 0001:00001910       ?util_256to64@Autil@@YIHPAD0H0@Z 10002910 f   autil.obj
 0001:00001a60       ?util_64to256@Autil@@YIHPAD00@Z 10002a60 f   autil.obj
 0001:00001c00       ?util_256to64_shr@Autil@@YIHPAD0H00@Z 10002c00 f   autil.obj
 0001:00001de0       ?util_shl_64to256@Autil@@YIHPAD000@Z 10002de0 f   autil.obj
 0001:00002020       ?util_256to64_shl@Autil@@YIHPAD0H00@Z 10003020 f   autil.obj
 0001:00002210       ?util_shr_64to256@Autil@@YIHPAD000@Z 10003210 f   autil.obj
 0001:00002430       ?util_swapint@Autil@@YIXPAH0PAD@Z 10003430 f   autil.obj
 0001:000024b0       ?util_xorstring@Autil@@YIXPAD0@Z 100034b0 f   autil.obj
 0001:00002540       ?util_shrstring@Autil@@YIXPADI0H@Z 10003540 f   autil.obj
 0001:00002640       ?util_shlstring@Autil@@YIXPADI0H@Z 10003640 f   autil.obj
 0001:00002720       ?util_deint@Autil@@YIHHPAH@Z 10003720 f   autil.obj
 0001:00002830       ?util_mkint@Autil@@YIHPADH@Z 10003830 f   autil.obj
 0001:00002990       ?util_destring@Autil@@YIHHPAD@Z 10003990 f   autil.obj
 0001:000029f0       ?util_mkstring@Autil@@YIHPAD0@Z 100039f0 f   autil.obj
 0001:00003150       ??$?RV?$mersenne_twister_engine@I$0CA@$0CHA@$0BIN@$0BP@$0JJAILANP@$0L@$0PPPPPPPP@$06$0JNCMFGIA@$0P@$0OPMGAAAA@$0BC@$0GMAHIJGF@@std@@@?$uniform_int@H@std@@QAEHAAV?$mersenne_twister_engine@I$0CA@$0CHA@$0BIN@$0BP@$0JJAILANP@$0L@$0PPPPPPPP@$06$0JNCMFGIA@$0P@$0OPMGAAAA@$0BC@$0GMAHIJGF@@1@@Z 10004150 f i autil.obj
 0001:000031b0       ??$_Eval@V?$mersenne_twister_engine@I$0CA@$0CHA@$0BIN@$0BP@$0JJAILANP@$0L@$0PPPPPPPP@$06$0JNCMFGIA@$0P@$0OPMGAAAA@$0BC@$0GMAHIJGF@@std@@@?$uniform_int@H@std@@ABEHAAV?$mersenne_twister_engine@I$0CA@$0CHA@$0BIN@$0BP@$0JJAILANP@$0L@$0PPPPPPPP@$06$0JNCMFGIA@$0P@$0OPMGAAAA@$0BC@$0GMAHIJGF@@1@HH@Z 100041b0 f i autil.obj
 0001:000032e0       ??$strcat_s@$0PPNM@@@YAHAAY0PPNM@DPBD@Z 100042e0 f i autil.obj
 0001:00003330       ??$strncpy_s@$0BAAA@@@YAHAAY0BAAA@DPBDI@Z 10004330 f i autil.obj
 0001:00003380       ??0?$_Rng_from_urng_v2@IV?$mersenne_twister_engine@I$0CA@$0CHA@$0BIN@$0BP@$0JJAILANP@$0L@$0PPPPPPPP@$06$0JNCMFGIA@$0P@$0OPMGAAAA@$0BC@$0GMAHIJGF@@std@@@std@@QAE@AAV?$mersenne_twister_engine@I$0CA@$0CHA@$0BIN@$0BP@$0JJAILANP@$0L@$0PPPPPPPP@$06$0JNCMFGIA@$0P@$0OPMGAAAA@$0BC@$0GMAHIJGF@@1@@Z 10004380 f i autil.obj
 0001:000033c0       ??0?$mersenne_twister@I$0CA@$0CHA@$0BIN@$0BP@$0JJAILANP@$0L@$06$0JNCMFGIA@$0P@$0OPMGAAAA@$0BC@@std@@QAE@III@Z 100043c0 f i autil.obj
 0001:00003420       ??0?$mersenne_twister_engine@I$0CA@$0CHA@$0BIN@$0BP@$0JJAILANP@$0L@$0PPPPPPPP@$06$0JNCMFGIA@$0P@$0OPMGAAAA@$0BC@$0GMAHIJGF@@std@@QAE@I@Z 10004420 f i autil.obj
 0001:00003470       ??0?$uniform_int@H@std@@QAE@HH@Z 10004470 f i autil.obj
 0001:000034c0       ??0?$uniform_int_distribution@H@std@@QAE@HH@Z 100044c0 f i autil.obj
 0001:00003510       ??0param_type@?$uniform_int@H@std@@QAE@HH@Z 10004510 f i autil.obj
 0001:00003560       ??0random_device@std@@QAE@XZ 10004560 f i autil.obj
 0001:000035a0       ??R?$_Rng_from_urng_v2@IV?$mersenne_twister_engine@I$0CA@$0CHA@$0BIN@$0BP@$0JJAILANP@$0L@$0PPPPPPPP@$06$0JNCMFGIA@$0P@$0OPMGAAAA@$0BC@$0GMAHIJGF@@std@@@std@@QAEII@Z 100045a0 f i autil.obj
 0001:000036a0       ??R?$mersenne_twister@I$0CA@$0CHA@$0BIN@$0BP@$0JJAILANP@$0L@$06$0JNCMFGIA@$0P@$0OPMGAAAA@$0BC@@std@@QAEIXZ 100046a0 f i autil.obj
 0001:00003790       ??Rrandom_device@std@@QAEIXZ 10004790 f i autil.obj
 0001:000037d0       ?_Adjust@?$uniform_int@H@std@@CAII@Z 100047d0 f i autil.obj
 0001:00003830       ?_Get_all_bits@?$_Rng_from_urng_v2@IV?$mersenne_twister_engine@I$0CA@$0CHA@$0BIN@$0BP@$0JJAILANP@$0L@$0PPPPPPPP@$06$0JNCMFGIA@$0P@$0OPMGAAAA@$0BC@$0GMAHIJGF@@std@@@std@@QAEIXZ 10004830 f i autil.obj
 0001:00003880       ?_Get_bits@?$_Rng_from_urng_v2@IV?$mersenne_twister_engine@I$0CA@$0CHA@$0BIN@$0BP@$0JJAILANP@$0L@$0PPPPPPPP@$06$0JNCMFGIA@$0P@$0OPMGAAAA@$0BC@$0GMAHIJGF@@std@@@std@@AAEIXZ 10004880 f i autil.obj
 0001:000038e0       ?_Get_random_product@?$_Rng_from_urng_v2@IV?$mersenne_twister_engine@I$0CA@$0CHA@$0BIN@$0BP@$0JJAILANP@$0L@$0PPPPPPPP@$06$0JNCMFGIA@$0P@$0OPMGAAAA@$0BC@$0GMAHIJGF@@std@@@std@@AAE_KII@Z 100048e0 f i autil.obj
 0001:00003940       ?_Init@param_type@?$uniform_int@H@std@@QAEXHH@Z 10004940 f i autil.obj
 0001:00003a10       ?_Refill_lower@?$mersenne_twister@I$0CA@$0CHA@$0BIN@$0BP@$0JJAILANP@$0L@$06$0JNCMFGIA@$0P@$0OPMGAAAA@$0BC@@std@@IAEXXZ 10004a10 f i autil.obj
 0001:00003c50       ?_Refill_upper@?$mersenne_twister@I$0CA@$0CHA@$0BIN@$0BP@$0JJAILANP@$0L@$06$0JNCMFGIA@$0P@$0OPMGAAAA@$0BC@@std@@IAEXXZ 10004c50 f i autil.obj
 0001:00003d30       ?__empty_global_delete@@YAXPAX@Z 10004d30 f i autil.obj
 0001:00003d50       ?__empty_global_delete@@YAXPAXI@Z 10004d50 f i autil.obj
 0001:00003d70       ?seed@?$mersenne_twister@I$0CA@$0CHA@$0BIN@$0BP@$0JJAILANP@$0L@$06$0JNCMFGIA@$0P@$0OPMGAAAA@$0BC@@std@@QAEXII@Z 10004d70 f i autil.obj
 0001:00003e30       ?strstr@@YAPADQADQBD@Z     10004e30 f i autil.obj
 0001:00003e60       __JustMyCode_Default       10004e60 f i autil.obj
 0001:00003e70       ___local_stdio_printf_options 10004e70 f i autil.obj
 0001:00003ea0       __snprintf_s               10004ea0 f i autil.obj
 0001:00003f20       __vsnprintf_s_l            10004f20 f i autil.obj
 0001:00004140       ?IsCurrentWindow@util@@YGHABQAUHWND__@@@Z 10005140 f   sadll.obj
 0001:000041a0       ?EnumWindowsCallback@util@@YGHPAUHWND__@@J@Z 100051a0 f   sadll.obj
 0001:00004270       ?FindCurrentWindow@util@@YGPAUHWND__@@ABK@Z 10005270 f   sadll.obj
 0001:00004320       ?GetCurrentWindowHandle@util@@YGPAUHWND__@@XZ 10005320 f   sadll.obj
 0001:000043d0       ?initialize@GameService@@QAEXG@Z 100053d0 f   sadll.obj
 0001:00004780       ?uninitialize@GameService@@QAEXXZ 10005780 f   sadll.obj
 0001:00004880       ?WM_EnableEffect@GameService@@QAEX_N@Z 10005880 f   sadll.obj
 0001:00004990       ?WM_EnablePlayerShow@GameService@@QAEX_N@Z 10005990 f   sadll.obj
 0001:00004a60       ?WM_SetTimeLock@GameService@@QAEX_NH@Z 10005a60 f   sadll.obj
 0001:00004c50       ?WM_EnableSound@GameService@@QAEX_N@Z 10005c50 f   sadll.obj
 0001:00004d10       ?WM_EnableImageLock@GameService@@QAEX_N@Z 10005d10 f   sadll.obj
 0001:00004d80       ?WM_EnablePassWall@GameService@@QAEX_N@Z 10005d80 f   sadll.obj
 0001:00004df0       ?WM_EnableFastWalk@GameService@@QAEX_N@Z 10005df0 f   sadll.obj
 0001:00004e60       ?WM_SetBoostSpeed@GameService@@QAEX_NH@Z 10005e60 f   sadll.obj
 0001:00004f10       ?WM_EnableMoveLock@GameService@@QAEX_N@Z 10005f10 f   sadll.obj
 0001:00004f80       ?WM_MuteSound@GameService@@QAEX_N@Z 10005f80 f   sadll.obj
 0001:00004fc0       ?WM_BattleTimeExtend@GameService@@QAEX_N@Z 10005fc0 f   sadll.obj
 0001:00005020       ?WM_EnableBattleDialog@GameService@@QAEX_N@Z 10006020 f   sadll.obj
 0001:000050a0       ?WM_SetGameStatus@GameService@@QAEXH@Z 100060a0 f   sadll.obj
 0001:000050f0       ?WM_Announce@GameService@@QAEXPADH@Z 100060f0 f   sadll.obj
 0001:00005150       ?WM_Move@GameService@@QAEXHH@Z 10006150 f   sadll.obj
 0001:000051d0       ?WM_DistoryDialog@GameService@@QAEXXZ 100061d0 f   sadll.obj
 0001:00005250       ?WM_CleanChatHistory@GameService@@QAEXXZ 10006250 f   sadll.obj
 0001:00005300       ?New_socket@GameService@@QAGIHHH@Z 10006300 f   sadll.obj
 0001:00005350       ?New_WSARecv@GameService@@QAGHIPAU_WSABUF@@KPAK1PAU_OVERLAPPED@@P6GXKK2K@Z@Z 10006350 f   sadll.obj
 0001:000053b0       ?New_closesocket@GameService@@QAGHI@Z 100063b0 f   sadll.obj
 0001:00005400       ?New_send@GameService@@QAGHIPBDHH@Z 10006400 f   sadll.obj
 0001:00005460       ?New_recv@GameService@@QAGHIPADHH@Z 10006460 f   sadll.obj
 0001:00005780       ?New_SetWindowTextA@GameService@@QAGHPAUHWND__@@PBD@Z 10006780 f   sadll.obj
 0001:000057a0       ?New_PlaySound@GameService@@QAAXHHH@Z 100067a0 f   sadll.obj
 0001:000057f0       ?New_BattleProc@GameService@@QAAXXZ 100067f0 f   sadll.obj
 0001:00005830       ?New_BattleCommandReady@GameService@@QAAXXZ 10006830 f   sadll.obj
 0001:00005860       ?hideModule@@YIXPAUHINSTANCE__@@@Z 10006860 f   sadll.obj
 0001:00005a00       ?clearNetBuffer@@YIXXZ     10006a00 f   sadll.obj
 0001:00005a50       ?appendReadBuf@@YIHPADH@Z  10006a50 f   sadll.obj
 0001:00005ad0       ?shiftReadBuf@@YIHH@Z      10006ad0 f   sadll.obj
 0001:00005b60       ?getLineFromReadBuf@@YIHPADH@Z 10006b60 f   sadll.obj
 0001:00005ca0       ?CreateConsole@@YIXXZ      10006ca0 f   sadll.obj
 0001:00005f90       ?WndProc@@YGHPAUHWND__@@KJJ@Z 10006f90 f   sadll.obj
 0001:00006490       _DllMain@12                10007490 f   sadll.obj
 0001:00006660       _New_socket@12             10007660 f   sadll.obj
 0001:000066b0       _New_send@16               100076b0 f   sadll.obj
 0001:00006700       _New_recv@16               10007700 f   sadll.obj
 0001:00006750       _New_WSARecv@28            10007750 f   sadll.obj
 0001:000067b0       _New_closesocket@4         100077b0 f   sadll.obj
 0001:000067f0       _New_Sleep@4               100077f0 f   sadll.obj
 0001:00006850       _New_PlaySound             10007850 f   sadll.obj
 0001:000068a0       _New_BattleProc            100078a0 f   sadll.obj
 0001:000068e0       _New_BattleCommandReady    100078e0 f   sadll.obj
 0001:00006920       _New_SetWindowTextA@8      10007920 f   sadll.obj
 0001:00006b10       ?SaDispatchMessage@@YIHHPAD@Z 10007b10 f   sadll.obj
 0001:00007cb0       ??$?0$$V@?$_Compressed_pair@U?$default_delete@VSyncClient@@@std@@PAVSyncClient@@$00@std@@QAE@U_Zero_then_variadic_args_t@1@@Z 10008cb0 f i sadll.obj
 0001:00007d00       ??$?0$$V@?$_Compressed_pair@V?$allocator@D@std@@V?$_String_val@U?$_Simple_types@D@std@@@2@$00@std@@QAE@U_Zero_then_variadic_args_t@1@@Z 10008d00 f i sadll.obj
 0001:00007d90       ??$?0AAPAD@?$_Compressed_pair@U?$default_delete@$$BY0A@D@std@@PAD$00@std@@QAE@U_Zero_then_variadic_args_t@1@AAPAD@Z 10008d90 f i sadll.obj
 0001:00007e30       ??$?0ABV?$allocator@D@std@@$$V@?$_Compressed_pair@V?$allocator@D@std@@V?$_String_val@U?$_Simple_types@D@std@@@2@$00@std@@QAE@U_One_then_variadic_args_t@1@ABV?$allocator@D@1@@Z 10008e30 f i sadll.obj
 0001:00007ec0       ??$?0D@?$allocator@U_Container_proxy@std@@@std@@QAE@ABV?$allocator@D@1@@Z 10008ec0 f i sadll.obj
 0001:00007f00       ??$?0PAD$0A@@?$basic_string@DU?$char_traits@D@std@@V?$allocator@D@2@@std@@QAE@PAD0ABV?$allocator@D@1@@Z 10008f00 f i sadll.obj
 0001:00008040       ??$?0PADU?$default_delete@$$BY0A@D@std@@$0A@$0A@@?$unique_ptr@$$BY0A@DU?$default_delete@$$BY0A@D@std@@@std@@QAE@PAD@Z 10009040 f i sadll.obj
 0001:000081d0       ??$?0U?$default_delete@VSyncClient@@@std@@$0A@@?$unique_ptr@VSyncClient@@U?$default_delete@VSyncClient@@@std@@@std@@QAE@$$T@Z 100091d0 f i sadll.obj
 0001:00008230       ??$?0U_Exact_args_t@std@@$0A@@?$tuple@$$V@std@@QAE@U_Exact_args_t@1@@Z 10009230 f i sadll.obj
 0001:00008400       ??$?6DU?$char_traits@D@std@@V?$allocator@D@1@@std@@YAAAV?$basic_ostream@DU?$char_traits@D@std@@@0@AAV10@ABV?$basic_string@DU?$char_traits@D@std@@V?$allocator@D@2@@0@@Z 10009400 f i sadll.obj
 0001:00008450       ??$?6U?$char_traits@D@std@@@std@@YAAAV?$basic_ostream@DU?$char_traits@D@std@@@0@AAV10@PBD@Z 10009450 f i sadll.obj
 0001:00008930       ??$?8VSyncClient@@U?$default_delete@VSyncClient@@@std@@@std@@YA_N$$TABV?$unique_ptr@VSyncClient@@U?$default_delete@VSyncClient@@@std@@@0@@Z 10009930 f i sadll.obj
 0001:00008990       ??$?8VSyncClient@@U?$default_delete@VSyncClient@@@std@@@std@@YA_NABV?$unique_ptr@VSyncClient@@U?$default_delete@VSyncClient@@@std@@@0@$$T@Z 10009990 f i sadll.obj
 0001:000089f0       ??$?9VSyncClient@@U?$default_delete@VSyncClient@@@std@@@std@@YA_NABV?$unique_ptr@VSyncClient@@U?$default_delete@VSyncClient@@@std@@@0@$$T@Z 100099f0 f i sadll.obj
 0001:00008a60       ??$?RD$0A@@?$default_delete@$$BY0A@D@std@@QBEXPAD@Z 10009a60 f i sadll.obj
 0001:00008ae0       ??$MemoryMove@K$$CBD@util@@YGXKPBDI@Z 10009ae0 f i sadll.obj
 0001:00008bf0       ??$_Adl_verify_range@PADPAD@std@@YAXABQAD0@Z 10009bf0 f i sadll.obj
 0001:00008c30       ??$_Alloc_proxy@V?$allocator@U_Container_proxy@std@@@std@@@_Container_base12@std@@QAEX$$QAV?$allocator@U_Container_proxy@std@@@1@@Z 10009c30 f i sadll.obj
 0001:00008cd0       ??$_Allocate@$07U_Default_allocate_traits@std@@$0A@@std@@YAPAXI@Z 10009cd0 f i sadll.obj
 0001:00008d30       ??$_Allocate_manually_vector_aligned@U_Default_allocate_traits@std@@@std@@YAPAXI@Z 10009d30 f i sadll.obj
 0001:00008e70       ??$_Atomic_address_as@DU?$_Atomic_padded@_N@std@@@std@@YAPCDAAU?$_Atomic_padded@_N@0@@Z 10009e70 f i sadll.obj
 0001:00008e90       ??$_Atomic_address_as@DU?$_Atomic_padded@_N@std@@@std@@YAPDDABU?$_Atomic_padded@_N@0@@Z 10009e90 f i sadll.obj
 0001:00008eb0       ??$_Atomic_reinterpret_as@D_N@std@@YADAB_N@Z 10009eb0 f i sadll.obj
 0001:00008ee0       ??$_Construct@$00PAD@?$basic_string@DU?$char_traits@D@std@@V?$allocator@D@2@@std@@AAEXQADI@Z 10009ee0 f i sadll.obj
 0001:000091b0       ??$_Construct@$00PBD@?$basic_string@DU?$char_traits@D@std@@V?$allocator@D@2@@std@@AAEXQBDI@Z 1000a1b0 f i sadll.obj
 0001:00009480       ??$_Construct_in_place@PADABQAD@std@@YAXAAPADABQAD@Z 1000a480 f i sadll.obj
 0001:000094f0       ??$_Construct_in_place@U_Container_proxy@std@@PAU_Container_base12@2@@std@@YAXAAU_Container_proxy@0@$$QAPAU_Container_base12@0@@Z 1000a4f0 f i sadll.obj
 0001:00009560       ??$_Convert_size@II@std@@YAII@Z 1000a560 f i sadll.obj
 0001:00009580       ??$_Deallocate@$07$0A@@std@@YAXPAXI@Z 1000a580 f i sadll.obj
 0001:00009610       ??$_Deallocate_plain@V?$allocator@U_Container_proxy@std@@@std@@@std@@YAXAAV?$allocator@U_Container_proxy@std@@@0@QAU_Container_proxy@0@@Z 1000a610 f i sadll.obj
 0001:00009690       ??$_Delete_plain_internal@V?$allocator@U_Container_proxy@std@@@std@@@std@@YAXAAV?$allocator@U_Container_proxy@std@@@0@QAU_Container_proxy@0@@Z 1000a690 f i sadll.obj
 0001:000096c0       ??$_Destroy_in_place@PAD@std@@YAXAAPAD@Z 1000a6c0 f i sadll.obj
 0001:000096e0       ??$_Get_size_of_n@$00@std@@YAII@Z 1000a6e0 f i sadll.obj
 0001:00009720       ??$_Get_size_of_n@$07@std@@YAII@Z 1000a720 f i sadll.obj
 0001:00009780       ??$_Get_unwrapped@AAPAD@std@@YA?A_TAAPAD@Z 1000a780 f i sadll.obj
 0001:000097b0       ??$_Insert_string@DU?$char_traits@D@std@@I@std@@YAAAV?$basic_ostream@DU?$char_traits@D@std@@@0@AAV10@QBDI@Z 1000a7b0 f i sadll.obj
 0001:00009c20       ??$_Integral_to_string@DH@std@@YA?AV?$basic_string@DU?$char_traits@D@std@@V?$allocator@D@2@@0@H@Z 1000ac20 f i sadll.obj
 0001:0000a090       ??$_UIntegral_to_buff@DI@std@@YAPADPADI@Z 1000b090 f i sadll.obj
 0001:0000a120       ??$_Unfancy@D@std@@YAPADPAD@Z 1000b120 f i sadll.obj
 0001:0000a140       ??$_Unfancy@U_Container_proxy@std@@@std@@YAPAU_Container_proxy@0@PAU10@@Z 1000b140 f i sadll.obj
 0001:0000a160       ??$_Verify_range@D@std@@YAXQBD0@Z 1000b160 f i sadll.obj
 0001:0000a250       ??$_Voidify_iter@PAPAD@std@@YAPAXPAPAD@Z 1000b250 f i sadll.obj
 0001:0000a270       ??$_Voidify_iter@PAU_Container_proxy@std@@@std@@YAPAXPAU_Container_proxy@0@@Z 1000b270 f i sadll.obj
 0001:0000a290       ??$addressof@PAD@std@@YAPAPADAAPAD@Z 1000b290 f i sadll.obj
 0001:0000a2b0       ??$addressof@U_Container_base12@std@@@std@@YAPAU_Container_base12@0@AAU10@@Z 1000b2b0 f i sadll.obj
 0001:0000a2d0       ??$addressof@U_Container_proxy@std@@@std@@YAPAU_Container_proxy@0@AAU10@@Z 1000b2d0 f i sadll.obj
 0001:0000a2f0       ??$end@D$0BF@@std@@YAPADAAY0BF@D@Z 1000b2f0 f i sadll.obj
 0001:0000a320       ??$endl@DU?$char_traits@D@std@@@std@@YAAAV?$basic_ostream@DU?$char_traits@D@std@@@0@AAV10@@Z 1000b320 f i sadll.obj
 0001:0000a3a0       ??$exchange@PAU_Iterator_base12@std@@$$T@std@@YAPAU_Iterator_base12@0@AAPAU10@$$QA$$T@Z 1000b3a0 f i sadll.obj
 0001:0000a440       ??$exchange@PAVSyncClient@@AAPAV1@@std@@YAPAVSyncClient@@AAPAV1@0@Z 1000b440 f i sadll.obj
 0001:0000a5f0       ??$max@I@std@@YAABIABI0@Z  1000b5f0 f i sadll.obj
 0001:0000a660       ??$min@I@std@@YAABIABI0@Z  1000b660 f i sadll.obj
 0001:0000a6d0       ??0?$_Atomic_storage@_N$00@std@@QAE@_N@Z 1000b6d0 f i sadll.obj
 0001:0000a710       ??0?$_Container_proxy_ptr12@V?$allocator@U_Container_proxy@std@@@std@@@std@@QAE@AAV?$allocator@U_Container_proxy@std@@@1@AAU_Container_base12@1@@Z 1000b710 f i sadll.obj
 0001:0000a7c0       ??0?$_String_val@U?$_Simple_types@D@std@@@std@@QAE@XZ 1000b7c0 f i sadll.obj
 0001:0000a870       ??0?$allocator@D@std@@QAE@XZ 1000b870 f i sadll.obj
 0001:0000a8b0       ??0?$atomic@_N@std@@QAE@_N@Z 1000b8b0 f i sadll.obj
 0001:0000a8f0       ??0?$basic_string@DU?$char_traits@D@std@@V?$allocator@D@2@@std@@QAE@QBD@Z 1000b8f0 f i sadll.obj
 0001:0000a9c0       ??0GameService@@QAE@XZ     1000b9c0 f i sadll.obj
 0001:0000ab30       ??0SyncClient@@QAE@XZ      1000bb30 f i sadll.obj
 0001:0000ac80       ??0_Basic_container_proxy_ptr12@std@@IAE@XZ 1000bc80 f i sadll.obj
 0001:0000acc0       ??0_Bxty@?$_String_val@U?$_Simple_types@D@std@@@std@@QAE@XZ 1000bcc0 f i sadll.obj
 0001:0000ad10       ??0_Container_base12@std@@QAE@XZ 1000bd10 f i sadll.obj
 0001:0000ad50       ??0_Container_proxy@std@@QAE@PAU_Container_base12@1@@Z 1000bd50 f i sadll.obj
 0001:0000ada0       ??0_Sentry_base@?$basic_ostream@DU?$char_traits@D@std@@@std@@QAE@AAV12@@Z 1000bda0 f i sadll.obj
 0001:0000ae50       ??0bad_alloc@std@@AAE@QBD@Z 1000be50 f i sadll.obj
 0001:0000aef0       ??0bad_alloc@std@@QAE@ABV01@@Z 1000bef0 f i sadll.obj
 0001:0000af80       ??0bad_array_new_length@std@@QAE@ABV01@@Z 1000bf80 f i sadll.obj
 0001:0000b010       ??0bad_array_new_length@std@@QAE@XZ 1000c010 f i sadll.obj
 0001:0000b0b0       ??0exception@std@@QAE@ABV01@@Z 1000c0b0 f i sadll.obj
 0001:0000b160       ??0exception@std@@QAE@QBDH@Z 1000c160 f i sadll.obj
 0001:0000b1c0       ??0sentry@?$basic_ostream@DU?$char_traits@D@std@@@std@@QAE@AAV12@@Z 1000c1c0 f i sadll.obj
 0001:0000b310       ??1?$_Compressed_pair@V?$allocator@D@std@@V?$_String_val@U?$_Simple_types@D@std@@@2@$00@std@@QAE@XZ 1000c310 f i sadll.obj
 0001:0000b390       ??1?$_Container_proxy_ptr12@V?$allocator@U_Container_proxy@std@@@std@@@std@@QAE@XZ 1000c390 f i sadll.obj
 0001:0000b3f0       ??1?$_String_val@U?$_Simple_types@D@std@@@std@@QAE@XZ 1000c3f0 f i sadll.obj
 0001:0000b470       ??1?$basic_string@DU?$char_traits@D@std@@V?$allocator@D@2@@std@@QAE@XZ 1000c470 f i sadll.obj
 0001:0000b5b0       ??1?$unique_ptr@$$BY0A@DU?$default_delete@$$BY0A@D@std@@@std@@QAE@XZ 1000c5b0 f i sadll.obj
 0001:0000b610       ??1?$unique_ptr@VSyncClient@@U?$default_delete@VSyncClient@@@std@@@std@@QAE@XZ 1000c610 f i sadll.obj
 0001:0000b670       ??1SyncClient@@UAE@XZ      1000c670 f i sadll.obj
 0001:0000b730       ??1_Bxty@?$_String_val@U?$_Simple_types@D@std@@@std@@QAE@XZ 1000c730 f i sadll.obj
 0001:0000b760       ??1_Sentry_base@?$basic_ostream@DU?$char_traits@D@std@@@std@@QAE@XZ 1000c760 f i sadll.obj
 0001:0000b840       ??1bad_alloc@std@@UAE@XZ   1000c840 f i sadll.obj
 0001:0000b8c0       ??1bad_array_new_length@std@@UAE@XZ 1000c8c0 f i sadll.obj
 0001:0000b940       ??1exception@std@@UAE@XZ   1000c940 f i sadll.obj
 0001:0000b9d0       ??1sentry@?$basic_ostream@DU?$char_traits@D@std@@@std@@QAE@XZ 1000c9d0 f i sadll.obj
 0001:0000bab0       ??1thread@std@@QAE@XZ      1000cab0 f i sadll.obj
 0001:0000bb10       ??2@YAPAXIPAX@Z            1000cb10 f i sadll.obj
 0001:0000bb30       ??B?$unique_ptr@VSyncClient@@U?$default_delete@VSyncClient@@@std@@@std@@QBE_NXZ 1000cb30 f i sadll.obj
 0001:0000bb90       ??Bsentry@?$basic_ostream@DU?$char_traits@D@std@@@std@@QBE_NXZ 1000cb90 f i sadll.obj
 0001:0000bbd0       ??C?$unique_ptr@VSyncClient@@U?$default_delete@VSyncClient@@@std@@@std@@QBEPAVSyncClient@@XZ 1000cbd0 f i sadll.obj
 0001:0000bc10       ??R?$default_delete@VSyncClient@@@std@@QBEXPAVSyncClient@@@Z 1000cc10 f i sadll.obj
 0001:0000bca0       ??_ESyncClient@@UAEPAXI@Z  1000cca0 f i sadll.obj
 0001:0000bca0       ??_GSyncClient@@UAEPAXI@Z  1000cca0 f i sadll.obj
 0001:0000bcf0       ??_Ebad_alloc@std@@UAEPAXI@Z 1000ccf0 f i sadll.obj
 0001:0000bcf0       ??_Gbad_alloc@std@@UAEPAXI@Z 1000ccf0 f i sadll.obj
 0001:0000bd40       ??_Ebad_array_new_length@std@@UAEPAXI@Z 1000cd40 f i sadll.obj
 0001:0000bd40       ??_Gbad_array_new_length@std@@UAEPAXI@Z 1000cd40 f i sadll.obj
 0001:0000bd90       ??_Eexception@std@@UAEPAXI@Z 1000cd90 f i sadll.obj
 0001:0000bd90       ??_Gexception@std@@UAEPAXI@Z 1000cd90 f i sadll.obj
 0001:0000bde0       ?Connect@SyncClient@@QAI_NABV?$basic_string@DU?$char_traits@D@std@@V?$allocator@D@2@@std@@G@Z 1000cde0 f i sadll.obj
 0001:0000c2b0       ?Send@SyncClient@@QAIHPADH@Z 1000d2b0 f i sadll.obj
 0001:0000c560       ?WM_SetBLockPacket@GameService@@QAEX_N@Z 1000d560 f i sadll.obj
 0001:0000c5a0       ?_Activate_SSO_buffer@?$_String_val@U?$_Simple_types@D@std@@@std@@QAEXXZ 1000d5a0 f i sadll.obj
 0001:0000c5d0       ?_Adjust_manually_vector_aligned@std@@YAXAAPAXAAI@Z 1000d5d0 f i sadll.obj
 0001:0000c780       ?_Allocate@_Default_allocate_traits@std@@SAPAXI@Z 1000d780 f i sadll.obj
 0001:0000c7b0       ?_Calculate_growth@?$basic_string@DU?$char_traits@D@std@@V?$allocator@D@2@@std@@ABEII@Z 1000d7b0 f i sadll.obj
 0001:0000c810       ?_Calculate_growth@?$basic_string@DU?$char_traits@D@std@@V?$allocator@D@2@@std@@CAIIII@Z 1000d810 f i sadll.obj
 0001:0000c900       ?_Check_C_return@std@@YAHH@Z 1000d900 f i sadll.obj
 0001:0000c940       ?_Get_first@?$_Compressed_pair@U?$default_delete@$$BY0A@D@std@@PAD$00@std@@QAEAAU?$default_delete@$$BY0A@D@2@XZ 1000d940 f i sadll.obj
 0001:0000c980       ?_Get_first@?$_Compressed_pair@U?$default_delete@VSyncClient@@@std@@PAVSyncClient@@$00@std@@QAEAAU?$default_delete@VSyncClient@@@2@XZ 1000d980 f i sadll.obj
 0001:0000c9c0       ?_Get_first@?$_Compressed_pair@V?$allocator@D@std@@V?$_String_val@U?$_Simple_types@D@std@@@2@$00@std@@QAEAAV?$allocator@D@2@XZ 1000d9c0 f i sadll.obj
 0001:0000ca00       ?_Get_first@?$_Compressed_pair@V?$allocator@D@std@@V?$_String_val@U?$_Simple_types@D@std@@@2@$00@std@@QBEABV?$allocator@D@2@XZ 1000da00 f i sadll.obj
 0001:0000ca40       ?_Getal@?$basic_string@DU?$char_traits@D@std@@V?$allocator@D@2@@std@@AAEAAV?$allocator@D@2@XZ 1000da40 f i sadll.obj
 0001:0000ca80       ?_Getal@?$basic_string@DU?$char_traits@D@std@@V?$allocator@D@2@@std@@ABEABV?$allocator@D@2@XZ 1000da80 f i sadll.obj
 0001:0000cac0       ?_Large_string_engaged@?$_String_val@U?$_Simple_types@D@std@@@std@@QBE_NXZ 1000dac0 f i sadll.obj
 0001:0000cb20       ?_Myptr@?$_String_val@U?$_Simple_types@D@std@@@std@@QBEPBDXZ 1000db20 f i sadll.obj
 0001:0000cba0       ?_Orphan_all@_Container_base12@std@@QAEXXZ 1000dba0 f i sadll.obj
 0001:0000cbe0       ?_Orphan_all_locked_v3@_Container_base12@std@@AAEXXZ 1000dbe0 f i sadll.obj
 0001:0000ccf0       ?_Orphan_all_unlocked_v3@_Container_base12@std@@AAEXXZ 1000dcf0 f i sadll.obj
 0001:0000cd90       ?_Release@_Basic_container_proxy_ptr12@std@@QAEXXZ 1000dd90 f i sadll.obj
 0001:0000cdd0       ?_Start_element_lifetimes@?$basic_string@DU?$char_traits@D@std@@V?$allocator@D@2@@std@@CAXQADI@Z 1000ddd0 f i sadll.obj
 0001:0000cdf0       ?_Throw_bad_array_new_length@std@@YAXXZ 1000ddf0 f i sadll.obj
 0001:0000ce50       ?_Tidy_deallocate@?$basic_string@DU?$char_traits@D@std@@V?$allocator@D@2@@std@@AAEXXZ 1000de50 f i sadll.obj
 0001:0000cf90       ?_Tidy_init@?$basic_string@DU?$char_traits@D@std@@V?$allocator@D@2@@std@@AAEXXZ 1000df90 f i sadll.obj
 0001:0000d030       ?_Xlen_string@std@@YAXXZ   1000e030 f i sadll.obj
 0001:0000d060       ?__autoclassinit2@?$unique_ptr@$$BY0A@DU?$default_delete@$$BY0A@D@std@@@std@@QAEXI@Z 1000e060 f i sadll.obj
 0001:0000d0a0       ?__autoclassinit2@GameService@@QAEXI@Z 1000e0a0 f i sadll.obj
 0001:0000d0e0       ?allocate@?$allocator@D@std@@QAEPADI@Z 1000e0e0 f i sadll.obj
 0001:0000d130       ?allocate@?$allocator@U_Container_proxy@std@@@std@@QAEPAU_Container_proxy@2@I@Z 1000e130 f i sadll.obj
 0001:0000d180       ?assign@?$_Narrow_char_traits@DH@std@@SAXAADABD@Z 1000e180 f i sadll.obj
 0001:0000d1b0       ?c_str@?$basic_string@DU?$char_traits@D@std@@V?$allocator@D@2@@std@@QBEPBDXZ 1000e1b0 f i sadll.obj
 0001:0000d1f0       ?copy@?$_Char_traits@DH@std@@SAPADQADQBDI@Z 1000e1f0 f i sadll.obj
 0001:0000d270       ?data@?$basic_string@DU?$char_traits@D@std@@V?$allocator@D@2@@std@@QBEPBDXZ 1000e270 f i sadll.obj
 0001:0000d2b0       ?deallocate@?$_Default_allocator_traits@V?$allocator@U_Container_proxy@std@@@std@@@std@@SAXAAV?$allocator@U_Container_proxy@std@@@2@QAU_Container_proxy@2@I@Z 1000e2b0 f i sadll.obj
 0001:0000d2f0       ?deallocate@?$allocator@D@std@@QAEXQADI@Z 1000e2f0 f i sadll.obj
 0001:0000d3d0       ?detach@thread@std@@QAEXXZ 1000e3d0 f i sadll.obj
 0001:0000d470       ?eof@?$_Narrow_char_traits@DH@std@@SAHXZ 1000e470 f i sadll.obj
 0001:0000d490       ?eq_int_type@?$_Narrow_char_traits@DH@std@@SA_NABH0@Z 1000e490 f i sadll.obj
 0001:0000d4f0       ?get@?$unique_ptr@$$BY0A@DU?$default_delete@$$BY0A@D@std@@@std@@QBEPADXZ 1000e4f0 f i sadll.obj
 0001:0000d530       ?getInstance@SyncClient@@CAAAV1@XZ 1000e530 f i sadll.obj
 0001:0000d660       ?get_instance@GameService@@SAAAV1@XZ 1000e660 f i sadll.obj
 0001:0000d790       ?joinable@thread@std@@QBE_NXZ 1000e790 f i sadll.obj
 0001:0000d7f0       ?length@?$_Narrow_char_traits@DH@std@@SAIQBD@Z 1000e7f0 f i sadll.obj
 0001:0000d860       ?load@?$_Atomic_storage@_N$00@std@@QBE_NW4memory_order@2@@Z 1000e860 f i sadll.obj
 0001:0000d9d0       ?max@?$numeric_limits@H@std@@SAHXZ 1000e9d0 f i sadll.obj
 0001:0000da00       ?max_size@?$_Default_allocator_traits@V?$allocator@D@std@@@std@@SAIABV?$allocator@D@2@@Z 1000ea00 f i sadll.obj
 0001:0000da20       ?max_size@?$basic_string@DU?$char_traits@D@std@@V?$allocator@D@2@@std@@QBEIXZ 1000ea20 f i sadll.obj
 0001:0000db40       ?reset@?$unique_ptr@VSyncClient@@U?$default_delete@VSyncClient@@@std@@@std@@QAEXPAVSyncClient@@@Z 1000eb40 f i sadll.obj
 0001:0000dbc0       ?size@?$basic_string@DU?$char_traits@D@std@@V?$allocator@D@2@@std@@QBEIXZ 1000ebc0 f i sadll.obj
 0001:0000dc00       ?store@?$_Atomic_storage@_N$00@std@@QAEX_N@Z 1000ec00 f i sadll.obj
 0001:0000dc80       ?store@?$_Atomic_storage@_N$00@std@@QAEX_NW4memory_order@2@@Z 1000ec80 f i sadll.obj
 0001:0000de00       ?to_string@std@@YA?AV?$basic_string@DU?$char_traits@D@std@@V?$allocator@D@2@@1@H@Z 1000ee00 f i sadll.obj
 0001:0000dea0       ?what@exception@std@@UBEPBDXZ 1000eea0 f i sadll.obj
 0001:0000df00       _SetStdHandle@8            1000ef00 f   kernel32:KERNEL32.dll
 0001:0000df06       _CreateFileW@28            1000ef06 f   kernel32:KERNEL32.dll
 0001:0000df0c       _SetLastError@4            1000ef0c f   kernel32:KERNEL32.dll
 0001:0000df12       _Sleep@4                   1000ef12 f   kernel32:KERNEL32.dll
 0001:0000df18       _GetCurrentProcess@0       1000ef18 f   kernel32:KERNEL32.dll
 0001:0000df1e       _GetCurrentProcessId@0     1000ef1e f   kernel32:KERNEL32.dll
 0001:0000df24       _SwitchToThread@0          1000ef24 f   kernel32:KERNEL32.dll
 0001:0000df2a       _GetCurrentThread@0        1000ef2a f   kernel32:KERNEL32.dll
 0001:0000df30       _GetCurrentThreadId@0      1000ef30 f   kernel32:KERNEL32.dll
 0001:0000df36       _VirtualProtect@16         1000ef36 f   kernel32:KERNEL32.dll
 0001:0000df3c       _DisableThreadLibraryCalls@4 1000ef3c f   kernel32:KERNEL32.dll
 0001:0000df42       _FreeLibrary@4             1000ef42 f   kernel32:KERNEL32.dll
 0001:0000df48       _FreeLibraryAndExitThread@8 1000ef48 f   kernel32:KERNEL32.dll
 0001:0000df4e       _GetModuleFileNameW@12     1000ef4e f   kernel32:KERNEL32.dll
 0001:0000df54       _GetModuleHandleW@4        1000ef54 f   kernel32:KERNEL32.dll
 0001:0000df5a       _AllocConsole@0            1000ef5a f   kernel32:KERNEL32.dll
 0001:0000df60       _SetConsoleCP@4            1000ef60 f   kernel32:KERNEL32.dll
 0001:0000df66       _SetConsoleOutputCP@4      1000ef66 f   kernel32:KERNEL32.dll
 0001:0000df6c       _PostMessageW@16           1000ef6c f   user32:USER32.dll
 0001:0000df72       _CallWindowProcW@20        1000ef72 f   user32:USER32.dll
 0001:0000df78       _IsWindowVisible@4         1000ef78 f   user32:USER32.dll
 0001:0000df7e       _SetWindowTextA@8          1000ef7e f   user32:USER32.dll
 0001:0000df84       _GetWindowLongW@8          1000ef84 f   user32:USER32.dll
 0001:0000df8a       _SetWindowLongW@12         1000ef8a f   user32:USER32.dll
 0001:0000df90       _EnumWindows@8             1000ef90 f   user32:USER32.dll
 0001:0000df96       _GetWindowThreadProcessId@8 1000ef96 f   user32:USER32.dll
 0001:0000df9c       _GetWindow@8               1000ef9c f   user32:USER32.dll
 0001:0000dfa2       ?_Random_device@std@@YAIXZ 1000efa2 f   msvcprtd:MSVCP140D.dll
 0001:0000dfa8       ??0_Lockit@std@@QAE@H@Z    1000efa8 f   msvcprtd:MSVCP140D.dll
 0001:0000dfae       ??1_Lockit@std@@QAE@XZ     1000efae f   msvcprtd:MSVCP140D.dll
 0001:0000dfb4       ?uncaught_exception@std@@YA_NXZ 1000efb4 f   msvcprtd:MSVCP140D.dll
 0001:0000dfba       ?_Xlength_error@std@@YAXPBD@Z 1000efba f   msvcprtd:MSVCP140D.dll
 0001:0000dfc0       __Thrd_detach              1000efc0 f   msvcprtd:MSVCP140D.dll
 0001:0000dfc6       __Cnd_do_broadcast_at_thread_exit 1000efc6 f   msvcprtd:MSVCP140D.dll
 0001:0000dfcc       ?_Throw_C_error@std@@YAXH@Z 1000efcc f   msvcprtd:MSVCP140D.dll
 0001:0000dfd2       ?_Throw_Cpp_error@std@@YAXH@Z 1000efd2 f   msvcprtd:MSVCP140D.dll
 0001:0000dfd8       ?good@ios_base@std@@QBE_NXZ 1000efd8 f   msvcprtd:MSVCP140D.dll
 0001:0000dfde       ?flags@ios_base@std@@QBEHXZ 1000efde f   msvcprtd:MSVCP140D.dll
 0001:0000dfe4       ?width@ios_base@std@@QBE_JXZ 1000efe4 f   msvcprtd:MSVCP140D.dll
 0001:0000dfea       ?width@ios_base@std@@QAE_J_J@Z 1000efea f   msvcprtd:MSVCP140D.dll
 0001:0000dff0       ?sputc@?$basic_streambuf@DU?$char_traits@D@std@@@std@@QAEHD@Z 1000eff0 f   msvcprtd:MSVCP140D.dll
 0001:0000dff6       ?sputn@?$basic_streambuf@DU?$char_traits@D@std@@@std@@QAE_JPBD_J@Z 1000eff6 f   msvcprtd:MSVCP140D.dll
 0001:0000dffc       ?clear@?$basic_ios@DU?$char_traits@D@std@@@std@@QAEXH_N@Z 1000effc f   msvcprtd:MSVCP140D.dll
 0001:0000e002       ?setstate@?$basic_ios@DU?$char_traits@D@std@@@std@@QAEXH_N@Z 1000f002 f   msvcprtd:MSVCP140D.dll
 0001:0000e008       ?tie@?$basic_ios@DU?$char_traits@D@std@@@std@@QBEPAV?$basic_ostream@DU?$char_traits@D@std@@@2@XZ 1000f008 f   msvcprtd:MSVCP140D.dll
 0001:0000e00e       ?rdbuf@?$basic_ios@DU?$char_traits@D@std@@@std@@QBEPAV?$basic_streambuf@DU?$char_traits@D@std@@@2@XZ 1000f00e f   msvcprtd:MSVCP140D.dll
 0001:0000e014       ?fill@?$basic_ios@DU?$char_traits@D@std@@@std@@QBEDXZ 1000f014 f   msvcprtd:MSVCP140D.dll
 0001:0000e01a       ?widen@?$basic_ios@DU?$char_traits@D@std@@@std@@QBEDD@Z 1000f01a f   msvcprtd:MSVCP140D.dll
 0001:0000e020       ?clear@?$basic_ios@_WU?$char_traits@_W@std@@@std@@QAEXH_N@Z 1000f020 f   msvcprtd:MSVCP140D.dll
 0001:0000e026       ?_Osfx@?$basic_ostream@DU?$char_traits@D@std@@@std@@QAEXXZ 1000f026 f   msvcprtd:MSVCP140D.dll
 0001:0000e02c       ??6?$basic_ostream@DU?$char_traits@D@std@@@std@@QAEAAV01@P6AAAV01@AAV01@@Z@Z 1000f02c f   msvcprtd:MSVCP140D.dll
 0001:0000e032       ??6?$basic_ostream@DU?$char_traits@D@std@@@std@@QAEAAV01@H@Z 1000f032 f   msvcprtd:MSVCP140D.dll
 0001:0000e038       ?put@?$basic_ostream@DU?$char_traits@D@std@@@std@@QAEAAV12@D@Z 1000f038 f   msvcprtd:MSVCP140D.dll
 0001:0000e03e       ?flush@?$basic_ostream@DU?$char_traits@D@std@@@std@@QAEAAV12@XZ 1000f03e f   msvcprtd:MSVCP140D.dll
 0001:0000e044       _NtTerminateProcess@8      1000f044 f   ntdll:ntdll.dll
 0001:0000e050       ___raise_securityfailure   1000f050 f   MSVCRTD:gs_report.obj
 0001:0000e090       ___report_gsfailure        1000f090 f   MSVCRTD:gs_report.obj
 0001:0000e1e0       ___report_rangecheckfailure 1000f1e0 f   MSVCRTD:gs_report.obj
 0001:0000e1f0       ___report_securityfailure  1000f1f0 f   MSVCRTD:gs_report.obj
 0001:0000e300       ___report_securityfailureEx 1000f300 f   MSVCRTD:gs_report.obj
 0001:0000e470       @_RTC_AllocaHelper@12      1000f470 f   MSVCRTD:stack.obj
 0001:0000e4b0       @_RTC_CheckStackVars2@12   1000f4b0 f   MSVCRTD:stack.obj
 0001:0000e5c0       @_RTC_CheckStackVars@8     1000f5c0 f   MSVCRTD:stack.obj
 0001:0000e630       __RTC_CheckEsp             1000f630 f   MSVCRTD:stack.obj
 0001:0000e660       @__CheckForDebuggerJustMyCode@4 1000f660 f   MSVCRTD:debugger_jmc.obj
 0001:0000e6b0       @__security_check_cookie@4 1000f6b0 f   MSVCRTD:secchk.obj
 0001:0000e6d0       __CRT_RTC_INIT             1000f6d0 f   MSVCRTD:init.obj
 0001:0000e6e0       __CRT_RTC_INITW            1000f6e0 f   MSVCRTD:init.obj
 0001:0000e6f0       __RTC_InitBase             1000f6f0 f   MSVCRTD:init.obj
 0001:0000e730       __RTC_Shutdown             1000f730 f   MSVCRTD:init.obj
 0001:0000e750       __aullshr                  1000f750 f   MSVCRTD:ullshr.obj
 0001:0000e780       __alloca_probe             1000f780 f   MSVCRTD:chkstk.obj
 0001:0000e780       __chkstk                   1000f780 f   MSVCRTD:chkstk.obj
 0001:0000e7c0       ??2@YAPAXI@Z               1000f7c0 f   MSVCRTD:new_scalar.obj
 0001:0000e820       ??3@YAXPAXI@Z              1000f820 f   MSVCRTD:delete_scalar_size.obj
 0001:0000e840       ??_U@YAPAXI@Z              1000f840 f   MSVCRTD:new_array.obj
 0001:0000e860       ??_V@YAXPAX@Z              1000f860 f   MSVCRTD:delete_array.obj
 0001:0000e9d0       __Init_thread_abort        1000f9d0 f   MSVCRTD:thread_safe_statics.obj
 0001:0000ea00       __Init_thread_footer       1000fa00 f   MSVCRTD:thread_safe_statics.obj
 0001:0000ea60       __Init_thread_header       1000fa60 f   MSVCRTD:thread_safe_statics.obj
 0001:0000eaf0       __Init_thread_lock         1000faf0 f   MSVCRTD:thread_safe_statics.obj
 0001:0000eb10       __Init_thread_notify       1000fb10 f   MSVCRTD:thread_safe_statics.obj
 0001:0000eb70       __Init_thread_unlock       1000fb70 f   MSVCRTD:thread_safe_statics.obj
 0001:0000eb90       __Init_thread_wait         1000fb90 f   MSVCRTD:thread_safe_statics.obj
 0001:0000ec40       __except_handler4          1000fc40 f   MSVCRTD:chandler4gs.obj
 0001:0000ec90       ??1type_info@@UAE@XZ       1000fc90 f   MSVCRTD:std_type_info_static.obj
 0001:0000ecb0       ??_Etype_info@@UAEPAXI@Z   1000fcb0 f i MSVCRTD:std_type_info_static.obj
 0001:0000ecb0       ??_Gtype_info@@UAEPAXI@Z   1000fcb0 f i MSVCRTD:std_type_info_static.obj
 0001:0000f2f0       __CRT_INIT@12              100102f0 f   MSVCRTD:dll_dllmain.obj
 0001:0000f310       __DllMainCRTStartup@12     10010310 f   MSVCRTD:dll_dllmain.obj
 0001:0000f3f0       ?_RTC_AllocaFailure@@YAXPAXPAU_RTC_ALLOCA_NODE@@H@Z 100103f0 f   MSVCRTD:error.obj
 0001:0000f510       ?_RTC_Failure@@YAXPAXH@Z   10010510 f   MSVCRTD:error.obj
 0001:0000f580       ?_RTC_StackFailure@@YAXPAXPBD@Z 10010580 f   MSVCRTD:error.obj
 0001:0000fa30       __RTC_UninitUse            10010a30 f   MSVCRTD:error.obj
 0001:0000fb10       __vsprintf_s_l             10010b10 f i MSVCRTD:error.obj
 0001:0000fb50       _sprintf_s                 10010b50 f i MSVCRTD:error.obj
 0001:0000fb80       ?_RTC_GetErrorFunc@@YAP6AHHPBDH00ZZPBX@Z 10010b80 f   MSVCRTD:userapi.obj
 0001:0000fb90       ?_RTC_GetErrorFuncW@@YAP6AHHPB_WH00ZZPBX@Z 10010b90 f   MSVCRTD:userapi.obj
 0001:0000fba0       __RTC_GetErrDesc           10010ba0 f   MSVCRTD:userapi.obj
 0001:0000fbc0       __RTC_NumErrors            10010bc0 f   MSVCRTD:userapi.obj
 0001:0000fbd0       __RTC_SetErrorFunc         10010bd0 f   MSVCRTD:userapi.obj
 0001:0000fc00       __RTC_SetErrorFuncW        10010c00 f   MSVCRTD:userapi.obj
 0001:0000fc30       __RTC_SetErrorType         10010c30 f   MSVCRTD:userapi.obj
 0001:0000fc60       ??0bad_alloc@std@@QAE@XZ   10010c60 f i MSVCRTD:throw_bad_alloc.obj
 0001:0000fc90       ?__scrt_throw_std_bad_alloc@@YAXXZ 10010c90 f   MSVCRTD:throw_bad_alloc.obj
 0001:0000fcc0       ?__scrt_throw_std_bad_array_new_length@@YAXXZ 10010cc0 f   MSVCRTD:throw_bad_alloc.obj
 0001:0000fcf0       ??3@YAXPAX@Z               10010cf0 f   MSVCRTD:delete_scalar.obj
 0001:0000fd10       ?configure_argv@__scrt_narrow_argv_policy@@SAHXZ 10010d10 f i MSVCRTD:utility.obj
 0001:0000fde0       ?initialize_environment@__scrt_narrow_environment_policy@@SAHXZ 10010de0 f i MSVCRTD:utility.obj
 0001:0000fe80       _NtCurrentTeb              10010e80 f i MSVCRTD:utility.obj
 0001:0000fe90       ___scrt_acquire_startup_lock 10010e90 f   MSVCRTD:utility.obj
 0001:0000fef0       ___scrt_dllmain_after_initialize_c 10010ef0 f   MSVCRTD:utility.obj
 0001:0000ff30       ___scrt_dllmain_before_initialize_c 10010f30 f   MSVCRTD:utility.obj
 0001:0000ff60       ___scrt_dllmain_crt_thread_attach 10010f60 f   MSVCRTD:utility.obj
 0001:0000ffa0       ___scrt_dllmain_crt_thread_detach 10010fa0 f   MSVCRTD:utility.obj
 0001:0000ffc0       ___scrt_dllmain_exception_filter 10010fc0 f   MSVCRTD:utility.obj
 0001:00010020       ___scrt_dllmain_uninitialize_c 10011020 f   MSVCRTD:utility.obj
 0001:00010060       ___scrt_dllmain_uninitialize_critical 10011060 f   MSVCRTD:utility.obj
 0001:00010080       ___scrt_initialize_crt     10011080 f   MSVCRTD:utility.obj
 0001:000100e0       ___scrt_initialize_onexit_tables 100110e0 f   MSVCRTD:utility.obj
 0001:000101f0       ___scrt_is_nonwritable_in_current_image 100111f0 f   MSVCRTD:utility.obj
 0001:00010370       ___scrt_release_startup_lock 10011370 f   MSVCRTD:utility.obj
 0001:000103a0       ___scrt_uninitialize_crt   100113a0 f   MSVCRTD:utility.obj
 0001:000103f0       __onexit                   100113f0 f   MSVCRTD:utility.obj
 0001:00010470       _at_quick_exit             10011470 f   MSVCRTD:utility.obj
 0001:000104c0       _atexit                    100114c0 f   MSVCRTD:utility.obj
 0001:00010500       ___scrt_fastfail           10011500 f   MSVCRTD:utility_desktop.obj
 0001:00010690       ___scrt_get_show_window_mode 10011690 f   MSVCRTD:utility_desktop.obj
 0001:000106e0       ___scrt_initialize_mta     100116e0 f   MSVCRTD:utility_desktop.obj
 0001:000106f0       ___scrt_initialize_winrt   100116f0 f   MSVCRTD:utility_desktop.obj
 0001:00010700       ___scrt_is_managed_app     10011700 f   MSVCRTD:utility_desktop.obj
 0001:000107b0       ___scrt_set_unhandled_exception_filter 100117b0 f   MSVCRTD:utility_desktop.obj
 0001:000107d0       ___scrt_exe_initialize_mta 100117d0 f   MSVCRTD:utility_desktop.obj
 0001:000107d0       ___scrt_stub_for_initialize_mta 100117d0 f   MSVCRTD:utility_desktop.obj
 0001:000107e0       ___scrt_unhandled_exception_filter@4 100117e0 f   MSVCRTD:utility_desktop.obj
 0001:00010880       __crt_debugger_hook        10011880 f   MSVCRTD:utility_desktop.obj
 0001:000108a0       @_guard_check_icall_nop@4  100118a0 f i MSVCRTD:guard_support.obj
 0001:000108b0       _ReadNoFence               100118b0 f i MSVCRTD:guard_support.obj
 0001:000108d0       _ReadPointerNoFence        100118d0 f i MSVCRTD:guard_support.obj
 0001:000108f0       __InlineInterlockedExchangePointer 100118f0 f i MSVCRTD:guard_support.obj
 0001:00010900       ___castguard_check_failure_debugbreak 10011900 f i MSVCRTD:guard_support.obj
 0001:00010920       ___castguard_check_failure_fastfail 10011920 f i MSVCRTD:guard_support.obj
 0001:00010950       ___castguard_check_failure_nop 10011950 f i MSVCRTD:guard_support.obj
 0001:00010960       ___castguard_check_failure_os_handled 10011960 f i MSVCRTD:guard_support.obj
 0001:000109c0       ___castguard_check_failure_user_handled 100119c0 f i MSVCRTD:guard_support.obj
 0001:00010a80       ___castguard_set_user_handler 10011a80 f i MSVCRTD:guard_support.obj
 0001:00010ab0       ___castguard_slow_path_check_debugbreak 10011ab0 f i MSVCRTD:guard_support.obj
 0001:00010af0       ___castguard_slow_path_check_fastfail 10011af0 f i MSVCRTD:guard_support.obj
 0001:00010b40       ___castguard_slow_path_check_nop 10011b40 f i MSVCRTD:guard_support.obj
 0001:00010b50       ___castguard_slow_path_check_os_handled 10011b50 f i MSVCRTD:guard_support.obj
 0001:00010ba0       ___castguard_slow_path_check_user_handled 10011ba0 f i MSVCRTD:guard_support.obj
 0001:00010c40       __guard_icall_checks_enforced 10011c40 f i MSVCRTD:guard_support.obj
 0001:00010d10       ___security_init_cookie    10011d10 f   MSVCRTD:gs_support.obj
 0001:00010db0       ?__scrt_initialize_type_info@@YAXXZ 10011db0 f   MSVCRTD:tncleanup.obj
 0001:00010dd0       ?__scrt_uninitialize_type_info@@YAXXZ 10011dd0 f   MSVCRTD:tncleanup.obj
 0001:00010df0       ___local_stdio_scanf_options 10011df0 f i MSVCRTD:default_local_stdio_options.obj
 0001:00010e00       ___scrt_initialize_default_local_stdio_options 10011e00 f   MSVCRTD:default_local_stdio_options.obj
 0001:00010e50       ___scrt_get_dyn_tls_init_callback 10011e50 f   MSVCRTD:dyn_tls_init.obj
 0001:00010e60       __RTC_Initialize           10011e60 f   MSVCRTD:initsect.obj
 0001:00010ea0       __RTC_Terminate            10011ea0 f   MSVCRTD:initsect.obj
 0001:00011480       ?_RTC_GetSrcLine@@YAHPAEPA_WKPAH1K@Z 10012480 f   MSVCRTD:pdblkup.obj
 0001:000118e0       __except_handler4_noexcept 100128e0 f   MSVCRTD:chandler4_noexcept.obj
 0001:00011960       ___isa_available_init      10012960 f   MSVCRTD:cpu_disp.obj
 0001:00011d60       __get_startup_argv_mode    10012d60 f   MSVCRTD:argv_mode.obj
 0001:00011d70       ___scrt_is_ucrt_dll_in_use 10012d70 f   MSVCRTD:ucrt_detection.obj
 0001:00011e60       ?detour_2gb_above@@YAKK@Z  10012e60 f i detours:detours.obj
 0001:00011ea0       ?detour_2gb_below@@YAKK@Z  10012ea0 f i detours:detours.obj
 0001:00012510       ?detour_does_code_end_function@@YAHPAE@Z 10013510 f i detours:detours.obj
 0001:00012740       ?detour_find_jmp_bounds@@YAXPAEPAPAU_DETOUR_TRAMPOLINE@@1@Z 10013740 f i detours:detours.obj
 0001:000128e0       ?detour_gen_brk@@YAPAEPAE0@Z 100138e0 f i detours:detours.obj
 0001:00012910       ?detour_gen_jmp_immediate@@YAPAEPAE0@Z 10013910 f i detours:detours.obj
 0001:00012960       ?detour_is_code_filler@@YAKPAE@Z 10013960 f i detours:detours.obj
 0001:00013370       ?detour_skip_jmp@@YAPAEPAEPAPAX@Z 10014370 f i detours:detours.obj
 0001:00013580       _DetourAllocateRegionWithinJumpBounds@8 10014580 f   detours:detours.obj
 0001:000135f0       _DetourAreSameGuid@8       100145f0 f   detours:detours.obj
 0001:000137e0       _DetourAttach@8            100147e0 f   detours:detours.obj
 0001:00013800       _DetourAttachEx@20         10014800 f   detours:detours.obj
 0001:00013d60       _DetourCodeFromPointer@8   10014d60 f   detours:detours.obj
 0001:00013d80       _DetourDetach@8            10014d80 f   detours:detours.obj
 0001:00013fd0       _DetourIsFunctionImported@8 10014fd0 f   detours:detours.obj
 0001:00013ff0       _DetourSetIgnoreTooSmall@4 10014ff0 f   detours:detours.obj
 0001:00014020       _DetourSetRetainRegions@4  10015020 f   detours:detours.obj
 0001:00014050       _DetourSetSystemRegionLowerBound@4 10015050 f   detours:detours.obj
 0001:00014080       _DetourSetSystemRegionUpperBound@4 10015080 f   detours:detours.obj
 0001:000140b0       _DetourTransactionAbort@0  100150b0 f   detours:detours.obj
 0001:00014200       _DetourTransactionBegin@0  10015200 f   detours:detours.obj
 0001:00014280       _DetourTransactionCommit@0 10015280 f   detours:detours.obj
 0001:00014290       _DetourTransactionCommitEx@4 10015290 f   detours:detours.obj
 0001:00014810       _DetourUpdateThread@4      10015810 f   detours:detours.obj
 0001:00014900       _DetourVirtualProtectSameExecute@16 10015900 f   detours:detours.obj
 0001:00014930       _DetourVirtualProtectSameExecuteEx@20 10015930 f   detours:detours.obj
 0001:00014a10       ?DetourLoadImageHlp@@YAPAU_DETOUR_SYM_INFO@@XZ 10015a10 f   detours:modules.obj
 0001:00014fb0       ?StringCchCatA@@YGJPADIPBD@Z 10015fb0 f i detours:modules.obj
 0001:00015020       ?StringCchCopyA@@YGJPADIPBD@Z 10016020 f i detours:modules.obj
 0001:00015290       _DetourEnumerateExports@12 10016290 f   detours:modules.obj
 0001:00015660       _DetourEnumerateImports@16 10016660 f   detours:modules.obj
 0001:000156c0       _DetourEnumerateImportsEx@16 100166c0 f   detours:modules.obj
 0001:00015ab0       _DetourEnumerateModules@4  10016ab0 f   detours:modules.obj
 0001:00015c80       _DetourFindFunction@8      10016c80 f   detours:modules.obj
 0001:00015f30       _DetourFindPayload@12      10016f30 f   detours:modules.obj
 0001:00016140       _DetourFindPayloadEx@8     10017140 f   detours:modules.obj
 0001:000161b0       _DetourFreePayload@4       100171b0 f   detours:modules.obj
 0001:00016210       _DetourGetContainingModule@4 10017210 f   detours:modules.obj
 0001:00016460       _DetourGetEntryPoint@4     10017460 f   detours:modules.obj
 0001:00016780       _DetourGetModuleSize@4     10017780 f   detours:modules.obj
 0001:00016940       _DetourGetSizeOfPayloads@4 10017940 f   detours:modules.obj
 0001:00016a90       _DetourRestoreAfterWith@0  10017a90 f   detours:modules.obj
 0001:00016ae0       _DetourRestoreAfterWithEx@8 10017ae0 f   detours:modules.obj
 0001:00016d20       ?CopyBytes@CDetourDis@@IAEPAEPBUCOPYENTRY@1@PAE1@Z 10017d20 f   detours:disasm.obj
 0001:00016f50       ?CopyBytesPrefix@CDetourDis@@IAEPAEPBUCOPYENTRY@1@PAE1@Z 10017f50 f   detours:disasm.obj
 0001:00016fd0       ?CopyBytesSegment@CDetourDis@@IAEPAEPBUCOPYENTRY@1@PAE1@Z 10017fd0 f   detours:disasm.obj
 0001:00017010       ?CopyBytesJump@CDetourDis@@IAEPAEPBUCOPYENTRY@1@PAE1@Z 10018010 f   detours:disasm.obj
 0001:00017170       ?Invalid@CDetourDis@@IAEPAEPBUCOPYENTRY@1@PAE1@Z 10018170 f   detours:disasm.obj
 0001:00017190       ?Copy0F@CDetourDis@@IAEPAEPBUCOPYENTRY@1@PAE1@Z 10018190 f   detours:disasm.obj
 0001:00017210       ?Copy0F00@CDetourDis@@IAEPAEPBUCOPYENTRY@1@PAE1@Z 10018210 f   detours:disasm.obj
 0001:00017280       ?Copy0F78@CDetourDis@@IAEPAEPBUCOPYENTRY@1@PAE1@Z 10018280 f   detours:disasm.obj
 0001:000172e0       ?Copy0FB8@CDetourDis@@IAEPAEPBUCOPYENTRY@1@PAE1@Z 100182e0 f   detours:disasm.obj
 0001:00017340       ?Copy66@CDetourDis@@IAEPAEPBUCOPYENTRY@1@PAE1@Z 10018340 f   detours:disasm.obj
 0001:00017380       ?Copy67@CDetourDis@@IAEPAEPBUCOPYENTRY@1@PAE1@Z 10018380 f   detours:disasm.obj
 0001:000173c0       ?CopyF2@CDetourDis@@IAEPAEPBUCOPYENTRY@1@PAE1@Z 100183c0 f   detours:disasm.obj
 0001:00017400       ?CopyF3@CDetourDis@@IAEPAEPBUCOPYENTRY@1@PAE1@Z 10018400 f   detours:disasm.obj
 0001:00017440       ?CopyF6@CDetourDis@@IAEPAEPBUCOPYENTRY@1@PAE1@Z 10018440 f   detours:disasm.obj
 0001:000174b0       ?CopyF7@CDetourDis@@IAEPAEPBUCOPYENTRY@1@PAE1@Z 100184b0 f   detours:disasm.obj
 0001:00017520       ?CopyFF@CDetourDis@@IAEPAEPBUCOPYENTRY@1@PAE1@Z 10018520 f   detours:disasm.obj
 0001:00017640       ?CopyVex2@CDetourDis@@IAEPAEPBUCOPYENTRY@1@PAE1@Z 10018640 f   detours:disasm.obj
 0001:00017710       ?CopyVex3@CDetourDis@@IAEPAEPBUCOPYENTRY@1@PAE1@Z 10018710 f   detours:disasm.obj
 0001:00017810       ?CopyEvex@CDetourDis@@IAEPAEPBUCOPYENTRY@1@PAE1@Z 10018810 f   detours:disasm.obj
 0001:00017930       ?CopyXop@CDetourDis@@IAEPAEPBUCOPYENTRY@1@PAE1@Z 10018930 f   detours:disasm.obj
 0001:000179f0       ??0CDetourDis@@QAE@PAPAEPAJ@Z 100189f0 f   detours:disasm.obj
 0001:00017ad0       ?AdjustTarget@CDetourDis@@IAEPAEPAE0III@Z 10018ad0 f   detours:disasm.obj
 0001:00017c20       ?CopyBytesRax@CDetourDis@@IAEPAEPBUCOPYENTRY@1@PAE1@Z 10018c20 f   detours:disasm.obj
 0001:00017c70       ?CopyInstruction@CDetourDis@@QAEPAEPAE0@Z 10018c70 f   detours:disasm.obj
 0001:00017cf0       ?CopyVexCommon@CDetourDis@@IAEPAEEPAE0@Z 10018cf0 f   detours:disasm.obj
 0001:00017d50       ?CopyVexEvexCommon@CDetourDis@@IAEPAEEPAE0EE@Z 10018d50 f   detours:disasm.obj
 0001:00017ea0       ?SanityCheckSystem@CDetourDis@@SAHXZ 10018ea0 f   detours:disasm.obj
 0001:00017eb0       ?SetCodeModule@CDetourDis@@SAHPAE0H@Z 10018eb0 f   detours:disasm.obj
 0001:00017ef0       _DetourCopyInstruction@20  10018ef0 f   detours:disasm.obj
 0001:00017f40       _DetourSetCodeModule@8     10018f40 f   detours:disasm.obj
 0001:00017fa2       _closesocket@4             10018fa2 f   ws2_32:WS2_32.dll
 0001:00017fa8       _connect@12                10018fa8 f   ws2_32:WS2_32.dll
 0001:00017fae       _htons@4                   10018fae f   ws2_32:WS2_32.dll
 0001:00017fb4       _setsockopt@20             10018fb4 f   ws2_32:WS2_32.dll
 0001:00017fba       _WSAStartup@8              10018fba f   ws2_32:WS2_32.dll
 0001:00017fc0       _WSACleanup@0              10018fc0 f   ws2_32:WS2_32.dll
 0001:00017fc6       _WSAGetLastError@0         10018fc6 f   ws2_32:WS2_32.dll
 0001:00017fcc       _inet_pton@12              10018fcc f   ws2_32:WS2_32.dll
 0001:00017fd2       _memset                    10018fd2 f   vcruntimed:VCRUNTIME140D.dll
 0001:00017fd8       _strstr                    10018fd8 f   vcruntimed:VCRUNTIME140D.dll
 0001:00017fde       _memcpy                    10018fde f   vcruntimed:VCRUNTIME140D.dll
 0001:00017fe4       ___std_exception_copy      10018fe4 f   vcruntimed:VCRUNTIME140D.dll
 0001:00017fea       ___std_exception_destroy   10018fea f   vcruntimed:VCRUNTIME140D.dll
 0001:00017ff0       __CxxThrowException@8      10018ff0 f   vcruntimed:VCRUNTIME140D.dll
 0001:00017ff6       ___CxxFrameHandler3        10018ff6 f   vcruntimed:VCRUNTIME140D.dll
 0001:00017ffc       __except_handler4_common   10018ffc f   vcruntimed:VCRUNTIME140D.dll
 0001:00018002       ___current_exception       10019002 f   vcruntimed:VCRUNTIME140D.dll
 0001:00018008       ___current_exception_context 10019008 f   vcruntimed:VCRUNTIME140D.dll
 0001:0001800e       ___std_type_info_destroy_list 1001900e f   vcruntimed:VCRUNTIME140D.dll
 0001:00018014       ___vcrt_GetModuleFileNameW 10019014 f   vcruntimed:VCRUNTIME140D.dll
 0001:0001801a       ___vcrt_GetModuleHandleW   1001901a f   vcruntimed:VCRUNTIME140D.dll
 0001:00018020       ___vcrt_LoadLibraryExW     10019020 f   vcruntimed:VCRUNTIME140D.dll
 0001:00018026       __invalid_parameter        10019026 f   ucrtd:ucrtbased.dll
 0001:0001802c       _strcpy_s                  1001902c f   ucrtd:ucrtbased.dll
 0001:00018032       _strcat_s                  10019032 f   ucrtd:ucrtbased.dll
 0001:00018038       _strncat_s                 10019038 f   ucrtd:ucrtbased.dll
 0001:0001803e       _strncpy_s                 1001903e f   ucrtd:ucrtbased.dll
 0001:00018044       _strcmp                    10019044 f   ucrtd:ucrtbased.dll
 0001:0001804a       _strlen                    1001904a f   ucrtd:ucrtbased.dll
 0001:00018050       __CrtDbgReport             10019050 f   ucrtd:ucrtbased.dll
 0001:00018056       ___stdio_common_vsnprintf_s 10019056 f   ucrtd:ucrtbased.dll
 0001:0001805c       _atoi                      1001905c f   ucrtd:ucrtbased.dll
 0001:00018062       __invalid_parameter_noinfo 10019062 f   ucrtd:ucrtbased.dll
 0001:00018068       __errno                    10019068 f   ucrtd:ucrtbased.dll
 0001:0001806e       ___acrt_iob_func           1001906e f   ucrtd:ucrtbased.dll
 0001:00018074       _freopen_s                 10019074 f   ucrtd:ucrtbased.dll
 0001:0001807a       _terminate                 1001907a f   ucrtd:ucrtbased.dll
 0001:00018080       __beginthreadex            10019080 f   ucrtd:ucrtbased.dll
 0001:00018086       _setlocale                 10019086 f   ucrtd:ucrtbased.dll
 0001:0001808c       __CrtDbgReportW            1001908c f   ucrtd:ucrtbased.dll
 0001:00018092       __callnewh                 10019092 f   ucrtd:ucrtbased.dll
 0001:00018098       _malloc                    10019098 f   ucrtd:ucrtbased.dll
 0001:0001809e       __initterm                 1001909e f   ucrtd:ucrtbased.dll
 0001:000180a4       __initterm_e               100190a4 f   ucrtd:ucrtbased.dll
 0001:000180aa       ___stdio_common_vsprintf_s 100190aa f   ucrtd:ucrtbased.dll
 0001:000180b0       __free_dbg                 100190b0 f   ucrtd:ucrtbased.dll
 0001:000180b6       __seh_filter_dll           100190b6 f   ucrtd:ucrtbased.dll
 0001:000180bc       __configure_narrow_argv    100190bc f   ucrtd:ucrtbased.dll
 0001:000180c2       __initialize_narrow_environment 100190c2 f   ucrtd:ucrtbased.dll
 0001:000180c8       __initialize_onexit_table  100190c8 f   ucrtd:ucrtbased.dll
 0001:000180ce       __register_onexit_function 100190ce f   ucrtd:ucrtbased.dll
 0001:000180d4       __execute_onexit_table     100190d4 f   ucrtd:ucrtbased.dll
 0001:000180da       __crt_atexit               100190da f   ucrtd:ucrtbased.dll
 0001:000180e0       __crt_at_quick_exit        100190e0 f   ucrtd:ucrtbased.dll
 0001:000180e6       __cexit                    100190e6 f   ucrtd:ucrtbased.dll
 0001:000180ec       __wmakepath_s              100190ec f   ucrtd:ucrtbased.dll
 0001:000180f2       __wsplitpath_s             100190f2 f   ucrtd:ucrtbased.dll
 0001:000180f8       _wcscpy_s                  100190f8 f   ucrtd:ucrtbased.dll
 0001:000180fe       _UnhandledExceptionFilter@4 100190fe f   kernel32:KERNEL32.dll
 0001:00018104       _SetUnhandledExceptionFilter@4 10019104 f   kernel32:KERNEL32.dll
 0001:0001810a       _TerminateProcess@8        1001910a f   kernel32:KERNEL32.dll
 0001:00018110       _IsProcessorFeaturePresent@4 10019110 f   kernel32:KERNEL32.dll
 0001:00018116       _CloseHandle@4             10019116 f   kernel32:KERNEL32.dll
 0001:0001811c       _EnterCriticalSection@4    1001911c f   kernel32:KERNEL32.dll
 0001:00018122       _LeaveCriticalSection@4    10019122 f   kernel32:KERNEL32.dll
 0001:00018128       _InitializeCriticalSectionAndSpinCount@8 10019128 f   kernel32:KERNEL32.dll
 0001:0001812e       _DeleteCriticalSection@4   1001912e f   kernel32:KERNEL32.dll
 0001:00018134       _SetEvent@4                10019134 f   kernel32:KERNEL32.dll
 0001:0001813a       _ResetEvent@4              1001913a f   kernel32:KERNEL32.dll
 0001:00018140       _WaitForSingleObjectEx@12  10019140 f   kernel32:KERNEL32.dll
 0001:00018146       _CreateEventW@16           10019146 f   kernel32:KERNEL32.dll
 0001:0001814c       _GetProcAddress@8          1001914c f   kernel32:KERNEL32.dll
 0001:00018152       _IsDebuggerPresent@0       10019152 f   kernel32:KERNEL32.dll
 0001:00018158       _RaiseException@16         10019158 f   kernel32:KERNEL32.dll
 0001:0001815e       _MultiByteToWideChar@24    1001915e f   kernel32:KERNEL32.dll
 0001:00018164       _WideCharToMultiByte@32    10019164 f   kernel32:KERNEL32.dll
 0001:0001816a       _GetStartupInfoW@4         1001916a f   kernel32:KERNEL32.dll
 0001:00018170       _QueryPerformanceCounter@4 10019170 f   kernel32:KERNEL32.dll
 0001:00018176       _GetSystemTimeAsFileTime@4 10019176 f   kernel32:KERNEL32.dll
 0001:0001817c       _InitializeSListHead@4     1001917c f   kernel32:KERNEL32.dll
 0001:00018182       _GetLastError@0            10019182 f   kernel32:KERNEL32.dll
 0001:00018188       _HeapAlloc@12              10019188 f   kernel32:KERNEL32.dll
 0001:0001818e       _HeapFree@12               1001918e f   kernel32:KERNEL32.dll
 0001:00018194       _GetProcessHeap@0          10019194 f   kernel32:KERNEL32.dll
 0001:0001819a       _VirtualQuery@12           1001919a f   kernel32:KERNEL32.dll
 0001:000181a0       _SuspendThread@4           100191a0 f   kernel32:KERNEL32.dll
 0001:000181a6       _ResumeThread@4            100191a6 f   kernel32:KERNEL32.dll
 0001:000181ac       _GetThreadContext@8        100191ac f   kernel32:KERNEL32.dll
 0001:000181b2       _SetThreadContext@8        100191b2 f   kernel32:KERNEL32.dll
 0001:000181b8       _FlushInstructionCache@12  100191b8 f   kernel32:KERNEL32.dll
 0001:000181be       _VirtualAlloc@16           100191be f   kernel32:KERNEL32.dll
 0001:000181c4       _VirtualFree@12            100191c4 f   kernel32:KERNEL32.dll
 0001:000181ca       _VirtualProtectEx@20       100191ca f   kernel32:KERNEL32.dll
 0001:000181d0       _VirtualQueryEx@16         100191d0 f   kernel32:KERNEL32.dll
 0001:000181d6       _LoadLibraryExA@12         100191d6 f   kernel32:KERNEL32.dll
 0001:000181dc       _LoadLibraryExW@12         100191dc f   kernel32:KERNEL32.dll
 0001:000181f0       __filter_x86_sse2_floating_point_exception 100191f0 f   MSVCRTD:x86_exception_filter.obj
 0001:000181f0       __filter_x86_sse2_floating_point_exception_default 100191f0 f   MSVCRTD:x86_exception_filter.obj
 0001:00018380       ___acrt_initialize         10019380 f   MSVCRTD:ucrt_stubs.obj
 0001:00018380       ___scrt_stub_for_acrt_initialize 10019380 f   MSVCRTD:ucrt_stubs.obj
 0001:00018380       ___vcrt_initialize         10019380 f   MSVCRTD:ucrt_stubs.obj
 0001:00018390       ___acrt_thread_attach      10019390 f   MSVCRTD:ucrt_stubs.obj
 0001:00018390       ___scrt_stub_for_acrt_thread_attach 10019390 f   MSVCRTD:ucrt_stubs.obj
 0001:00018390       ___vcrt_thread_attach      10019390 f   MSVCRTD:ucrt_stubs.obj
 0001:000183a0       ___acrt_thread_detach      100193a0 f   MSVCRTD:ucrt_stubs.obj
 0001:000183a0       ___scrt_stub_for_acrt_thread_detach 100193a0 f   MSVCRTD:ucrt_stubs.obj
 0001:000183a0       ___vcrt_thread_detach      100193a0 f   MSVCRTD:ucrt_stubs.obj
 0001:000183b0       ___acrt_uninitialize       100193b0 f   MSVCRTD:ucrt_stubs.obj
 0001:000183b0       ___scrt_stub_for_acrt_uninitialize 100193b0 f   MSVCRTD:ucrt_stubs.obj
 0001:000183b0       ___vcrt_uninitialize       100193b0 f   MSVCRTD:ucrt_stubs.obj
 0001:000183c0       ___acrt_uninitialize_critical 100193c0 f   MSVCRTD:ucrt_stubs.obj
 0001:000183c0       ___scrt_stub_for_acrt_uninitialize_critical 100193c0 f   MSVCRTD:ucrt_stubs.obj
 0001:000183c0       ___vcrt_uninitialize_critical 100193c0 f   MSVCRTD:ucrt_stubs.obj
 0001:000183d0       ___scrt_stub_for_is_c_termination_complete 100193d0 f   MSVCRTD:ucrt_stubs.obj
 0001:000183d0       __is_c_termination_complete 100193d0 f   MSVCRTD:ucrt_stubs.obj
 0002:00000000       ___xc_a                    1001d000     MSVCRTD:initializers.obj
 0002:00000104       ___xc_z                    1001d104     MSVCRTD:initializers.obj
 0002:00000208       ___xi_a                    1001d208     MSVCRTD:initializers.obj
 0002:00000410       ___xi_z                    1001d410     MSVCRTD:initializers.obj
 0002:00000514       ___xl_a                    1001d514     MSVCRTD:tlssup.obj
 0002:00000518       ___xl_z                    1001d518     MSVCRTD:tlssup.obj
 0002:0000051c       ___xp_a                    1001d51c     MSVCRTD:initializers.obj
 0002:00000620       ___xp_z                    1001d620     MSVCRTD:initializers.obj
 0002:00000724       ___xt_a                    1001d724     MSVCRTD:initializers.obj
 0002:00000828       ___xt_z                    1001d828     MSVCRTD:initializers.obj
 0002:00000968       ??_C@_01ICJEACDI@?$DL@     1001d968     autil.obj
 0002:00000970       ??_C@_0EB@CPNIKEEC@0123456789ABCDEFGHIJKLMNOPQRSTU@ 1001d970     autil.obj
 0002:000009c0       ??_C@_01IPJKGB@?$CD@       1001d9c0     autil.obj
 0002:000009c4       ??_C@_02DKCKIIND@?$CFs@    1001d9c4     autil.obj
 0002:000009c8       ??_C@_11LOCGONAA@@         1001d9c8     autil.obj
 0002:000009d0       ??_C@_0GB@FECHECBJ@D?3?2Program?5Files?2Microsoft?5Visu@ 1001d9d0     autil.obj
 0002:00000a48       ??_C@_1MC@LCPLFHLA@?$AAD?$AA?3?$AA?2?$AAP?$AAr?$AAo?$AAg?$AAr?$AAa?$AAm?$AA?5?$AAF?$AAi?$AAl?$AAe@ 1001da48     autil.obj
 0002:00000b30       ??_C@_0CO@CCCJIBKO@invalid?5min?5and?5max?5arguments?5f@ 1001db30     autil.obj
 0002:00000b68       ??_C@_1GA@FJHEAOJP@?$AA?$CC?$AAi?$AAn?$AAv?$AAa?$AAl?$AAi?$AAd?$AA?5?$AAm?$AAi?$AAn?$AA?5?$AAa?$AAn@ 1001db68     autil.obj
 0002:0000122c       ??_C@_03KOIMFPNC@?3?31@    1001e22c     sadll.obj
 0002:00001234       ??_7exception@std@@6B@     1001e234     sadll.obj
 0002:00001240       ??_C@_0BC@EOODALEL@Unknown?5exception@ 1001e240     sadll.obj
 0002:0000125c       ??_7bad_alloc@std@@6B@     1001e25c     sadll.obj
 0002:0000126c       ??_7bad_array_new_length@std@@6B@ 1001e26c     sadll.obj
 0002:00001278       ??_C@_0BF@KINCDENJ@bad?5array?5new?5length@ 1001e278     sadll.obj
 0002:00001294       ??_C@_0BB@FCMFBGOM@invalid?5argument@ 1001e294     sadll.obj
 0002:000012a8       ??_C@_0GC@LMAPENHO@D?3?2Program?5Files?2Microsoft?5Visu@ 1001e2a8     sadll.obj
 0002:00001320       ??_C@_1ME@KGLMCDIJ@?$AAD?$AA?3?$AA?2?$AAP?$AAr?$AAo?$AAg?$AAr?$AAa?$AAm?$AA?5?$AAF?$AAi?$AAl?$AAe@ 1001e320     sadll.obj
 0002:0000140c       ??_C@_1CG@JNLFBNGN@?$AA?$CC?$AAi?$AAn?$AAv?$AAa?$AAl?$AAi?$AAd?$AA?5?$AAa?$AAr?$AAg?$AAu?$AAm?$AAe@ 1001e40c     sadll.obj
 0002:0000143c       ??_C@_0BF@FBDAHHJI@Invalid?5memory?5order@ 1001e43c     sadll.obj
 0002:00001458       ??_C@_0GB@ILGMGAGE@D?3?2Program?5Files?2Microsoft?5Visu@ 1001e458     sadll.obj
 0002:000014d0       ??_C@_1MC@PKJIDANA@?$AAD?$AA?3?$AA?2?$AAP?$AAr?$AAo?$AAg?$AAr?$AAa?$AAm?$AA?5?$AAF?$AAi?$AAl?$AAe@ 1001e4d0     sadll.obj
 0002:000015b8       ??_C@_1CO@JOMFDNFG@?$AA?$CC?$AAI?$AAn?$AAv?$AAa?$AAl?$AAi?$AAd?$AA?5?$AAm?$AAe?$AAm?$AAo?$AAr?$AAy@ 1001e5b8     sadll.obj
 0002:000015f0       ??_C@_0BA@JFNIOLAK@string?5too?5long@ 1001e5f0     sadll.obj
 0002:00001604       ??_C@_0DG@KGHKKGBC@null?5pointer?5cannot?5point?5to?5a?5@ 1001e604     sadll.obj
 0002:00001648       ??_C@_1HA@FACCKGGH@?$AA?$CC?$AAn?$AAu?$AAl?$AAl?$AA?5?$AAp?$AAo?$AAi?$AAn?$AAt?$AAe?$AAr?$AA?5?$AAc@ 1001e648     sadll.obj
 0002:000016d0       ??_C@_0BJ@HAJGEHKO@transposed?5pointer?5range@ 1001e6d0     sadll.obj
 0002:000016f0       ??_C@_0GD@HEPKFHCG@D?3?2Program?5Files?2Microsoft?5Visu@ 1001e6f0     sadll.obj
 0002:00001768       ??_C@_1MG@EFOGNJMO@?$AAD?$AA?3?$AA?2?$AAP?$AAr?$AAo?$AAg?$AAr?$AAa?$AAm?$AA?5?$AAF?$AAi?$AAl?$AAe@ 1001e768     sadll.obj
 0002:00001858       ??_C@_1DG@FJIKMGFD@?$AA?$CC?$AAt?$AAr?$AAa?$AAn?$AAs?$AAp?$AAo?$AAs?$AAe?$AAd?$AA?5?$AAp?$AAo?$AAi@ 1001e858     sadll.obj
 0002:0000189c       ??_7SyncClient@@6B@        1001e89c     sadll.obj
 0002:000018a4       ??_C@_0BP@GEDJMKHO@WSAStartup?5failed?5with?5error?3?5@ 1001e8a4     sadll.obj
 0002:000018cc       ??_C@_0BL@BHEMOCNM@socket?5failed?5with?5error?3?5@ 1001e8cc     sadll.obj
 0002:000018ec       ??_C@_0CA@EONFHMJK@inet_pton?5failed?4?5Error?5Code?5?3?5@ 1001e8ec     sadll.obj
 0002:00001914       ??_C@_0BO@LFDJDNGG@connect?5failed?4?5Error?5Code?5?3?5@ 1001e914     sadll.obj
 0002:00001944       ??_C@_17CNPHIMPH@?$AA?$CF?$AAl?$AAs@ 1001e944     MSVCRTD:thread_safe_statics.obj
 0002:00001950       ??_C@_1EC@JIJBPKFM@?$AAa?$AAp?$AAi?$AA?9?$AAm?$AAs?$AA?9?$AAw?$AAi?$AAn?$AA?9?$AAc?$AAo?$AAr?$AAe@ 1001e950     MSVCRTD:thread_safe_statics.obj
 0002:000019a0       ??_C@_1BK@MGMFAEKH@?$AAk?$AAe?$AAr?$AAn?$AAe?$AAl?$AA3?$AA2?$AA?4?$AAd?$AAl?$AAl@ 1001e9a0     MSVCRTD:thread_safe_statics.obj
 0002:000019c0       ??_C@_0BJ@JEBJOJFJ@SleepConditionVariableCS@ 1001e9c0     MSVCRTD:thread_safe_statics.obj
 0002:000019e0       ??_C@_0BJ@PGPPEPCC@WakeAllConditionVariable@ 1001e9e0     MSVCRTD:thread_safe_statics.obj
 0002:00001a00       ??_C@_1JE@OMOJFEE@?$AAD?$AA?3?$AA?2?$AAa?$AA?2?$AA_?$AAw?$AAo?$AAr?$AAk?$AA?2?$AA1?$AA?2?$AAs?$AA?2@ 1001ea00     MSVCRTD:thread_safe_statics.obj
 0002:00001ab8       ??_7type_info@@6B@         1001eab8     MSVCRTD:std_type_info_static.obj
 0002:00001ac0       __pDefaultRawDllMain       1001eac0     MSVCRTD:dll_dllmain.obj
 0002:00001ac0       __pRawDllMain              1001eac0     MSVCRTD:dll_dllmain.obj
 0002:00001b80       ??_C@_0NN@JMPELKLB@The?5value?5of?5ESP?5was?5not?5proper@ 1001eb80     MSVCRTD:error.obj
 0002:00001c90       ??_C@_0BBN@ELNNILBE@A?5cast?5to?5a?5smaller?5data?5type?5h@ 1001ec90     MSVCRTD:error.obj
 0002:00001de8       ??_C@_0BN@BPOGFMJL@Stack?5memory?5was?5corrupted?$AN?6@ 1001ede8     MSVCRTD:error.obj
 0002:00001e0c       ??_C@_0DG@DAJCDLPN@A?5local?5variable?5was?5used?5befor@ 1001ee0c     MSVCRTD:error.obj
 0002:00001e4c       ??_C@_0CM@JMIDGKLA@Stack?5memory?5around?5_alloca?5was@ 1001ee4c     MSVCRTD:error.obj
 0002:00001e80       ??_C@_0BO@CHIONIOI@Unknown?5Runtime?5Check?5Error?$AN?6@ 1001ee80     MSVCRTD:error.obj
 0002:00001ea8       ??_C@_1GM@CNOOJIHC@?$AAR?$AAu?$AAn?$AAt?$AAi?$AAm?$AAe?$AA?5?$AAC?$AAh?$AAe?$AAc?$AAk?$AA?5?$AAE@ 1001eea8     MSVCRTD:error.obj
 0002:00001f30       ??_C@_1EA@NFKNIFJP@?$AAR?$AAu?$AAn?$AA?9?$AAT?$AAi?$AAm?$AAe?$AA?5?$AAC?$AAh?$AAe?$AAc?$AAk?$AA?5@ 1001ef30     MSVCRTD:error.obj
 0002:00001f7c       ??_C@_0BB@PFFGGCJP@Unknown?5Filename@ 1001ef7c     MSVCRTD:error.obj
 0002:00001f90       ??_C@_0BE@GNBOBNCK@Unknown?5Module?5Name@ 1001ef90     MSVCRTD:error.obj
 0002:00001fa8       ??_C@_0CA@IODNCDPG@Run?9Time?5Check?5Failure?5?$CD?$CFd?5?9?5?$CFs@ 1001efa8     MSVCRTD:error.obj
 0002:00001fd0       ??_C@_0CG@IAFNJNEE@Stack?5corrupted?5near?5unknown?5va@ 1001efd0     MSVCRTD:error.obj
 0002:00002000       ??_C@_05MKKEDADM@?$CF?42X?5@ 1001f000     MSVCRTD:error.obj
 0002:00002008       ??_C@_0EJ@LJKNEOLN@Stack?5area?5around?5_alloca?5memor@ 1001f008     MSVCRTD:error.obj
 0002:00002060       ??_C@_01EEMJAFIK@?6@       1001f060     MSVCRTD:error.obj
 0002:00002064       ??_C@_02LLMPMKNF@?$DO?5@   1001f064     MSVCRTD:error.obj
 0002:00002068       ??_C@_08OMAHNMHJ@?6Data?3?5?$DM@ 1001f068     MSVCRTD:error.obj
 0002:00002074       ??_C@_0CK@DKGBICFE@?6Allocation?5number?5within?5this?5@ 1001f074     MSVCRTD:error.obj
 0002:000020a8       ??_C@_07DFDJCKFN@?6Size?3?5@ 1001f0a8     MSVCRTD:error.obj
 0002:000020b4       ??_C@_0N@MHFFIMFG@?6Address?3?50x@ 1001f0b4     MSVCRTD:error.obj
 0002:000020c8       ??_C@_0EI@CLEPFNGI@Stack?5area?5around?5_alloca?5memor@ 1001f0c8     MSVCRTD:error.obj
 0002:00002120       ??_C@_0BK@ODNDAGKB@?$CFs?$CFs?$CFp?$CFs?$CFzd?$CFs?$CFd?$CFs?$CFs?$CFs?$CFs?$CFs@ 1001f120     MSVCRTD:error.obj
 0002:00002140       ??_C@_0DE@OHJBPMBP@A?5variable?5is?5being?5used?5withou@ 1001f140     MSVCRTD:error.obj
 0002:00002198       ??_C@_0BJ@HEGAHDFO@Stack?5pointer?5corruption@ 1001f198     MSVCRTD:userapi.obj
 0002:000021b8       ??_C@_0CK@FEGOIOPB@Cast?5to?5smaller?5type?5causing?5lo@ 1001f1b8     MSVCRTD:userapi.obj
 0002:000021ec       ??_C@_0BI@CIGMDCBH@Stack?5memory?5corruption@ 1001f1ec     MSVCRTD:userapi.obj
 0002:00002208       ??_C@_0CK@CNLNOEPB@Local?5variable?5used?5before?5init@ 1001f208     MSVCRTD:userapi.obj
 0002:0000223c       ??_C@_0BP@OGBCLIBO@Stack?5around?5_alloca?5corrupted@ 1001f23c     MSVCRTD:userapi.obj
 0002:00002264       ??_C@_0P@GHFPNOJB@bad?5allocation@ 1001f264     MSVCRTD:throw_bad_alloc.obj
 0002:000022d0       ??_C@_1EI@MLPKHBGE@?$AAa?$AAp?$AAi?$AA?9?$AAm?$AAs?$AA?9?$AAw?$AAi?$AAn?$AA?9?$AAc?$AAo?$AAr?$AAe@ 1001f2d0     MSVCRTD:pdblkup.obj
 0002:00002328       ??_C@_1BK@JHLNAEJL@?$AAa?$AAd?$AAv?$AAa?$AAp?$AAi?$AA3?$AA2?$AA?4?$AAd?$AAl?$AAl@ 1001f328     MSVCRTD:pdblkup.obj
 0002:00002348       ??_C@_0O@COHOBMLB@RegOpenKeyExW@ 1001f348     MSVCRTD:pdblkup.obj
 0002:00002358       ??_C@_0BB@GLNAEDBD@RegQueryValueExW@ 1001f358     MSVCRTD:pdblkup.obj
 0002:0000236c       ??_C@_0M@HLOHPNFA@RegCloseKey@ 1001f36c     MSVCRTD:pdblkup.obj
 0002:00002380       ??_C@_1HE@EBEAGLFB@?$AAS?$AAO?$AAF?$AAT?$AAW?$AAA?$AAR?$AAE?$AA?2?$AAW?$AAo?$AAw?$AA6?$AA4?$AA3@ 1001f380     MSVCRTD:pdblkup.obj
 0002:0000240c       ??_C@_1BG@EABPBLLF@?$AAP?$AAr?$AAo?$AAd?$AAu?$AAc?$AAt?$AAD?$AAi?$AAr@ 1001f40c     MSVCRTD:pdblkup.obj
 0002:0000244c       ??_C@_1BC@JINFINNJ@?$AAM?$AAS?$AAP?$AAD?$AAB?$AA1?$AA4?$AA0@ 1001f44c     MSVCRTD:pdblkup.obj
 0002:00002464       ??_C@_0BB@KCIACLNC@PDBOpenValidate5@ 1001f464     MSVCRTD:pdblkup.obj
 0002:00002478       ??_C@_01KDCPPGHE@r@        1001f478     MSVCRTD:pdblkup.obj
 0002:00002484       _DETOUR_EXE_RESTORE_GUID   1001f484     detours:modules.obj
 0002:00002588       __load_config_used         1001f588     MSVCRTD:loadcfg.obj
 0002:00002800       ___CastGuardVftablesStart  1001f800     MSVCRTD:guard_support.obj
 0002:00002980       ___CastGuardVftablesEnd    1001f980     MSVCRTD:guard_support.obj
 0002:00002acc       __tls_used                 1001facc     MSVCRTD:tlssup.obj
 0002:00002be8       ??_R4exception@std@@6B@    1001fbe8     sadll.obj
 0002:00002c00       ??_R3exception@std@@8      1001fc00     sadll.obj
 0002:00002c14       ??_R2exception@std@@8      1001fc14     sadll.obj
 0002:00002c1c       ??_R1A@?0A@EA@exception@std@@8 1001fc1c     sadll.obj
 0002:00002c40       ??_R4bad_alloc@std@@6B@    1001fc40     sadll.obj
 0002:00002c58       ??_R3bad_alloc@std@@8      1001fc58     sadll.obj
 0002:00002c6c       ??_R2bad_alloc@std@@8      1001fc6c     sadll.obj
 0002:00002c78       ??_R1A@?0A@EA@bad_alloc@std@@8 1001fc78     sadll.obj
 0002:00002c9c       ??_R4bad_array_new_length@std@@6B@ 1001fc9c     sadll.obj
 0002:00002cb4       ??_R3bad_array_new_length@std@@8 1001fcb4     sadll.obj
 0002:00002cc8       ??_R2bad_array_new_length@std@@8 1001fcc8     sadll.obj
 0002:00002cd8       ??_R1A@?0A@EA@bad_array_new_length@std@@8 1001fcd8     sadll.obj
 0002:00002cfc       ??_R4SyncClient@@6B@       1001fcfc     sadll.obj
 0002:00002d14       ??_R3SyncClient@@8         1001fd14     sadll.obj
 0002:00002d28       ??_R2SyncClient@@8         1001fd28     sadll.obj
 0002:00002d30       ??_R1A@?0A@EA@SyncClient@@8 1001fd30     sadll.obj
 0002:00002d54       ??_R4type_info@@6B@        1001fd54     MSVCRTD:std_type_info_static.obj
 0002:00002d6c       ??_R3type_info@@8          1001fd6c     MSVCRTD:std_type_info_static.obj
 0002:00002d80       ??_R2type_info@@8          1001fd80     MSVCRTD:std_type_info_static.obj
 0002:00002d88       ??_R1A@?0A@EA@type_info@@8 1001fd88     MSVCRTD:std_type_info_static.obj
 0002:00002eb4       ___safe_se_handler_table   1001feb4     <linker-defined>
 0002:00003224       ___rtc_iaa                 10020224     MSVCRTD:initsect.obj
 0002:00003438       ___rtc_izz                 10020438     MSVCRTD:initsect.obj
 0002:0000353c       ___rtc_taa                 1002053c     MSVCRTD:initsect.obj
 0002:00003750       ___rtc_tzz                 10020750     MSVCRTD:initsect.obj
 0002:00004198       __TI3?AVbad_array_new_length@std@@ 10021198     sadll.obj
 0002:000041ac       __CTA3?AVbad_array_new_length@std@@ 100211ac     sadll.obj
 0002:000041c0       __CT??_R0?AVbad_array_new_length@std@@@8??0bad_array_new_length@std@@QAE@ABV01@@Z12 100211c0     sadll.obj
 0002:000041e0       __CT??_R0?AVbad_alloc@std@@@8??0bad_alloc@std@@QAE@ABV01@@Z12 100211e0     sadll.obj
 0002:00004200       __CT??_R0?AVexception@std@@@8??0exception@std@@QAE@ABV01@@Z12 10021200     sadll.obj
 0002:000042b0       __TI2?AVbad_alloc@std@@    100212b0     MSVCRTD:throw_bad_alloc.obj
 0002:000042c4       __CTA2?AVbad_alloc@std@@   100212c4     MSVCRTD:throw_bad_alloc.obj
 0003:00000000       ___security_cookie_complement 10022000     MSVCRTD:gs_cookie.obj
 0003:00000004       ___security_cookie         10022004     MSVCRTD:gs_cookie.obj
 0003:0000000c       __Init_global_epoch        1002200c     MSVCRTD:thread_safe_statics.obj
 0003:00000010       ?_RTC_ErrorLevels@@3PAHA   10022010     MSVCRTD:error.obj
 0003:00000028       ___scrt_native_dllmain_reason 10022028     MSVCRTD:utility.obj
 0003:0000002c       ___isa_enabled             1002202c     MSVCRTD:cpu_disp.obj
 0003:0000003c       ___scrt_ucrt_dll_is_in_use 1002203c     MSVCRTD:ucrt_stubs.obj
 0003:00000148       ??_R0?AVbad_array_new_length@std@@@8 10022148     sadll.obj
 0003:00000178       ??_R0?AVbad_alloc@std@@@8  10022178     sadll.obj
 0003:0000019c       ??_R0?AVexception@std@@@8  1002219c     sadll.obj
 0003:000002c0       ??_R0?AVSyncClient@@@8     100222c0     sadll.obj
 0003:000002e0       ??_R0?AVtype_info@@@8      100222e0     MSVCRTD:std_type_info_static.obj
 0003:00000400       ?MesgSlice@Autil@@3PAY0PPNM@DA 10022400     autil.obj
 0003:004ff8c0       ?SliceCount@Autil@@3HA     105218c0     autil.obj
 0003:004ff8c4       ?PersonalKey@Autil@@3PADA  105218c4     autil.obj
 0003:005ff690       ?_OptionsStorage@?1??__local_stdio_printf_options@@9@4_KA 10621690     autil.obj
 0003:005ff69c       ___@@_PchSym_@00@UfhvihUyvhgpzpplrrUwvhpglkUehPkilqvxgUhzhsUhzwooUwvyftUkxsOlyq@4B2008FD98C1DD4 1062169c     pch.obj
 0003:005ff6a0       ?g_OldWndProc@@3P6GJPAUHWND__@@IIJ@ZA 106216a0     sadll.obj
 0003:005ff6a4       ?g_MainHwnd@@3PAUHWND__@@A 106216a4     sadll.obj
 0003:005ff6a8       ?g_hGameModule@@3PAUHINSTANCE__@@A 106216a8     sadll.obj
 0003:005ff6ac       ?g_hDllModule@@3PAUHINSTANCE__@@A 106216ac     sadll.obj
 0003:005ff6b0       ?g_szGameModulePath@@3PA_WA 106216b0     sadll.obj
 0003:005ff8b8       ?g_MainThreadId@@3KA       106218b8     sadll.obj
 0003:005ff8bc       ?g_MainThreadHandle@@3PAXA 106218bc     sadll.obj
 0003:005ff8c0       ?g_ParenthWnd@@3PAUHWND__@@A 106218c0     sadll.obj
 0003:005ff8c4       ?net_readbuflen@@3HA       106218c4     sadll.obj
 0003:005ff8c8       ?net_readbuf@@3PADA        106218c8     sadll.obj
 0003:006018c8       ?rpc_linebuffer@@3PADA     106238c8     sadll.obj
 0003:006152d0       ?instance@?1??get_instance@GameService@@SAAAV2@XZ@4PAV2@A 106372d0     sadll.obj
 0003:006152d4       ?$TSS0@?1??get_instance@GameService@@SAAAV2@XZ@4HA 106372d4     sadll.obj
 0003:006152d8       ?instance@?1??getInstance@SyncClient@@CAAAV2@XZ@4PAV2@A 106372d8     sadll.obj
 0003:006152dc       ?$TSS0@?1??getInstance@SyncClient@@CAAAV2@XZ@4HA 106372dc     sadll.obj
 0003:006156cc       __tls_index                106376cc     MSVCRTD:tlssup.obj
 0003:006156e0       ___scrt_current_native_startup_state 106376e0     MSVCRTD:utility.obj
 0003:006156e4       ___scrt_native_startup_lock 106376e4     MSVCRTD:utility.obj
 0003:0061570c       ___scrt_debugger_hook_flag 1063770c     MSVCRTD:utility_desktop.obj
 0003:00615710       ___castguard_check_failure_user_handled_fptr 10637710     MSVCRTD:guard_support.obj
 0003:00615718       ?__type_info_root_node@@3U__type_info_node@@A 10637718     MSVCRTD:tncleanup.obj
 0003:00615728       ?_OptionsStorage@?1??__local_stdio_scanf_options@@9@4_KA 10637728     MSVCRTD:default_local_stdio_options.obj
 0003:0061573c       ___isa_available           1063773c     MSVCRTD:cpu_disp.obj
 0003:00615740       ___favor                   10637740     MSVCRTD:cpu_disp.obj
 0003:006157a8       ___dyn_tls_init_callback   106377a8     <common>
 0003:006157b4       ___DebuggerCurrentSteppingThreadId 106377b4     <common>
 0004:00000000       __imp__SetStdHandle@8      10638000     kernel32:KERNEL32.dll
 0004:00000004       __imp__CreateFileW@28      10638004     kernel32:KERNEL32.dll
 0004:00000008       __imp__SetLastError@4      10638008     kernel32:KERNEL32.dll
 0004:0000000c       __imp__Sleep@4             1063800c     kernel32:KERNEL32.dll
 0004:00000010       __imp__GetCurrentProcess@0 10638010     kernel32:KERNEL32.dll
 0004:00000014       __imp__GetCurrentProcessId@0 10638014     kernel32:KERNEL32.dll
 0004:00000018       __imp__SwitchToThread@0    10638018     kernel32:KERNEL32.dll
[...]
 0005:0000001d       __61CC25A1_errno@h         1063a01d     pch.obj
 0005:0000001e       __C7BF34A6_vcruntime_string@h 1063a01e     pch.obj
 0005:0000001f       __E4C945B4_corecrt_memcpy_s@h 1063a01f     pch.obj
 0005:00000020       __8EAFF484_corecrt_memory@h 1063a020     pch.obj
 0005:00000021       __6490AEC5_corecrt_wstring@h 1063a021     pch.obj
 0005:00000022       __E8295E1E_string@h        1063a022     pch.obj
 0005:00000023       __7FCB5136_guiddef@h       1063a023     pch.obj
 0005:00000024       __FF8A9E11_pshpack4@h      1063a024     pch.obj
 0005:00000025       __D5438902_poppack@h       1063a025     pch.obj
 0005:00000026       __FB07E2A3_pshpack2@h      1063a026     pch.obj
 0005:00000027       __F6906775_pshpack8@h      1063a027     pch.obj
 0005:00000028       __F9415CFA_pshpack1@h      1063a028     pch.obj
 0005:00000029       __E58C6F1C_apiset@h        1063a029     pch.obj
 0005:0000002a       __A5C52262_ktmtypes@h      1063a02a     pch.obj
 0005:0000002b       __FBBA8F9D_winnt@h         1063a02b     pch.obj
 0005:0000002c       __A32D3D2C_minwindef@h     1063a02c     pch.obj
 0005:0000002d       __7D798299_windef@h        1063a02d     pch.obj
 0005:0000002e       __9AE108E9_apisetcconv@h   1063a02e     pch.obj
 0005:0000002f       __9CE53D2C_minwinbase@h    1063a02f     pch.obj
 0005:00000030       __5D0AA210_apiquery2@h     1063a030     pch.obj
 0005:00000031       __4DD4E726_processenv@h    1063a031     pch.obj
 0005:00000032       __3575CC96_fileapi@h       1063a032     pch.obj
 0005:00000033       __8EA220E6_fileapifromapp@h 1063a033     pch.obj
 0005:00000034       __BF9B31FE_debugapi@h      1063a034     pch.obj
 0005:00000035       __C3AFE134_utilapiset@h    1063a035     pch.obj
 0005:00000036       __76F69E51_handleapi@h     1063a036     pch.obj
 0005:00000037       __7E63D784_errhandlingapi@h 1063a037     pch.obj
 0005:00000038       __FFA7003C_fibersapi@h     1063a038     pch.obj
 0005:00000039       __8971CECF_namedpipeapi@h  1063a039     pch.obj
 0005:0000003a       __46C9D8A6_profileapi@h    1063a03a     pch.obj
 0005:0000003b       __98D4F0A3_heapapi@h       1063a03b     pch.obj
 0005:0000003c       __50EF2A88_ioapiset@h      1063a03c     pch.obj
 0005:0000003d       __92EA1464_synchapi@h      1063a03d     pch.obj
 0005:0000003e       __A53D8AED_interlockedapi@h 1063a03e     pch.obj
 0005:0000003f       __B506CAAF_processthreadsapi@h 1063a03f     pch.obj
 0005:00000040       __FF735694_sysinfoapi@h    1063a040     pch.obj
 0005:00000041       __29589789_memoryapi@h     1063a041     pch.obj
 0005:00000042       __E9C7A663_enclaveapi@h    1063a042     pch.obj
 0005:00000043       __D035F9F7_threadpoollegacyapiset@h 1063a043     pch.obj
 0005:00000044       __C899130C_threadpoolapiset@h 1063a044     pch.obj
 0005:00000045       __E0441EE7_jobapi@h        1063a045     pch.obj
 0005:00000046       __CEF86838_jobapi2@h       1063a046     pch.obj
 0005:00000047       __35AC6B9A_wow64apiset@h   1063a047     pch.obj
 0005:00000048       __C8AE41A5_libloaderapi@h  1063a048     pch.obj
 0005:00000049       __CC9E232D_securitybaseapi@h 1063a049     pch.obj
 0005:0000004a       __C9D0C9B8_namespaceapi@h  1063a04a     pch.obj
 0005:0000004b       __30FF9CAD_systemtopologyapi@h 1063a04b     pch.obj
 0005:0000004c       __4D358795_processtopologyapi@h 1063a04c     pch.obj
 0005:0000004d       __40446D10_securityappcontainer@h 1063a04d     pch.obj
 0005:0000004e       __3A952EDF_realtimeapiset@h 1063a04e     pch.obj
 0005:0000004f       __F4865F4B_winerror@h      1063a04f     pch.obj
 0005:00000050       __53C1BD93_timezoneapi@h   1063a050     pch.obj
 0005:00000051       __1FFBEDBF_winbase@h       1063a051     pch.obj
 0005:00000052       __43D3FA34_wingdi@h        1063a052     pch.obj
 0005:00000053       __D24A7391_tvout@h         1063a053     pch.obj
 0005:00000054       __7713A6C8_winuser@h       1063a054     pch.obj
 0005:00000055       __0B345F71_datetimeapi@h   1063a055     pch.obj
 0005:00000056       __9AC6960C_winnls@h        1063a056     pch.obj
 0005:00000057       __973A40A8_stringapiset@h  1063a057     pch.obj
 0005:00000058       __CC46FEE2_wincontypes@h   1063a058     pch.obj
 0005:00000059       __97D70BE1_consoleapi@h    1063a059     pch.obj
 0005:0000005a       __27EC5E18_consoleapi2@h   1063a05a     pch.obj
 0005:0000005b       __262E342F_consoleapi3@h   1063a05b     pch.obj
 0005:0000005c       __641DCD70_wincon@h        1063a05c     pch.obj
 0005:0000005d       __5A96C7A7_verrsrc@h       1063a05d     pch.obj
 0005:0000005e       __B69C6FF2_winver@h        1063a05e     pch.obj
 0005:0000005f       __7AEB8C37_reason@h        1063a05f     pch.obj
 0005:00000060       __59F1A8A9_winreg@h        1063a060     pch.obj
 0005:00000061       __EE0E2B7F_wnnc@h          1063a061     pch.obj
 0005:00000062       __DCDB7054_winnetwk@h      1063a062     pch.obj
 0005:00000063       __81DDEDE3_stralign@h      1063a063     pch.obj
 0005:00000064       __2134D1B4_winsvc@h        1063a064     pch.obj
 0005:00000065       __11C07376_mcx@h           1063a065     pch.obj
 0005:00000066       __577CE3E7_ime_cmodes@h    1063a066     pch.obj
 0005:00000067       __1E72C31E_imm@h           1063a067     pch.obj
 0005:00000068       __E15BF856_windows@h       1063a068     pch.obj
 0005:00000069       __832A4112_inaddr@h        1063a069     pch.obj
 0005:0000006a       __C59B8995_ws2def@h        1063a06a     pch.obj
 0005:0000006b       __F9202461_qos@h           1063a06b     pch.obj
 0005:0000006c       __50CB22FA_WinSock2@h      1063a06c     pch.obj
 0005:0000006d       __B01BC3FD_in6addr@h       1063a06d     pch.obj
 0005:0000006e       __DEBB33B8_ws2ipdef@h      1063a06e     pch.obj
 0005:0000006f       __2A51B905_limits@h        1063a06f     pch.obj
 0005:00000070       __6AD23521_WS2tcpip@h      1063a070     pch.obj
 0005:00000071       __CDBF38D3_xkeycheck@h     1063a071     pch.obj
 0005:00000072       __B82E8187_yvals_core@h    1063a072     pch.obj
 0005:00000073       __85D44119_vcruntime_new@h 1063a073     pch.obj
 0005:00000074       __4A04F9FC_vcruntime_new_debug@h 1063a074     pch.obj
 0005:00000075       __935DC21B_crtdbg@h        1063a075     pch.obj
 0005:00000076       __7B9928CC_crtdefs@h       1063a076     pch.obj
 0005:00000077       __8E69A139_use_ansi@h      1063a077     pch.obj
 0005:00000078       __9E3F5EBE_yvals@h         1063a078     pch.obj
 0005:00000079       __369A9BC3_corecrt_wtime@h 1063a079     pch.obj
 0005:0000007a       __0A9237D2_time@h          1063a07a     pch.obj
 0005:0000007b       __7636E091_ctime           1063a07b     pch.obj
 0005:0000007c       __B9985323_float@h         1063a07c     pch.obj
 0005:0000007d       __9A0005AD_cfloat          1063a07d     pch.obj
 0005:0000007e       __AC90CAF3_climits         1063a07e     pch.obj
 0005:0000007f       __44420885_corecrt_stdio_config@h 1063a07f     pch.obj
 0005:00000080       __AB601D8D_corecrt_wstdio@h 1063a080     pch.obj
 0005:00000081       __C1EC35D3_stdio@h         1063a081     pch.obj
 0005:00000082       __E944CE2A_cstdio          1063a082     pch.obj
 0005:00000083       __EF1F6BBA_corecrt_wconio@h 1063a083     pch.obj
 0005:00000084       __3D1D430C_corecrt_wdirect@h 1063a084     pch.obj
 0005:00000085       __8ECB7138_corecrt_share@h 1063a085     pch.obj
 0005:00000086       __DB7FEBA6_corecrt_wio@h   1063a086     pch.obj
 0005:00000087       __9A9F0068_corecrt_wprocess@h 1063a087     pch.obj
 0005:00000088       __E2E33A61_corecrt_wstdlib@h 1063a088     pch.obj
 0005:00000089       __CE789B9D_types@h         1063a089     pch.obj
 0005:0000008a       __9901C817_stat@h          1063a08a     pch.obj
 0005:0000008b       __3FCAD62E_wchar@h         1063a08b     pch.obj
 0005:0000008c       __73CF1879_cwchar          1063a08c     pch.obj
 0005:0000008d       __DB641432_intrin0@inl@h   1063a08d     pch.obj
 0005:0000008e       __62B491C7_intrin0@h       1063a08e     pch.obj
 0005:0000008f       __14343ED5_isa_availability@h 1063a08f     pch.obj
 0005:00000090       __13F5961F_stddef@h        1063a090     pch.obj
 0005:00000091       __75679370_xtr1common      1063a091     pch.obj
 0005:00000092       __8DB432AC_cstddef         1063a092     pch.obj
 0005:00000093       __BB16330F_corecrt_math@h  1063a093     pch.obj
 0005:00000094       __3BF2A406_math@h          1063a094     pch.obj
 0005:00000095       __45DED006_corecrt_malloc@h 1063a095     pch.obj
 0005:00000096       __FD6DBD68_corecrt_search@h 1063a096     pch.obj
 0005:00000097       __6E5ACABA_stdlib@h        1063a097     pch.obj
 0005:00000098       __287FE801_cstdlib         1063a098     pch.obj
 0005:00000099       __2E531C5B_initializer_list 1063a099     pch.obj
 0005:0000009a       __E86DFA98_xstddef         1063a09a     pch.obj
 0005:0000009b       __FCE648C9_limits          1063a09b     pch.obj
 0005:0000009c       __9427973A_stdint@h        1063a09c     pch.obj
 0005:0000009d       __9521097C_cstdint         1063a09d     pch.obj
 0005:0000009e       __8316FE18_type_traits     1063a09e     pch.obj
 0005:0000009f       __DC36E537_ratio           1063a09f     pch.obj
 0005:000000a0       __1F726D8A_utility         1063a0a0     pch.obj
 0005:000000a1       __4E3B0C86_xtimec@h        1063a0a1     pch.obj
 0005:000000a2       __536815A4___msvc_chrono@hpp 1063a0a2     pch.obj
 0005:000000a3       __FA77ED4C_malloc@h        1063a0a3     pch.obj
 0005:000000a4       __89766DA4_corecrt_terminate@h 1063a0a4     pch.obj
 0005:000000a5       __15A429A0_eh@h            1063a0a5     pch.obj
 0005:000000a6       __42EAFCAE_vcruntime_exception@h 1063a0a6     pch.obj
 0005:000000a7       __B3C6465A_exception       1063a0a7     pch.obj
 0005:000000a8       __64ED40E1_cstring         1063a0a8     pch.obj
 0005:000000a9       __300F9D4F_iosfwd          1063a0a9     pch.obj
 0005:000000aa       __4C6B6D9A_vcruntime_typeinfo@h 1063a0aa     pch.obj
 0005:000000ab       __88201CDE_typeinfo        1063a0ab     pch.obj
 0005:000000ac       __D54891C9_new             1063a0ac     pch.obj
 0005:000000ad       __B9CACA8C_xatomic@h       1063a0ad     pch.obj
 0005:000000ae       __58858B05___msvc_iter_core@hpp 1063a0ae     pch.obj
 0005:000000af       __F8FFEFC7_xutility        1063a0af     pch.obj
 0005:000000b0       __75E70E49_xmemory         1063a0b0     pch.obj
 0005:000000b1       __40484447_memory          1063a0b1     pch.obj
 0005:000000b2       __537DDF86_vcruntime_startup@h 1063a0b2     pch.obj
 0005:000000b3       __005E73E1_corecrt_startup@h 1063a0b3     pch.obj
 0005:000000b4       __8B12B2C4_process@h       1063a0b4     pch.obj
 0005:000000b5       __16A665D8_tuple           1063a0b5     pch.obj
 0005:000000b6       __EF27968A_xthreads@h      1063a0b6     pch.obj
 0005:000000b7       __9B053CF1_thread          1063a0b7     pch.obj
 0005:000000b8       __97D3140B_atomic          1063a0b8     pch.obj
 0005:000000b9       __43E37B5E___msvc_sanitizer_annotate_container@hpp 1063a0b9     pch.obj
 0005:000000ba       __013488D5_xstring         1063a0ba     pch.obj
 0005:000000bb       __E68F298D_cctype          1063a0bb     pch.obj
 0005:000000bc       __349BC2DB_string          1063a0bc     pch.obj
 0005:000000bd       __B14B3829_vector          1063a0bd     pch.obj
 0005:000000be       __B0857C99_cmath           1063a0be     pch.obj
 0005:000000bf       __E9535887_iterator        1063a0bf     pch.obj
 0005:000000c0       __F7972D0B_share@h         1063a0c0     pch.obj
 0005:000000c1       __BF0DA2D8___msvc_system_error_abi@hpp 1063a0c1     pch.obj
 0005:000000c2       __7465BAD1_cerrno          1063a0c2     pch.obj
 0005:000000c3       __3A887C07_stdexcept       1063a0c3     pch.obj
 0005:000000c4       __FBB65FD7_xcall_once@h    1063a0c4     pch.obj
 0005:000000c5       __36AA4BB1_xerrc@h         1063a0c5     pch.obj
 0005:000000c6       __44EB4DF7_system_error    1063a0c6     pch.obj
 0005:000000c7       __6C0D1348_xfacet          1063a0c7     pch.obj
 0005:000000c8       __0E8B0509___msvc_xlocinfo_types@hpp 1063a0c8     pch.obj
 0005:000000c9       __791C33B7_locale@h        1063a0c9     pch.obj
 0005:000000ca       __BBD334D0_clocale         1063a0ca     pch.obj
 0005:000000cb       __97A9FF16_xlocinfo        1063a0cb     pch.obj
 0005:000000cc       __DE0AFCE4_xlocale         1063a0cc     pch.obj
 0005:000000cd       __AE4C8805_xiosbase        1063a0cd     pch.obj
 0005:000000ce       __3828C4BB_streambuf       1063a0ce     pch.obj
 0005:000000cf       __408D9AF3_xlocnum         1063a0cf     pch.obj
 0005:000000d0       __2D85ABDF_ios             1063a0d0     pch.obj
 0005:000000d1       __CD1A2620_ostream         1063a0d1     pch.obj
 0005:000000d2       __AECA131A_istream         1063a0d2     pch.obj
 0005:000000d3       __9A8695D8_iostream        1063a0d3     pch.obj
 0005:000000d4       __73AABCDD___msvc_int128@hpp 1063a0d4     pch.obj
 0005:000000d5       __590A048E_algorithm       1063a0d5     pch.obj
 0005:000000d6       __5A2DC2B7_xbit_ops@h      1063a0d6     pch.obj
 0005:000000d7       __BC1EAAA7_random          1063a0d7     pch.obj
 0005:000000d8       __CE9BEF67_mutex           1063a0d8     pch.obj
 0005:000000d9       __7E731E85_condition_variable 1063a0d9     pch.obj
 0005:000000da       __BC9D66EA_deque           1063a0da     pch.obj
 0005:000000db       __5FAB222B_queue           1063a0db     pch.obj
 0005:000000dc       __3201A73B_windowsx@h      1063a0dc     pch.obj
 0005:000000dd       __7DDD9F45_winioctl@h      1063a0dd     pch.obj
 0005:000000de       __60C1BB96_ntstatus@h      1063a0de     pch.obj
 0005:000000df       __8527A4A5_cfg@h           1063a0df     pch.obj
 0005:000000e0       __3C9886FD_d3dukmdt@h      1063a0e0     pch.obj
 0005:000000e1       __933B0786_d3dkmdt@h       1063a0e1     pch.obj
 0005:000000e2       __ED7C2C75_d3dkmthk@h      1063a0e2     pch.obj
 0005:000000e3       __17C221F5_lsalookup@h     1063a0e3     pch.obj
 0005:000000e4       __74EAFA7C_ntlsa@h         1063a0e4     pch.obj
 0005:000000e5       __0D771C8D_MINT@h          1063a0e5     pch.obj
 0005:000000e6       __CD0D37DF_detours@h       1063a0e6     pch.obj
 0005:000000e7       __9D20E11D_pch@h           1063a0e7     pch.obj
 0005:000000e8       __E1CC6C87_sadll@pch       1063a0e8     pch.obj
 0005:000000e9       __5B0EC4F9_pch@cpp         1063a0e9     pch.obj
 0005:00000116       __E1CC6C87_sadll@pch       1063a116     sadll.obj
 0005:00000117       __BB16330F_corecrt_math@h  1063a117     sadll.obj
 0005:00000118       __16A665D8_tuple           1063a118     sadll.obj
 0005:00000119       __B9CACA8C_xatomic@h       1063a119     sadll.obj
 0005:0000011a       __97A9FF16_xlocinfo        1063a11a     sadll.obj
 0005:0000011b       __88201CDE_typeinfo        1063a11b     sadll.obj
 0005:0000011c       __4C6B6D9A_vcruntime_typeinfo@h 1063a11c     sadll.obj
 0005:0000011d       __5B0EC4F9_pch@cpp         1063a11d     sadll.obj
 0005:0000011e       __3828C4BB_streambuf       1063a11e     sadll.obj
 0005:0000011f       __C1EC35D3_stdio@h         1063a11f     sadll.obj
 0005:00000120       __44420885_corecrt_stdio_config@h 1063a120     sadll.obj
 0005:00000121       __408D9AF3_xlocnum         1063a121     sadll.obj
 0005:00000122       __E9535887_iterator        1063a122     sadll.obj
 0005:00000123       __44EB4DF7_system_error    1063a123     sadll.obj
 0005:00000124       __3A887C07_stdexcept       1063a124     sadll.obj
 0005:00000125       __2D85ABDF_ios             1063a125     sadll.obj
 0005:00000126       __AE4C8805_xiosbase        1063a126     sadll.obj
 0005:00000127       __DE0AFCE4_xlocale         1063a127     sadll.obj
 0005:00000128       __6C0D1348_xfacet          1063a128     sadll.obj
 0005:00000129       __CD1A2620_ostream         1063a129     sadll.obj
 0005:0000012a       __40484447_memory          1063a12a     sadll.obj
 0005:0000012b       __349BC2DB_string          1063a12b     sadll.obj
 0005:0000012c       __1F726D8A_utility         1063a12c     sadll.obj
 0005:0000012d       __FCE648C9_limits          1063a12d     sadll.obj
 0005:0000012e       __B3C6465A_exception       1063a12e     sadll.obj
 0005:0000012f       __42EAFCAE_vcruntime_exception@h 1063a12f     sadll.obj
 0005:00000130       __8316FE18_type_traits     1063a130     sadll.obj
 0005:00000131       __85D44119_vcruntime_new@h 1063a131     sadll.obj
 0005:00000132       __F8FFEFC7_xutility        1063a132     sadll.obj
 0005:00000133       __75E70E49_xmemory         1063a133     sadll.obj
 0005:00000134       __013488D5_xstring         1063a134     sadll.obj
 0005:00000135       __E86DFA98_xstddef         1063a135     sadll.obj
 0005:00000136       __EF27968A_xthreads@h      1063a136     sadll.obj
 0005:00000137       __9B053CF1_thread          1063a137     sadll.obj
 0005:00000138       __E4C945B4_corecrt_memcpy_s@h 1063a138     sadll.obj
 0005:00000139       __D0F307B3_autil@h         1063a139     sadll.obj
 0005:0000013a       __6F37075B_sadll@cpp       1063a13a     sadll.obj
 0005:0000013b       __97D3140B_atomic          1063a13b     sadll.obj
 0005:0000013c       __EFCBAD69_sadll@h         1063a13c     sadll.obj
 0005:0000013d       __9D20E11D_pch@h           1063a13d     sadll.obj
 0008:00001468       ?vmread@?1??Copy0F78@CDetourDis@@IAEPAEPBUCOPYENTRY@2@PAE1@Z@4U32@B 1063e468     detours:disasm.obj
 0008:00001474       ?extrq_insertq@?1??Copy0F78@CDetourDis@@IAEPAEPBUCOPYENTRY@2@PAE1@Z@4U32@B 1063e474     detours:disasm.obj
 0008:00001480       ?other@?1??Copy0F00@CDetourDis@@IAEPAEPBUCOPYENTRY@2@PAE1@Z@4U32@B 1063e480     detours:disasm.obj
 0008:0000148c       ?jmpe@?1??Copy0F00@CDetourDis@@IAEPAEPBUCOPYENTRY@2@PAE1@Z@4U32@B 1063e48c     detours:disasm.obj
 0008:00001498       ?popcnt@?1??Copy0FB8@CDetourDis@@IAEPAEPBUCOPYENTRY@2@PAE1@Z@4U32@B 1063e498     detours:disasm.obj
 0008:000014a4       ?jmpe@?1??Copy0FB8@CDetourDis@@IAEPAEPBUCOPYENTRY@2@PAE1@Z@4U32@B 1063e4a4     detours:disasm.obj
 0008:000014b0       ?ce@?4??CopyF6@CDetourDis@@IAEPAEPBUCOPYENTRY@2@PAE1@Z@4U32@B 1063e4b0     detours:disasm.obj
 0008:000014bc       ?ce@?1??CopyF6@CDetourDis@@IAEPAEPBUCOPYENTRY@2@PAE1@Z@4U32@B 1063e4bc     detours:disasm.obj
 0008:000014c8       ?ce@?4??CopyF7@CDetourDis@@IAEPAEPBUCOPYENTRY@2@PAE1@Z@4U32@B 1063e4c8     detours:disasm.obj
 0008:000014d4       ?ce@?1??CopyF7@CDetourDis@@IAEPAEPBUCOPYENTRY@2@PAE1@Z@4U32@B 1063e4d4     detours:disasm.obj
 0008:000014e0       ?ce@?1??CopyFF@CDetourDis@@IAEPAEPBUCOPYENTRY@2@PAE1@Z@4U32@B 1063e4e0     detours:disasm.obj
 0008:000014ec       ?ceF38@?1??CopyVexEvexCommon@CDetourDis@@IAEPAEEPAE0EE@Z@4UCOPYENTRY@2@B 1063e4ec     detours:disasm.obj
 0008:000014f8       ?ceF3A@?1??CopyVexEvexCommon@CDetourDis@@IAEPAEEPAE0EE@Z@4UCOPYENTRY@2@B 1063e4f8     detours:disasm.obj
 0008:00001504       ?ceInvalid@?1??CopyVexEvexCommon@CDetourDis@@IAEPAEEPAE0EE@Z@4UCOPYENTRY@2@B 1063e504     detours:disasm.obj
 0008:00001510       ?ceLES@?1??CopyVex3@CDetourDis@@IAEPAEPBUCOPYENTRY@2@PAE1@Z@4U32@B 1063e510     detours:disasm.obj
 0008:0000151c       ?ceLDS@?1??CopyVex2@CDetourDis@@IAEPAEPBUCOPYENTRY@2@PAE1@Z@4U32@B 1063e51c     detours:disasm.obj
 0008:00001528       ?ceBound@?1??CopyEvex@CDetourDis@@IAEPAEPBUCOPYENTRY@2@PAE1@Z@4U32@B 1063e528     detours:disasm.obj
 0008:00001534       ?ceInvalid@?1??CopyEvex@CDetourDis@@IAEPAEPBUCOPYENTRY@2@PAE1@Z@4U32@B 1063e534     detours:disasm.obj
 0008:00001540       ?cePop@?1??CopyXop@CDetourDis@@IAEPAEPBUCOPYENTRY@2@PAE1@Z@4U32@B 1063e540     detours:disasm.obj
 0008:0000154c       ?ceXop@?1??CopyXop@CDetourDis@@IAEPAEPBUCOPYENTRY@2@PAE1@Z@4U32@B 1063e54c     detours:disasm.obj
 0008:00001558       ?ceXop1@?1??CopyXop@CDetourDis@@IAEPAEPBUCOPYENTRY@2@PAE1@Z@4U32@B 1063e558     detours:disasm.obj
 0008:00001564       ?ceXop4@?1??CopyXop@CDetourDis@@IAEPAEPBUCOPYENTRY@2@PAE1@Z@4U32@B 1063e564     detours:disasm.obj
 000a:00000170       $R000000                   10640170     * linker generated manifest res *

 Exports

  ordinal    name

