 sadll

 Timestamp is 6482f495 (Fri Jun  9 17:44:53 2023)

 Preferred load address is 10000000

 Start         Length     Name                   Class
 0001:00000000 00019d10H .text$mn                CODE
 0001:00019d10 00001c8fH .text$x                 CODE
 0002:00000000 00000104H .CRT$XCA                DATA
 0002:00000104 00000104H .CRT$XCZ                DATA
 0002:00000208 00000104H .CRT$XIA                DATA
 0002:0000030c 00000104H .CRT$XIC                DATA
 0002:00000410 00000104H .CRT$XIZ                DATA
 0002:00000514 00000004H .CRT$XLA                DATA
 0002:00000518 00000004H .CRT$XLZ                DATA
 0002:0000051c 00000104H .CRT$XPA                DATA
 0002:00000620 00000104H .CRT$XPZ                DATA
 0002:00000724 00000104H .CRT$XTA                DATA
 0002:00000828 00000108H .CRT$XTZ                DATA
 0002:00000930 00001e90H .rdata                  DATA
 0002:000027c0 00000180H .rdata$CastGuardVftablesA DATA
 0002:00002940 0000014cH .rdata$CastGuardVftablesC DATA
 0002:00002a8c 0000011cH .rdata$T                DATA
 0002:00002ba8 000002ccH .rdata$r                DATA
 0002:00002e74 000001ecH .rdata$sxdata           DATA
 0002:00003060 00000184H .rdata$zzzdbg           DATA
 0002:000031e4 00000104H .rtc$IAA                DATA
 0002:000032e8 00000110H .rtc$IMZ                DATA
 0002:000033f8 00000104H .rtc$IZZ                DATA
 0002:000034fc 00000104H .rtc$TAA                DATA
 0002:00003600 00000110H .rtc$TMZ                DATA
 0002:00003710 00000108H .rtc$TZZ                DATA
 0002:00003818 00000e21H .xdata$x                DATA
 0002:00004639 00000000H .edata                  DATA
 0003:00000000 00000148H .data                   DATA
 0003:00000148 00000178H .data$r                 DATA
 0003:000002c0 00000140H .data$rs                DATA
 0003:00000400 006153c0H .bss                    DATA
 0004:00000000 00000428H .idata$5                DATA
 0004:00000428 0000008cH .idata$2                DATA
 0004:000004b4 00000014H .idata$3                DATA
 0004:000004c8 00000428H .idata$4                DATA
 0004:000008f0 000012edH .idata$6                DATA
 0005:00000000 00000247H .msvcjmc                DATA
 0006:00000000 00000104H .tls                    DATA
 0006:00000104 00000104H .tls$                   DATA
 0006:00000208 00000101H .tls$ZZZ                DATA
 0007:00000000 0000010eH .00cfg                  DATA
 0008:00000000 00001687H .detourc                DATA
 0009:00000000 0000010eH .detourd                DATA
 000a:00000000 00000170H .rsrc$01                DATA
 000a:00000170 000002d6H .rsrc$02                DATA

  Address         Publics by Value              Rva+Base       Lib:Object

 0000:00000000       ___AbsoluteZero            00000000     <absolute>
 0000:00000000       ___arm64x_extra_rfe_table  00000000     <absolute>
 0000:00000000       ___arm64x_extra_rfe_table_size 00000000     <absolute>
 0000:00000000       ___arm64x_native_entrypoint 00000000     <absolute>
 0000:00000000       ___arm64x_redirection_metadata 00000000     <absolute>
 0000:00000000       ___arm64x_redirection_metadata_count 00000000     <absolute>
 0000:00000000       ___dynamic_value_reloc_table 00000000     <absolute>
 0000:00000000       ___enclave_config          00000000     <absolute>
 0000:00000000       ___guard_check_icall_a64n_fptr 00000000     <absolute>
 0000:00000000       ___guard_eh_cont_count     00000000     <absolute>
 0000:00000000       ___guard_eh_cont_table     00000000     <absolute>
 0000:00000000       ___guard_fids_count        00000000     <absolute>
 0000:00000000       ___guard_fids_table        00000000     <absolute>
 0000:00000000       ___guard_iat_count         00000000     <absolute>
 0000:00000000       ___guard_iat_table         00000000     <absolute>
 0000:00000000       ___guard_longjmp_count     00000000     <absolute>
 0000:00000000       ___guard_longjmp_table     00000000     <absolute>
 0000:00000000       ___hybrid_auxiliary_delayload_iat 00000000     <absolute>
 0000:00000000       ___hybrid_auxiliary_delayload_iat_copy 00000000     <absolute>
 0000:00000000       ___hybrid_auxiliary_iat    00000000     <absolute>
 0000:00000000       ___hybrid_auxiliary_iat_copy 00000000     <absolute>
 0000:00000000       ___hybrid_code_map         00000000     <absolute>
 0000:00000000       ___hybrid_code_map_count   00000000     <absolute>
 0000:00000000       ___volatile_metadata       00000000     <absolute>
 0000:00000000       ___x64_code_ranges_to_entry_points 00000000     <absolute>
 0000:00000000       ___x64_code_ranges_to_entry_points_count 00000000     <absolute>
 0000:0000002c       __tls_array                0000002c     <absolute>
 0000:00000031       ___safe_se_handler_count   00000031     <absolute>
 0000:00000100       ___guard_flags             00000100     <absolute>
 0000:00000000       ___ImageBase               10000000     <linker-defined>
 0001:00001270       ?util_Init@Autil@@YIXXZ    10002270 f   autil.obj
 0001:000012b0       ?util_Release@Autil@@YIXXZ 100022b0 f   autil.obj
 0001:000012f0       ?util_SplitMessage@Autil@@YI_NPADI0@Z 100022f0 f   autil.obj
 0001:00001400       ?util_EncodeMessage@Autil@@YIXPADI0@Z 10002400 f   autil.obj
 0001:000015f0       ?util_DecodeMessage@Autil@@YIXPADI0@Z 100025f0 f   autil.obj
 0001:000017f0       ?util_GetFunctionFromSlice@Autil@@YIHPAH0@Z 100027f0 f   autil.obj
 0001:00001950       ?util_DiscardMessage@Autil@@YIXXZ 10002950 f   autil.obj
 0001:00001970       ?util_SendMesg@Autil@@YIXHHPAD@Z 10002970 f   autil.obj
 0001:000019b0       ?util_256to64@Autil@@YIHPAD0H0@Z 100029b0 f   autil.obj
 0001:00001b00       ?util_64to256@Autil@@YIHPAD00@Z 10002b00 f   autil.obj
 0001:00001ca0       ?util_256to64_shr@Autil@@YIHPAD0H00@Z 10002ca0 f   autil.obj
 0001:00001e80       ?util_shl_64to256@Autil@@YIHPAD000@Z 10002e80 f   autil.obj
 0001:000020c0       ?util_256to64_shl@Autil@@YIHPAD0H00@Z 100030c0 f   autil.obj
 0001:000022b0       ?util_shr_64to256@Autil@@YIHPAD000@Z 100032b0 f   autil.obj
 0001:000024d0       ?util_swapint@Autil@@YIXPAH0PAD@Z 100034d0 f   autil.obj
 0001:00002550       ?util_xorstring@Autil@@YIXPAD0@Z 10003550 f   autil.obj
 0001:000025e0       ?util_shrstring@Autil@@YIXPADI0H@Z 100035e0 f   autil.obj
 0001:000026e0       ?util_shlstring@Autil@@YIXPADI0H@Z 100036e0 f   autil.obj
 0001:000027c0       ?util_deint@Autil@@YIHHPAH@Z 100037c0 f   autil.obj
 0001:000028d0       ?util_mkint@Autil@@YIHPADH@Z 100038d0 f   autil.obj
 0001:00002a30       ?util_destring@Autil@@YIHHPAD@Z 10003a30 f   autil.obj
 0001:00002a90       ?util_mkstring@Autil@@YIHPAD0@Z 10003a90 f   autil.obj
 0001:000031f0       ??$?RV?$mersenne_twister_engine@I$0CA@$0CHA@$0BIN@$0BP@$0JJAILANP@$0L@$0PPPPPPPP@$06$0JNCMFGIA@$0P@$0OPMGAAAA@$0BC@$0GMAHIJGF@@std@@@?$uniform_int@H@std@@QAEHAAV?$mersenne_twister_engine@I$0CA@$0CHA@$0BIN@$0BP@$0JJAILANP@$0L@$0PPPPPPPP@$06$0JNCMFGIA@$0P@$0OPMGAAAA@$0BC@$0GMAHIJGF@@1@@Z 100041f0 f i autil.obj
 0001:00003250       ??$_Eval@V?$mersenne_twister_engine@I$0CA@$0CHA@$0BIN@$0BP@$0JJAILANP@$0L@$0PPPPPPPP@$06$0JNCMFGIA@$0P@$0OPMGAAAA@$0BC@$0GMAHIJGF@@std@@@?$uniform_int@H@std@@ABEHAAV?$mersenne_twister_engine@I$0CA@$0CHA@$0BIN@$0BP@$0JJAILANP@$0L@$0PPPPPPPP@$06$0JNCMFGIA@$0P@$0OPMGAAAA@$0BC@$0GMAHIJGF@@1@HH@Z 10004250 f i autil.obj
 0001:00003380       ??$strcat_s@$0PPNM@@@YAHAAY0PPNM@DPBD@Z 10004380 f i autil.obj
 0001:000033d0       ??$strncpy_s@$0BAAA@@@YAHAAY0BAAA@DPBDI@Z 100043d0 f i autil.obj
 0001:00003420       ??0?$_Rng_from_urng_v2@IV?$mersenne_twister_engine@I$0CA@$0CHA@$0BIN@$0BP@$0JJAILANP@$0L@$0PPPPPPPP@$06$0JNCMFGIA@$0P@$0OPMGAAAA@$0BC@$0GMAHIJGF@@std@@@std@@QAE@AAV?$mersenne_twister_engine@I$0CA@$0CHA@$0BIN@$0BP@$0JJAILANP@$0L@$0PPPPPPPP@$06$0JNCMFGIA@$0P@$0OPMGAAAA@$0BC@$0GMAHIJGF@@1@@Z 10004420 f i autil.obj
 0001:00003460       ??0?$mersenne_twister@I$0CA@$0CHA@$0BIN@$0BP@$0JJAILANP@$0L@$06$0JNCMFGIA@$0P@$0OPMGAAAA@$0BC@@std@@QAE@III@Z 10004460 f i autil.obj
 0001:000034c0       ??0?$mersenne_twister_engine@I$0CA@$0CHA@$0BIN@$0BP@$0JJAILANP@$0L@$0PPPPPPPP@$06$0JNCMFGIA@$0P@$0OPMGAAAA@$0BC@$0GMAHIJGF@@std@@QAE@I@Z 100044c0 f i autil.obj
 0001:00003510       ??0?$uniform_int@H@std@@QAE@HH@Z 10004510 f i autil.obj
 0001:00003560       ??0?$uniform_int_distribution@H@std@@QAE@HH@Z 10004560 f i autil.obj
 0001:000035b0       ??0param_type@?$uniform_int@H@std@@QAE@HH@Z 100045b0 f i autil.obj
 0001:00003600       ??0random_device@std@@QAE@XZ 10004600 f i autil.obj
 0001:00003640       ??R?$_Rng_from_urng_v2@IV?$mersenne_twister_engine@I$0CA@$0CHA@$0BIN@$0BP@$0JJAILANP@$0L@$0PPPPPPPP@$06$0JNCMFGIA@$0P@$0OPMGAAAA@$0BC@$0GMAHIJGF@@std@@@std@@QAEII@Z 10004640 f i autil.obj
 0001:00003740       ??R?$mersenne_twister@I$0CA@$0CHA@$0BIN@$0BP@$0JJAILANP@$0L@$06$0JNCMFGIA@$0P@$0OPMGAAAA@$0BC@@std@@QAEIXZ 10004740 f i autil.obj
 0001:00003830       ??Rrandom_device@std@@QAEIXZ 10004830 f i autil.obj
 0001:00003870       ?_Adjust@?$uniform_int@H@std@@CAII@Z 10004870 f i autil.obj
 0001:000038d0       ?_Get_all_bits@?$_Rng_from_urng_v2@IV?$mersenne_twister_engine@I$0CA@$0CHA@$0BIN@$0BP@$0JJAILANP@$0L@$0PPPPPPPP@$06$0JNCMFGIA@$0P@$0OPMGAAAA@$0BC@$0GMAHIJGF@@std@@@std@@QAEIXZ 100048d0 f i autil.obj
 0001:00003920       ?_Get_bits@?$_Rng_from_urng_v2@IV?$mersenne_twister_engine@I$0CA@$0CHA@$0BIN@$0BP@$0JJAILANP@$0L@$0PPPPPPPP@$06$0JNCMFGIA@$0P@$0OPMGAAAA@$0BC@$0GMAHIJGF@@std@@@std@@AAEIXZ 10004920 f i autil.obj
 0001:00003980       ?_Get_random_product@?$_Rng_from_urng_v2@IV?$mersenne_twister_engine@I$0CA@$0CHA@$0BIN@$0BP@$0JJAILANP@$0L@$0PPPPPPPP@$06$0JNCMFGIA@$0P@$0OPMGAAAA@$0BC@$0GMAHIJGF@@std@@@std@@AAE_KII@Z 10004980 f i autil.obj
 0001:000039e0       ?_Init@param_type@?$uniform_int@H@std@@QAEXHH@Z 100049e0 f i autil.obj
 0001:00003ab0       ?_Refill_lower@?$mersenne_twister@I$0CA@$0CHA@$0BIN@$0BP@$0JJAILANP@$0L@$06$0JNCMFGIA@$0P@$0OPMGAAAA@$0BC@@std@@IAEXXZ 10004ab0 f i autil.obj
 0001:00003cf0       ?_Refill_upper@?$mersenne_twister@I$0CA@$0CHA@$0BIN@$0BP@$0JJAILANP@$0L@$06$0JNCMFGIA@$0P@$0OPMGAAAA@$0BC@@std@@IAEXXZ 10004cf0 f i autil.obj
 0001:00003dd0       ?__empty_global_delete@@YAXPAX@Z 10004dd0 f i autil.obj
 0001:00003df0       ?__empty_global_delete@@YAXPAXI@Z 10004df0 f i autil.obj
 0001:00003e10       ?seed@?$mersenne_twister@I$0CA@$0CHA@$0BIN@$0BP@$0JJAILANP@$0L@$06$0JNCMFGIA@$0P@$0OPMGAAAA@$0BC@@std@@QAEXII@Z 10004e10 f i autil.obj
 0001:00003ed0       ?strstr@@YAPADQADQBD@Z     10004ed0 f i autil.obj
 0001:00003f00       __JustMyCode_Default       10004f00 f i autil.obj
 0001:00003f10       ___local_stdio_printf_options 10004f10 f i autil.obj
 0001:00003f40       __snprintf_s               10004f40 f i autil.obj
 0001:00003fc0       __vsnprintf_s_l            10004fc0 f i autil.obj
 0001:000041e0       ?IsCurrentWindow@util@@YG_NQAUHWND__@@@Z 100051e0 f   sadll.obj
 0001:00004240       ?EnumWindowsCallback@util@@YGHPAUHWND__@@J@Z 10005240 f   sadll.obj
 0001:00004310       ?FindCurrentWindow@util@@YGPAUHWND__@@K@Z 10005310 f   sadll.obj
 0001:000043c0       ?GetCurrentWindowHandle@util@@YGPAUHWND__@@XZ 100053c0 f   sadll.obj
 0001:00004420       ?initialize@GameService@@QAGXG@Z 10005420 f   sadll.obj
 0001:00004830       ?uninitialize@GameService@@QAGXXZ 10005830 f   sadll.obj
 0001:00004950       ?WM_EnableEffect@GameService@@QAGX_N@Z 10005950 f   sadll.obj
 0001:00004a50       ?WM_EnablePlayerShow@GameService@@QAGX_N@Z 10005a50 f   sadll.obj
 0001:00004b20       ?WM_SetTimeLock@GameService@@QAGX_NH@Z 10005b20 f   sadll.obj
 0001:00004cf0       ?WM_EnableSound@GameService@@QAGX_N@Z 10005cf0 f   sadll.obj
 0001:00004db0       ?WM_EnableImageLock@GameService@@QAGX_N@Z 10005db0 f   sadll.obj
 0001:00004e10       ?WM_EnablePassWall@GameService@@QAGX_N@Z 10005e10 f   sadll.obj
 0001:00004e70       ?WM_EnableFastWalk@GameService@@QAGX_N@Z 10005e70 f   sadll.obj
 0001:00004ed0       ?WM_SetBoostSpeed@GameService@@QAGX_NH@Z 10005ed0 f   sadll.obj
 0001:00004f70       ?WM_EnableMoveLock@GameService@@QAGX_N@Z 10005f70 f   sadll.obj
 0001:00004fd0       ?WM_MuteSound@GameService@@QAGX_N@Z 10005fd0 f   sadll.obj
 0001:00005000       ?WM_BattleTimeExtend@GameService@@QAGX_N@Z 10006000 f   sadll.obj
 0001:00005050       ?WM_EnableBattleDialog@GameService@@QAGX_N@Z 10006050 f   sadll.obj
 0001:000050c0       ?WM_SetGameStatus@GameService@@QAGXH@Z 100060c0 f   sadll.obj
 0001:00005110       ?WM_Announce@GameService@@QAGXPADH@Z 10006110 f   sadll.obj
 0001:00005160       ?WM_Move@GameService@@QAGXHH@Z 10006160 f   sadll.obj
 0001:000051e0       ?WM_DistoryDialog@GameService@@QAGXXZ 100061e0 f   sadll.obj
 0001:00005260       ?WM_CleanChatHistory@GameService@@QAGXXZ 10006260 f   sadll.obj
 0001:00005310       ?New_socket@GameService@@QAGIHHH@Z 10006310 f   sadll.obj
 0001:00005360       ?New_WSARecv@GameService@@QAGHIPAU_WSABUF@@KPAK1PAU_OVERLAPPED@@P6GXKK2K@Z@Z 10006360 f   sadll.obj
 0001:000053c0       ?New_closesocket@GameService@@QAGHI@Z 100063c0 f   sadll.obj
 0001:00005410       ?New_send@GameService@@QAGHIPBDHH@Z 10006410 f   sadll.obj
 0001:00005460       ?New_recv@GameService@@QAGHIPADHH@Z 10006460 f   sadll.obj
 0001:00005720       ?New_SetWindowTextA@GameService@@QAGHPAUHWND__@@PBD@Z 10006720 f   sadll.obj
 0001:00005740       ?New_PlaySound@GameService@@QAGXHHH@Z 10006740 f   sadll.obj
 0001:00005790       ?New_BattleProc@GameService@@QAGXXZ 10006790 f   sadll.obj
 0001:000057d0       ?New_BattleCommandReady@GameService@@QAGXXZ 100067d0 f   sadll.obj
 0001:00005800       ?New_TimeProc@GameService@@QAGXH@Z 10006800 f   sadll.obj
 0001:00005840       ?New_lssproto_EN_recv@GameService@@QAGXHHH@Z 10006840 f   sadll.obj
 0001:00005890       ?clearNetBuffer@GameService@@AAGXXZ 10006890 f   sadll.obj
 0001:000058e0       ?appendReadBuf@GameService@@AAGHPADH@Z 100068e0 f   sadll.obj
 0001:00005940       ?shiftReadBuf@GameService@@AAGHH@Z 10006940 f   sadll.obj
 0001:000059c0       ?getLineFromReadBuf@GameService@@AAGHPADH@Z 100069c0 f   sadll.obj
 0001:00005b00       ?hideModule@GameService@@AAGXPAUHINSTANCE__@@@Z 10006b00 f   sadll.obj
 0001:00005ca0       ?CreateConsole@@YGXXZ      10006ca0 f   sadll.obj
 0001:00005f90       ?WndProc@@YGJPAUHWND__@@KJJ@Z 10006f90 f   sadll.obj
 0001:000064a0       _DllMain@12                100074a0 f   sadll.obj
 0001:00006670       _New_socket@12             10007670 f   sadll.obj
 0001:000066c0       _New_send@16               100076c0 f   sadll.obj
 0001:00006710       _New_recv@16               10007710 f   sadll.obj
 0001:00006760       _New_WSARecv@28            10007760 f   sadll.obj
 0001:000067c0       _New_closesocket@4         100077c0 f   sadll.obj
 0001:00006800       _New_Sleep@4               10007800 f   sadll.obj
 0001:00006860       _New_SetWindowTextA@8      10007860 f   sadll.obj
 0001:000068a0       _New_PlaySound             100078a0 f   sadll.obj
 0001:000068e0       _New_BattleProc            100078e0 f   sadll.obj
 0001:00006920       _New_BattleCommandReady    10007920 f   sadll.obj
 0001:00006960       _New_TimeProc              10007960 f   sadll.obj
 0001:000069a0       _New_lssproto_EN_recv      100079a0 f   sadll.obj
 0001:000069e0       ?SaDispatchMessage@@YGHHPAD@Z 100079e0 f   sadll.obj
 0001:00007a60       ??$?0$$V@?$_Compressed_pair@U?$default_delete@VSyncClient@@@std@@PAVSyncClient@@$00@std@@QAE@U_Zero_then_variadic_args_t@1@@Z 10008a60 f i sadll.obj
 0001:00007ab0       ??$?0$$V@?$_Compressed_pair@V?$allocator@D@std@@V?$_String_val@U?$_Simple_types@D@std@@@2@$00@std@@QAE@U_Zero_then_variadic_args_t@1@@Z 10008ab0 f i sadll.obj
 0001:00007b40       ??$?0AAPAD@?$_Compressed_pair@U?$default_delete@$$BY0A@D@std@@PAD$00@std@@QAE@U_Zero_then_variadic_args_t@1@AAPAD@Z 10008b40 f i sadll.obj
 0001:00007be0       ??$?0ABV?$allocator@D@std@@$$V@?$_Compressed_pair@V?$allocator@D@std@@V?$_String_val@U?$_Simple_types@D@std@@@2@$00@std@@QAE@U_One_then_variadic_args_t@1@ABV?$allocator@D@1@@Z 10008be0 f i sadll.obj
 0001:00007c70       ??$?0D@?$allocator@U_Container_proxy@std@@@std@@QAE@ABV?$allocator@D@1@@Z 10008c70 f i sadll.obj
 0001:00007cb0       ??$?0PAD$0A@@?$basic_string@DU?$char_traits@D@std@@V?$allocator@D@2@@std@@QAE@PAD0ABV?$allocator@D@1@@Z 10008cb0 f i sadll.obj
 0001:00007df0       ??$?0PADU?$default_delete@$$BY0A@D@std@@$0A@$0A@@?$unique_ptr@$$BY0A@DU?$default_delete@$$BY0A@D@std@@@std@@QAE@PAD@Z 10008df0 f i sadll.obj
 0001:00007f80       ??$?0U?$default_delete@VSyncClient@@@std@@$0A@@?$unique_ptr@VSyncClient@@U?$default_delete@VSyncClient@@@std@@@std@@QAE@$$T@Z 10008f80 f i sadll.obj
 0001:00007fe0       ??$?0U_Exact_args_t@std@@$0A@@?$tuple@$$V@std@@QAE@U_Exact_args_t@1@@Z 10008fe0 f i sadll.obj
 0001:000081b0       ??$?6DU?$char_traits@D@std@@V?$allocator@D@1@@std@@YAAAV?$basic_ostream@DU?$char_traits@D@std@@@0@AAV10@ABV?$basic_string@DU?$char_traits@D@std@@V?$allocator@D@2@@0@@Z 100091b0 f i sadll.obj
 0001:00008200       ??$?6U?$char_traits@D@std@@@std@@YAAAV?$basic_ostream@DU?$char_traits@D@std@@@0@AAV10@PBD@Z 10009200 f i sadll.obj
 0001:000086e0       ??$?8VSyncClient@@U?$default_delete@VSyncClient@@@std@@@std@@YA_N$$TABV?$unique_ptr@VSyncClient@@U?$default_delete@VSyncClient@@@std@@@0@@Z 100096e0 f i sadll.obj
 0001:00008740       ??$?8VSyncClient@@U?$default_delete@VSyncClient@@@std@@@std@@YA_NABV?$unique_ptr@VSyncClient@@U?$default_delete@VSyncClient@@@std@@@0@$$T@Z 10009740 f i sadll.obj
 0001:000087a0       ??$?9VSyncClient@@U?$default_delete@VSyncClient@@@std@@@std@@YA_NABV?$unique_ptr@VSyncClient@@U?$default_delete@VSyncClient@@@std@@@0@$$T@Z 100097a0 f i sadll.obj
 0001:00008810       ??$?RD$0A@@?$default_delete@$$BY0A@D@std@@QBEXPAD@Z 10009810 f i sadll.obj
 0001:00008890       ??$CONVERT_GAMEVAR@K@@YGKK@Z 10009890 f i sadll.obj
 0001:000088c0       ??$CONVERT_GAMEVAR@P6AXH@Z@@YGP6AXH@ZK@Z 100098c0 f i sadll.obj
 0001:000088f0       ??$CONVERT_GAMEVAR@P6AXHHH@Z@@YGP6AXHHH@ZK@Z 100098f0 f i sadll.obj
 0001:00008920       ??$CONVERT_GAMEVAR@P6AXPADH@Z@@YGP6AXPADH@ZK@Z 10009920 f i sadll.obj
 0001:00008950       ??$CONVERT_GAMEVAR@P6AXXZ@@YGP6AXXZK@Z 10009950 f i sadll.obj
 0001:00008980       ??$CONVERT_GAMEVAR@P6GHI@Z@@YGP6GHI@ZK@Z 10009980 f i sadll.obj
 0001:000089b0       ??$CONVERT_GAMEVAR@P6GHIPADHH@Z@@YGP6GHIPADHH@ZK@Z 100099b0 f i sadll.obj
 0001:000089e0       ??$CONVERT_GAMEVAR@P6GHIPBDHH@Z@@YGP6GHIPBDHH@ZK@Z 100099e0 f i sadll.obj
 0001:00008a10       ??$CONVERT_GAMEVAR@P6GIHHH@Z@@YGP6GIHHH@ZK@Z 10009a10 f i sadll.obj
 0001:00008a40       ??$CONVERT_GAMEVAR@PAD@@YGPADK@Z 10009a40 f i sadll.obj
 0001:00008a70       ??$CONVERT_GAMEVAR@PAH@@YGPAHK@Z 10009a70 f i sadll.obj
 0001:00008aa0       ??$CONVERT_GAMEVAR@PAK@@YGPAKK@Z 10009aa0 f i sadll.obj
 0001:00008ad0       ??$MemoryMove@K$$CBD@util@@YGXKPBDI@Z 10009ad0 f i sadll.obj
 0001:00008be0       ??$_Adl_verify_range@PADPAD@std@@YAXABQAD0@Z 10009be0 f i sadll.obj
 0001:00008c20       ??$_Alloc_proxy@V?$allocator@U_Container_proxy@std@@@std@@@_Container_base12@std@@QAEX$$QAV?$allocator@U_Container_proxy@std@@@1@@Z 10009c20 f i sadll.obj
 0001:00008cc0       ??$_Allocate@$07U_Default_allocate_traits@std@@$0A@@std@@YAPAXI@Z 10009cc0 f i sadll.obj
 0001:00008d20       ??$_Allocate_manually_vector_aligned@U_Default_allocate_traits@std@@@std@@YAPAXI@Z 10009d20 f i sadll.obj
 0001:00008e60       ??$_Atomic_address_as@DU?$_Atomic_padded@_N@std@@@std@@YAPCDAAU?$_Atomic_padded@_N@0@@Z 10009e60 f i sadll.obj
 0001:00008e80       ??$_Atomic_address_as@DU?$_Atomic_padded@_N@std@@@std@@YAPDDABU?$_Atomic_padded@_N@0@@Z 10009e80 f i sadll.obj
 0001:00008ea0       ??$_Atomic_reinterpret_as@D_N@std@@YADAB_N@Z 10009ea0 f i sadll.obj
 0001:00008ed0       ??$_Construct@$00PAD@?$basic_string@DU?$char_traits@D@std@@V?$allocator@D@2@@std@@AAEXQADI@Z 10009ed0 f i sadll.obj
 0001:000091a0       ??$_Construct@$00PBD@?$basic_string@DU?$char_traits@D@std@@V?$allocator@D@2@@std@@AAEXQBDI@Z 1000a1a0 f i sadll.obj
 0001:00009470       ??$_Construct_in_place@PADABQAD@std@@YAXAAPADABQAD@Z 1000a470 f i sadll.obj
 0001:000094e0       ??$_Construct_in_place@U_Container_proxy@std@@PAU_Container_base12@2@@std@@YAXAAU_Container_proxy@0@$$QAPAU_Container_base12@0@@Z 1000a4e0 f i sadll.obj
 0001:00009550       ??$_Convert_size@II@std@@YAII@Z 1000a550 f i sadll.obj
 0001:00009570       ??$_Deallocate@$07$0A@@std@@YAXPAXI@Z 1000a570 f i sadll.obj
 0001:00009600       ??$_Deallocate_plain@V?$allocator@U_Container_proxy@std@@@std@@@std@@YAXAAV?$allocator@U_Container_proxy@std@@@0@QAU_Container_proxy@0@@Z 1000a600 f i sadll.obj
 0001:00009680       ??$_Delete_plain_internal@V?$allocator@U_Container_proxy@std@@@std@@@std@@YAXAAV?$allocator@U_Container_proxy@std@@@0@QAU_Container_proxy@0@@Z 1000a680 f i sadll.obj
 0001:000096b0       ??$_Destroy_in_place@PAD@std@@YAXAAPAD@Z 1000a6b0 f i sadll.obj
 0001:000096d0       ??$_Get_size_of_n@$00@std@@YAII@Z 1000a6d0 f i sadll.obj
 0001:00009710       ??$_Get_size_of_n@$07@std@@YAII@Z 1000a710 f i sadll.obj
 0001:00009770       ??$_Get_unwrapped@AAPAD@std@@YA?A_TAAPAD@Z 1000a770 f i sadll.obj
 0001:000097a0       ??$_Insert_string@DU?$char_traits@D@std@@I@std@@YAAAV?$basic_ostream@DU?$char_traits@D@std@@@0@AAV10@QBDI@Z 1000a7a0 f i sadll.obj
 0001:00009c10       ??$_Integral_to_string@DH@std@@YA?AV?$basic_string@DU?$char_traits@D@std@@V?$allocator@D@2@@0@H@Z 1000ac10 f i sadll.obj
 0001:0000a080       ??$_UIntegral_to_buff@DI@std@@YAPADPADI@Z 1000b080 f i sadll.obj
 0001:0000a110       ??$_Unfancy@D@std@@YAPADPAD@Z 1000b110 f i sadll.obj
 0001:0000a130       ??$_Unfancy@U_Container_proxy@std@@@std@@YAPAU_Container_proxy@0@PAU10@@Z 1000b130 f i sadll.obj
 0001:0000a150       ??$_Verify_range@D@std@@YAXQBD0@Z 1000b150 f i sadll.obj
 0001:0000a240       ??$_Voidify_iter@PAPAD@std@@YAPAXPAPAD@Z 1000b240 f i sadll.obj
 0001:0000a260       ??$_Voidify_iter@PAU_Container_proxy@std@@@std@@YAPAXPAU_Container_proxy@0@@Z 1000b260 f i sadll.obj
 0001:0000a280       ??$addressof@PAD@std@@YAPAPADAAPAD@Z 1000b280 f i sadll.obj
 0001:0000a2a0       ??$addressof@U_Container_base12@std@@@std@@YAPAU_Container_base12@0@AAU10@@Z 1000b2a0 f i sadll.obj
 0001:0000a2c0       ??$addressof@U_Container_proxy@std@@@std@@YAPAU_Container_proxy@0@AAU10@@Z 1000b2c0 f i sadll.obj
 0001:0000a2e0       ??$end@D$0BF@@std@@YAPADAAY0BF@D@Z 1000b2e0 f i sadll.obj
 0001:0000a310       ??$endl@DU?$char_traits@D@std@@@std@@YAAAV?$basic_ostream@DU?$char_traits@D@std@@@0@AAV10@@Z 1000b310 f i sadll.obj
 0001:0000a390       ??$exchange@PAU_Iterator_base12@std@@$$T@std@@YAPAU_Iterator_base12@0@AAPAU10@$$QA$$T@Z 1000b390 f i sadll.obj
 0001:0000a430       ??$exchange@PAVSyncClient@@AAPAV1@@std@@YAPAVSyncClient@@AAPAV1@0@Z 1000b430 f i sadll.obj
 0001:0000a5e0       ??$max@I@std@@YAABIABI0@Z  1000b5e0 f i sadll.obj
 0001:0000a650       ??$min@I@std@@YAABIABI0@Z  1000b650 f i sadll.obj
 0001:0000a6c0       ??0?$_Atomic_storage@_N$00@std@@QAE@_N@Z 1000b6c0 f i sadll.obj
 0001:0000a700       ??0?$_Container_proxy_ptr12@V?$allocator@U_Container_proxy@std@@@std@@@std@@QAE@AAV?$allocator@U_Container_proxy@std@@@1@AAU_Container_base12@1@@Z 1000b700 f i sadll.obj
 0001:0000a7b0       ??0?$_String_val@U?$_Simple_types@D@std@@@std@@QAE@XZ 1000b7b0 f i sadll.obj
 0001:0000a860       ??0?$allocator@D@std@@QAE@XZ 1000b860 f i sadll.obj
 0001:0000a8a0       ??0?$atomic@_N@std@@QAE@_N@Z 1000b8a0 f i sadll.obj
 0001:0000a8e0       ??0?$basic_string@DU?$char_traits@D@std@@V?$allocator@D@2@@std@@QAE@QBD@Z 1000b8e0 f i sadll.obj
 0001:0000a9b0       ??0GameService@@QAE@XZ     1000b9b0 f i sadll.obj
 0001:0000ab40       ??0SyncClient@@QAE@XZ      1000bb40 f i sadll.obj
 0001:0000ac90       ??0_Basic_container_proxy_ptr12@std@@IAE@XZ 1000bc90 f i sadll.obj
 0001:0000acd0       ??0_Bxty@?$_String_val@U?$_Simple_types@D@std@@@std@@QAE@XZ 1000bcd0 f i sadll.obj
 0001:0000ad20       ??0_Container_base12@std@@QAE@XZ 1000bd20 f i sadll.obj
 0001:0000ad60       ??0_Container_proxy@std@@QAE@PAU_Container_base12@1@@Z 1000bd60 f i sadll.obj
 0001:0000adb0       ??0_Sentry_base@?$basic_ostream@DU?$char_traits@D@std@@@std@@QAE@AAV12@@Z 1000bdb0 f i sadll.obj
 0001:0000ae60       ??0bad_alloc@std@@AAE@QBD@Z 1000be60 f i sadll.obj
 0001:0000af00       ??0bad_alloc@std@@QAE@ABV01@@Z 1000bf00 f i sadll.obj
 0001:0000af90       ??0bad_array_new_length@std@@QAE@ABV01@@Z 1000bf90 f i sadll.obj
 0001:0000b020       ??0bad_array_new_length@std@@QAE@XZ 1000c020 f i sadll.obj
 0001:0000b0c0       ??0exception@std@@QAE@ABV01@@Z 1000c0c0 f i sadll.obj
 0001:0000b170       ??0exception@std@@QAE@QBDH@Z 1000c170 f i sadll.obj
 0001:0000b1d0       ??0sentry@?$basic_ostream@DU?$char_traits@D@std@@@std@@QAE@AAV12@@Z 1000c1d0 f i sadll.obj
 0001:0000b320       ??1?$_Compressed_pair@V?$allocator@D@std@@V?$_String_val@U?$_Simple_types@D@std@@@2@$00@std@@QAE@XZ 1000c320 f i sadll.obj
 0001:0000b3a0       ??1?$_Container_proxy_ptr12@V?$allocator@U_Container_proxy@std@@@std@@@std@@QAE@XZ 1000c3a0 f i sadll.obj
 0001:0000b400       ??1?$_String_val@U?$_Simple_types@D@std@@@std@@QAE@XZ 1000c400 f i sadll.obj
 0001:0000b480       ??1?$basic_string@DU?$char_traits@D@std@@V?$allocator@D@2@@std@@QAE@XZ 1000c480 f i sadll.obj
 0001:0000b5c0       ??1?$unique_ptr@$$BY0A@DU?$default_delete@$$BY0A@D@std@@@std@@QAE@XZ 1000c5c0 f i sadll.obj
 0001:0000b620       ??1?$unique_ptr@VSyncClient@@U?$default_delete@VSyncClient@@@std@@@std@@QAE@XZ 1000c620 f i sadll.obj
 0001:0000b680       ??1SyncClient@@UAE@XZ      1000c680 f i sadll.obj
 0001:0000b740       ??1_Bxty@?$_String_val@U?$_Simple_types@D@std@@@std@@QAE@XZ 1000c740 f i sadll.obj
 0001:0000b770       ??1_Sentry_base@?$basic_ostream@DU?$char_traits@D@std@@@std@@QAE@XZ 1000c770 f i sadll.obj
 0001:0000b850       ??1bad_alloc@std@@UAE@XZ   1000c850 f i sadll.obj
 0001:0000b8d0       ??1bad_array_new_length@std@@UAE@XZ 1000c8d0 f i sadll.obj
 0001:0000b950       ??1exception@std@@UAE@XZ   1000c950 f i sadll.obj
 0001:0000b9e0       ??1sentry@?$basic_ostream@DU?$char_traits@D@std@@@std@@QAE@XZ 1000c9e0 f i sadll.obj
 0001:0000bac0       ??1thread@std@@QAE@XZ      1000cac0 f i sadll.obj
 0001:0000bb20       ??2@YAPAXIPAX@Z            1000cb20 f i sadll.obj
 0001:0000bb40       ??B?$unique_ptr@VSyncClient@@U?$default_delete@VSyncClient@@@std@@@std@@QBE_NXZ 1000cb40 f i sadll.obj
 0001:0000bba0       ??Bsentry@?$basic_ostream@DU?$char_traits@D@std@@@std@@QBE_NXZ 1000cba0 f i sadll.obj
 0001:0000bbe0       ??C?$unique_ptr@VSyncClient@@U?$default_delete@VSyncClient@@@std@@@std@@QBEPAVSyncClient@@XZ 1000cbe0 f i sadll.obj
 0001:0000bc20       ??R?$default_delete@VSyncClient@@@std@@QBEXPAVSyncClient@@@Z 1000cc20 f i sadll.obj
 0001:0000bcb0       ??_ESyncClient@@UAEPAXI@Z  1000ccb0 f i sadll.obj
 0001:0000bcb0       ??_GSyncClient@@UAEPAXI@Z  1000ccb0 f i sadll.obj
 0001:0000bd00       ??_Ebad_alloc@std@@UAEPAXI@Z 1000cd00 f i sadll.obj
 0001:0000bd00       ??_Gbad_alloc@std@@UAEPAXI@Z 1000cd00 f i sadll.obj
 0001:0000bd50       ??_Ebad_array_new_length@std@@UAEPAXI@Z 1000cd50 f i sadll.obj
 0001:0000bd50       ??_Gbad_array_new_length@std@@UAEPAXI@Z 1000cd50 f i sadll.obj
 0001:0000bda0       ??_Eexception@std@@UAEPAXI@Z 1000cda0 f i sadll.obj
 0001:0000bda0       ??_Gexception@std@@UAEPAXI@Z 1000cda0 f i sadll.obj
 0001:0000bdf0       ?Connect@SyncClient@@QAG_NABV?$basic_string@DU?$char_traits@D@std@@V?$allocator@D@2@@std@@G@Z 1000cdf0 f i sadll.obj
 0001:0000c2b0       ?Send@SyncClient@@QAGHPADH@Z 1000d2b0 f i sadll.obj
 0001:0000c500       ?WM_SetBLockPacket@GameService@@QAGX_N@Z 1000d500 f i sadll.obj
 0001:0000c530       ?_Activate_SSO_buffer@?$_String_val@U?$_Simple_types@D@std@@@std@@QAEXXZ 1000d530 f i sadll.obj
 0001:0000c560       ?_Adjust_manually_vector_aligned@std@@YAXAAPAXAAI@Z 1000d560 f i sadll.obj
 0001:0000c710       ?_Allocate@_Default_allocate_traits@std@@SAPAXI@Z 1000d710 f i sadll.obj
 0001:0000c740       ?_Calculate_growth@?$basic_string@DU?$char_traits@D@std@@V?$allocator@D@2@@std@@ABEII@Z 1000d740 f i sadll.obj
 0001:0000c7a0       ?_Calculate_growth@?$basic_string@DU?$char_traits@D@std@@V?$allocator@D@2@@std@@CAIIII@Z 1000d7a0 f i sadll.obj
 0001:0000c890       ?_Check_C_return@std@@YAHH@Z 1000d890 f i sadll.obj
 0001:0000c8d0       ?_Get_first@?$_Compressed_pair@U?$default_delete@$$BY0A@D@std@@PAD$00@std@@QAEAAU?$default_delete@$$BY0A@D@2@XZ 1000d8d0 f i sadll.obj
 0001:0000c910       ?_Get_first@?$_Compressed_pair@U?$default_delete@VSyncClient@@@std@@PAVSyncClient@@$00@std@@QAEAAU?$default_delete@VSyncClient@@@2@XZ 1000d910 f i sadll.obj
 0001:0000c950       ?_Get_first@?$_Compressed_pair@V?$allocator@D@std@@V?$_String_val@U?$_Simple_types@D@std@@@2@$00@std@@QAEAAV?$allocator@D@2@XZ 1000d950 f i sadll.obj
 0001:0000c990       ?_Get_first@?$_Compressed_pair@V?$allocator@D@std@@V?$_String_val@U?$_Simple_types@D@std@@@2@$00@std@@QBEABV?$allocator@D@2@XZ 1000d990 f i sadll.obj
 0001:0000c9d0       ?_Getal@?$basic_string@DU?$char_traits@D@std@@V?$allocator@D@2@@std@@AAEAAV?$allocator@D@2@XZ 1000d9d0 f i sadll.obj
 0001:0000ca10       ?_Getal@?$basic_string@DU?$char_traits@D@std@@V?$allocator@D@2@@std@@ABEABV?$allocator@D@2@XZ 1000da10 f i sadll.obj
 0001:0000ca50       ?_Large_string_engaged@?$_String_val@U?$_Simple_types@D@std@@@std@@QBE_NXZ 1000da50 f i sadll.obj
 0001:0000cab0       ?_Myptr@?$_String_val@U?$_Simple_types@D@std@@@std@@QBEPBDXZ 1000dab0 f i sadll.obj
 0001:0000cb30       ?_Orphan_all@_Container_base12@std@@QAEXXZ 1000db30 f i sadll.obj
 0001:0000cb70       ?_Orphan_all_locked_v3@_Container_base12@std@@AAEXXZ 1000db70 f i sadll.obj
 0001:0000cc80       ?_Orphan_all_unlocked_v3@_Container_base12@std@@AAEXXZ 1000dc80 f i sadll.obj
 0001:0000cd20       ?_Release@_Basic_container_proxy_ptr12@std@@QAEXXZ 1000dd20 f i sadll.obj
 0001:0000cd60       ?_Start_element_lifetimes@?$basic_string@DU?$char_traits@D@std@@V?$allocator@D@2@@std@@CAXQADI@Z 1000dd60 f i sadll.obj
 0001:0000cd80       ?_Throw_bad_array_new_length@std@@YAXXZ 1000dd80 f i sadll.obj
 0001:0000cde0       ?_Tidy_deallocate@?$basic_string@DU?$char_traits@D@std@@V?$allocator@D@2@@std@@AAEXXZ 1000dde0 f i sadll.obj
 0001:0000cf20       ?_Tidy_init@?$basic_string@DU?$char_traits@D@std@@V?$allocator@D@2@@std@@AAEXXZ 1000df20 f i sadll.obj
 0001:0000cfc0       ?_Xlen_string@std@@YAXXZ   1000dfc0 f i sadll.obj
 0001:0000cff0       ?__autoclassinit2@?$unique_ptr@$$BY0A@DU?$default_delete@$$BY0A@D@std@@@std@@QAEXI@Z 1000dff0 f i sadll.obj
 0001:0000d030       ?__autoclassinit2@GameService@@QAEXI@Z 1000e030 f i sadll.obj
 0001:0000d070       ?allocate@?$allocator@D@std@@QAEPADI@Z 1000e070 f i sadll.obj
 0001:0000d0c0       ?allocate@?$allocator@U_Container_proxy@std@@@std@@QAEPAU_Container_proxy@2@I@Z 1000e0c0 f i sadll.obj
 0001:0000d110       ?assign@?$_Narrow_char_traits@DH@std@@SAXAADABD@Z 1000e110 f i sadll.obj
 0001:0000d140       ?c_str@?$basic_string@DU?$char_traits@D@std@@V?$allocator@D@2@@std@@QBEPBDXZ 1000e140 f i sadll.obj
 0001:0000d180       ?copy@?$_Char_traits@DH@std@@SAPADQADQBDI@Z 1000e180 f i sadll.obj
 0001:0000d200       ?data@?$basic_string@DU?$char_traits@D@std@@V?$allocator@D@2@@std@@QBEPBDXZ 1000e200 f i sadll.obj
 0001:0000d240       ?deallocate@?$_Default_allocator_traits@V?$allocator@U_Container_proxy@std@@@std@@@std@@SAXAAV?$allocator@U_Container_proxy@std@@@2@QAU_Container_proxy@2@I@Z 1000e240 f i sadll.obj
 0001:0000d280       ?deallocate@?$allocator@D@std@@QAEXQADI@Z 1000e280 f i sadll.obj
 0001:0000d360       ?detach@thread@std@@QAEXXZ 1000e360 f i sadll.obj
 0001:0000d400       ?eof@?$_Narrow_char_traits@DH@std@@SAHXZ 1000e400 f i sadll.obj
 0001:0000d420       ?eq_int_type@?$_Narrow_char_traits@DH@std@@SA_NABH0@Z 1000e420 f i sadll.obj
 0001:0000d480       ?get@?$unique_ptr@$$BY0A@DU?$default_delete@$$BY0A@D@std@@@std@@QBEPADXZ 1000e480 f i sadll.obj
 0001:0000d4c0       ?getInstance@GameService@@SAAAV1@XZ 1000e4c0 f i sadll.obj
 0001:0000d5f0       ?getInstance@SyncClient@@SAAAV1@XZ 1000e5f0 f i sadll.obj
 0001:0000d720       ?joinable@thread@std@@QBE_NXZ 1000e720 f i sadll.obj
 0001:0000d780       ?length@?$_Narrow_char_traits@DH@std@@SAIQBD@Z 1000e780 f i sadll.obj
 0001:0000d7f0       ?load@?$_Atomic_storage@_N$00@std@@QBE_NW4memory_order@2@@Z 1000e7f0 f i sadll.obj
 0001:0000d960       ?max@?$numeric_limits@H@std@@SAHXZ 1000e960 f i sadll.obj
 0001:0000d990       ?max_size@?$_Default_allocator_traits@V?$allocator@D@std@@@std@@SAIABV?$allocator@D@2@@Z 1000e990 f i sadll.obj
 0001:0000d9b0       ?max_size@?$basic_string@DU?$char_traits@D@std@@V?$allocator@D@2@@std@@QBEIXZ 1000e9b0 f i sadll.obj
 0001:0000dad0       ?reset@?$unique_ptr@VSyncClient@@U?$default_delete@VSyncClient@@@std@@@std@@QAEXPAVSyncClient@@@Z 1000ead0 f i sadll.obj
 0001:0000db50       ?size@?$basic_string@DU?$char_traits@D@std@@V?$allocator@D@2@@std@@QBEIXZ 1000eb50 f i sadll.obj
 0001:0000db90       ?store@?$_Atomic_storage@_N$00@std@@QAEX_N@Z 1000eb90 f i sadll.obj
 0001:0000dc10       ?store@?$_Atomic_storage@_N$00@std@@QAEX_NW4memory_order@2@@Z 1000ec10 f i sadll.obj
 0001:0000dd90       ?to_string@std@@YA?AV?$basic_string@DU?$char_traits@D@std@@V?$allocator@D@2@@1@H@Z 1000ed90 f i sadll.obj
 0001:0000de30       ?what@exception@std@@UBEPBDXZ 1000ee30 f i sadll.obj
 0001:0000de90       _SetStdHandle@8            1000ee90 f   kernel32:KERNEL32.dll
 0001:0000de96       _CreateFileW@28            1000ee96 f   kernel32:KERNEL32.dll
 0001:0000de9c       _Sleep@4                   1000ee9c f   kernel32:KERNEL32.dll
 0001:0000dea2       _GetCurrentProcess@0       1000eea2 f   kernel32:KERNEL32.dll
 0001:0000dea8       _GetCurrentProcessId@0     1000eea8 f   kernel32:KERNEL32.dll
 0001:0000deae       _SwitchToThread@0          1000eeae f   kernel32:KERNEL32.dll
 0001:0000deb4       _GetCurrentThread@0        1000eeb4 f   kernel32:KERNEL32.dll
 0001:0000deba       _GetCurrentThreadId@0      1000eeba f   kernel32:KERNEL32.dll
 0001:0000dec0       _VirtualProtect@16         1000eec0 f   kernel32:KERNEL32.dll
 0001:0000dec6       _DisableThreadLibraryCalls@4 1000eec6 f   kernel32:KERNEL32.dll
 0001:0000decc       _FreeLibrary@4             1000eecc f   kernel32:KERNEL32.dll
 0001:0000ded2       _FreeLibraryAndExitThread@8 1000eed2 f   kernel32:KERNEL32.dll
 0001:0000ded8       _GetModuleFileNameW@12     1000eed8 f   kernel32:KERNEL32.dll
 0001:0000dede       _GetModuleHandleW@4        1000eede f   kernel32:KERNEL32.dll
 0001:0000dee4       _GetACP@0                  1000eee4 f   kernel32:KERNEL32.dll
 0001:0000deea       _AllocConsole@0            1000eeea f   kernel32:KERNEL32.dll
 0001:0000def0       _SetConsoleCP@4            1000eef0 f   kernel32:KERNEL32.dll
 0001:0000def6       _SetConsoleOutputCP@4      1000eef6 f   kernel32:KERNEL32.dll
 0001:0000defc       _PostMessageW@16           1000eefc f   user32:USER32.dll
 0001:0000df02       _CallWindowProcW@20        1000ef02 f   user32:USER32.dll
 0001:0000df08       _IsWindowVisible@4         1000ef08 f   user32:USER32.dll
 0001:0000df0e       _SetWindowTextA@8          1000ef0e f   user32:USER32.dll
 0001:0000df14       _GetWindowLongW@8          1000ef14 f   user32:USER32.dll
 0001:0000df1a       _SetWindowLongW@12         1000ef1a f   user32:USER32.dll
 0001:0000df20       _EnumWindows@8             1000ef20 f   user32:USER32.dll
 0001:0000df26       _GetWindowThreadProcessId@8 1000ef26 f   user32:USER32.dll
 0001:0000df2c       _GetWindow@8               1000ef2c f   user32:USER32.dll
 0001:0000df32       ?_Random_device@std@@YAIXZ 1000ef32 f   msvcprtd:MSVCP140D.dll
 0001:0000df38       ??0_Lockit@std@@QAE@H@Z    1000ef38 f   msvcprtd:MSVCP140D.dll
 0001:0000df3e       ??1_Lockit@std@@QAE@XZ     1000ef3e f   msvcprtd:MSVCP140D.dll
 0001:0000df44       ?uncaught_exception@std@@YA_NXZ 1000ef44 f   msvcprtd:MSVCP140D.dll
 0001:0000df4a       ?_Xlength_error@std@@YAXPBD@Z 1000ef4a f   msvcprtd:MSVCP140D.dll
 0001:0000df50       __Thrd_detach              1000ef50 f   msvcprtd:MSVCP140D.dll
 0001:0000df56       __Cnd_do_broadcast_at_thread_exit 1000ef56 f   msvcprtd:MSVCP140D.dll
 0001:0000df5c       ?_Throw_C_error@std@@YAXH@Z 1000ef5c f   msvcprtd:MSVCP140D.dll
 0001:0000df62       ?_Throw_Cpp_error@std@@YAXH@Z 1000ef62 f   msvcprtd:MSVCP140D.dll
 0001:0000df68       ?good@ios_base@std@@QBE_NXZ 1000ef68 f   msvcprtd:MSVCP140D.dll
 0001:0000df6e       ?flags@ios_base@std@@QBEHXZ 1000ef6e f   msvcprtd:MSVCP140D.dll
 0001:0000df74       ?width@ios_base@std@@QBE_JXZ 1000ef74 f   msvcprtd:MSVCP140D.dll
 0001:0000df7a       ?width@ios_base@std@@QAE_J_J@Z 1000ef7a f   msvcprtd:MSVCP140D.dll
 0001:0000df80       ?sputc@?$basic_streambuf@DU?$char_traits@D@std@@@std@@QAEHD@Z 1000ef80 f   msvcprtd:MSVCP140D.dll
 0001:0000df86       ?sputn@?$basic_streambuf@DU?$char_traits@D@std@@@std@@QAE_JPBD_J@Z 1000ef86 f   msvcprtd:MSVCP140D.dll
 0001:0000df8c       ?clear@?$basic_ios@DU?$char_traits@D@std@@@std@@QAEXH_N@Z 1000ef8c f   msvcprtd:MSVCP140D.dll
 0001:0000df92       ?setstate@?$basic_ios@DU?$char_traits@D@std@@@std@@QAEXH_N@Z 1000ef92 f   msvcprtd:MSVCP140D.dll
 0001:0000df98       ?tie@?$basic_ios@DU?$char_traits@D@std@@@std@@QBEPAV?$basic_ostream@DU?$char_traits@D@std@@@2@XZ 1000ef98 f   msvcprtd:MSVCP140D.dll
 0001:0000df9e       ?rdbuf@?$basic_ios@DU?$char_traits@D@std@@@std@@QBEPAV?$basic_streambuf@DU?$char_traits@D@std@@@2@XZ 1000ef9e f   msvcprtd:MSVCP140D.dll
 0001:0000dfa4       ?fill@?$basic_ios@DU?$char_traits@D@std@@@std@@QBEDXZ 1000efa4 f   msvcprtd:MSVCP140D.dll
 0001:0000dfaa       ?widen@?$basic_ios@DU?$char_traits@D@std@@@std@@QBEDD@Z 1000efaa f   msvcprtd:MSVCP140D.dll
 0001:0000dfb0       ?clear@?$basic_ios@_WU?$char_traits@_W@std@@@std@@QAEXH_N@Z 1000efb0 f   msvcprtd:MSVCP140D.dll
 0001:0000dfb6       ?_Osfx@?$basic_ostream@DU?$char_traits@D@std@@@std@@QAEXXZ 1000efb6 f   msvcprtd:MSVCP140D.dll
 0001:0000dfbc       ??6?$basic_ostream@DU?$char_traits@D@std@@@std@@QAEAAV01@P6AAAV01@AAV01@@Z@Z 1000efbc f   msvcprtd:MSVCP140D.dll
 0001:0000dfc2       ??6?$basic_ostream@DU?$char_traits@D@std@@@std@@QAEAAV01@H@Z 1000efc2 f   msvcprtd:MSVCP140D.dll
 0001:0000dfc8       ?put@?$basic_ostream@DU?$char_traits@D@std@@@std@@QAEAAV12@D@Z 1000efc8 f   msvcprtd:MSVCP140D.dll
 0001:0000dfce       ?flush@?$basic_ostream@DU?$char_traits@D@std@@@std@@QAEAAV12@XZ 1000efce f   msvcprtd:MSVCP140D.dll
 0001:0000dfd4       _NtTerminateProcess@8      1000efd4 f   ntdll:ntdll.dll
 0001:0000dfe0       ___raise_securityfailure   1000efe0 f   MSVCRTD:gs_report.obj
 0001:0000e020       ___report_gsfailure        1000f020 f   MSVCRTD:gs_report.obj
 0001:0000e170       ___report_rangecheckfailure 1000f170 f   MSVCRTD:gs_report.obj
 0001:0000e180       ___report_securityfailure  1000f180 f   MSVCRTD:gs_report.obj
 0001:0000e290       ___report_securityfailureEx 1000f290 f   MSVCRTD:gs_report.obj
 0001:0000e400       @_RTC_AllocaHelper@12      1000f400 f   MSVCRTD:stack.obj
 0001:0000e440       @_RTC_CheckStackVars2@12   1000f440 f   MSVCRTD:stack.obj
 0001:0000e550       @_RTC_CheckStackVars@8     1000f550 f   MSVCRTD:stack.obj
 0001:0000e5c0       __RTC_CheckEsp             1000f5c0 f   MSVCRTD:stack.obj
 0001:0000e5f0       @__CheckForDebuggerJustMyCode@4 1000f5f0 f   MSVCRTD:debugger_jmc.obj
 0001:0000e640       @__security_check_cookie@4 1000f640 f   MSVCRTD:secchk.obj
 0001:0000e660       __CRT_RTC_INIT             1000f660 f   MSVCRTD:init.obj
 0001:0000e670       __CRT_RTC_INITW            1000f670 f   MSVCRTD:init.obj
 0001:0000e680       __RTC_InitBase             1000f680 f   MSVCRTD:init.obj
 0001:0000e6c0       __RTC_Shutdown             1000f6c0 f   MSVCRTD:init.obj
 0001:0000e6e0       __aullshr                  1000f6e0 f   MSVCRTD:ullshr.obj
 0001:0000e710       __alloca_probe             1000f710 f   MSVCRTD:chkstk.obj
 0001:0000e710       __chkstk                   1000f710 f   MSVCRTD:chkstk.obj
 0001:0000e750       ??2@YAPAXI@Z               1000f750 f   MSVCRTD:new_scalar.obj
 0001:0000e7b0       ??3@YAXPAXI@Z              1000f7b0 f   MSVCRTD:delete_scalar_size.obj
 0001:0000e7d0       ??_U@YAPAXI@Z              1000f7d0 f   MSVCRTD:new_array.obj
 0001:0000e7f0       ??_V@YAXPAX@Z              1000f7f0 f   MSVCRTD:delete_array.obj
 0001:0000e960       __Init_thread_abort        1000f960 f   MSVCRTD:thread_safe_statics.obj
 0001:0000e990       __Init_thread_footer       1000f990 f   MSVCRTD:thread_safe_statics.obj
 0001:0000e9f0       __Init_thread_header       1000f9f0 f   MSVCRTD:thread_safe_statics.obj
 0001:0000ea80       __Init_thread_lock         1000fa80 f   MSVCRTD:thread_safe_statics.obj
 0001:0000eaa0       __Init_thread_notify       1000faa0 f   MSVCRTD:thread_safe_statics.obj
 0001:0000eb00       __Init_thread_unlock       1000fb00 f   MSVCRTD:thread_safe_statics.obj
 0001:0000eb20       __Init_thread_wait         1000fb20 f   MSVCRTD:thread_safe_statics.obj
 0001:0000ebd0       __except_handler4          1000fbd0 f   MSVCRTD:chandler4gs.obj
 0001:0000ec20       ??1type_info@@UAE@XZ       1000fc20 f   MSVCRTD:std_type_info_static.obj
 0001:0000ec40       ??_Etype_info@@UAEPAXI@Z   1000fc40 f i MSVCRTD:std_type_info_static.obj
 0001:0000ec40       ??_Gtype_info@@UAEPAXI@Z   1000fc40 f i MSVCRTD:std_type_info_static.obj
 0001:0000f280       __CRT_INIT@12              10010280 f   MSVCRTD:dll_dllmain.obj
 0001:0000f2a0       __DllMainCRTStartup@12     100102a0 f   MSVCRTD:dll_dllmain.obj
 0001:0000f380       ?_RTC_AllocaFailure@@YAXPAXPAU_RTC_ALLOCA_NODE@@H@Z 10010380 f   MSVCRTD:error.obj
 0001:0000f4a0       ?_RTC_Failure@@YAXPAXH@Z   100104a0 f   MSVCRTD:error.obj
 0001:0000f510       ?_RTC_StackFailure@@YAXPAXPBD@Z 10010510 f   MSVCRTD:error.obj
 0001:0000f9c0       __RTC_UninitUse            100109c0 f   MSVCRTD:error.obj
 0001:0000faa0       __vsprintf_s_l             10010aa0 f i MSVCRTD:error.obj
 0001:0000fae0       _sprintf_s                 10010ae0 f i MSVCRTD:error.obj
 0001:0000fb10       ?_RTC_GetErrorFunc@@YAP6AHHPBDH00ZZPBX@Z 10010b10 f   MSVCRTD:userapi.obj
 0001:0000fb20       ?_RTC_GetErrorFuncW@@YAP6AHHPB_WH00ZZPBX@Z 10010b20 f   MSVCRTD:userapi.obj
 0001:0000fb30       __RTC_GetErrDesc           10010b30 f   MSVCRTD:userapi.obj
 0001:0000fb50       __RTC_NumErrors            10010b50 f   MSVCRTD:userapi.obj
 0001:0000fb60       __RTC_SetErrorFunc         10010b60 f   MSVCRTD:userapi.obj
 0001:0000fb90       __RTC_SetErrorFuncW        10010b90 f   MSVCRTD:userapi.obj
 0001:0000fbc0       __RTC_SetErrorType         10010bc0 f   MSVCRTD:userapi.obj
 0001:0000fbf0       ??0bad_alloc@std@@QAE@XZ   10010bf0 f i MSVCRTD:throw_bad_alloc.obj
 0001:0000fc20       ?__scrt_throw_std_bad_alloc@@YAXXZ 10010c20 f   MSVCRTD:throw_bad_alloc.obj
 0001:0000fc50       ?__scrt_throw_std_bad_array_new_length@@YAXXZ 10010c50 f   MSVCRTD:throw_bad_alloc.obj
 0001:0000fc80       ??3@YAXPAX@Z               10010c80 f   MSVCRTD:delete_scalar.obj
 0001:0000fca0       ?configure_argv@__scrt_narrow_argv_policy@@SAHXZ 10010ca0 f i MSVCRTD:utility.obj
 0001:0000fd70       ?initialize_environment@__scrt_narrow_environment_policy@@SAHXZ 10010d70 f i MSVCRTD:utility.obj
 0001:0000fe10       _NtCurrentTeb              10010e10 f i MSVCRTD:utility.obj
 0001:0000fe20       ___scrt_acquire_startup_lock 10010e20 f   MSVCRTD:utility.obj
 0001:0000fe80       ___scrt_dllmain_after_initialize_c 10010e80 f   MSVCRTD:utility.obj
 0001:0000fec0       ___scrt_dllmain_before_initialize_c 10010ec0 f   MSVCRTD:utility.obj
 0001:0000fef0       ___scrt_dllmain_crt_thread_attach 10010ef0 f   MSVCRTD:utility.obj
 0001:0000ff30       ___scrt_dllmain_crt_thread_detach 10010f30 f   MSVCRTD:utility.obj
 0001:0000ff50       ___scrt_dllmain_exception_filter 10010f50 f   MSVCRTD:utility.obj
 0001:0000ffb0       ___scrt_dllmain_uninitialize_c 10010fb0 f   MSVCRTD:utility.obj
 0001:0000fff0       ___scrt_dllmain_uninitialize_critical 10010ff0 f   MSVCRTD:utility.obj
 0001:00010010       ___scrt_initialize_crt     10011010 f   MSVCRTD:utility.obj
 0001:00010070       ___scrt_initialize_onexit_tables 10011070 f   MSVCRTD:utility.obj
 0001:00010180       ___scrt_is_nonwritable_in_current_image 10011180 f   MSVCRTD:utility.obj
 0001:00010300       ___scrt_release_startup_lock 10011300 f   MSVCRTD:utility.obj
 0001:00010330       ___scrt_uninitialize_crt   10011330 f   MSVCRTD:utility.obj
 0001:00010380       __onexit                   10011380 f   MSVCRTD:utility.obj
 0001:00010400       _at_quick_exit             10011400 f   MSVCRTD:utility.obj
 0001:00010450       _atexit                    10011450 f   MSVCRTD:utility.obj
 0001:00010490       ___scrt_fastfail           10011490 f   MSVCRTD:utility_desktop.obj
 0001:00010620       ___scrt_get_show_window_mode 10011620 f   MSVCRTD:utility_desktop.obj
 0001:00010670       ___scrt_initialize_mta     10011670 f   MSVCRTD:utility_desktop.obj
 0001:00010680       ___scrt_initialize_winrt   10011680 f   MSVCRTD:utility_desktop.obj
 0001:00010690       ___scrt_is_managed_app     10011690 f   MSVCRTD:utility_desktop.obj
 0001:00010740       ___scrt_set_unhandled_exception_filter 10011740 f   MSVCRTD:utility_desktop.obj
 0001:00010760       ___scrt_exe_initialize_mta 10011760 f   MSVCRTD:utility_desktop.obj
 0001:00010760       ___scrt_stub_for_initialize_mta 10011760 f   MSVCRTD:utility_desktop.obj
 0001:00010770       ___scrt_unhandled_exception_filter@4 10011770 f   MSVCRTD:utility_desktop.obj
 0001:00010810       __crt_debugger_hook        10011810 f   MSVCRTD:utility_desktop.obj
 0001:00010830       @_guard_check_icall_nop@4  10011830 f i MSVCRTD:guard_support.obj
 0001:00010840       _ReadNoFence               10011840 f i MSVCRTD:guard_support.obj
 0001:00010860       _ReadPointerNoFence        10011860 f i MSVCRTD:guard_support.obj
 0001:00010880       __InlineInterlockedExchangePointer 10011880 f i MSVCRTD:guard_support.obj
 0001:00010890       ___castguard_check_failure_debugbreak 10011890 f i MSVCRTD:guard_support.obj
 0001:000108b0       ___castguard_check_failure_fastfail 100118b0 f i MSVCRTD:guard_support.obj
 0001:000108e0       ___castguard_check_failure_nop 100118e0 f i MSVCRTD:guard_support.obj
 0001:000108f0       ___castguard_check_failure_os_handled 100118f0 f i MSVCRTD:guard_support.obj
 0001:00010950       ___castguard_check_failure_user_handled 10011950 f i MSVCRTD:guard_support.obj
 0001:00010a10       ___castguard_set_user_handler 10011a10 f i MSVCRTD:guard_support.obj
 0001:00010a40       ___castguard_slow_path_check_debugbreak 10011a40 f i MSVCRTD:guard_support.obj
 0001:00010a80       ___castguard_slow_path_check_fastfail 10011a80 f i MSVCRTD:guard_support.obj
 0001:00010ad0       ___castguard_slow_path_check_nop 10011ad0 f i MSVCRTD:guard_support.obj
 0001:00010ae0       ___castguard_slow_path_check_os_handled 10011ae0 f i MSVCRTD:guard_support.obj
 0001:00010b30       ___castguard_slow_path_check_user_handled 10011b30 f i MSVCRTD:guard_support.obj
 0001:00010bd0       __guard_icall_checks_enforced 10011bd0 f i MSVCRTD:guard_support.obj
 0001:00010ca0       ___security_init_cookie    10011ca0 f   MSVCRTD:gs_support.obj
 0001:00010d40       ?__scrt_initialize_type_info@@YAXXZ 10011d40 f   MSVCRTD:tncleanup.obj
 0001:00010d60       ?__scrt_uninitialize_type_info@@YAXXZ 10011d60 f   MSVCRTD:tncleanup.obj
 0001:00010d80       ___local_stdio_scanf_options 10011d80 f i MSVCRTD:default_local_stdio_options.obj
 0001:00010d90       ___scrt_initialize_default_local_stdio_options 10011d90 f   MSVCRTD:default_local_stdio_options.obj
 0001:00010de0       ___scrt_get_dyn_tls_init_callback 10011de0 f   MSVCRTD:dyn_tls_init.obj
 0001:00010df0       __RTC_Initialize           10011df0 f   MSVCRTD:initsect.obj
 0001:00010e30       __RTC_Terminate            10011e30 f   MSVCRTD:initsect.obj
 0001:00011410       ?_RTC_GetSrcLine@@YAHPAEPA_WKPAH1K@Z 10012410 f   MSVCRTD:pdblkup.obj
 0001:00011870       __except_handler4_noexcept 10012870 f   MSVCRTD:chandler4_noexcept.obj
 0001:000118f0       ___isa_available_init      100128f0 f   MSVCRTD:cpu_disp.obj
 0001:00011cf0       __get_startup_argv_mode    10012cf0 f   MSVCRTD:argv_mode.obj
 0001:00011d00       ___scrt_is_ucrt_dll_in_use 10012d00 f   MSVCRTD:ucrt_detection.obj
 0001:00011df0       ?detour_2gb_above@@YAKK@Z  10012df0 f i detours:detours.obj
 0001:00011e30       ?detour_2gb_below@@YAKK@Z  10012e30 f i detours:detours.obj
 0001:000124a0       ?detour_does_code_end_function@@YAHPAE@Z 100134a0 f i detours:detours.obj
 0001:000126d0       ?detour_find_jmp_bounds@@YAXPAEPAPAU_DETOUR_TRAMPOLINE@@1@Z 100136d0 f i detours:detours.obj
 0001:00012870       ?detour_gen_brk@@YAPAEPAE0@Z 10013870 f i detours:detours.obj
 0001:000128a0       ?detour_gen_jmp_immediate@@YAPAEPAE0@Z 100138a0 f i detours:detours.obj
 0001:000128f0       ?detour_is_code_filler@@YAKPAE@Z 100138f0 f i detours:detours.obj
 0001:00013300       ?detour_skip_jmp@@YAPAEPAEPAPAX@Z 10014300 f i detours:detours.obj
 0001:00013510       _DetourAllocateRegionWithinJumpBounds@8 10014510 f   detours:detours.obj
 0001:00013580       _DetourAreSameGuid@8       10014580 f   detours:detours.obj
 0001:00013770       _DetourAttach@8            10014770 f   detours:detours.obj
 0001:00013790       _DetourAttachEx@20         10014790 f   detours:detours.obj
 0001:00013cf0       _DetourCodeFromPointer@8   10014cf0 f   detours:detours.obj
 0001:00013d10       _DetourDetach@8            10014d10 f   detours:detours.obj
 0001:00013f60       _DetourIsFunctionImported@8 10014f60 f   detours:detours.obj
 0001:00013f80       _DetourSetIgnoreTooSmall@4 10014f80 f   detours:detours.obj
 0001:00013fb0       _DetourSetRetainRegions@4  10014fb0 f   detours:detours.obj
 0001:00013fe0       _DetourSetSystemRegionLowerBound@4 10014fe0 f   detours:detours.obj
 0001:00014010       _DetourSetSystemRegionUpperBound@4 10015010 f   detours:detours.obj
 0001:00014040       _DetourTransactionAbort@0  10015040 f   detours:detours.obj
 0001:00014190       _DetourTransactionBegin@0  10015190 f   detours:detours.obj
 0001:00014210       _DetourTransactionCommit@0 10015210 f   detours:detours.obj
 0001:00014220       _DetourTransactionCommitEx@4 10015220 f   detours:detours.obj
 0001:000147a0       _DetourUpdateThread@4      100157a0 f   detours:detours.obj
 0001:00014890       _DetourVirtualProtectSameExecute@16 10015890 f   detours:detours.obj
 0001:000148c0       _DetourVirtualProtectSameExecuteEx@20 100158c0 f   detours:detours.obj
 0001:000149a0       ?DetourLoadImageHlp@@YAPAU_DETOUR_SYM_INFO@@XZ 100159a0 f   detours:modules.obj
 0001:00014f40       ?StringCchCatA@@YGJPADIPBD@Z 10015f40 f i detours:modules.obj
 0001:00014fb0       ?StringCchCopyA@@YGJPADIPBD@Z 10015fb0 f i detours:modules.obj
 0001:00015220       _DetourEnumerateExports@12 10016220 f   detours:modules.obj
 0001:000155f0       _DetourEnumerateImports@16 100165f0 f   detours:modules.obj
 0001:00015650       _DetourEnumerateImportsEx@16 10016650 f   detours:modules.obj
 0001:00015a40       _DetourEnumerateModules@4  10016a40 f   detours:modules.obj
 0001:00015c10       _DetourFindFunction@8      10016c10 f   detours:modules.obj
 0001:00015ec0       _DetourFindPayload@12      10016ec0 f   detours:modules.obj
 0001:000160d0       _DetourFindPayloadEx@8     100170d0 f   detours:modules.obj
 0001:00016140       _DetourFreePayload@4       10017140 f   detours:modules.obj
 0001:000161a0       _DetourGetContainingModule@4 100171a0 f   detours:modules.obj
 0001:000163f0       _DetourGetEntryPoint@4     100173f0 f   detours:modules.obj
 0001:00016710       _DetourGetModuleSize@4     10017710 f   detours:modules.obj
 0001:000168d0       _DetourGetSizeOfPayloads@4 100178d0 f   detours:modules.obj
 0001:00016a20       _DetourRestoreAfterWith@0  10017a20 f   detours:modules.obj
 0001:00016a70       _DetourRestoreAfterWithEx@8 10017a70 f   detours:modules.obj
 0001:00016cb0       ?CopyBytes@CDetourDis@@IAEPAEPBUCOPYENTRY@1@PAE1@Z 10017cb0 f   detours:disasm.obj
 0001:00016ee0       ?CopyBytesPrefix@CDetourDis@@IAEPAEPBUCOPYENTRY@1@PAE1@Z 10017ee0 f   detours:disasm.obj
 0001:00016f60       ?CopyBytesSegment@CDetourDis@@IAEPAEPBUCOPYENTRY@1@PAE1@Z 10017f60 f   detours:disasm.obj
 0001:00016fa0       ?CopyBytesJump@CDetourDis@@IAEPAEPBUCOPYENTRY@1@PAE1@Z 10017fa0 f   detours:disasm.obj
 0001:00017100       ?Invalid@CDetourDis@@IAEPAEPBUCOPYENTRY@1@PAE1@Z 10018100 f   detours:disasm.obj
 0001:00017120       ?Copy0F@CDetourDis@@IAEPAEPBUCOPYENTRY@1@PAE1@Z 10018120 f   detours:disasm.obj
 0001:000171a0       ?Copy0F00@CDetourDis@@IAEPAEPBUCOPYENTRY@1@PAE1@Z 100181a0 f   detours:disasm.obj
 0001:00017210       ?Copy0F78@CDetourDis@@IAEPAEPBUCOPYENTRY@1@PAE1@Z 10018210 f   detours:disasm.obj
 0001:00017270       ?Copy0FB8@CDetourDis@@IAEPAEPBUCOPYENTRY@1@PAE1@Z 10018270 f   detours:disasm.obj
 0001:000172d0       ?Copy66@CDetourDis@@IAEPAEPBUCOPYENTRY@1@PAE1@Z 100182d0 f   detours:disasm.obj
 0001:00017310       ?Copy67@CDetourDis@@IAEPAEPBUCOPYENTRY@1@PAE1@Z 10018310 f   detours:disasm.obj
 0001:00017350       ?CopyF2@CDetourDis@@IAEPAEPBUCOPYENTRY@1@PAE1@Z 10018350 f   detours:disasm.obj
 0001:00017390       ?CopyF3@CDetourDis@@IAEPAEPBUCOPYENTRY@1@PAE1@Z 10018390 f   detours:disasm.obj
 0001:000173d0       ?CopyF6@CDetourDis@@IAEPAEPBUCOPYENTRY@1@PAE1@Z 100183d0 f   detours:disasm.obj
 0001:00017440       ?CopyF7@CDetourDis@@IAEPAEPBUCOPYENTRY@1@PAE1@Z 10018440 f   detours:disasm.obj
 0001:000174b0       ?CopyFF@CDetourDis@@IAEPAEPBUCOPYENTRY@1@PAE1@Z 100184b0 f   detours:disasm.obj
 0001:000175d0       ?CopyVex2@CDetourDis@@IAEPAEPBUCOPYENTRY@1@PAE1@Z 100185d0 f   detours:disasm.obj
 0001:000176a0       ?CopyVex3@CDetourDis@@IAEPAEPBUCOPYENTRY@1@PAE1@Z 100186a0 f   detours:disasm.obj
 0001:000177a0       ?CopyEvex@CDetourDis@@IAEPAEPBUCOPYENTRY@1@PAE1@Z 100187a0 f   detours:disasm.obj
 0001:000178c0       ?CopyXop@CDetourDis@@IAEPAEPBUCOPYENTRY@1@PAE1@Z 100188c0 f   detours:disasm.obj
 0001:00017980       ??0CDetourDis@@QAE@PAPAEPAJ@Z 10018980 f   detours:disasm.obj
 0001:00017a60       ?AdjustTarget@CDetourDis@@IAEPAEPAE0III@Z 10018a60 f   detours:disasm.obj
 0001:00017bb0       ?CopyBytesRax@CDetourDis@@IAEPAEPBUCOPYENTRY@1@PAE1@Z 10018bb0 f   detours:disasm.obj
 0001:00017c00       ?CopyInstruction@CDetourDis@@QAEPAEPAE0@Z 10018c00 f   detours:disasm.obj
 0001:00017c80       ?CopyVexCommon@CDetourDis@@IAEPAEEPAE0@Z 10018c80 f   detours:disasm.obj
 0001:00017ce0       ?CopyVexEvexCommon@CDetourDis@@IAEPAEEPAE0EE@Z 10018ce0 f   detours:disasm.obj
 0001:00017e30       ?SanityCheckSystem@CDetourDis@@SAHXZ 10018e30 f   detours:disasm.obj
 0001:00017e40       ?SetCodeModule@CDetourDis@@SAHPAE0H@Z 10018e40 f   detours:disasm.obj
 0001:00017e80       _DetourCopyInstruction@20  10018e80 f   detours:disasm.obj
 0001:00017ed0       _DetourSetCodeModule@8     10018ed0 f   detours:disasm.obj
 0001:00017f32       _closesocket@4             10018f32 f   ws2_32:WS2_32.dll
 0001:00017f38       _connect@12                10018f38 f   ws2_32:WS2_32.dll
 0001:00017f3e       _htons@4                   10018f3e f   ws2_32:WS2_32.dll
 0001:00017f44       _setsockopt@20             10018f44 f   ws2_32:WS2_32.dll
 0001:00017f4a       _WSAStartup@8              10018f4a f   ws2_32:WS2_32.dll
 0001:00017f50       _WSACleanup@0              10018f50 f   ws2_32:WS2_32.dll
 0001:00017f56       _WSAGetLastError@0         10018f56 f   ws2_32:WS2_32.dll
 0001:00017f5c       _inet_pton@12              10018f5c f   ws2_32:WS2_32.dll
 0001:00017f62       _memset                    10018f62 f   vcruntimed:VCRUNTIME140D.dll
 0001:00017f68       _strstr                    10018f68 f   vcruntimed:VCRUNTIME140D.dll
 0001:00017f6e       _memcpy                    10018f6e f   vcruntimed:VCRUNTIME140D.dll
 0001:00017f74       ___std_exception_copy      10018f74 f   vcruntimed:VCRUNTIME140D.dll
 0001:00017f7a       ___std_exception_destroy   10018f7a f   vcruntimed:VCRUNTIME140D.dll
 0001:00017f80       __CxxThrowException@8      10018f80 f   vcruntimed:VCRUNTIME140D.dll
 0001:00017f86       ___CxxFrameHandler3        10018f86 f   vcruntimed:VCRUNTIME140D.dll
 0001:00017f8c       __except_handler4_common   10018f8c f   vcruntimed:VCRUNTIME140D.dll
 0001:00017f92       ___current_exception       10018f92 f   vcruntimed:VCRUNTIME140D.dll
 0001:00017f98       ___current_exception_context 10018f98 f   vcruntimed:VCRUNTIME140D.dll
 0001:00017f9e       ___std_type_info_destroy_list 10018f9e f   vcruntimed:VCRUNTIME140D.dll
 0001:00017fa4       ___vcrt_GetModuleFileNameW 10018fa4 f   vcruntimed:VCRUNTIME140D.dll
 0001:00017faa       ___vcrt_GetModuleHandleW   10018faa f   vcruntimed:VCRUNTIME140D.dll
 0001:00017fb0       ___vcrt_LoadLibraryExW     10018fb0 f   vcruntimed:VCRUNTIME140D.dll
 0001:00017fb6       __invalid_parameter        10018fb6 f   ucrtd:ucrtbased.dll
 0001:00017fbc       _strcpy_s                  10018fbc f   ucrtd:ucrtbased.dll
 0001:00017fc2       _strcat_s                  10018fc2 f   ucrtd:ucrtbased.dll
 0001:00017fc8       _strncat_s                 10018fc8 f   ucrtd:ucrtbased.dll
 0001:00017fce       _strncpy_s                 10018fce f   ucrtd:ucrtbased.dll
 0001:00017fd4       _strcmp                    10018fd4 f   ucrtd:ucrtbased.dll
 0001:00017fda       _strlen                    10018fda f   ucrtd:ucrtbased.dll
 0001:00017fe0       __CrtDbgReport             10018fe0 f   ucrtd:ucrtbased.dll
 0001:00017fe6       ___stdio_common_vsnprintf_s 10018fe6 f   ucrtd:ucrtbased.dll
 0001:00017fec       _atoi                      10018fec f   ucrtd:ucrtbased.dll
 0001:00017ff2       __invalid_parameter_noinfo 10018ff2 f   ucrtd:ucrtbased.dll
 0001:00017ff8       __errno                    10018ff8 f   ucrtd:ucrtbased.dll
 0001:00017ffe       ___acrt_iob_func           10018ffe f   ucrtd:ucrtbased.dll
 0001:00018004       _freopen_s                 10019004 f   ucrtd:ucrtbased.dll
 0001:0001800a       _terminate                 1001900a f   ucrtd:ucrtbased.dll
 0001:00018010       __beginthreadex            10019010 f   ucrtd:ucrtbased.dll
 0001:00018016       _setlocale                 10019016 f   ucrtd:ucrtbased.dll
 0001:0001801c       __CrtDbgReportW            1001901c f   ucrtd:ucrtbased.dll
 0001:00018022       __callnewh                 10019022 f   ucrtd:ucrtbased.dll
 0001:00018028       _malloc                    10019028 f   ucrtd:ucrtbased.dll
 0001:0001802e       __initterm                 1001902e f   ucrtd:ucrtbased.dll
 0001:00018034       __initterm_e               10019034 f   ucrtd:ucrtbased.dll
 0001:0001803a       ___stdio_common_vsprintf_s 1001903a f   ucrtd:ucrtbased.dll
 0001:00018040       __free_dbg                 10019040 f   ucrtd:ucrtbased.dll
 0001:00018046       __seh_filter_dll           10019046 f   ucrtd:ucrtbased.dll
 0001:0001804c       __configure_narrow_argv    1001904c f   ucrtd:ucrtbased.dll
 0001:00018052       __initialize_narrow_environment 10019052 f   ucrtd:ucrtbased.dll
 0001:00018058       __initialize_onexit_table  10019058 f   ucrtd:ucrtbased.dll
 0001:0001805e       __register_onexit_function 1001905e f   ucrtd:ucrtbased.dll
 0001:00018064       __execute_onexit_table     10019064 f   ucrtd:ucrtbased.dll
 0001:0001806a       __crt_atexit               1001906a f   ucrtd:ucrtbased.dll
 0001:00018070       __crt_at_quick_exit        10019070 f   ucrtd:ucrtbased.dll
 0001:00018076       __cexit                    10019076 f   ucrtd:ucrtbased.dll
 0001:0001807c       __wmakepath_s              1001907c f   ucrtd:ucrtbased.dll
 0001:00018082       __wsplitpath_s             10019082 f   ucrtd:ucrtbased.dll
 0001:00018088       _wcscpy_s                  10019088 f   ucrtd:ucrtbased.dll
 0001:0001808e       _UnhandledExceptionFilter@4 1001908e f   kernel32:KERNEL32.dll
 0001:00018094       _SetUnhandledExceptionFilter@4 10019094 f   kernel32:KERNEL32.dll
 0001:0001809a       _TerminateProcess@8        1001909a f   kernel32:KERNEL32.dll
 0001:000180a0       _IsProcessorFeaturePresent@4 100190a0 f   kernel32:KERNEL32.dll
 0001:000180a6       _CloseHandle@4             100190a6 f   kernel32:KERNEL32.dll
 0001:000180ac       _EnterCriticalSection@4    100190ac f   kernel32:KERNEL32.dll
 0001:000180b2       _LeaveCriticalSection@4    100190b2 f   kernel32:KERNEL32.dll
 0001:000180b8       _InitializeCriticalSectionAndSpinCount@8 100190b8 f   kernel32:KERNEL32.dll
 0001:000180be       _DeleteCriticalSection@4   100190be f   kernel32:KERNEL32.dll
 0001:000180c4       _SetEvent@4                100190c4 f   kernel32:KERNEL32.dll
 0001:000180ca       _ResetEvent@4              100190ca f   kernel32:KERNEL32.dll
 0001:000180d0       _WaitForSingleObjectEx@12  100190d0 f   kernel32:KERNEL32.dll
 0001:000180d6       _CreateEventW@16           100190d6 f   kernel32:KERNEL32.dll
 0001:000180dc       _GetProcAddress@8          100190dc f   kernel32:KERNEL32.dll
 0001:000180e2       _IsDebuggerPresent@0       100190e2 f   kernel32:KERNEL32.dll
 0001:000180e8       _RaiseException@16         100190e8 f   kernel32:KERNEL32.dll
 0001:000180ee       _MultiByteToWideChar@24    100190ee f   kernel32:KERNEL32.dll
 0001:000180f4       _WideCharToMultiByte@32    100190f4 f   kernel32:KERNEL32.dll
 0001:000180fa       _GetStartupInfoW@4         100190fa f   kernel32:KERNEL32.dll
 0001:00018100       _QueryPerformanceCounter@4 10019100 f   kernel32:KERNEL32.dll
 0001:00018106       _GetSystemTimeAsFileTime@4 10019106 f   kernel32:KERNEL32.dll
 0001:0001810c       _InitializeSListHead@4     1001910c f   kernel32:KERNEL32.dll
 0001:00018112       _GetLastError@0            10019112 f   kernel32:KERNEL32.dll
 0001:00018118       _HeapAlloc@12              10019118 f   kernel32:KERNEL32.dll
 0001:0001811e       _HeapFree@12               1001911e f   kernel32:KERNEL32.dll
 0001:00018124       _GetProcessHeap@0          10019124 f   kernel32:KERNEL32.dll
 0001:0001812a       _VirtualQuery@12           1001912a f   kernel32:KERNEL32.dll
 0001:00018130       _SuspendThread@4           10019130 f   kernel32:KERNEL32.dll
 0001:00018136       _ResumeThread@4            10019136 f   kernel32:KERNEL32.dll
 0001:0001813c       _GetThreadContext@8        1001913c f   kernel32:KERNEL32.dll
 0001:00018142       _SetThreadContext@8        10019142 f   kernel32:KERNEL32.dll
 0001:00018148       _FlushInstructionCache@12  10019148 f   kernel32:KERNEL32.dll
 0001:0001814e       _VirtualAlloc@16           1001914e f   kernel32:KERNEL32.dll
 0001:00018154       _VirtualFree@12            10019154 f   kernel32:KERNEL32.dll
 0001:0001815a       _VirtualProtectEx@20       1001915a f   kernel32:KERNEL32.dll
 0001:00018160       _VirtualQueryEx@16         10019160 f   kernel32:KERNEL32.dll
 0001:00018166       _SetLastError@4            10019166 f   kernel32:KERNEL32.dll
 0001:0001816c       _LoadLibraryExA@12         1001916c f   kernel32:KERNEL32.dll
 0001:00018172       _LoadLibraryExW@12         10019172 f   kernel32:KERNEL32.dll
 0001:00018180       __filter_x86_sse2_floating_point_exception 10019180 f   MSVCRTD:x86_exception_filter.obj
 0001:00018180       __filter_x86_sse2_floating_point_exception_default 10019180 f   MSVCRTD:x86_exception_filter.obj
 0001:00018310       ___acrt_initialize         10019310 f   MSVCRTD:ucrt_stubs.obj
 0001:00018310       ___scrt_stub_for_acrt_initialize 10019310 f   MSVCRTD:ucrt_stubs.obj
 0001:00018310       ___vcrt_initialize         10019310 f   MSVCRTD:ucrt_stubs.obj
 0001:00018320       ___acrt_thread_attach      10019320 f   MSVCRTD:ucrt_stubs.obj
 0001:00018320       ___scrt_stub_for_acrt_thread_attach 10019320 f   MSVCRTD:ucrt_stubs.obj
 0001:00018320       ___vcrt_thread_attach      10019320 f   MSVCRTD:ucrt_stubs.obj
 0001:00018330       ___acrt_thread_detach      10019330 f   MSVCRTD:ucrt_stubs.obj
 0001:00018330       ___scrt_stub_for_acrt_thread_detach 10019330 f   MSVCRTD:ucrt_stubs.obj
 0001:00018330       ___vcrt_thread_detach      10019330 f   MSVCRTD:ucrt_stubs.obj
 0001:00018340       ___acrt_uninitialize       10019340 f   MSVCRTD:ucrt_stubs.obj
 0001:00018340       ___scrt_stub_for_acrt_uninitialize 10019340 f   MSVCRTD:ucrt_stubs.obj
 0001:00018340       ___vcrt_uninitialize       10019340 f   MSVCRTD:ucrt_stubs.obj
 0001:00018350       ___acrt_uninitialize_critical 10019350 f   MSVCRTD:ucrt_stubs.obj
 0001:00018350       ___scrt_stub_for_acrt_uninitialize_critical 10019350 f   MSVCRTD:ucrt_stubs.obj
 0001:00018350       ___vcrt_uninitialize_critical 10019350 f   MSVCRTD:ucrt_stubs.obj
 0001:00018360       ___scrt_stub_for_is_c_termination_complete 10019360 f   MSVCRTD:ucrt_stubs.obj
 0001:00018360       __is_c_termination_complete 10019360 f   MSVCRTD:ucrt_stubs.obj
 0002:00000000       ___xc_a                    1001d000     MSVCRTD:initializers.obj
 0002:00000104       ___xc_z                    1001d104     MSVCRTD:initializers.obj
 0002:00000208       ___xi_a                    1001d208     MSVCRTD:initializers.obj
 0002:00000410       ___xi_z                    1001d410     MSVCRTD:initializers.obj
 0002:00000514       ___xl_a                    1001d514     MSVCRTD:tlssup.obj
 0002:00000518       ___xl_z                    1001d518     MSVCRTD:tlssup.obj
 0002:0000051c       ___xp_a                    1001d51c     MSVCRTD:initializers.obj
 0002:00000620       ___xp_z                    1001d620     MSVCRTD:initializers.obj
 0002:00000724       ___xt_a                    1001d724     MSVCRTD:initializers.obj
 0002:00000828       ___xt_z                    1001d828     MSVCRTD:initializers.obj
 0002:00000968       ??_C@_01ICJEACDI@?$DL@     1001d968     autil.obj
 0002:00000970       ??_C@_0EB@CPNIKEEC@0123456789ABCDEFGHIJKLMNOPQRSTU@ 1001d970     autil.obj
 0002:000009c0       ??_C@_01IPJKGB@?$CD@       1001d9c0     autil.obj
 0002:000009c4       ??_C@_02DKCKIIND@?$CFs@    1001d9c4     autil.obj
 0002:000009c8       ??_C@_11LOCGONAA@@         1001d9c8     autil.obj
 0002:000009d0       ??_C@_0GB@FECHECBJ@D?3?2Program?5Files?2Microsoft?5Visu@ 1001d9d0     autil.obj
 0002:00000a48       ??_C@_1MC@LCPLFHLA@?$AAD?$AA?3?$AA?2?$AAP?$AAr?$AAo?$AAg?$AAr?$AAa?$AAm?$AA?5?$AAF?$AAi?$AAl?$AAe@ 1001da48     autil.obj
 0002:00000b30       ??_C@_0CO@CCCJIBKO@invalid?5min?5and?5max?5arguments?5f@ 1001db30     autil.obj
 0002:00000b68       ??_C@_1GA@FJHEAOJP@?$AA?$CC?$AAi?$AAn?$AAv?$AAa?$AAl?$AAi?$AAd?$AA?5?$AAm?$AAi?$AAn?$AA?5?$AAa?$AAn@ 1001db68     autil.obj
 0002:000011d0       ??_C@_03KOIMFPNC@?3?31@    1001e1d0     sadll.obj
 0002:000011d8       ??_7exception@std@@6B@     1001e1d8     sadll.obj
 0002:000011e4       ??_C@_0BC@EOODALEL@Unknown?5exception@ 1001e1e4     sadll.obj
 0002:00001200       ??_7bad_alloc@std@@6B@     1001e200     sadll.obj
 0002:00001210       ??_7bad_array_new_length@std@@6B@ 1001e210     sadll.obj
 0002:0000121c       ??_C@_0BF@KINCDENJ@bad?5array?5new?5length@ 1001e21c     sadll.obj
 0002:00001238       ??_C@_0BB@FCMFBGOM@invalid?5argument@ 1001e238     sadll.obj
 0002:00001250       ??_C@_0GC@LMAPENHO@D?3?2Program?5Files?2Microsoft?5Visu@ 1001e250     sadll.obj
 0002:000012c8       ??_C@_1ME@KGLMCDIJ@?$AAD?$AA?3?$AA?2?$AAP?$AAr?$AAo?$AAg?$AAr?$AAa?$AAm?$AA?5?$AAF?$AAi?$AAl?$AAe@ 1001e2c8     sadll.obj
 0002:000013b4       ??_C@_1CG@JNLFBNGN@?$AA?$CC?$AAi?$AAn?$AAv?$AAa?$AAl?$AAi?$AAd?$AA?5?$AAa?$AAr?$AAg?$AAu?$AAm?$AAe@ 1001e3b4     sadll.obj
 0002:000013e4       ??_C@_0BF@FBDAHHJI@Invalid?5memory?5order@ 1001e3e4     sadll.obj
 0002:00001400       ??_C@_0GB@ILGMGAGE@D?3?2Program?5Files?2Microsoft?5Visu@ 1001e400     sadll.obj
 0002:00001478       ??_C@_1MC@PKJIDANA@?$AAD?$AA?3?$AA?2?$AAP?$AAr?$AAo?$AAg?$AAr?$AAa?$AAm?$AA?5?$AAF?$AAi?$AAl?$AAe@ 1001e478     sadll.obj
 0002:00001560       ??_C@_1CO@JOMFDNFG@?$AA?$CC?$AAI?$AAn?$AAv?$AAa?$AAl?$AAi?$AAd?$AA?5?$AAm?$AAe?$AAm?$AAo?$AAr?$AAy@ 1001e560     sadll.obj
 0002:00001598       ??_C@_0BA@JFNIOLAK@string?5too?5long@ 1001e598     sadll.obj
 0002:000015ac       ??_C@_0DG@KGHKKGBC@null?5pointer?5cannot?5point?5to?5a?5@ 1001e5ac     sadll.obj
 0002:000015f0       ??_C@_1HA@FACCKGGH@?$AA?$CC?$AAn?$AAu?$AAl?$AAl?$AA?5?$AAp?$AAo?$AAi?$AAn?$AAt?$AAe?$AAr?$AA?5?$AAc@ 1001e5f0     sadll.obj
 0002:00001678       ??_C@_0BJ@HAJGEHKO@transposed?5pointer?5range@ 1001e678     sadll.obj
 0002:00001698       ??_C@_0GD@HEPKFHCG@D?3?2Program?5Files?2Microsoft?5Visu@ 1001e698     sadll.obj
 0002:00001710       ??_C@_1MG@EFOGNJMO@?$AAD?$AA?3?$AA?2?$AAP?$AAr?$AAo?$AAg?$AAr?$AAa?$AAm?$AA?5?$AAF?$AAi?$AAl?$AAe@ 1001e710     sadll.obj
 0002:00001800       ??_C@_1DG@FJIKMGFD@?$AA?$CC?$AAt?$AAr?$AAa?$AAn?$AAs?$AAp?$AAo?$AAs?$AAe?$AAd?$AA?5?$AAp?$AAo?$AAi@ 1001e800     sadll.obj
 0002:00001844       ??_7SyncClient@@6B@        1001e844     sadll.obj
 0002:0000184c       ??_C@_0BP@GEDJMKHO@WSAStartup?5failed?5with?5error?3?5@ 1001e84c     sadll.obj
 0002:00001874       ??_C@_0BL@BHEMOCNM@socket?5failed?5with?5error?3?5@ 1001e874     sadll.obj
 0002:00001894       ??_C@_0CA@EONFHMJK@inet_pton?5failed?4?5Error?5Code?5?3?5@ 1001e894     sadll.obj
 0002:000018bc       ??_C@_0BO@LFDJDNGG@connect?5failed?4?5Error?5Code?5?3?5@ 1001e8bc     sadll.obj
 0002:000018ec       ??_C@_17CNPHIMPH@?$AA?$CF?$AAl?$AAs@ 1001e8ec     MSVCRTD:thread_safe_statics.obj
 0002:000018f8       ??_C@_1EC@JIJBPKFM@?$AAa?$AAp?$AAi?$AA?9?$AAm?$AAs?$AA?9?$AAw?$AAi?$AAn?$AA?9?$AAc?$AAo?$AAr?$AAe@ 1001e8f8     MSVCRTD:thread_safe_statics.obj
 0002:00001948       ??_C@_1BK@MGMFAEKH@?$AAk?$AAe?$AAr?$AAn?$AAe?$AAl?$AA3?$AA2?$AA?4?$AAd?$AAl?$AAl@ 1001e948     MSVCRTD:thread_safe_statics.obj
 0002:00001968       ??_C@_0BJ@JEBJOJFJ@SleepConditionVariableCS@ 1001e968     MSVCRTD:thread_safe_statics.obj
 0002:00001988       ??_C@_0BJ@PGPPEPCC@WakeAllConditionVariable@ 1001e988     MSVCRTD:thread_safe_statics.obj
 0002:000019a8       ??_C@_1JE@OMOJFEE@?$AAD?$AA?3?$AA?2?$AAa?$AA?2?$AA_?$AAw?$AAo?$AAr?$AAk?$AA?2?$AA1?$AA?2?$AAs?$AA?2@ 1001e9a8     MSVCRTD:thread_safe_statics.obj
 0002:00001a60       ??_7type_info@@6B@         1001ea60     MSVCRTD:std_type_info_static.obj
 0002:00001a68       __pDefaultRawDllMain       1001ea68     MSVCRTD:dll_dllmain.obj
 0002:00001a68       __pRawDllMain              1001ea68     MSVCRTD:dll_dllmain.obj
 0002:00001b28       ??_C@_0NN@JMPELKLB@The?5value?5of?5ESP?5was?5not?5proper@ 1001eb28     MSVCRTD:error.obj
 0002:00001c38       ??_C@_0BBN@ELNNILBE@A?5cast?5to?5a?5smaller?5data?5type?5h@ 1001ec38     MSVCRTD:error.obj
 0002:00001d90       ??_C@_0BN@BPOGFMJL@Stack?5memory?5was?5corrupted?$AN?6@ 1001ed90     MSVCRTD:error.obj
 0002:00001db4       ??_C@_0DG@DAJCDLPN@A?5local?5variable?5was?5used?5befor@ 1001edb4     MSVCRTD:error.obj
 0002:00001df4       ??_C@_0CM@JMIDGKLA@Stack?5memory?5around?5_alloca?5was@ 1001edf4     MSVCRTD:error.obj
 0002:00001e28       ??_C@_0BO@CHIONIOI@Unknown?5Runtime?5Check?5Error?$AN?6@ 1001ee28     MSVCRTD:error.obj
 0002:00001e50       ??_C@_1GM@CNOOJIHC@?$AAR?$AAu?$AAn?$AAt?$AAi?$AAm?$AAe?$AA?5?$AAC?$AAh?$AAe?$AAc?$AAk?$AA?5?$AAE@ 1001ee50     MSVCRTD:error.obj
 0002:00001ed8       ??_C@_1EA@NFKNIFJP@?$AAR?$AAu?$AAn?$AA?9?$AAT?$AAi?$AAm?$AAe?$AA?5?$AAC?$AAh?$AAe?$AAc?$AAk?$AA?5@ 1001eed8     MSVCRTD:error.obj
 0002:00001f24       ??_C@_0BB@PFFGGCJP@Unknown?5Filename@ 1001ef24     MSVCRTD:error.obj
 0002:00001f38       ??_C@_0BE@GNBOBNCK@Unknown?5Module?5Name@ 1001ef38     MSVCRTD:error.obj
 0002:00001f50       ??_C@_0CA@IODNCDPG@Run?9Time?5Check?5Failure?5?$CD?$CFd?5?9?5?$CFs@ 1001ef50     MSVCRTD:error.obj
 0002:00001f78       ??_C@_0CG@IAFNJNEE@Stack?5corrupted?5near?5unknown?5va@ 1001ef78     MSVCRTD:error.obj
 0002:00001fa8       ??_C@_05MKKEDADM@?$CF?42X?5@ 1001efa8     MSVCRTD:error.obj
 0002:00001fb0       ??_C@_0EJ@LJKNEOLN@Stack?5area?5around?5_alloca?5memor@ 1001efb0     MSVCRTD:error.obj
 0002:00002008       ??_C@_01EEMJAFIK@?6@       1001f008     MSVCRTD:error.obj
 0002:0000200c       ??_C@_02LLMPMKNF@?$DO?5@   1001f00c     MSVCRTD:error.obj
 0002:00002010       ??_C@_08OMAHNMHJ@?6Data?3?5?$DM@ 1001f010     MSVCRTD:error.obj
 0002:0000201c       ??_C@_0CK@DKGBICFE@?6Allocation?5number?5within?5this?5@ 1001f01c     MSVCRTD:error.obj
 0002:00002050       ??_C@_07DFDJCKFN@?6Size?3?5@ 1001f050     MSVCRTD:error.obj
 0002:0000205c       ??_C@_0N@MHFFIMFG@?6Address?3?50x@ 1001f05c     MSVCRTD:error.obj
 0002:00002070       ??_C@_0EI@CLEPFNGI@Stack?5area?5around?5_alloca?5memor@ 1001f070     MSVCRTD:error.obj
 0002:000020c8       ??_C@_0BK@ODNDAGKB@?$CFs?$CFs?$CFp?$CFs?$CFzd?$CFs?$CFd?$CFs?$CFs?$CFs?$CFs?$CFs@ 1001f0c8     MSVCRTD:error.obj
 0002:000020e8       ??_C@_0DE@OHJBPMBP@A?5variable?5is?5being?5used?5withou@ 1001f0e8     MSVCRTD:error.obj
 0002:00002140       ??_C@_0BJ@HEGAHDFO@Stack?5pointer?5corruption@ 1001f140     MSVCRTD:userapi.obj
 0002:00002160       ??_C@_0CK@FEGOIOPB@Cast?5to?5smaller?5type?5causing?5lo@ 1001f160     MSVCRTD:userapi.obj
 0002:00002194       ??_C@_0BI@CIGMDCBH@Stack?5memory?5corruption@ 1001f194     MSVCRTD:userapi.obj
 0002:000021b0       ??_C@_0CK@CNLNOEPB@Local?5variable?5used?5before?5init@ 1001f1b0     MSVCRTD:userapi.obj
 0002:000021e4       ??_C@_0BP@OGBCLIBO@Stack?5around?5_alloca?5corrupted@ 1001f1e4     MSVCRTD:userapi.obj
 0002:0000220c       ??_C@_0P@GHFPNOJB@bad?5allocation@ 1001f20c     MSVCRTD:throw_bad_alloc.obj
 0002:00002278       ??_C@_1EI@MLPKHBGE@?$AAa?$AAp?$AAi?$AA?9?$AAm?$AAs?$AA?9?$AAw?$AAi?$AAn?$AA?9?$AAc?$AAo?$AAr?$AAe@ 1001f278     MSVCRTD:pdblkup.obj
 0002:000022d0       ??_C@_1BK@JHLNAEJL@?$AAa?$AAd?$AAv?$AAa?$AAp?$AAi?$AA3?$AA2?$AA?4?$AAd?$AAl?$AAl@ 1001f2d0     MSVCRTD:pdblkup.obj
 0002:000022f0       ??_C@_0O@COHOBMLB@RegOpenKeyExW@ 1001f2f0     MSVCRTD:pdblkup.obj
 0002:00002300       ??_C@_0BB@GLNAEDBD@RegQueryValueExW@ 1001f300     MSVCRTD:pdblkup.obj
 0002:00002314       ??_C@_0M@HLOHPNFA@RegCloseKey@ 1001f314     MSVCRTD:pdblkup.obj
 0002:00002328       ??_C@_1HE@EBEAGLFB@?$AAS?$AAO?$AAF?$AAT?$AAW?$AAA?$AAR?$AAE?$AA?2?$AAW?$AAo?$AAw?$AA6?$AA4?$AA3@ 1001f328     MSVCRTD:pdblkup.obj
 0002:000023b4       ??_C@_1BG@EABPBLLF@?$AAP?$AAr?$AAo?$AAd?$AAu?$AAc?$AAt?$AAD?$AAi?$AAr@ 1001f3b4     MSVCRTD:pdblkup.obj
 0002:000023f4       ??_C@_1BC@JINFINNJ@?$AAM?$AAS?$AAP?$AAD?$AAB?$AA1?$AA4?$AA0@ 1001f3f4     MSVCRTD:pdblkup.obj
 0002:0000240c       ??_C@_0BB@KCIACLNC@PDBOpenValidate5@ 1001f40c     MSVCRTD:pdblkup.obj
 0002:00002420       ??_C@_01KDCPPGHE@r@        1001f420     MSVCRTD:pdblkup.obj
 0002:0000242c       _DETOUR_EXE_RESTORE_GUID   1001f42c     detours:modules.obj
 0002:00002530       __load_config_used         1001f530     MSVCRTD:loadcfg.obj
 0002:000027c0       ___CastGuardVftablesStart  1001f7c0     MSVCRTD:guard_support.obj
 0002:00002940       ___CastGuardVftablesEnd    1001f940     MSVCRTD:guard_support.obj
 0002:00002a8c       __tls_used                 1001fa8c     MSVCRTD:tlssup.obj
 0002:00002ba8       ??_R4exception@std@@6B@    1001fba8     sadll.obj
 0002:00002bc0       ??_R3exception@std@@8      1001fbc0     sadll.obj
 0002:00002bd4       ??_R2exception@std@@8      1001fbd4     sadll.obj
 0002:00002bdc       ??_R1A@?0A@EA@exception@std@@8 1001fbdc     sadll.obj
 0002:00002c00       ??_R4bad_alloc@std@@6B@    1001fc00     sadll.obj
 0002:00002c18       ??_R3bad_alloc@std@@8      1001fc18     sadll.obj
 0002:00002c2c       ??_R2bad_alloc@std@@8      1001fc2c     sadll.obj
 0002:00002c38       ??_R1A@?0A@EA@bad_alloc@std@@8 1001fc38     sadll.obj
 0002:00002c5c       ??_R4bad_array_new_length@std@@6B@ 1001fc5c     sadll.obj
 0002:00002c74       ??_R3bad_array_new_length@std@@8 1001fc74     sadll.obj
 0002:00002c88       ??_R2bad_array_new_length@std@@8 1001fc88     sadll.obj
 0002:00002c98       ??_R1A@?0A@EA@bad_array_new_length@std@@8 1001fc98     sadll.obj
 0002:00002cbc       ??_R4SyncClient@@6B@       1001fcbc     sadll.obj
 0002:00002cd4       ??_R3SyncClient@@8         1001fcd4     sadll.obj
 0002:00002ce8       ??_R2SyncClient@@8         1001fce8     sadll.obj
 0002:00002cf0       ??_R1A@?0A@EA@SyncClient@@8 1001fcf0     sadll.obj
 0002:00002d14       ??_R4type_info@@6B@        1001fd14     MSVCRTD:std_type_info_static.obj
 0002:00002d2c       ??_R3type_info@@8          1001fd2c     MSVCRTD:std_type_info_static.obj
 0002:00002d40       ??_R2type_info@@8          1001fd40     MSVCRTD:std_type_info_static.obj
 0002:00002d48       ??_R1A@?0A@EA@type_info@@8 1001fd48     MSVCRTD:std_type_info_static.obj
 0002:00002e74       ___safe_se_handler_table   1001fe74     <linker-defined>
 0002:000031e4       ___rtc_iaa                 100201e4     MSVCRTD:initsect.obj
 0002:000033f8       ___rtc_izz                 100203f8     MSVCRTD:initsect.obj
 0002:000034fc       ___rtc_taa                 100204fc     MSVCRTD:initsect.obj
 0002:00003710       ___rtc_tzz                 10020710     MSVCRTD:initsect.obj
 0002:00004158       __TI3?AVbad_array_new_length@std@@ 10021158     sadll.obj
 0002:0000416c       __CTA3?AVbad_array_new_length@std@@ 1002116c     sadll.obj
 0002:00004180       __CT??_R0?AVbad_array_new_length@std@@@8??0bad_array_new_length@std@@QAE@ABV01@@Z12 10021180     sadll.obj
 0002:000041a0       __CT??_R0?AVbad_alloc@std@@@8??0bad_alloc@std@@QAE@ABV01@@Z12 100211a0     sadll.obj
 0002:000041c0       __CT??_R0?AVexception@std@@@8??0exception@std@@QAE@ABV01@@Z12 100211c0     sadll.obj
 0002:00004270       __TI2?AVbad_alloc@std@@    10021270     MSVCRTD:throw_bad_alloc.obj
 0002:00004284       __CTA2?AVbad_alloc@std@@   10021284     MSVCRTD:throw_bad_alloc.obj
 0003:00000000       ___security_cookie_complement 10022000     MSVCRTD:gs_cookie.obj
 0003:00000004       ___security_cookie         10022004     MSVCRTD:gs_cookie.obj
 0003:0000000c       __Init_global_epoch        1002200c     MSVCRTD:thread_safe_statics.obj
 0003:00000010       ?_RTC_ErrorLevels@@3PAHA   10022010     MSVCRTD:error.obj
 0003:00000028       ___scrt_native_dllmain_reason 10022028     MSVCRTD:utility.obj
 0003:0000002c       ___isa_enabled             1002202c     MSVCRTD:cpu_disp.obj
 0003:0000003c       ___scrt_ucrt_dll_is_in_use 1002203c     MSVCRTD:ucrt_stubs.obj
 0003:00000148       ??_R0?AVbad_array_new_length@std@@@8 10022148     sadll.obj
 0003:00000178       ??_R0?AVbad_alloc@std@@@8  10022178     sadll.obj
 0003:0000019c       ??_R0?AVexception@std@@@8  1002219c     sadll.obj
 0003:000002c0       ??_R0?AVSyncClient@@@8     100222c0     sadll.obj
 0003:000002e0       ??_R0?AVtype_info@@@8      100222e0     MSVCRTD:std_type_info_static.obj
 0003:00000400       ?MesgSlice@Autil@@3PAY0PPNM@DA 10022400     autil.obj
 0003:004ff8c0       ?SliceCount@Autil@@3HA     105218c0     autil.obj
 0003:004ff8c4       ?PersonalKey@Autil@@3PADA  105218c4     autil.obj
 0003:005ff690       ?_OptionsStorage@?1??__local_stdio_printf_options@@9@4_KA 10621690     autil.obj
 0003:005ff69c       ___@@_PchSym_@00@UfhvihUyvhgpzpplrrUwvhpglkUehPkilqvxgUhzhsUhzwooUwvyftUkxsOlyq@4B2008FD98C1DD4 1062169c     pch.obj
 0003:005ff6a0       ?g_OldWndProc@@3P6GJPAUHWND__@@IIJ@ZA 106216a0     sadll.obj
 0003:005ff6a4       ?g_MainHwnd@@3PAUHWND__@@A 106216a4     sadll.obj
 0003:005ff6a8       ?g_hGameModule@@3PAUHINSTANCE__@@A 106216a8     sadll.obj
 0003:005ff6ac       ?g_hDllModule@@3PAUHINSTANCE__@@A 106216ac     sadll.obj
 0003:005ff6b0       ?g_szGameModulePath@@3PA_WA 106216b0     sadll.obj
 0003:005ff8b8       ?g_MainThreadId@@3KA       106218b8     sadll.obj
 0003:005ff8bc       ?g_MainThreadHandle@@3PAXA 106218bc     sadll.obj
 0003:005ff8c0       ?g_ParenthWnd@@3PAUHWND__@@A 106218c0     sadll.obj
 0003:005ff8c4       ?net_readbuflen@@3HA       106218c4     sadll.obj
 0003:005ff8c8       ?net_readbuf@@3PADA        106218c8     sadll.obj
 0003:006018c8       ?rpc_linebuffer@@3PADA     106238c8     sadll.obj
 0003:006152d0       ?instance@?1??getInstance@GameService@@SAAAV2@XZ@4PAV2@A 106372d0     sadll.obj
 0003:006152d4       ?$TSS0@?1??getInstance@GameService@@SAAAV2@XZ@4HA 106372d4     sadll.obj
 0003:006152d8       ?instance@?1??getInstance@SyncClient@@SAAAV2@XZ@4PAV2@A 106372d8     sadll.obj
 0003:006152dc       ?$TSS0@?1??getInstance@SyncClient@@SAAAV2@XZ@4HA 106372dc     sadll.obj
 0003:006156cc       __tls_index                106376cc     MSVCRTD:tlssup.obj
 0003:006156e0       ___scrt_current_native_startup_state 106376e0     MSVCRTD:utility.obj
[...]
 0005:0000001d       __61CC25A1_errno@h         1063a01d     pch.obj
 0005:0000001e       __C7BF34A6_vcruntime_string@h 1063a01e     pch.obj
 0005:0000001f       __E4C945B4_corecrt_memcpy_s@h 1063a01f     pch.obj
 0005:00000020       __8EAFF484_corecrt_memory@h 1063a020     pch.obj
 0005:00000021       __6490AEC5_corecrt_wstring@h 1063a021     pch.obj
 0005:00000022       __E8295E1E_string@h        1063a022     pch.obj
 0005:00000023       __7FCB5136_guiddef@h       1063a023     pch.obj
 0005:00000024       __FF8A9E11_pshpack4@h      1063a024     pch.obj
 0005:00000025       __D5438902_poppack@h       1063a025     pch.obj
 0005:00000026       __FB07E2A3_pshpack2@h      1063a026     pch.obj
 0005:00000027       __F6906775_pshpack8@h      1063a027     pch.obj
 0005:00000028       __F9415CFA_pshpack1@h      1063a028     pch.obj
 0005:00000029       __E58C6F1C_apiset@h        1063a029     pch.obj
 0005:0000002a       __A5C52262_ktmtypes@h      1063a02a     pch.obj
 0005:0000002b       __FBBA8F9D_winnt@h         1063a02b     pch.obj
 0005:0000002c       __A32D3D2C_minwindef@h     1063a02c     pch.obj
 0005:0000002d       __7D798299_windef@h        1063a02d     pch.obj
 0005:0000002e       __9AE108E9_apisetcconv@h   1063a02e     pch.obj
 0005:0000002f       __9CE53D2C_minwinbase@h    1063a02f     pch.obj
 0005:00000030       __5D0AA210_apiquery2@h     1063a030     pch.obj
 0005:00000031       __4DD4E726_processenv@h    1063a031     pch.obj
 0005:00000032       __3575CC96_fileapi@h       1063a032     pch.obj
 0005:00000033       __8EA220E6_fileapifromapp@h 1063a033     pch.obj
 0005:00000034       __BF9B31FE_debugapi@h      1063a034     pch.obj
 0005:00000035       __C3AFE134_utilapiset@h    1063a035     pch.obj
 0005:00000036       __76F69E51_handleapi@h     1063a036     pch.obj
 0005:00000037       __7E63D784_errhandlingapi@h 1063a037     pch.obj
 0005:00000038       __FFA7003C_fibersapi@h     1063a038     pch.obj
 0005:00000039       __8971CECF_namedpipeapi@h  1063a039     pch.obj
 0005:0000003a       __46C9D8A6_profileapi@h    1063a03a     pch.obj
 0005:0000003b       __98D4F0A3_heapapi@h       1063a03b     pch.obj
 0005:0000003c       __50EF2A88_ioapiset@h      1063a03c     pch.obj
 0005:0000003d       __92EA1464_synchapi@h      1063a03d     pch.obj
 0005:0000003e       __A53D8AED_interlockedapi@h 1063a03e     pch.obj
 0005:0000003f       __B506CAAF_processthreadsapi@h 1063a03f     pch.obj
 0005:00000040       __FF735694_sysinfoapi@h    1063a040     pch.obj
 0005:00000041       __29589789_memoryapi@h     1063a041     pch.obj
 0005:00000042       __E9C7A663_enclaveapi@h    1063a042     pch.obj
 0005:00000043       __D035F9F7_threadpoollegacyapiset@h 1063a043     pch.obj
 0005:00000044       __C899130C_threadpoolapiset@h 1063a044     pch.obj
 0005:00000045       __E0441EE7_jobapi@h        1063a045     pch.obj
 0005:00000046       __CEF86838_jobapi2@h       1063a046     pch.obj
 0005:00000047       __35AC6B9A_wow64apiset@h   1063a047     pch.obj
 0005:00000048       __C8AE41A5_libloaderapi@h  1063a048     pch.obj
 0005:00000049       __CC9E232D_securitybaseapi@h 1063a049     pch.obj
 0005:0000004a       __C9D0C9B8_namespaceapi@h  1063a04a     pch.obj
 0005:0000004b       __30FF9CAD_systemtopologyapi@h 1063a04b     pch.obj
 0005:0000004c       __4D358795_processtopologyapi@h 1063a04c     pch.obj
 0005:0000004d       __40446D10_securityappcontainer@h 1063a04d     pch.obj
 0005:0000004e       __3A952EDF_realtimeapiset@h 1063a04e     pch.obj
 0005:0000004f       __F4865F4B_winerror@h      1063a04f     pch.obj
 0005:00000050       __53C1BD93_timezoneapi@h   1063a050     pch.obj
 0005:00000051       __1FFBEDBF_winbase@h       1063a051     pch.obj
 0005:00000052       __43D3FA34_wingdi@h        1063a052     pch.obj
 0005:00000053       __D24A7391_tvout@h         1063a053     pch.obj
 0005:00000054       __7713A6C8_winuser@h       1063a054     pch.obj
 0005:00000055       __0B345F71_datetimeapi@h   1063a055     pch.obj
 0005:00000056       __9AC6960C_winnls@h        1063a056     pch.obj
 0005:00000057       __973A40A8_stringapiset@h  1063a057     pch.obj
 0005:00000058       __CC46FEE2_wincontypes@h   1063a058     pch.obj
 0005:00000059       __97D70BE1_consoleapi@h    1063a059     pch.obj
 0005:0000005a       __27EC5E18_consoleapi2@h   1063a05a     pch.obj
 0005:0000005b       __262E342F_consoleapi3@h   1063a05b     pch.obj
 0005:0000005c       __641DCD70_wincon@h        1063a05c     pch.obj
 0005:0000005d       __5A96C7A7_verrsrc@h       1063a05d     pch.obj
 0005:0000005e       __B69C6FF2_winver@h        1063a05e     pch.obj
 0005:0000005f       __7AEB8C37_reason@h        1063a05f     pch.obj
 0005:00000060       __59F1A8A9_winreg@h        1063a060     pch.obj
 0005:00000061       __EE0E2B7F_wnnc@h          1063a061     pch.obj
 0005:00000062       __DCDB7054_winnetwk@h      1063a062     pch.obj
 0005:00000063       __81DDEDE3_stralign@h      1063a063     pch.obj
 0005:00000064       __2134D1B4_winsvc@h        1063a064     pch.obj
 0005:00000065       __11C07376_mcx@h           1063a065     pch.obj
 0005:00000066       __577CE3E7_ime_cmodes@h    1063a066     pch.obj
 0005:00000067       __1E72C31E_imm@h           1063a067     pch.obj
 0005:00000068       __E15BF856_windows@h       1063a068     pch.obj
 0005:00000069       __832A4112_inaddr@h        1063a069     pch.obj
 0005:0000006a       __C59B8995_ws2def@h        1063a06a     pch.obj
 0005:0000006b       __F9202461_qos@h           1063a06b     pch.obj
 0005:0000006c       __50CB22FA_WinSock2@h      1063a06c     pch.obj
 0005:0000006d       __B01BC3FD_in6addr@h       1063a06d     pch.obj
 0005:0000006e       __DEBB33B8_ws2ipdef@h      1063a06e     pch.obj
 0005:0000006f       __2A51B905_limits@h        1063a06f     pch.obj
 0005:00000070       __6AD23521_WS2tcpip@h      1063a070     pch.obj
 0005:00000071       __CDBF38D3_xkeycheck@h     1063a071     pch.obj
 0005:00000072       __B82E8187_yvals_core@h    1063a072     pch.obj
 0005:00000073       __85D44119_vcruntime_new@h 1063a073     pch.obj
 0005:00000074       __4A04F9FC_vcruntime_new_debug@h 1063a074     pch.obj
 0005:00000075       __935DC21B_crtdbg@h        1063a075     pch.obj
 0005:00000076       __7B9928CC_crtdefs@h       1063a076     pch.obj
 0005:00000077       __8E69A139_use_ansi@h      1063a077     pch.obj
 0005:00000078       __9E3F5EBE_yvals@h         1063a078     pch.obj
 0005:00000079       __369A9BC3_corecrt_wtime@h 1063a079     pch.obj
 0005:0000007a       __0A9237D2_time@h          1063a07a     pch.obj
 0005:0000007b       __7636E091_ctime           1063a07b     pch.obj
 0005:0000007c       __B9985323_float@h         1063a07c     pch.obj
 0005:0000007d       __9A0005AD_cfloat          1063a07d     pch.obj
 0005:0000007e       __AC90CAF3_climits         1063a07e     pch.obj
 0005:0000007f       __44420885_corecrt_stdio_config@h 1063a07f     pch.obj
 0005:00000080       __AB601D8D_corecrt_wstdio@h 1063a080     pch.obj
 0005:00000081       __C1EC35D3_stdio@h         1063a081     pch.obj
 0005:00000082       __E944CE2A_cstdio          1063a082     pch.obj
 0005:00000083       __EF1F6BBA_corecrt_wconio@h 1063a083     pch.obj
 0005:00000084       __3D1D430C_corecrt_wdirect@h 1063a084     pch.obj
 0005:00000085       __8ECB7138_corecrt_share@h 1063a085     pch.obj
 0005:00000086       __DB7FEBA6_corecrt_wio@h   1063a086     pch.obj
 0005:00000087       __9A9F0068_corecrt_wprocess@h 1063a087     pch.obj
 0005:00000088       __E2E33A61_corecrt_wstdlib@h 1063a088     pch.obj
 0005:00000089       __CE789B9D_types@h         1063a089     pch.obj
 0005:0000008a       __9901C817_stat@h          1063a08a     pch.obj
 0005:0000008b       __3FCAD62E_wchar@h         1063a08b     pch.obj
 0005:0000008c       __73CF1879_cwchar          1063a08c     pch.obj
 0005:0000008d       __DB641432_intrin0@inl@h   1063a08d     pch.obj
 0005:0000008e       __62B491C7_intrin0@h       1063a08e     pch.obj
 0005:0000008f       __14343ED5_isa_availability@h 1063a08f     pch.obj
 0005:00000090       __13F5961F_stddef@h        1063a090     pch.obj
 0005:00000091       __75679370_xtr1common      1063a091     pch.obj
 0005:00000092       __8DB432AC_cstddef         1063a092     pch.obj
 0005:00000093       __BB16330F_corecrt_math@h  1063a093     pch.obj
 0005:00000094       __3BF2A406_math@h          1063a094     pch.obj
 0005:00000095       __45DED006_corecrt_malloc@h 1063a095     pch.obj
 0005:00000096       __FD6DBD68_corecrt_search@h 1063a096     pch.obj
 0005:00000097       __6E5ACABA_stdlib@h        1063a097     pch.obj
 0005:00000098       __287FE801_cstdlib         1063a098     pch.obj
 0005:00000099       __2E531C5B_initializer_list 1063a099     pch.obj
 0005:0000009a       __E86DFA98_xstddef         1063a09a     pch.obj
 0005:0000009b       __FCE648C9_limits          1063a09b     pch.obj
 0005:0000009c       __9427973A_stdint@h        1063a09c     pch.obj
 0005:0000009d       __9521097C_cstdint         1063a09d     pch.obj
 0005:0000009e       __8316FE18_type_traits     1063a09e     pch.obj
 0005:0000009f       __DC36E537_ratio           1063a09f     pch.obj
 0005:000000a0       __1F726D8A_utility         1063a0a0     pch.obj
 0005:000000a1       __4E3B0C86_xtimec@h        1063a0a1     pch.obj
 0005:000000a2       __536815A4___msvc_chrono@hpp 1063a0a2     pch.obj
 0005:000000a3       __FA77ED4C_malloc@h        1063a0a3     pch.obj
 0005:000000a4       __89766DA4_corecrt_terminate@h 1063a0a4     pch.obj
 0005:000000a5       __15A429A0_eh@h            1063a0a5     pch.obj
 0005:000000a6       __42EAFCAE_vcruntime_exception@h 1063a0a6     pch.obj
 0005:000000a7       __B3C6465A_exception       1063a0a7     pch.obj
 0005:000000a8       __64ED40E1_cstring         1063a0a8     pch.obj
 0005:000000a9       __300F9D4F_iosfwd          1063a0a9     pch.obj
 0005:000000aa       __4C6B6D9A_vcruntime_typeinfo@h 1063a0aa     pch.obj
 0005:000000ab       __88201CDE_typeinfo        1063a0ab     pch.obj
 0005:000000ac       __D54891C9_new             1063a0ac     pch.obj
 0005:000000ad       __B9CACA8C_xatomic@h       1063a0ad     pch.obj
 0005:000000ae       __58858B05___msvc_iter_core@hpp 1063a0ae     pch.obj
 0005:000000af       __F8FFEFC7_xutility        1063a0af     pch.obj
 0005:000000b0       __75E70E49_xmemory         1063a0b0     pch.obj
 0005:000000b1       __40484447_memory          1063a0b1     pch.obj
 0005:000000b2       __537DDF86_vcruntime_startup@h 1063a0b2     pch.obj
 0005:000000b3       __005E73E1_corecrt_startup@h 1063a0b3     pch.obj
 0005:000000b4       __8B12B2C4_process@h       1063a0b4     pch.obj
 0005:000000b5       __16A665D8_tuple           1063a0b5     pch.obj
 0005:000000b6       __EF27968A_xthreads@h      1063a0b6     pch.obj
 0005:000000b7       __9B053CF1_thread          1063a0b7     pch.obj
 0005:000000b8       __97D3140B_atomic          1063a0b8     pch.obj
 0005:000000b9       __43E37B5E___msvc_sanitizer_annotate_container@hpp 1063a0b9     pch.obj
 0005:000000ba       __013488D5_xstring         1063a0ba     pch.obj
 0005:000000bb       __E68F298D_cctype          1063a0bb     pch.obj
 0005:000000bc       __349BC2DB_string          1063a0bc     pch.obj
 0005:000000bd       __B14B3829_vector          1063a0bd     pch.obj
 0005:000000be       __B0857C99_cmath           1063a0be     pch.obj
 0005:000000bf       __E9535887_iterator        1063a0bf     pch.obj
 0005:000000c0       __F7972D0B_share@h         1063a0c0     pch.obj
 0005:000000c1       __BF0DA2D8___msvc_system_error_abi@hpp 1063a0c1     pch.obj
 0005:000000c2       __7465BAD1_cerrno          1063a0c2     pch.obj
 0005:000000c3       __3A887C07_stdexcept       1063a0c3     pch.obj
 0005:000000c4       __FBB65FD7_xcall_once@h    1063a0c4     pch.obj
 0005:000000c5       __36AA4BB1_xerrc@h         1063a0c5     pch.obj
 0005:000000c6       __44EB4DF7_system_error    1063a0c6     pch.obj
 0005:000000c7       __6C0D1348_xfacet          1063a0c7     pch.obj
 0005:000000c8       __0E8B0509___msvc_xlocinfo_types@hpp 1063a0c8     pch.obj
 0005:000000c9       __791C33B7_locale@h        1063a0c9     pch.obj
 0005:000000ca       __BBD334D0_clocale         1063a0ca     pch.obj
 0005:000000cb       __97A9FF16_xlocinfo        1063a0cb     pch.obj
 0005:000000cc       __DE0AFCE4_xlocale         1063a0cc     pch.obj
 0005:000000cd       __AE4C8805_xiosbase        1063a0cd     pch.obj
 0005:000000ce       __3828C4BB_streambuf       1063a0ce     pch.obj
 0005:000000cf       __408D9AF3_xlocnum         1063a0cf     pch.obj
 0005:000000d0       __2D85ABDF_ios             1063a0d0     pch.obj
 0005:000000d1       __CD1A2620_ostream         1063a0d1     pch.obj
 0005:000000d2       __AECA131A_istream         1063a0d2     pch.obj
 0005:000000d3       __9A8695D8_iostream        1063a0d3     pch.obj
 0005:000000d4       __73AABCDD___msvc_int128@hpp 1063a0d4     pch.obj
 0005:000000d5       __590A048E_algorithm       1063a0d5     pch.obj
 0005:000000d6       __5A2DC2B7_xbit_ops@h      1063a0d6     pch.obj
 0005:000000d7       __BC1EAAA7_random          1063a0d7     pch.obj
 0005:000000d8       __CE9BEF67_mutex           1063a0d8     pch.obj
 0005:000000d9       __7E731E85_condition_variable 1063a0d9     pch.obj
 0005:000000da       __BC9D66EA_deque           1063a0da     pch.obj
 0005:000000db       __5FAB222B_queue           1063a0db     pch.obj
 0005:000000dc       __3201A73B_windowsx@h      1063a0dc     pch.obj
 0005:000000dd       __7DDD9F45_winioctl@h      1063a0dd     pch.obj
 0005:000000de       __60C1BB96_ntstatus@h      1063a0de     pch.obj
 0005:000000df       __8527A4A5_cfg@h           1063a0df     pch.obj
 0005:000000e0       __3C9886FD_d3dukmdt@h      1063a0e0     pch.obj
 0005:000000e1       __933B0786_d3dkmdt@h       1063a0e1     pch.obj
 0005:000000e2       __ED7C2C75_d3dkmthk@h      1063a0e2     pch.obj
 0005:000000e3       __17C221F5_lsalookup@h     1063a0e3     pch.obj
 0005:000000e4       __74EAFA7C_ntlsa@h         1063a0e4     pch.obj
 0005:000000e5       __0D771C8D_MINT@h          1063a0e5     pch.obj
 0005:000000e6       __CD0D37DF_detours@h       1063a0e6     pch.obj
 0005:000000e7       __9D20E11D_pch@h           1063a0e7     pch.obj
 0005:000000e8       __E1CC6C87_sadll@pch       1063a0e8     pch.obj
 0005:000000e9       __5B0EC4F9_pch@cpp         1063a0e9     pch.obj
 0005:00000116       __E1CC6C87_sadll@pch       1063a116     sadll.obj
 0005:00000117       __BB16330F_corecrt_math@h  1063a117     sadll.obj
 0005:00000118       __16A665D8_tuple           1063a118     sadll.obj
 0005:00000119       __B9CACA8C_xatomic@h       1063a119     sadll.obj
 0005:0000011a       __97A9FF16_xlocinfo        1063a11a     sadll.obj
 0005:0000011b       __88201CDE_typeinfo        1063a11b     sadll.obj
 0005:0000011c       __4C6B6D9A_vcruntime_typeinfo@h 1063a11c     sadll.obj
 0005:0000011d       __5B0EC4F9_pch@cpp         1063a11d     sadll.obj
 0005:0000011e       __3828C4BB_streambuf       1063a11e     sadll.obj
 0005:0000011f       __C1EC35D3_stdio@h         1063a11f     sadll.obj
 0005:00000120       __44420885_corecrt_stdio_config@h 1063a120     sadll.obj
 0005:00000121       __408D9AF3_xlocnum         1063a121     sadll.obj
 0005:00000122       __E9535887_iterator        1063a122     sadll.obj
 0005:00000123       __44EB4DF7_system_error    1063a123     sadll.obj
 0005:00000124       __3A887C07_stdexcept       1063a124     sadll.obj
 0005:00000125       __2D85ABDF_ios             1063a125     sadll.obj
 0005:00000126       __AE4C8805_xiosbase        1063a126     sadll.obj
 0005:00000127       __DE0AFCE4_xlocale         1063a127     sadll.obj
 0005:00000128       __6C0D1348_xfacet          1063a128     sadll.obj
 0005:00000129       __CD1A2620_ostream         1063a129     sadll.obj
 0005:0000012a       __40484447_memory          1063a12a     sadll.obj
 0005:0000012b       __349BC2DB_string          1063a12b     sadll.obj
 0005:0000012c       __1F726D8A_utility         1063a12c     sadll.obj
 0005:0000012d       __FCE648C9_limits          1063a12d     sadll.obj
 0005:0000012e       __B3C6465A_exception       1063a12e     sadll.obj
 0005:0000012f       __42EAFCAE_vcruntime_exception@h 1063a12f     sadll.obj
 0005:00000130       __8316FE18_type_traits     1063a130     sadll.obj
 0005:00000131       __85D44119_vcruntime_new@h 1063a131     sadll.obj
 0005:00000132       __F8FFEFC7_xutility        1063a132     sadll.obj
 0005:00000133       __75E70E49_xmemory         1063a133     sadll.obj
 0005:00000134       __013488D5_xstring         1063a134     sadll.obj
 0005:00000135       __E86DFA98_xstddef         1063a135     sadll.obj
 0005:00000136       __EF27968A_xthreads@h      1063a136     sadll.obj
 0005:00000137       __9B053CF1_thread          1063a137     sadll.obj
 0005:00000138       __E4C945B4_corecrt_memcpy_s@h 1063a138     sadll.obj
 0005:00000139       __D0F307B3_autil@h         1063a139     sadll.obj
 0005:0000013a       __6F37075B_sadll@cpp       1063a13a     sadll.obj
 0005:0000013b       __97D3140B_atomic          1063a13b     sadll.obj
 0005:0000013c       __EFCBAD69_sadll@h         1063a13c     sadll.obj
 0005:0000013d       __9D20E11D_pch@h           1063a13d     sadll.obj
 0008:00001468       ?vmread@?1??Copy0F78@CDetourDis@@IAEPAEPBUCOPYENTRY@2@PAE1@Z@4U32@B 1063e468     detours:disasm.obj
 0008:00001474       ?extrq_insertq@?1??Copy0F78@CDetourDis@@IAEPAEPBUCOPYENTRY@2@PAE1@Z@4U32@B 1063e474     detours:disasm.obj
 0008:00001480       ?other@?1??Copy0F00@CDetourDis@@IAEPAEPBUCOPYENTRY@2@PAE1@Z@4U32@B 1063e480     detours:disasm.obj
 0008:0000148c       ?jmpe@?1??Copy0F00@CDetourDis@@IAEPAEPBUCOPYENTRY@2@PAE1@Z@4U32@B 1063e48c     detours:disasm.obj
 0008:00001498       ?popcnt@?1??Copy0FB8@CDetourDis@@IAEPAEPBUCOPYENTRY@2@PAE1@Z@4U32@B 1063e498     detours:disasm.obj
 0008:000014a4       ?jmpe@?1??Copy0FB8@CDetourDis@@IAEPAEPBUCOPYENTRY@2@PAE1@Z@4U32@B 1063e4a4     detours:disasm.obj
 0008:000014b0       ?ce@?4??CopyF6@CDetourDis@@IAEPAEPBUCOPYENTRY@2@PAE1@Z@4U32@B 1063e4b0     detours:disasm.obj
 0008:000014bc       ?ce@?1??CopyF6@CDetourDis@@IAEPAEPBUCOPYENTRY@2@PAE1@Z@4U32@B 1063e4bc     detours:disasm.obj
 0008:000014c8       ?ce@?4??CopyF7@CDetourDis@@IAEPAEPBUCOPYENTRY@2@PAE1@Z@4U32@B 1063e4c8     detours:disasm.obj
 0008:000014d4       ?ce@?1??CopyF7@CDetourDis@@IAEPAEPBUCOPYENTRY@2@PAE1@Z@4U32@B 1063e4d4     detours:disasm.obj
 0008:000014e0       ?ce@?1??CopyFF@CDetourDis@@IAEPAEPBUCOPYENTRY@2@PAE1@Z@4U32@B 1063e4e0     detours:disasm.obj
 0008:000014ec       ?ceF38@?1??CopyVexEvexCommon@CDetourDis@@IAEPAEEPAE0EE@Z@4UCOPYENTRY@2@B 1063e4ec     detours:disasm.obj
 0008:000014f8       ?ceF3A@?1??CopyVexEvexCommon@CDetourDis@@IAEPAEEPAE0EE@Z@4UCOPYENTRY@2@B 1063e4f8     detours:disasm.obj
 0008:00001504       ?ceInvalid@?1??CopyVexEvexCommon@CDetourDis@@IAEPAEEPAE0EE@Z@4UCOPYENTRY@2@B 1063e504     detours:disasm.obj
 0008:00001510       ?ceLES@?1??CopyVex3@CDetourDis@@IAEPAEPBUCOPYENTRY@2@PAE1@Z@4U32@B 1063e510     detours:disasm.obj
 0008:0000151c       ?ceLDS@?1??CopyVex2@CDetourDis@@IAEPAEPBUCOPYENTRY@2@PAE1@Z@4U32@B 1063e51c     detours:disasm.obj
 0008:00001528       ?ceBound@?1??CopyEvex@CDetourDis@@IAEPAEPBUCOPYENTRY@2@PAE1@Z@4U32@B 1063e528     detours:disasm.obj
 0008:00001534       ?ceInvalid@?1??CopyEvex@CDetourDis@@IAEPAEPBUCOPYENTRY@2@PAE1@Z@4U32@B 1063e534     detours:disasm.obj
 0008:00001540       ?cePop@?1??CopyXop@CDetourDis@@IAEPAEPBUCOPYENTRY@2@PAE1@Z@4U32@B 1063e540     detours:disasm.obj
 0008:0000154c       ?ceXop@?1??CopyXop@CDetourDis@@IAEPAEPBUCOPYENTRY@2@PAE1@Z@4U32@B 1063e54c     detours:disasm.obj
 0008:00001558       ?ceXop1@?1??CopyXop@CDetourDis@@IAEPAEPBUCOPYENTRY@2@PAE1@Z@4U32@B 1063e558     detours:disasm.obj
 0008:00001564       ?ceXop4@?1??CopyXop@CDetourDis@@IAEPAEPBUCOPYENTRY@2@PAE1@Z@4U32@B 1063e564     detours:disasm.obj
 000a:00000170       $R000000                   10640170     * linker generated manifest res *

 Exports

  ordinal    name

