 sadll

 Timestamp is 64789c8b (Thu Jun  1 21:26:35 2023)

 Preferred load address is 10000000

 Start         Length     Name                   Class
 0001:00000000 000197b0H .text$mn                CODE
 0001:000197b0 00001c80H .text$x                 CODE
 0001:0001b430 0000101bH .text$yd                CODE
 0002:00000000 00000104H .CRT$XCA                DATA
 0002:00000104 00000104H .CRT$XCZ                DATA
 0002:00000208 00000104H .CRT$XIA                DATA
 0002:0000030c 00000104H .CRT$XIC                DATA
 0002:00000410 00000104H .CRT$XIZ                DATA
 0002:00000514 00000004H .CRT$XLA                DATA
 0002:00000518 00000004H .CRT$XLZ                DATA
 0002:0000051c 00000104H .CRT$XPA                DATA
 0002:00000620 00000104H .CRT$XPZ                DATA
 0002:00000724 00000104H .CRT$XTA                DATA
 0002:00000828 00000108H .CRT$XTZ                DATA
 0002:00000930 00001f10H .rdata                  DATA
 0002:00002840 00000180H .rdata$CastGuardVftablesA DATA
 0002:000029c0 0000014cH .rdata$CastGuardVftablesC DATA
 0002:00002b0c 0000011cH .rdata$T                DATA
 0002:00002c28 000002ccH .rdata$r                DATA
 0002:00002ef4 000001ecH .rdata$sxdata           DATA
 0002:000030e0 00000184H .rdata$zzzdbg           DATA
 0002:00003264 00000104H .rtc$IAA                DATA
 0002:00003368 00000110H .rtc$IMZ                DATA
 0002:00003478 00000104H .rtc$IZZ                DATA
 0002:0000357c 00000104H .rtc$TAA                DATA
 0002:00003680 00000110H .rtc$TMZ                DATA
 0002:00003790 00000108H .rtc$TZZ                DATA
 0002:00003898 00000dfeH .xdata$x                DATA
 0002:00004696 00000000H .edata                  DATA
 0003:00000000 000001a8H .data                   DATA
 0003:000001a8 00000178H .data$r                 DATA
 0003:00000320 00000140H .data$rs                DATA
 0003:00000460 00615d54H .bss                    DATA
 0004:00000000 00000420H .idata$5                DATA
 0004:00000420 0000008cH .idata$2                DATA
 0004:000004ac 00000014H .idata$3                DATA
 0004:000004c0 00000420H .idata$4                DATA
 0004:000008e0 000012ceH .idata$6                DATA
 0005:00000000 00000248H .msvcjmc                DATA
 0006:00000000 00000104H .tls                    DATA
 0006:00000104 00000104H .tls$                   DATA
 0006:00000208 00000101H .tls$ZZZ                DATA
 0007:00000000 0000010eH .00cfg                  DATA
 0008:00000000 00001687H .detourc                DATA
 0009:00000000 0000010eH .detourd                DATA
 000a:00000000 00000170H .rsrc$01                DATA
 000a:00000170 000002d6H .rsrc$02                DATA

  Address         Publics by Value              Rva+Base       Lib:Object

 0000:00000000       ___AbsoluteZero            00000000     <absolute>
 0000:00000000       ___arm64x_extra_rfe_table  00000000     <absolute>
 0000:00000000       ___arm64x_extra_rfe_table_size 00000000     <absolute>
 0000:00000000       ___arm64x_native_entrypoint 00000000     <absolute>
 0000:00000000       ___arm64x_redirection_metadata 00000000     <absolute>
 0000:00000000       ___arm64x_redirection_metadata_count 00000000     <absolute>
 0000:00000000       ___dynamic_value_reloc_table 00000000     <absolute>
 0000:00000000       ___enclave_config          00000000     <absolute>
 0000:00000000       ___guard_check_icall_a64n_fptr 00000000     <absolute>
 0000:00000000       ___guard_eh_cont_count     00000000     <absolute>
 0000:00000000       ___guard_eh_cont_table     00000000     <absolute>
 0000:00000000       ___guard_fids_count        00000000     <absolute>
 0000:00000000       ___guard_fids_table        00000000     <absolute>
 0000:00000000       ___guard_iat_count         00000000     <absolute>
 0000:00000000       ___guard_iat_table         00000000     <absolute>
 0000:00000000       ___guard_longjmp_count     00000000     <absolute>
 0000:00000000       ___guard_longjmp_table     00000000     <absolute>
 0000:00000000       ___hybrid_auxiliary_delayload_iat 00000000     <absolute>
 0000:00000000       ___hybrid_auxiliary_delayload_iat_copy 00000000     <absolute>
 0000:00000000       ___hybrid_auxiliary_iat    00000000     <absolute>
 0000:00000000       ___hybrid_auxiliary_iat_copy 00000000     <absolute>
 0000:00000000       ___hybrid_code_map         00000000     <absolute>
 0000:00000000       ___hybrid_code_map_count   00000000     <absolute>
 0000:00000000       ___volatile_metadata       00000000     <absolute>
 0000:00000000       ___x64_code_ranges_to_entry_points 00000000     <absolute>
 0000:00000000       ___x64_code_ranges_to_entry_points_count 00000000     <absolute>
 0000:0000002c       __tls_array                0000002c     <absolute>
 0000:00000031       ___safe_se_handler_count   00000031     <absolute>
 0000:00000100       ___guard_flags             00000100     <absolute>
 0000:00000000       ___ImageBase               10000000     <linker-defined>
 0001:000011a0       ?util_Init@Autil@@YAXXZ    100021a0 f   autil.obj
 0001:000011e0       ?util_Release@Autil@@YAXXZ 100021e0 f   autil.obj
 0001:00001220       ?util_SplitMessage@Autil@@YA_NPADI0@Z 10002220 f   autil.obj
 0001:00001310       ?util_EncodeMessage@Autil@@YAXPADI0@Z 10002310 f   autil.obj
 0001:000014d0       ?util_DecodeMessage@Autil@@YAXPADI0@Z 100024d0 f   autil.obj
 0001:00001680       ?util_GetFunctionFromSlice@Autil@@YAHPAH0@Z 10002680 f   autil.obj
 0001:000017b0       ?util_DiscardMessage@Autil@@YAXXZ 100027b0 f   autil.obj
 0001:000017d0       ?util_SendMesg@Autil@@YAXHHPAD@Z 100027d0 f   autil.obj
 0001:000017f0       ?util_256to64@Autil@@YAHPAD0H0@Z 100027f0 f   autil.obj
 0001:00001920       ?util_64to256@Autil@@YAHPAD00@Z 10002920 f   autil.obj
 0001:00001aa0       ?util_256to64_shr@Autil@@YAHPAD0H00@Z 10002aa0 f   autil.obj
 0001:00001c60       ?util_shl_64to256@Autil@@YAHPAD000@Z 10002c60 f   autil.obj
 0001:00001e80       ?util_256to64_shl@Autil@@YAHPAD0H00@Z 10002e80 f   autil.obj
 0001:00002050       ?util_shr_64to256@Autil@@YAHPAD000@Z 10003050 f   autil.obj
 0001:00002260       ?util_swapint@Autil@@YAXPAH0PAD@Z 10003260 f   autil.obj
 0001:000022e0       ?util_xorstring@Autil@@YAXPAD0@Z 100032e0 f   autil.obj
 0001:00002350       ?util_shrstring@Autil@@YAXPADI0H@Z 10003350 f   autil.obj
 0001:00002440       ?util_shlstring@Autil@@YAXPADI0H@Z 10003440 f   autil.obj
 0001:00002500       ?util_deint@Autil@@YAHHPAH@Z 10003500 f   autil.obj
 0001:000025f0       ?util_mkint@Autil@@YAHPADH@Z 100035f0 f   autil.obj
 0001:00002710       ?util_destring@Autil@@YAHHPAD@Z 10003710 f   autil.obj
 0001:00002760       ?util_mkstring@Autil@@YAHPAD0@Z 10003760 f   autil.obj
 0001:00002860       ?strcmptail@Autil@@YAHPAD0@Z 10003860 f   autil.obj
 0001:00002910       ?getStringFromIndexWithDelim_body@Autil@@YAHPAD0H0H@Z 10003910 f   autil.obj
 0001:00002a80       ?ScanOneByte@@YAPADPADD@Z  10003a80 f   autil.obj
 0001:00002b30       ?strncpy2@@YAPADPADPBDI@Z  10003b30 f   autil.obj
 0001:00002c20       ?strcpysafe@@YAXPADIPBD@Z  10003c20 f   autil.obj
 0001:00002cb0       ?strncpysafe@@YAXPADIPBDH@Z 10003cb0 f   autil.obj
 0001:00002d70       ?ltrim@@YAXPAD@Z           10003d70 f   autil.obj
 0001:00002dc0       ?rtrim@@YAXPAD@Z           10003dc0 f   autil.obj
 0001:00003540       ??$?RV?$mersenne_twister_engine@I$0CA@$0CHA@$0BIN@$0BP@$0JJAILANP@$0L@$0PPPPPPPP@$06$0JNCMFGIA@$0P@$0OPMGAAAA@$0BC@$0GMAHIJGF@@std@@@?$uniform_int@H@std@@QAEHAAV?$mersenne_twister_engine@I$0CA@$0CHA@$0BIN@$0BP@$0JJAILANP@$0L@$0PPPPPPPP@$06$0JNCMFGIA@$0P@$0OPMGAAAA@$0BC@$0GMAHIJGF@@1@@Z 10004540 f i autil.obj
 0001:000035a0       ??$_Eval@V?$mersenne_twister_engine@I$0CA@$0CHA@$0BIN@$0BP@$0JJAILANP@$0L@$0PPPPPPPP@$06$0JNCMFGIA@$0P@$0OPMGAAAA@$0BC@$0GMAHIJGF@@std@@@?$uniform_int@H@std@@ABEHAAV?$mersenne_twister_engine@I$0CA@$0CHA@$0BIN@$0BP@$0JJAILANP@$0L@$0PPPPPPPP@$06$0JNCMFGIA@$0P@$0OPMGAAAA@$0BC@$0GMAHIJGF@@1@HH@Z 100045a0 f i autil.obj
 0001:000036d0       ??$min@I@std@@YAABIABI0@Z  100046d0 f i autil.obj
 0001:00003740       ??$strcat_s@$0PPNM@@@YAHAAY0PPNM@DPBD@Z 10004740 f i autil.obj
 0001:00003790       ??$strncpy_s@$0BAAA@@@YAHAAY0BAAA@DPBDI@Z 10004790 f i autil.obj
 0001:000037e0       ??0?$_Rng_from_urng_v2@IV?$mersenne_twister_engine@I$0CA@$0CHA@$0BIN@$0BP@$0JJAILANP@$0L@$0PPPPPPPP@$06$0JNCMFGIA@$0P@$0OPMGAAAA@$0BC@$0GMAHIJGF@@std@@@std@@QAE@AAV?$mersenne_twister_engine@I$0CA@$0CHA@$0BIN@$0BP@$0JJAILANP@$0L@$0PPPPPPPP@$06$0JNCMFGIA@$0P@$0OPMGAAAA@$0BC@$0GMAHIJGF@@1@@Z 100047e0 f i autil.obj
 0001:00003820       ??0?$mersenne_twister@I$0CA@$0CHA@$0BIN@$0BP@$0JJAILANP@$0L@$06$0JNCMFGIA@$0P@$0OPMGAAAA@$0BC@@std@@QAE@III@Z 10004820 f i autil.obj
 0001:00003880       ??0?$mersenne_twister_engine@I$0CA@$0CHA@$0BIN@$0BP@$0JJAILANP@$0L@$0PPPPPPPP@$06$0JNCMFGIA@$0P@$0OPMGAAAA@$0BC@$0GMAHIJGF@@std@@QAE@I@Z 10004880 f i autil.obj
 0001:000038d0       ??0?$uniform_int@H@std@@QAE@HH@Z 100048d0 f i autil.obj
 0001:00003920       ??0?$uniform_int_distribution@H@std@@QAE@HH@Z 10004920 f i autil.obj
 0001:00003970       ??0param_type@?$uniform_int@H@std@@QAE@HH@Z 10004970 f i autil.obj
 0001:000039c0       ??0random_device@std@@QAE@XZ 100049c0 f i autil.obj
 0001:00003a00       ??R?$_Rng_from_urng_v2@IV?$mersenne_twister_engine@I$0CA@$0CHA@$0BIN@$0BP@$0JJAILANP@$0L@$0PPPPPPPP@$06$0JNCMFGIA@$0P@$0OPMGAAAA@$0BC@$0GMAHIJGF@@std@@@std@@QAEII@Z 10004a00 f i autil.obj
 0001:00003b00       ??R?$mersenne_twister@I$0CA@$0CHA@$0BIN@$0BP@$0JJAILANP@$0L@$06$0JNCMFGIA@$0P@$0OPMGAAAA@$0BC@@std@@QAEIXZ 10004b00 f i autil.obj
 0001:00003bf0       ??Rrandom_device@std@@QAEIXZ 10004bf0 f i autil.obj
 0001:00003c30       ?_Adjust@?$uniform_int@H@std@@CAII@Z 10004c30 f i autil.obj
 0001:00003c90       ?_Get_all_bits@?$_Rng_from_urng_v2@IV?$mersenne_twister_engine@I$0CA@$0CHA@$0BIN@$0BP@$0JJAILANP@$0L@$0PPPPPPPP@$06$0JNCMFGIA@$0P@$0OPMGAAAA@$0BC@$0GMAHIJGF@@std@@@std@@QAEIXZ 10004c90 f i autil.obj
 0001:00003ce0       ?_Get_bits@?$_Rng_from_urng_v2@IV?$mersenne_twister_engine@I$0CA@$0CHA@$0BIN@$0BP@$0JJAILANP@$0L@$0PPPPPPPP@$06$0JNCMFGIA@$0P@$0OPMGAAAA@$0BC@$0GMAHIJGF@@std@@@std@@AAEIXZ 10004ce0 f i autil.obj
 0001:00003d40       ?_Get_random_product@?$_Rng_from_urng_v2@IV?$mersenne_twister_engine@I$0CA@$0CHA@$0BIN@$0BP@$0JJAILANP@$0L@$0PPPPPPPP@$06$0JNCMFGIA@$0P@$0OPMGAAAA@$0BC@$0GMAHIJGF@@std@@@std@@AAE_KII@Z 10004d40 f i autil.obj
 0001:00003da0       ?_Init@param_type@?$uniform_int@H@std@@QAEXHH@Z 10004da0 f i autil.obj
 0001:00003e70       ?_Refill_lower@?$mersenne_twister@I$0CA@$0CHA@$0BIN@$0BP@$0JJAILANP@$0L@$06$0JNCMFGIA@$0P@$0OPMGAAAA@$0BC@@std@@IAEXXZ 10004e70 f i autil.obj
 0001:000040b0       ?_Refill_upper@?$mersenne_twister@I$0CA@$0CHA@$0BIN@$0BP@$0JJAILANP@$0L@$06$0JNCMFGIA@$0P@$0OPMGAAAA@$0BC@@std@@IAEXXZ 100050b0 f i autil.obj
 0001:00004190       ?__empty_global_delete@@YAXPAX@Z 10005190 f i autil.obj
 0001:000041b0       ?__empty_global_delete@@YAXPAXI@Z 100051b0 f i autil.obj
 0001:000041d0       ?seed@?$mersenne_twister@I$0CA@$0CHA@$0BIN@$0BP@$0JJAILANP@$0L@$06$0JNCMFGIA@$0P@$0OPMGAAAA@$0BC@@std@@QAEXII@Z 100051d0 f i autil.obj
 0001:00004290       ?strstr@@YAPADQADQBD@Z     10005290 f i autil.obj
 0001:000042c0       __JustMyCode_Default       100052c0 f i autil.obj
 0001:000042d0       ___local_stdio_printf_options 100052d0 f i autil.obj
 0001:00004300       __snprintf_s               10005300 f i autil.obj
 0001:00004380       __vsnprintf_s_l            10005380 f i autil.obj
 0001:000045a0       ?IsCurrentWindow@util@@YGHABQAUHWND__@@@Z 100055a0 f   sadll.obj
 0001:00004600       ?EnumWindowsCallback@util@@YGHPAUHWND__@@J@Z 10005600 f   sadll.obj
 0001:000046d0       ?FindCurrentWindow@util@@YGPAUHWND__@@ABK@Z 100056d0 f   sadll.obj
 0001:00004780       ?GetCurrentWindowHandle@util@@YGPAUHWND__@@XZ 10005780 f   sadll.obj
 0001:00004830       ?initialize@GameService@@QAEXG@Z 10005830 f   sadll.obj
 0001:00004c10       ?uninitialize@GameService@@QAEXXZ 10005c10 f   sadll.obj
 0001:00004d10       ?WM_EnableEffect@GameService@@QAEX_N@Z 10005d10 f   sadll.obj
 0001:00004e30       ?WM_EnablePlayerShow@GameService@@QAEX_N@Z 10005e30 f   sadll.obj
 0001:00004f00       ?WM_SetTimeLock@GameService@@QAEX_NH@Z 10005f00 f   sadll.obj
 0001:00005100       ?WM_EnableSound@GameService@@QAEX_N@Z 10006100 f   sadll.obj
 0001:000051d0       ?WM_EnableImageLock@GameService@@QAEX_N@Z 100061d0 f   sadll.obj
 0001:00005240       ?WM_EnablePassWall@GameService@@QAEX_N@Z 10006240 f   sadll.obj
 0001:000052b0       ?WM_EnableFastWalk@GameService@@QAEX_N@Z 100062b0 f   sadll.obj
 0001:00005320       ?WM_SetBoostSpeed@GameService@@QAEX_NH@Z 10006320 f   sadll.obj
 0001:000053d0       ?WM_EnableMoveLock@GameService@@QAEX_N@Z 100063d0 f   sadll.obj
 0001:00005440       ?WM_MuteSound@GameService@@QAEX_N@Z 10006440 f   sadll.obj
 0001:00005480       ?WM_EnableBattleDialog@GameService@@QAEX_N@Z 10006480 f   sadll.obj
 0001:00005590       ?WM_SetGameStatus@GameService@@QAEXH@Z 10006590 f   sadll.obj
 0001:000055e0       ?WM_Announce@GameService@@QAEXPADH@Z 100065e0 f   sadll.obj
 0001:00005640       ?WM_Move@GameService@@QAEXHH@Z 10006640 f   sadll.obj
 0001:000056c0       ?New_socket@GameService@@QAGIHHH@Z 100066c0 f   sadll.obj
 0001:00005710       ?New_WSARecv@GameService@@QAGHIPAU_WSABUF@@KPAK1PAU_OVERLAPPED@@P6GXKK2K@Z@Z 10006710 f   sadll.obj
 0001:00005770       ?New_closesocket@GameService@@QAGHI@Z 10006770 f   sadll.obj
 0001:000057c0       ?New_send@GameService@@QAGHIPBDHH@Z 100067c0 f   sadll.obj
 0001:00005820       ?New_recv@GameService@@QAGHIPADHH@Z 10006820 f   sadll.obj
 0001:00005b50       ?New_PlaySound@GameService@@QAAXHHH@Z 10006b50 f   sadll.obj
 0001:00005ba0       ?New_BattleProc@GameService@@QAAXXZ 10006ba0 f   sadll.obj
 0001:00005be0       ?New_BattleCommandReady@GameService@@QAAXXZ 10006be0 f   sadll.obj
 0001:00005c10       ?clearNetBuffer@@YAXXZ     10006c10 f   sadll.obj
 0001:00005c60       ?appendReadBuf@@YAHPADH@Z  10006c60 f   sadll.obj
 0001:00005cc0       ?shiftReadBuf@@YAHH@Z      10006cc0 f   sadll.obj
 0001:00005d40       ?getLineFromReadBuf@@YAHPADH@Z 10006d40 f   sadll.obj
 0001:00005e80       ?CreateConsole@@YAXXZ      10006e80 f   sadll.obj
 0001:00006170       ?WndProc@@YGHPAUHWND__@@KJJ@Z 10007170 f   sadll.obj
 0001:00006610       _DllMain@12                10007610 f   sadll.obj
 0001:000067e0       _New_socket@12             100077e0 f   sadll.obj
 0001:00006830       _New_send@16               10007830 f   sadll.obj
 0001:00006880       _New_recv@16               10007880 f   sadll.obj
 0001:000068d0       _New_WSARecv@28            100078d0 f   sadll.obj
 0001:00006930       _New_closesocket@4         10007930 f   sadll.obj
 0001:00006970       _New_Sleep@4               10007970 f   sadll.obj
 0001:000069d0       _New_PlaySound             100079d0 f   sadll.obj
 0001:00006a20       _New_BattleProc            10007a20 f   sadll.obj
 0001:00006a60       _New_BattleCommandReady    10007a60 f   sadll.obj
 0001:00006bc0       ?SaDispatchMessage@@YAHHPAD@Z 10007bc0 f   sadll.obj
 0001:00007bf0       ??$?0$$V@?$_Compressed_pair@V?$allocator@D@std@@V?$_String_val@U?$_Simple_types@D@std@@@2@$00@std@@QAE@U_Zero_then_variadic_args_t@1@@Z 10008bf0 f i sadll.obj
 0001:00007c80       ??$?0AAPAD@?$_Compressed_pair@U?$default_delete@$$BY0A@D@std@@PAD$00@std@@QAE@U_Zero_then_variadic_args_t@1@AAPAD@Z 10008c80 f i sadll.obj
 0001:00007d20       ??$?0ABV?$allocator@D@std@@$$V@?$_Compressed_pair@V?$allocator@D@std@@V?$_String_val@U?$_Simple_types@D@std@@@2@$00@std@@QAE@U_One_then_variadic_args_t@1@ABV?$allocator@D@1@@Z 10008d20 f i sadll.obj
 0001:00007db0       ??$?0D@?$allocator@U_Container_proxy@std@@@std@@QAE@ABV?$allocator@D@1@@Z 10008db0 f i sadll.obj
 0001:00007df0       ??$?0PAD$0A@@?$basic_string@DU?$char_traits@D@std@@V?$allocator@D@2@@std@@QAE@PAD0ABV?$allocator@D@1@@Z 10008df0 f i sadll.obj
 0001:00007f30       ??$?0PADU?$default_delete@$$BY0A@D@std@@$0A@$0A@@?$unique_ptr@$$BY0A@DU?$default_delete@$$BY0A@D@std@@@std@@QAE@PAD@Z 10008f30 f i sadll.obj
 0001:000080c0       ??$?0U_Exact_args_t@std@@$0A@@?$tuple@$$V@std@@QAE@U_Exact_args_t@1@@Z 100090c0 f i sadll.obj
 0001:00008290       ??$?6DU?$char_traits@D@std@@V?$allocator@D@1@@std@@YAAAV?$basic_ostream@DU?$char_traits@D@std@@@0@AAV10@ABV?$basic_string@DU?$char_traits@D@std@@V?$allocator@D@2@@0@@Z 10009290 f i sadll.obj
 0001:000082e0       ??$?6U?$char_traits@D@std@@@std@@YAAAV?$basic_ostream@DU?$char_traits@D@std@@@0@AAV10@PBD@Z 100092e0 f i sadll.obj
 0001:000087c0       ??$?RD$0A@@?$default_delete@$$BY0A@D@std@@QBEXPAD@Z 100097c0 f i sadll.obj
 0001:00008840       ??$MemoryMove@K$$CBD@util@@YGXKPBDI@Z 10009840 f i sadll.obj
 0001:00008950       ??$_Adl_verify_range@PADPAD@std@@YAXABQAD0@Z 10009950 f i sadll.obj
 0001:00008990       ??$_Alloc_proxy@V?$allocator@U_Container_proxy@std@@@std@@@_Container_base12@std@@QAEX$$QAV?$allocator@U_Container_proxy@std@@@1@@Z 10009990 f i sadll.obj
 0001:00008a30       ??$_Allocate@$07U_Default_allocate_traits@std@@$0A@@std@@YAPAXI@Z 10009a30 f i sadll.obj
 0001:00008a90       ??$_Allocate_manually_vector_aligned@U_Default_allocate_traits@std@@@std@@YAPAXI@Z 10009a90 f i sadll.obj
 0001:00008bd0       ??$_Atomic_address_as@DU?$_Atomic_padded@_N@std@@@std@@YAPCDAAU?$_Atomic_padded@_N@0@@Z 10009bd0 f i sadll.obj
 0001:00008bf0       ??$_Atomic_address_as@DU?$_Atomic_padded@_N@std@@@std@@YAPDDABU?$_Atomic_padded@_N@0@@Z 10009bf0 f i sadll.obj
 0001:00008c10       ??$_Atomic_reinterpret_as@D_N@std@@YADAB_N@Z 10009c10 f i sadll.obj
 0001:00008c40       ??$_Construct@$00PAD@?$basic_string@DU?$char_traits@D@std@@V?$allocator@D@2@@std@@AAEXQADI@Z 10009c40 f i sadll.obj
 0001:00008f10       ??$_Construct@$00PBD@?$basic_string@DU?$char_traits@D@std@@V?$allocator@D@2@@std@@AAEXQBDI@Z 10009f10 f i sadll.obj
 0001:000091e0       ??$_Construct_in_place@PADABQAD@std@@YAXAAPADABQAD@Z 1000a1e0 f i sadll.obj
 0001:00009250       ??$_Construct_in_place@U_Container_proxy@std@@PAU_Container_base12@2@@std@@YAXAAU_Container_proxy@0@$$QAPAU_Container_base12@0@@Z 1000a250 f i sadll.obj
 0001:000092c0       ??$_Convert_size@II@std@@YAII@Z 1000a2c0 f i sadll.obj
 0001:000092e0       ??$_Deallocate@$07$0A@@std@@YAXPAXI@Z 1000a2e0 f i sadll.obj
 0001:00009370       ??$_Deallocate_plain@V?$allocator@U_Container_proxy@std@@@std@@@std@@YAXAAV?$allocator@U_Container_proxy@std@@@0@QAU_Container_proxy@0@@Z 1000a370 f i sadll.obj
 0001:000093f0       ??$_Delete_plain_internal@V?$allocator@U_Container_proxy@std@@@std@@@std@@YAXAAV?$allocator@U_Container_proxy@std@@@0@QAU_Container_proxy@0@@Z 1000a3f0 f i sadll.obj
 0001:00009420       ??$_Destroy_in_place@PAD@std@@YAXAAPAD@Z 1000a420 f i sadll.obj
 0001:00009440       ??$_Get_size_of_n@$00@std@@YAII@Z 1000a440 f i sadll.obj
 0001:00009480       ??$_Get_size_of_n@$07@std@@YAII@Z 1000a480 f i sadll.obj
 0001:000094e0       ??$_Get_unwrapped@AAPAD@std@@YA?A_TAAPAD@Z 1000a4e0 f i sadll.obj
 0001:00009510       ??$_Insert_string@DU?$char_traits@D@std@@I@std@@YAAAV?$basic_ostream@DU?$char_traits@D@std@@@0@AAV10@QBDI@Z 1000a510 f i sadll.obj
 0001:00009980       ??$_Integral_to_string@DH@std@@YA?AV?$basic_string@DU?$char_traits@D@std@@V?$allocator@D@2@@0@H@Z 1000a980 f i sadll.obj
 0001:00009df0       ??$_UIntegral_to_buff@DI@std@@YAPADPADI@Z 1000adf0 f i sadll.obj
 0001:00009e80       ??$_Unfancy@D@std@@YAPADPAD@Z 1000ae80 f i sadll.obj
 0001:00009ea0       ??$_Unfancy@U_Container_proxy@std@@@std@@YAPAU_Container_proxy@0@PAU10@@Z 1000aea0 f i sadll.obj
 0001:00009ec0       ??$_Verify_range@D@std@@YAXQBD0@Z 1000aec0 f i sadll.obj
 0001:00009fb0       ??$_Voidify_iter@PAPAD@std@@YAPAXPAPAD@Z 1000afb0 f i sadll.obj
 0001:00009fd0       ??$_Voidify_iter@PAU_Container_proxy@std@@@std@@YAPAXPAU_Container_proxy@0@@Z 1000afd0 f i sadll.obj
 0001:00009ff0       ??$addressof@PAD@std@@YAPAPADAAPAD@Z 1000aff0 f i sadll.obj
 0001:0000a010       ??$addressof@U_Container_base12@std@@@std@@YAPAU_Container_base12@0@AAU10@@Z 1000b010 f i sadll.obj
 0001:0000a030       ??$addressof@U_Container_proxy@std@@@std@@YAPAU_Container_proxy@0@AAU10@@Z 1000b030 f i sadll.obj
 0001:0000a050       ??$end@D$0BF@@std@@YAPADAAY0BF@D@Z 1000b050 f i sadll.obj
 0001:0000a080       ??$endl@DU?$char_traits@D@std@@@std@@YAAAV?$basic_ostream@DU?$char_traits@D@std@@@0@AAV10@@Z 1000b080 f i sadll.obj
 0001:0000a100       ??$exchange@PAU_Iterator_base12@std@@$$T@std@@YAPAU_Iterator_base12@0@AAPAU10@$$QA$$T@Z 1000b100 f i sadll.obj
 0001:0000a1a0       ??$exchange@PAVSyncClient@@AAPAV1@@std@@YAPAVSyncClient@@AAPAV1@0@Z 1000b1a0 f i sadll.obj
 0001:0000a350       ??$max@I@std@@YAABIABI0@Z  1000b350 f i sadll.obj
 0001:0000a3c0       ??0?$_Container_proxy_ptr12@V?$allocator@U_Container_proxy@std@@@std@@@std@@QAE@AAV?$allocator@U_Container_proxy@std@@@1@AAU_Container_base12@1@@Z 1000b3c0 f i sadll.obj
 0001:0000a470       ??0?$_String_val@U?$_Simple_types@D@std@@@std@@QAE@XZ 1000b470 f i sadll.obj
 0001:0000a520       ??0?$allocator@D@std@@QAE@XZ 1000b520 f i sadll.obj
 0001:0000a560       ??0?$basic_string@DU?$char_traits@D@std@@V?$allocator@D@2@@std@@QAE@QBD@Z 1000b560 f i sadll.obj
 0001:0000a630       ??0SyncClient@@QAE@XZ      1000b630 f i sadll.obj
 0001:0000a780       ??0_Basic_container_proxy_ptr12@std@@IAE@XZ 1000b780 f i sadll.obj
 0001:0000a7c0       ??0_Bxty@?$_String_val@U?$_Simple_types@D@std@@@std@@QAE@XZ 1000b7c0 f i sadll.obj
 0001:0000a810       ??0_Container_base12@std@@QAE@XZ 1000b810 f i sadll.obj
 0001:0000a850       ??0_Container_proxy@std@@QAE@PAU_Container_base12@1@@Z 1000b850 f i sadll.obj
 0001:0000a8a0       ??0_Sentry_base@?$basic_ostream@DU?$char_traits@D@std@@@std@@QAE@AAV12@@Z 1000b8a0 f i sadll.obj
 0001:0000a950       ??0bad_alloc@std@@AAE@QBD@Z 1000b950 f i sadll.obj
 0001:0000a9f0       ??0bad_alloc@std@@QAE@ABV01@@Z 1000b9f0 f i sadll.obj
 0001:0000aa80       ??0bad_array_new_length@std@@QAE@ABV01@@Z 1000ba80 f i sadll.obj
 0001:0000ab10       ??0bad_array_new_length@std@@QAE@XZ 1000bb10 f i sadll.obj
 0001:0000abb0       ??0exception@std@@QAE@ABV01@@Z 1000bbb0 f i sadll.obj
 0001:0000ac60       ??0exception@std@@QAE@QBDH@Z 1000bc60 f i sadll.obj
 0001:0000acc0       ??0sentry@?$basic_ostream@DU?$char_traits@D@std@@@std@@QAE@AAV12@@Z 1000bcc0 f i sadll.obj
 0001:0000ae10       ??1?$_Compressed_pair@V?$allocator@D@std@@V?$_String_val@U?$_Simple_types@D@std@@@2@$00@std@@QAE@XZ 1000be10 f i sadll.obj
 0001:0000ae90       ??1?$_Container_proxy_ptr12@V?$allocator@U_Container_proxy@std@@@std@@@std@@QAE@XZ 1000be90 f i sadll.obj
 0001:0000aef0       ??1?$_String_val@U?$_Simple_types@D@std@@@std@@QAE@XZ 1000bef0 f i sadll.obj
 0001:0000af70       ??1?$basic_string@DU?$char_traits@D@std@@V?$allocator@D@2@@std@@QAE@XZ 1000bf70 f i sadll.obj
 0001:0000b0b0       ??1?$unique_ptr@$$BY0A@DU?$default_delete@$$BY0A@D@std@@@std@@QAE@XZ 1000c0b0 f i sadll.obj
 0001:0000b110       ??1?$unique_ptr@VSyncClient@@U?$default_delete@VSyncClient@@@std@@@std@@QAE@XZ 1000c110 f i sadll.obj
 0001:0000b170       ??1GameService@@QAE@XZ     1000c170 f i sadll.obj
 0001:0000b200       ??1SyncClient@@UAE@XZ      1000c200 f i sadll.obj
 0001:0000b2c0       ??1_Bxty@?$_String_val@U?$_Simple_types@D@std@@@std@@QAE@XZ 1000c2c0 f i sadll.obj
 0001:0000b2f0       ??1_Sentry_base@?$basic_ostream@DU?$char_traits@D@std@@@std@@QAE@XZ 1000c2f0 f i sadll.obj
 0001:0000b3d0       ??1bad_alloc@std@@UAE@XZ   1000c3d0 f i sadll.obj
 0001:0000b450       ??1bad_array_new_length@std@@UAE@XZ 1000c450 f i sadll.obj
 0001:0000b4d0       ??1exception@std@@UAE@XZ   1000c4d0 f i sadll.obj
 0001:0000b560       ??1sentry@?$basic_ostream@DU?$char_traits@D@std@@@std@@QAE@XZ 1000c560 f i sadll.obj
 0001:0000b640       ??1thread@std@@QAE@XZ      1000c640 f i sadll.obj
 0001:0000b6a0       ??2@YAPAXIPAX@Z            1000c6a0 f i sadll.obj
 0001:0000b6c0       ??B?$unique_ptr@VSyncClient@@U?$default_delete@VSyncClient@@@std@@@std@@QBE_NXZ 1000c6c0 f i sadll.obj
 0001:0000b720       ??Bsentry@?$basic_ostream@DU?$char_traits@D@std@@@std@@QBE_NXZ 1000c720 f i sadll.obj
 0001:0000b760       ??C?$unique_ptr@VSyncClient@@U?$default_delete@VSyncClient@@@std@@@std@@QBEPAVSyncClient@@XZ 1000c760 f i sadll.obj
 0001:0000b7a0       ??R?$default_delete@VSyncClient@@@std@@QBEXPAVSyncClient@@@Z 1000c7a0 f i sadll.obj
 0001:0000b830       ??_ESyncClient@@UAEPAXI@Z  1000c830 f i sadll.obj
 0001:0000b830       ??_GSyncClient@@UAEPAXI@Z  1000c830 f i sadll.obj
 0001:0000b880       ??_Ebad_alloc@std@@UAEPAXI@Z 1000c880 f i sadll.obj
 0001:0000b880       ??_Gbad_alloc@std@@UAEPAXI@Z 1000c880 f i sadll.obj
 0001:0000b8d0       ??_Ebad_array_new_length@std@@UAEPAXI@Z 1000c8d0 f i sadll.obj
 0001:0000b8d0       ??_Gbad_array_new_length@std@@UAEPAXI@Z 1000c8d0 f i sadll.obj
 0001:0000b920       ??_Eexception@std@@UAEPAXI@Z 1000c920 f i sadll.obj
 0001:0000b920       ??_Gexception@std@@UAEPAXI@Z 1000c920 f i sadll.obj
 0001:0000b970       ?Connect@SyncClient@@QAE_NABV?$basic_string@DU?$char_traits@D@std@@V?$allocator@D@2@@std@@G@Z 1000c970 f i sadll.obj
 0001:0000be40       ?Send@SyncClient@@QAEHPADH@Z 1000ce40 f i sadll.obj
 0001:0000c090       ?WM_SetBLockPacket@GameService@@QAEX_N@Z 1000d090 f i sadll.obj
 0001:0000c0d0       ?_Activate_SSO_buffer@?$_String_val@U?$_Simple_types@D@std@@@std@@QAEXXZ 1000d0d0 f i sadll.obj
 0001:0000c100       ?_Adjust_manually_vector_aligned@std@@YAXAAPAXAAI@Z 1000d100 f i sadll.obj
 0001:0000c2b0       ?_Allocate@_Default_allocate_traits@std@@SAPAXI@Z 1000d2b0 f i sadll.obj
 0001:0000c2e0       ?_Calculate_growth@?$basic_string@DU?$char_traits@D@std@@V?$allocator@D@2@@std@@ABEII@Z 1000d2e0 f i sadll.obj
 0001:0000c340       ?_Calculate_growth@?$basic_string@DU?$char_traits@D@std@@V?$allocator@D@2@@std@@CAIIII@Z 1000d340 f i sadll.obj
 0001:0000c430       ?_Check_C_return@std@@YAHH@Z 1000d430 f i sadll.obj
 0001:0000c470       ?_Get_first@?$_Compressed_pair@U?$default_delete@$$BY0A@D@std@@PAD$00@std@@QAEAAU?$default_delete@$$BY0A@D@2@XZ 1000d470 f i sadll.obj
 0001:0000c4b0       ?_Get_first@?$_Compressed_pair@U?$default_delete@VSyncClient@@@std@@PAVSyncClient@@$00@std@@QAEAAU?$default_delete@VSyncClient@@@2@XZ 1000d4b0 f i sadll.obj
 0001:0000c4f0       ?_Get_first@?$_Compressed_pair@V?$allocator@D@std@@V?$_String_val@U?$_Simple_types@D@std@@@2@$00@std@@QAEAAV?$allocator@D@2@XZ 1000d4f0 f i sadll.obj
 0001:0000c530       ?_Get_first@?$_Compressed_pair@V?$allocator@D@std@@V?$_String_val@U?$_Simple_types@D@std@@@2@$00@std@@QBEABV?$allocator@D@2@XZ 1000d530 f i sadll.obj
 0001:0000c570       ?_Getal@?$basic_string@DU?$char_traits@D@std@@V?$allocator@D@2@@std@@AAEAAV?$allocator@D@2@XZ 1000d570 f i sadll.obj
 0001:0000c5b0       ?_Getal@?$basic_string@DU?$char_traits@D@std@@V?$allocator@D@2@@std@@ABEABV?$allocator@D@2@XZ 1000d5b0 f i sadll.obj
 0001:0000c5f0       ?_Large_string_engaged@?$_String_val@U?$_Simple_types@D@std@@@std@@QBE_NXZ 1000d5f0 f i sadll.obj
 0001:0000c650       ?_Myptr@?$_String_val@U?$_Simple_types@D@std@@@std@@QBEPBDXZ 1000d650 f i sadll.obj
 0001:0000c6d0       ?_Orphan_all@_Container_base12@std@@QAEXXZ 1000d6d0 f i sadll.obj
 0001:0000c710       ?_Orphan_all_locked_v3@_Container_base12@std@@AAEXXZ 1000d710 f i sadll.obj
 0001:0000c820       ?_Orphan_all_unlocked_v3@_Container_base12@std@@AAEXXZ 1000d820 f i sadll.obj
 0001:0000c8c0       ?_Release@_Basic_container_proxy_ptr12@std@@QAEXXZ 1000d8c0 f i sadll.obj
 0001:0000c900       ?_Start_element_lifetimes@?$basic_string@DU?$char_traits@D@std@@V?$allocator@D@2@@std@@CAXQADI@Z 1000d900 f i sadll.obj
 0001:0000c920       ?_Throw_bad_array_new_length@std@@YAXXZ 1000d920 f i sadll.obj
 0001:0000c980       ?_Tidy_deallocate@?$basic_string@DU?$char_traits@D@std@@V?$allocator@D@2@@std@@AAEXXZ 1000d980 f i sadll.obj
 0001:0000cac0       ?_Tidy_init@?$basic_string@DU?$char_traits@D@std@@V?$allocator@D@2@@std@@AAEXXZ 1000dac0 f i sadll.obj
 0001:0000cb60       ?_Xlen_string@std@@YAXXZ   1000db60 f i sadll.obj
 0001:0000cb90       ?__autoclassinit2@?$unique_ptr@$$BY0A@DU?$default_delete@$$BY0A@D@std@@@std@@QAEXI@Z 1000db90 f i sadll.obj
 0001:0000cbd0       ?allocate@?$allocator@D@std@@QAEPADI@Z 1000dbd0 f i sadll.obj
 0001:0000cc20       ?allocate@?$allocator@U_Container_proxy@std@@@std@@QAEPAU_Container_proxy@2@I@Z 1000dc20 f i sadll.obj
 0001:0000cc70       ?assign@?$_Narrow_char_traits@DH@std@@SAXAADABD@Z 1000dc70 f i sadll.obj
 0001:0000cca0       ?c_str@?$basic_string@DU?$char_traits@D@std@@V?$allocator@D@2@@std@@QBEPBDXZ 1000dca0 f i sadll.obj
 0001:0000cce0       ?copy@?$_Char_traits@DH@std@@SAPADQADQBDI@Z 1000dce0 f i sadll.obj
 0001:0000cd60       ?data@?$basic_string@DU?$char_traits@D@std@@V?$allocator@D@2@@std@@QBEPBDXZ 1000dd60 f i sadll.obj
 0001:0000cda0       ?deallocate@?$_Default_allocator_traits@V?$allocator@U_Container_proxy@std@@@std@@@std@@SAXAAV?$allocator@U_Container_proxy@std@@@2@QAU_Container_proxy@2@I@Z 1000dda0 f i sadll.obj
 0001:0000cde0       ?deallocate@?$allocator@D@std@@QAEXQADI@Z 1000dde0 f i sadll.obj
 0001:0000cec0       ?detach@thread@std@@QAEXXZ 1000dec0 f i sadll.obj
 0001:0000cf60       ?eof@?$_Narrow_char_traits@DH@std@@SAHXZ 1000df60 f i sadll.obj
 0001:0000cf80       ?eq_int_type@?$_Narrow_char_traits@DH@std@@SA_NABH0@Z 1000df80 f i sadll.obj
 0001:0000cfe0       ?get@?$unique_ptr@$$BY0A@DU?$default_delete@$$BY0A@D@std@@@std@@QBEPADXZ 1000dfe0 f i sadll.obj
 0001:0000d020       ?getInstance@SyncClient@@CAAAV1@XZ 1000e020 f i sadll.obj
 0001:0000d150       ?get_instance@GameService@@SAAAV1@XZ 1000e150 f i sadll.obj
 0001:0000d220       ?joinable@thread@std@@QBE_NXZ 1000e220 f i sadll.obj
 0001:0000d280       ?length@?$_Narrow_char_traits@DH@std@@SAIQBD@Z 1000e280 f i sadll.obj
 0001:0000d2f0       ?load@?$_Atomic_storage@_N$00@std@@QBE_NW4memory_order@2@@Z 1000e2f0 f i sadll.obj
 0001:0000d460       ?max@?$numeric_limits@H@std@@SAHXZ 1000e460 f i sadll.obj
 0001:0000d490       ?max_size@?$_Default_allocator_traits@V?$allocator@D@std@@@std@@SAIABV?$allocator@D@2@@Z 1000e490 f i sadll.obj
 0001:0000d4b0       ?max_size@?$basic_string@DU?$char_traits@D@std@@V?$allocator@D@2@@std@@QBEIXZ 1000e4b0 f i sadll.obj
 0001:0000d5d0       ?reset@?$unique_ptr@VSyncClient@@U?$default_delete@VSyncClient@@@std@@@std@@QAEXPAVSyncClient@@@Z 1000e5d0 f i sadll.obj
 0001:0000d650       ?size@?$basic_string@DU?$char_traits@D@std@@V?$allocator@D@2@@std@@QBEIXZ 1000e650 f i sadll.obj
 0001:0000d690       ?store@?$_Atomic_storage@_N$00@std@@QAEX_N@Z 1000e690 f i sadll.obj
 0001:0000d710       ?store@?$_Atomic_storage@_N$00@std@@QAEX_NW4memory_order@2@@Z 1000e710 f i sadll.obj
 0001:0000d890       ?to_string@std@@YA?AV?$basic_string@DU?$char_traits@D@std@@V?$allocator@D@2@@1@H@Z 1000e890 f i sadll.obj
 0001:0000d930       ?what@exception@std@@UBEPBDXZ 1000e930 f i sadll.obj
 0001:0000d990       _SetStdHandle@8            1000e990 f   kernel32:KERNEL32.dll
 0001:0000d996       _CreateFileW@28            1000e996 f   kernel32:KERNEL32.dll
 0001:0000d99c       _SetLastError@4            1000e99c f   kernel32:KERNEL32.dll
 0001:0000d9a2       _Sleep@4                   1000e9a2 f   kernel32:KERNEL32.dll
 0001:0000d9a8       _GetCurrentProcess@0       1000e9a8 f   kernel32:KERNEL32.dll
 0001:0000d9ae       _GetCurrentProcessId@0     1000e9ae f   kernel32:KERNEL32.dll
 0001:0000d9b4       _SwitchToThread@0          1000e9b4 f   kernel32:KERNEL32.dll
 0001:0000d9ba       _GetCurrentThread@0        1000e9ba f   kernel32:KERNEL32.dll
 0001:0000d9c0       _GetCurrentThreadId@0      1000e9c0 f   kernel32:KERNEL32.dll
 0001:0000d9c6       _VirtualProtect@16         1000e9c6 f   kernel32:KERNEL32.dll
 0001:0000d9cc       _DisableThreadLibraryCalls@4 1000e9cc f   kernel32:KERNEL32.dll
 0001:0000d9d2       _FreeLibrary@4             1000e9d2 f   kernel32:KERNEL32.dll
 0001:0000d9d8       _FreeLibraryAndExitThread@8 1000e9d8 f   kernel32:KERNEL32.dll
 0001:0000d9de       _GetModuleFileNameW@12     1000e9de f   kernel32:KERNEL32.dll
 0001:0000d9e4       _GetModuleHandleW@4        1000e9e4 f   kernel32:KERNEL32.dll
 0001:0000d9ea       _AllocConsole@0            1000e9ea f   kernel32:KERNEL32.dll
 0001:0000d9f0       _SetConsoleCP@4            1000e9f0 f   kernel32:KERNEL32.dll
 0001:0000d9f6       _SetConsoleOutputCP@4      1000e9f6 f   kernel32:KERNEL32.dll
 0001:0000d9fc       _PostMessageW@16           1000e9fc f   user32:USER32.dll
 0001:0000da02       _CallWindowProcW@20        1000ea02 f   user32:USER32.dll
 0001:0000da08       _IsWindowVisible@4         1000ea08 f   user32:USER32.dll
 0001:0000da0e       _GetWindowLongA@8          1000ea0e f   user32:USER32.dll
 0001:0000da14       _SetWindowLongW@12         1000ea14 f   user32:USER32.dll
 0001:0000da1a       _EnumWindows@8             1000ea1a f   user32:USER32.dll
 0001:0000da20       _GetWindowThreadProcessId@8 1000ea20 f   user32:USER32.dll
 0001:0000da26       _GetWindow@8               1000ea26 f   user32:USER32.dll
 0001:0000da2c       ?_Random_device@std@@YAIXZ 1000ea2c f   msvcprtd:MSVCP140D.dll
 0001:0000da32       ??0_Lockit@std@@QAE@H@Z    1000ea32 f   msvcprtd:MSVCP140D.dll
 0001:0000da38       ??1_Lockit@std@@QAE@XZ     1000ea38 f   msvcprtd:MSVCP140D.dll
 0001:0000da3e       ?uncaught_exception@std@@YA_NXZ 1000ea3e f   msvcprtd:MSVCP140D.dll
 0001:0000da44       ?_Xlength_error@std@@YAXPBD@Z 1000ea44 f   msvcprtd:MSVCP140D.dll
 0001:0000da4a       __Thrd_detach              1000ea4a f   msvcprtd:MSVCP140D.dll
 0001:0000da50       __Cnd_do_broadcast_at_thread_exit 1000ea50 f   msvcprtd:MSVCP140D.dll
 0001:0000da56       ?_Throw_C_error@std@@YAXH@Z 1000ea56 f   msvcprtd:MSVCP140D.dll
 0001:0000da5c       ?_Throw_Cpp_error@std@@YAXH@Z 1000ea5c f   msvcprtd:MSVCP140D.dll
 0001:0000da62       ?good@ios_base@std@@QBE_NXZ 1000ea62 f   msvcprtd:MSVCP140D.dll
 0001:0000da68       ?flags@ios_base@std@@QBEHXZ 1000ea68 f   msvcprtd:MSVCP140D.dll
 0001:0000da6e       ?width@ios_base@std@@QBE_JXZ 1000ea6e f   msvcprtd:MSVCP140D.dll
 0001:0000da74       ?width@ios_base@std@@QAE_J_J@Z 1000ea74 f   msvcprtd:MSVCP140D.dll
 0001:0000da7a       ?sputc@?$basic_streambuf@DU?$char_traits@D@std@@@std@@QAEHD@Z 1000ea7a f   msvcprtd:MSVCP140D.dll
 0001:0000da80       ?sputn@?$basic_streambuf@DU?$char_traits@D@std@@@std@@QAE_JPBD_J@Z 1000ea80 f   msvcprtd:MSVCP140D.dll
 0001:0000da86       ?clear@?$basic_ios@DU?$char_traits@D@std@@@std@@QAEXH_N@Z 1000ea86 f   msvcprtd:MSVCP140D.dll
 0001:0000da8c       ?setstate@?$basic_ios@DU?$char_traits@D@std@@@std@@QAEXH_N@Z 1000ea8c f   msvcprtd:MSVCP140D.dll
 0001:0000da92       ?tie@?$basic_ios@DU?$char_traits@D@std@@@std@@QBEPAV?$basic_ostream@DU?$char_traits@D@std@@@2@XZ 1000ea92 f   msvcprtd:MSVCP140D.dll
 0001:0000da98       ?rdbuf@?$basic_ios@DU?$char_traits@D@std@@@std@@QBEPAV?$basic_streambuf@DU?$char_traits@D@std@@@2@XZ 1000ea98 f   msvcprtd:MSVCP140D.dll
 0001:0000da9e       ?fill@?$basic_ios@DU?$char_traits@D@std@@@std@@QBEDXZ 1000ea9e f   msvcprtd:MSVCP140D.dll
 0001:0000daa4       ?widen@?$basic_ios@DU?$char_traits@D@std@@@std@@QBEDD@Z 1000eaa4 f   msvcprtd:MSVCP140D.dll
 0001:0000daaa       ?clear@?$basic_ios@_WU?$char_traits@_W@std@@@std@@QAEXH_N@Z 1000eaaa f   msvcprtd:MSVCP140D.dll
 0001:0000dab0       ?_Osfx@?$basic_ostream@DU?$char_traits@D@std@@@std@@QAEXXZ 1000eab0 f   msvcprtd:MSVCP140D.dll
 0001:0000dab6       ??6?$basic_ostream@DU?$char_traits@D@std@@@std@@QAEAAV01@P6AAAV01@AAV01@@Z@Z 1000eab6 f   msvcprtd:MSVCP140D.dll
 0001:0000dabc       ??6?$basic_ostream@DU?$char_traits@D@std@@@std@@QAEAAV01@H@Z 1000eabc f   msvcprtd:MSVCP140D.dll
 0001:0000dac2       ?put@?$basic_ostream@DU?$char_traits@D@std@@@std@@QAEAAV12@D@Z 1000eac2 f   msvcprtd:MSVCP140D.dll
 0001:0000dac8       ?flush@?$basic_ostream@DU?$char_traits@D@std@@@std@@QAEAAV12@XZ 1000eac8 f   msvcprtd:MSVCP140D.dll
 0001:0000dace       _NtTerminateProcess@8      1000eace f   ntdll:ntdll.dll
 0001:0000dae0       ___raise_securityfailure   1000eae0 f   MSVCRTD:gs_report.obj
 0001:0000db20       ___report_gsfailure        1000eb20 f   MSVCRTD:gs_report.obj
 0001:0000dc70       ___report_rangecheckfailure 1000ec70 f   MSVCRTD:gs_report.obj
 0001:0000dc80       ___report_securityfailure  1000ec80 f   MSVCRTD:gs_report.obj
 0001:0000dd90       ___report_securityfailureEx 1000ed90 f   MSVCRTD:gs_report.obj
 0001:0000df00       @_RTC_AllocaHelper@12      1000ef00 f   MSVCRTD:stack.obj
 0001:0000df40       @_RTC_CheckStackVars2@12   1000ef40 f   MSVCRTD:stack.obj
 0001:0000e050       @_RTC_CheckStackVars@8     1000f050 f   MSVCRTD:stack.obj
 0001:0000e0c0       __RTC_CheckEsp             1000f0c0 f   MSVCRTD:stack.obj
 0001:0000e0f0       @__CheckForDebuggerJustMyCode@4 1000f0f0 f   MSVCRTD:debugger_jmc.obj
 0001:0000e140       @__security_check_cookie@4 1000f140 f   MSVCRTD:secchk.obj
 0001:0000e160       __CRT_RTC_INIT             1000f160 f   MSVCRTD:init.obj
 0001:0000e170       __CRT_RTC_INITW            1000f170 f   MSVCRTD:init.obj
 0001:0000e180       __RTC_InitBase             1000f180 f   MSVCRTD:init.obj
 0001:0000e1c0       __RTC_Shutdown             1000f1c0 f   MSVCRTD:init.obj
 0001:0000e1e0       __aullshr                  1000f1e0 f   MSVCRTD:ullshr.obj
 0001:0000e210       __alloca_probe             1000f210 f   MSVCRTD:chkstk.obj
 0001:0000e210       __chkstk                   1000f210 f   MSVCRTD:chkstk.obj
 0001:0000e250       ??2@YAPAXI@Z               1000f250 f   MSVCRTD:new_scalar.obj
 0001:0000e2b0       ??3@YAXPAXI@Z              1000f2b0 f   MSVCRTD:delete_scalar_size.obj
 0001:0000e2d0       ??_U@YAPAXI@Z              1000f2d0 f   MSVCRTD:new_array.obj
 0001:0000e2f0       ??_V@YAXPAX@Z              1000f2f0 f   MSVCRTD:delete_array.obj
 0001:0000e310       ?configure_argv@__scrt_narrow_argv_policy@@SAHXZ 1000f310 f i MSVCRTD:utility.obj
 0001:0000e3e0       ?initialize_environment@__scrt_narrow_environment_policy@@SAHXZ 1000f3e0 f i MSVCRTD:utility.obj
 0001:0000e480       _NtCurrentTeb              1000f480 f i MSVCRTD:utility.obj
 0001:0000e490       ___scrt_acquire_startup_lock 1000f490 f   MSVCRTD:utility.obj
 0001:0000e4f0       ___scrt_dllmain_after_initialize_c 1000f4f0 f   MSVCRTD:utility.obj
 0001:0000e530       ___scrt_dllmain_before_initialize_c 1000f530 f   MSVCRTD:utility.obj
 0001:0000e560       ___scrt_dllmain_crt_thread_attach 1000f560 f   MSVCRTD:utility.obj
 0001:0000e5a0       ___scrt_dllmain_crt_thread_detach 1000f5a0 f   MSVCRTD:utility.obj
 0001:0000e5c0       ___scrt_dllmain_exception_filter 1000f5c0 f   MSVCRTD:utility.obj
 0001:0000e620       ___scrt_dllmain_uninitialize_c 1000f620 f   MSVCRTD:utility.obj
 0001:0000e660       ___scrt_dllmain_uninitialize_critical 1000f660 f   MSVCRTD:utility.obj
 0001:0000e680       ___scrt_initialize_crt     1000f680 f   MSVCRTD:utility.obj
 0001:0000e6e0       ___scrt_initialize_onexit_tables 1000f6e0 f   MSVCRTD:utility.obj
 0001:0000e7f0       ___scrt_is_nonwritable_in_current_image 1000f7f0 f   MSVCRTD:utility.obj
 0001:0000e970       ___scrt_release_startup_lock 1000f970 f   MSVCRTD:utility.obj
 0001:0000e9a0       ___scrt_uninitialize_crt   1000f9a0 f   MSVCRTD:utility.obj
 0001:0000e9f0       __onexit                   1000f9f0 f   MSVCRTD:utility.obj
 0001:0000ea70       _at_quick_exit             1000fa70 f   MSVCRTD:utility.obj
 0001:0000eac0       _atexit                    1000fac0 f   MSVCRTD:utility.obj
 0001:0000ec50       __Init_thread_abort        1000fc50 f   MSVCRTD:thread_safe_statics.obj
 0001:0000ec80       __Init_thread_footer       1000fc80 f   MSVCRTD:thread_safe_statics.obj
 0001:0000ece0       __Init_thread_header       1000fce0 f   MSVCRTD:thread_safe_statics.obj
 0001:0000ed70       __Init_thread_lock         1000fd70 f   MSVCRTD:thread_safe_statics.obj
 0001:0000ed90       __Init_thread_notify       1000fd90 f   MSVCRTD:thread_safe_statics.obj
 0001:0000edf0       __Init_thread_unlock       1000fdf0 f   MSVCRTD:thread_safe_statics.obj
 0001:0000ee10       __Init_thread_wait         1000fe10 f   MSVCRTD:thread_safe_statics.obj
 0001:0000eec0       ??1type_info@@UAE@XZ       1000fec0 f   MSVCRTD:std_type_info_static.obj
 0001:0000eee0       ??_Etype_info@@UAEPAXI@Z   1000fee0 f i MSVCRTD:std_type_info_static.obj
 0001:0000eee0       ??_Gtype_info@@UAEPAXI@Z   1000fee0 f i MSVCRTD:std_type_info_static.obj
 0001:0000f520       __CRT_INIT@12              10010520 f   MSVCRTD:dll_dllmain.obj
 0001:0000f540       __DllMainCRTStartup@12     10010540 f   MSVCRTD:dll_dllmain.obj
 0001:0000f620       ?_RTC_AllocaFailure@@YAXPAXPAU_RTC_ALLOCA_NODE@@H@Z 10010620 f   MSVCRTD:error.obj
 0001:0000f740       ?_RTC_Failure@@YAXPAXH@Z   10010740 f   MSVCRTD:error.obj
 0001:0000f7b0       ?_RTC_StackFailure@@YAXPAXPBD@Z 100107b0 f   MSVCRTD:error.obj
 0001:0000fc60       __RTC_UninitUse            10010c60 f   MSVCRTD:error.obj
 0001:0000fd40       __vsprintf_s_l             10010d40 f i MSVCRTD:error.obj
 0001:0000fd80       _sprintf_s                 10010d80 f i MSVCRTD:error.obj
 0001:0000fdb0       ?_RTC_GetErrorFunc@@YAP6AHHPBDH00ZZPBX@Z 10010db0 f   MSVCRTD:userapi.obj
 0001:0000fdc0       ?_RTC_GetErrorFuncW@@YAP6AHHPB_WH00ZZPBX@Z 10010dc0 f   MSVCRTD:userapi.obj
 0001:0000fdd0       __RTC_GetErrDesc           10010dd0 f   MSVCRTD:userapi.obj
 0001:0000fdf0       __RTC_NumErrors            10010df0 f   MSVCRTD:userapi.obj
 0001:0000fe00       __RTC_SetErrorFunc         10010e00 f   MSVCRTD:userapi.obj
 0001:0000fe30       __RTC_SetErrorFuncW        10010e30 f   MSVCRTD:userapi.obj
 0001:0000fe60       __RTC_SetErrorType         10010e60 f   MSVCRTD:userapi.obj
 0001:0000fe90       ??0bad_alloc@std@@QAE@XZ   10010e90 f i MSVCRTD:throw_bad_alloc.obj
 0001:0000fec0       ?__scrt_throw_std_bad_alloc@@YAXXZ 10010ec0 f   MSVCRTD:throw_bad_alloc.obj
 0001:0000fef0       ?__scrt_throw_std_bad_array_new_length@@YAXXZ 10010ef0 f   MSVCRTD:throw_bad_alloc.obj
 0001:0000ff20       ??3@YAXPAX@Z               10010f20 f   MSVCRTD:delete_scalar.obj
 0001:0000ff40       ___isa_available_init      10010f40 f   MSVCRTD:cpu_disp.obj
 0001:00010340       __get_startup_argv_mode    10011340 f   MSVCRTD:argv_mode.obj
 0001:00010350       ___scrt_is_ucrt_dll_in_use 10011350 f   MSVCRTD:ucrt_detection.obj
 0001:00010380       ___scrt_fastfail           10011380 f   MSVCRTD:utility_desktop.obj
 0001:00010510       ___scrt_get_show_window_mode 10011510 f   MSVCRTD:utility_desktop.obj
 0001:00010560       ___scrt_initialize_mta     10011560 f   MSVCRTD:utility_desktop.obj
 0001:00010570       ___scrt_initialize_winrt   10011570 f   MSVCRTD:utility_desktop.obj
 0001:00010580       ___scrt_is_managed_app     10011580 f   MSVCRTD:utility_desktop.obj
 0001:00010630       ___scrt_set_unhandled_exception_filter 10011630 f   MSVCRTD:utility_desktop.obj
 0001:00010650       ___scrt_exe_initialize_mta 10011650 f   MSVCRTD:utility_desktop.obj
 0001:00010650       ___scrt_stub_for_initialize_mta 10011650 f   MSVCRTD:utility_desktop.obj
 0001:00010660       ___scrt_unhandled_exception_filter@4 10011660 f   MSVCRTD:utility_desktop.obj
 0001:00010700       __crt_debugger_hook        10011700 f   MSVCRTD:utility_desktop.obj
 0001:00010720       __except_handler4          10011720 f   MSVCRTD:chandler4gs.obj
 0001:00010770       @_guard_check_icall_nop@4  10011770 f i MSVCRTD:guard_support.obj
 0001:00010780       _ReadNoFence               10011780 f i MSVCRTD:guard_support.obj
 0001:000107a0       _ReadPointerNoFence        100117a0 f i MSVCRTD:guard_support.obj
 0001:000107c0       __InlineInterlockedExchangePointer 100117c0 f i MSVCRTD:guard_support.obj
 0001:000107d0       ___castguard_check_failure_debugbreak 100117d0 f i MSVCRTD:guard_support.obj
 0001:000107f0       ___castguard_check_failure_fastfail 100117f0 f i MSVCRTD:guard_support.obj
 0001:00010820       ___castguard_check_failure_nop 10011820 f i MSVCRTD:guard_support.obj
 0001:00010830       ___castguard_check_failure_os_handled 10011830 f i MSVCRTD:guard_support.obj
 0001:00010890       ___castguard_check_failure_user_handled 10011890 f i MSVCRTD:guard_support.obj
 0001:00010950       ___castguard_set_user_handler 10011950 f i MSVCRTD:guard_support.obj
 0001:00010980       ___castguard_slow_path_check_debugbreak 10011980 f i MSVCRTD:guard_support.obj
 0001:000109c0       ___castguard_slow_path_check_fastfail 100119c0 f i MSVCRTD:guard_support.obj
 0001:00010a10       ___castguard_slow_path_check_nop 10011a10 f i MSVCRTD:guard_support.obj
 0001:00010a20       ___castguard_slow_path_check_os_handled 10011a20 f i MSVCRTD:guard_support.obj
 0001:00010a70       ___castguard_slow_path_check_user_handled 10011a70 f i MSVCRTD:guard_support.obj
 0001:00010b10       __guard_icall_checks_enforced 10011b10 f i MSVCRTD:guard_support.obj
 0001:00010be0       ___security_init_cookie    10011be0 f   MSVCRTD:gs_support.obj
 0001:00010c80       ?__scrt_initialize_type_info@@YAXXZ 10011c80 f   MSVCRTD:tncleanup.obj
 0001:00010ca0       ?__scrt_uninitialize_type_info@@YAXXZ 10011ca0 f   MSVCRTD:tncleanup.obj
 0001:00010cc0       ___local_stdio_scanf_options 10011cc0 f i MSVCRTD:default_local_stdio_options.obj
 0001:00010cd0       ___scrt_initialize_default_local_stdio_options 10011cd0 f   MSVCRTD:default_local_stdio_options.obj
 0001:00010d20       ___scrt_get_dyn_tls_init_callback 10011d20 f   MSVCRTD:dyn_tls_init.obj
 0001:00010d30       __RTC_Initialize           10011d30 f   MSVCRTD:initsect.obj
 0001:00010d70       __RTC_Terminate            10011d70 f   MSVCRTD:initsect.obj
 0001:00011350       ?_RTC_GetSrcLine@@YAHPAEPA_WKPAH1K@Z 10012350 f   MSVCRTD:pdblkup.obj
 0001:000117b0       __except_handler4_noexcept 100127b0 f   MSVCRTD:chandler4_noexcept.obj
 0001:000118f0       ?detour_2gb_above@@YAKK@Z  100128f0 f i detours:detours.obj
 0001:00011930       ?detour_2gb_below@@YAKK@Z  10012930 f i detours:detours.obj
 0001:00011fa0       ?detour_does_code_end_function@@YAHPAE@Z 10012fa0 f i detours:detours.obj
 0001:000121d0       ?detour_find_jmp_bounds@@YAXPAEPAPAU_DETOUR_TRAMPOLINE@@1@Z 100131d0 f i detours:detours.obj
 0001:00012370       ?detour_gen_brk@@YAPAEPAE0@Z 10013370 f i detours:detours.obj
 0001:000123a0       ?detour_gen_jmp_immediate@@YAPAEPAE0@Z 100133a0 f i detours:detours.obj
 0001:000123f0       ?detour_is_code_filler@@YAKPAE@Z 100133f0 f i detours:detours.obj
 0001:00012e00       ?detour_skip_jmp@@YAPAEPAEPAPAX@Z 10013e00 f i detours:detours.obj
 0001:00013010       _DetourAllocateRegionWithinJumpBounds@8 10014010 f   detours:detours.obj
 0001:00013080       _DetourAreSameGuid@8       10014080 f   detours:detours.obj
 0001:00013270       _DetourAttach@8            10014270 f   detours:detours.obj
 0001:00013290       _DetourAttachEx@20         10014290 f   detours:detours.obj
 0001:000137f0       _DetourCodeFromPointer@8   100147f0 f   detours:detours.obj
 0001:00013810       _DetourDetach@8            10014810 f   detours:detours.obj
 0001:00013a60       _DetourIsFunctionImported@8 10014a60 f   detours:detours.obj
 0001:00013a80       _DetourSetIgnoreTooSmall@4 10014a80 f   detours:detours.obj
 0001:00013ab0       _DetourSetRetainRegions@4  10014ab0 f   detours:detours.obj
 0001:00013ae0       _DetourSetSystemRegionLowerBound@4 10014ae0 f   detours:detours.obj
 0001:00013b10       _DetourSetSystemRegionUpperBound@4 10014b10 f   detours:detours.obj
 0001:00013b40       _DetourTransactionAbort@0  10014b40 f   detours:detours.obj
 0001:00013c90       _DetourTransactionBegin@0  10014c90 f   detours:detours.obj
 0001:00013d10       _DetourTransactionCommit@0 10014d10 f   detours:detours.obj
 0001:00013d20       _DetourTransactionCommitEx@4 10014d20 f   detours:detours.obj
 0001:000142a0       _DetourUpdateThread@4      100152a0 f   detours:detours.obj
 0001:00014390       _DetourVirtualProtectSameExecute@16 10015390 f   detours:detours.obj
 0001:000143c0       _DetourVirtualProtectSameExecuteEx@20 100153c0 f   detours:detours.obj
 0001:000144a0       ?DetourLoadImageHlp@@YAPAU_DETOUR_SYM_INFO@@XZ 100154a0 f   detours:modules.obj
 0001:00014a40       ?StringCchCatA@@YGJPADIPBD@Z 10015a40 f i detours:modules.obj
 0001:00014ab0       ?StringCchCopyA@@YGJPADIPBD@Z 10015ab0 f i detours:modules.obj
 0001:00014d20       _DetourEnumerateExports@12 10015d20 f   detours:modules.obj
 0001:000150f0       _DetourEnumerateImports@16 100160f0 f   detours:modules.obj
 0001:00015150       _DetourEnumerateImportsEx@16 10016150 f   detours:modules.obj
 0001:00015540       _DetourEnumerateModules@4  10016540 f   detours:modules.obj
 0001:00015710       _DetourFindFunction@8      10016710 f   detours:modules.obj
 0001:000159c0       _DetourFindPayload@12      100169c0 f   detours:modules.obj
 0001:00015bd0       _DetourFindPayloadEx@8     10016bd0 f   detours:modules.obj
 0001:00015c40       _DetourFreePayload@4       10016c40 f   detours:modules.obj
 0001:00015ca0       _DetourGetContainingModule@4 10016ca0 f   detours:modules.obj
 0001:00015ef0       _DetourGetEntryPoint@4     10016ef0 f   detours:modules.obj
 0001:00016210       _DetourGetModuleSize@4     10017210 f   detours:modules.obj
 0001:000163d0       _DetourGetSizeOfPayloads@4 100173d0 f   detours:modules.obj
 0001:00016520       _DetourRestoreAfterWith@0  10017520 f   detours:modules.obj
 0001:00016570       _DetourRestoreAfterWithEx@8 10017570 f   detours:modules.obj
 0001:000167b0       ?CopyBytes@CDetourDis@@IAEPAEPBUCOPYENTRY@1@PAE1@Z 100177b0 f   detours:disasm.obj
 0001:000169e0       ?CopyBytesPrefix@CDetourDis@@IAEPAEPBUCOPYENTRY@1@PAE1@Z 100179e0 f   detours:disasm.obj
 0001:00016a60       ?CopyBytesSegment@CDetourDis@@IAEPAEPBUCOPYENTRY@1@PAE1@Z 10017a60 f   detours:disasm.obj
 0001:00016aa0       ?CopyBytesJump@CDetourDis@@IAEPAEPBUCOPYENTRY@1@PAE1@Z 10017aa0 f   detours:disasm.obj
 0001:00016c00       ?Invalid@CDetourDis@@IAEPAEPBUCOPYENTRY@1@PAE1@Z 10017c00 f   detours:disasm.obj
 0001:00016c20       ?Copy0F@CDetourDis@@IAEPAEPBUCOPYENTRY@1@PAE1@Z 10017c20 f   detours:disasm.obj
 0001:00016ca0       ?Copy0F00@CDetourDis@@IAEPAEPBUCOPYENTRY@1@PAE1@Z 10017ca0 f   detours:disasm.obj
 0001:00016d10       ?Copy0F78@CDetourDis@@IAEPAEPBUCOPYENTRY@1@PAE1@Z 10017d10 f   detours:disasm.obj
 0001:00016d70       ?Copy0FB8@CDetourDis@@IAEPAEPBUCOPYENTRY@1@PAE1@Z 10017d70 f   detours:disasm.obj
 0001:00016dd0       ?Copy66@CDetourDis@@IAEPAEPBUCOPYENTRY@1@PAE1@Z 10017dd0 f   detours:disasm.obj
 0001:00016e10       ?Copy67@CDetourDis@@IAEPAEPBUCOPYENTRY@1@PAE1@Z 10017e10 f   detours:disasm.obj
 0001:00016e50       ?CopyF2@CDetourDis@@IAEPAEPBUCOPYENTRY@1@PAE1@Z 10017e50 f   detours:disasm.obj
 0001:00016e90       ?CopyF3@CDetourDis@@IAEPAEPBUCOPYENTRY@1@PAE1@Z 10017e90 f   detours:disasm.obj
 0001:00016ed0       ?CopyF6@CDetourDis@@IAEPAEPBUCOPYENTRY@1@PAE1@Z 10017ed0 f   detours:disasm.obj
 0001:00016f40       ?CopyF7@CDetourDis@@IAEPAEPBUCOPYENTRY@1@PAE1@Z 10017f40 f   detours:disasm.obj
 0001:00016fb0       ?CopyFF@CDetourDis@@IAEPAEPBUCOPYENTRY@1@PAE1@Z 10017fb0 f   detours:disasm.obj
 0001:000170d0       ?CopyVex2@CDetourDis@@IAEPAEPBUCOPYENTRY@1@PAE1@Z 100180d0 f   detours:disasm.obj
 0001:000171a0       ?CopyVex3@CDetourDis@@IAEPAEPBUCOPYENTRY@1@PAE1@Z 100181a0 f   detours:disasm.obj
 0001:000172a0       ?CopyEvex@CDetourDis@@IAEPAEPBUCOPYENTRY@1@PAE1@Z 100182a0 f   detours:disasm.obj
 0001:000173c0       ?CopyXop@CDetourDis@@IAEPAEPBUCOPYENTRY@1@PAE1@Z 100183c0 f   detours:disasm.obj
 0001:00017480       ??0CDetourDis@@QAE@PAPAEPAJ@Z 10018480 f   detours:disasm.obj
 0001:00017560       ?AdjustTarget@CDetourDis@@IAEPAEPAE0III@Z 10018560 f   detours:disasm.obj
 0001:000176b0       ?CopyBytesRax@CDetourDis@@IAEPAEPBUCOPYENTRY@1@PAE1@Z 100186b0 f   detours:disasm.obj
 0001:00017700       ?CopyInstruction@CDetourDis@@QAEPAEPAE0@Z 10018700 f   detours:disasm.obj
 0001:00017780       ?CopyVexCommon@CDetourDis@@IAEPAEEPAE0@Z 10018780 f   detours:disasm.obj
 0001:000177e0       ?CopyVexEvexCommon@CDetourDis@@IAEPAEEPAE0EE@Z 100187e0 f   detours:disasm.obj
 0001:00017930       ?SanityCheckSystem@CDetourDis@@SAHXZ 10018930 f   detours:disasm.obj
 0001:00017940       ?SetCodeModule@CDetourDis@@SAHPAE0H@Z 10018940 f   detours:disasm.obj
 0001:00017980       _DetourCopyInstruction@20  10018980 f   detours:disasm.obj
 0001:000179d0       _DetourSetCodeModule@8     100189d0 f   detours:disasm.obj
 0001:00017a32       _closesocket@4             10018a32 f   ws2_32:WS2_32.dll
 0001:00017a38       _connect@12                10018a38 f   ws2_32:WS2_32.dll
 0001:00017a3e       _htons@4                   10018a3e f   ws2_32:WS2_32.dll
 0001:00017a44       _setsockopt@20             10018a44 f   ws2_32:WS2_32.dll
 0001:00017a4a       _WSAStartup@8              10018a4a f   ws2_32:WS2_32.dll
 0001:00017a50       _WSACleanup@0              10018a50 f   ws2_32:WS2_32.dll
 0001:00017a56       _WSAGetLastError@0         10018a56 f   ws2_32:WS2_32.dll
 0001:00017a5c       _inet_pton@12              10018a5c f   ws2_32:WS2_32.dll
 0001:00017a62       _memset                    10018a62 f   vcruntimed:VCRUNTIME140D.dll
 0001:00017a68       _strstr                    10018a68 f   vcruntimed:VCRUNTIME140D.dll
 0001:00017a6e       _memcpy                    10018a6e f   vcruntimed:VCRUNTIME140D.dll
 0001:00017a74       ___std_exception_copy      10018a74 f   vcruntimed:VCRUNTIME140D.dll
 0001:00017a7a       ___std_exception_destroy   10018a7a f   vcruntimed:VCRUNTIME140D.dll
 0001:00017a80       __CxxThrowException@8      10018a80 f   vcruntimed:VCRUNTIME140D.dll
 0001:00017a86       ___CxxFrameHandler3        10018a86 f   vcruntimed:VCRUNTIME140D.dll
 0001:00017a8c       ___current_exception       10018a8c f   vcruntimed:VCRUNTIME140D.dll
 0001:00017a92       ___current_exception_context 10018a92 f   vcruntimed:VCRUNTIME140D.dll
 0001:00017a98       __except_handler4_common   10018a98 f   vcruntimed:VCRUNTIME140D.dll
 0001:00017a9e       ___std_type_info_destroy_list 10018a9e f   vcruntimed:VCRUNTIME140D.dll
 0001:00017aa4       ___vcrt_GetModuleFileNameW 10018aa4 f   vcruntimed:VCRUNTIME140D.dll
 0001:00017aaa       ___vcrt_GetModuleHandleW   10018aaa f   vcruntimed:VCRUNTIME140D.dll
 0001:00017ab0       ___vcrt_LoadLibraryExW     10018ab0 f   vcruntimed:VCRUNTIME140D.dll
 0001:00017ab6       __invalid_parameter        10018ab6 f   ucrtd:ucrtbased.dll
 0001:00017abc       _strcpy_s                  10018abc f   ucrtd:ucrtbased.dll
 0001:00017ac2       _strcat_s                  10018ac2 f   ucrtd:ucrtbased.dll
 0001:00017ac8       _strncat_s                 10018ac8 f   ucrtd:ucrtbased.dll
 0001:00017ace       _strncpy_s                 10018ace f   ucrtd:ucrtbased.dll
 0001:00017ad4       _strcmp                    10018ad4 f   ucrtd:ucrtbased.dll
 0001:00017ada       _strlen                    10018ada f   ucrtd:ucrtbased.dll
 0001:00017ae0       __CrtDbgReport             10018ae0 f   ucrtd:ucrtbased.dll
 0001:00017ae6       ___stdio_common_vsnprintf_s 10018ae6 f   ucrtd:ucrtbased.dll
 0001:00017aec       _atoi                      10018aec f   ucrtd:ucrtbased.dll
 0001:00017af2       __invalid_parameter_noinfo 10018af2 f   ucrtd:ucrtbased.dll
 0001:00017af8       __errno                    10018af8 f   ucrtd:ucrtbased.dll
 0001:00017afe       ___acrt_iob_func           10018afe f   ucrtd:ucrtbased.dll
 0001:00017b04       _freopen_s                 10018b04 f   ucrtd:ucrtbased.dll
 0001:00017b0a       _terminate                 10018b0a f   ucrtd:ucrtbased.dll
 0001:00017b10       __beginthreadex            10018b10 f   ucrtd:ucrtbased.dll
 0001:00017b16       _setlocale                 10018b16 f   ucrtd:ucrtbased.dll
 0001:00017b1c       __CrtDbgReportW            10018b1c f   ucrtd:ucrtbased.dll
 0001:00017b22       __callnewh                 10018b22 f   ucrtd:ucrtbased.dll
 0001:00017b28       _malloc                    10018b28 f   ucrtd:ucrtbased.dll
 0001:00017b2e       __seh_filter_dll           10018b2e f   ucrtd:ucrtbased.dll
 0001:00017b34       __configure_narrow_argv    10018b34 f   ucrtd:ucrtbased.dll
 0001:00017b3a       __initialize_narrow_environment 10018b3a f   ucrtd:ucrtbased.dll
 0001:00017b40       __initialize_onexit_table  10018b40 f   ucrtd:ucrtbased.dll
 0001:00017b46       __register_onexit_function 10018b46 f   ucrtd:ucrtbased.dll
 0001:00017b4c       __execute_onexit_table     10018b4c f   ucrtd:ucrtbased.dll
 0001:00017b52       __crt_atexit               10018b52 f   ucrtd:ucrtbased.dll
 0001:00017b58       __crt_at_quick_exit        10018b58 f   ucrtd:ucrtbased.dll
 0001:00017b5e       __cexit                    10018b5e f   ucrtd:ucrtbased.dll
 0001:00017b64       __initterm                 10018b64 f   ucrtd:ucrtbased.dll
 0001:00017b6a       __initterm_e               10018b6a f   ucrtd:ucrtbased.dll
 0001:00017b70       ___stdio_common_vsprintf_s 10018b70 f   ucrtd:ucrtbased.dll
 0001:00017b76       __free_dbg                 10018b76 f   ucrtd:ucrtbased.dll
 0001:00017b7c       __wmakepath_s              10018b7c f   ucrtd:ucrtbased.dll
 0001:00017b82       __wsplitpath_s             10018b82 f   ucrtd:ucrtbased.dll
 0001:00017b88       _wcscpy_s                  10018b88 f   ucrtd:ucrtbased.dll
 0001:00017b8e       _UnhandledExceptionFilter@4 10018b8e f   kernel32:KERNEL32.dll
 0001:00017b94       _SetUnhandledExceptionFilter@4 10018b94 f   kernel32:KERNEL32.dll
 0001:00017b9a       _TerminateProcess@8        10018b9a f   kernel32:KERNEL32.dll
 0001:00017ba0       _IsProcessorFeaturePresent@4 10018ba0 f   kernel32:KERNEL32.dll
 0001:00017ba6       _CloseHandle@4             10018ba6 f   kernel32:KERNEL32.dll
 0001:00017bac       _EnterCriticalSection@4    10018bac f   kernel32:KERNEL32.dll
 0001:00017bb2       _LeaveCriticalSection@4    10018bb2 f   kernel32:KERNEL32.dll
 0001:00017bb8       _InitializeCriticalSectionAndSpinCount@8 10018bb8 f   kernel32:KERNEL32.dll
 0001:00017bbe       _DeleteCriticalSection@4   10018bbe f   kernel32:KERNEL32.dll
 0001:00017bc4       _SetEvent@4                10018bc4 f   kernel32:KERNEL32.dll
 0001:00017bca       _ResetEvent@4              10018bca f   kernel32:KERNEL32.dll
 0001:00017bd0       _WaitForSingleObjectEx@12  10018bd0 f   kernel32:KERNEL32.dll
 0001:00017bd6       _CreateEventW@16           10018bd6 f   kernel32:KERNEL32.dll
 0001:00017bdc       _GetProcAddress@8          10018bdc f   kernel32:KERNEL32.dll
 0001:00017be2       _IsDebuggerPresent@0       10018be2 f   kernel32:KERNEL32.dll
 0001:00017be8       _RaiseException@16         10018be8 f   kernel32:KERNEL32.dll
 0001:00017bee       _MultiByteToWideChar@24    10018bee f   kernel32:KERNEL32.dll
 0001:00017bf4       _WideCharToMultiByte@32    10018bf4 f   kernel32:KERNEL32.dll
 0001:00017bfa       _GetStartupInfoW@4         10018bfa f   kernel32:KERNEL32.dll
 0001:00017c00       _QueryPerformanceCounter@4 10018c00 f   kernel32:KERNEL32.dll
 0001:00017c06       _GetSystemTimeAsFileTime@4 10018c06 f   kernel32:KERNEL32.dll
 0001:00017c0c       _InitializeSListHead@4     10018c0c f   kernel32:KERNEL32.dll
 0001:00017c12       _GetLastError@0            10018c12 f   kernel32:KERNEL32.dll
 0001:00017c18       _HeapAlloc@12              10018c18 f   kernel32:KERNEL32.dll
 0001:00017c1e       _HeapFree@12               10018c1e f   kernel32:KERNEL32.dll
 0001:00017c24       _GetProcessHeap@0          10018c24 f   kernel32:KERNEL32.dll
 0001:00017c2a       _VirtualQuery@12           10018c2a f   kernel32:KERNEL32.dll
 0001:00017c30       _SuspendThread@4           10018c30 f   kernel32:KERNEL32.dll
 0001:00017c36       _ResumeThread@4            10018c36 f   kernel32:KERNEL32.dll
 0001:00017c3c       _GetThreadContext@8        10018c3c f   kernel32:KERNEL32.dll
 0001:00017c42       _SetThreadContext@8        10018c42 f   kernel32:KERNEL32.dll
 0001:00017c48       _FlushInstructionCache@12  10018c48 f   kernel32:KERNEL32.dll
 0001:00017c4e       _VirtualAlloc@16           10018c4e f   kernel32:KERNEL32.dll
 0001:00017c54       _VirtualFree@12            10018c54 f   kernel32:KERNEL32.dll
 0001:00017c5a       _VirtualProtectEx@20       10018c5a f   kernel32:KERNEL32.dll
 0001:00017c60       _VirtualQueryEx@16         10018c60 f   kernel32:KERNEL32.dll
 0001:00017c66       _LoadLibraryExA@12         10018c66 f   kernel32:KERNEL32.dll
 0001:00017c6c       _LoadLibraryExW@12         10018c6c f   kernel32:KERNEL32.dll
 0001:00017c80       ___acrt_initialize         10018c80 f   MSVCRTD:ucrt_stubs.obj
 0001:00017c80       ___scrt_stub_for_acrt_initialize 10018c80 f   MSVCRTD:ucrt_stubs.obj
 0001:00017c80       ___vcrt_initialize         10018c80 f   MSVCRTD:ucrt_stubs.obj
 0001:00017c90       ___acrt_thread_attach      10018c90 f   MSVCRTD:ucrt_stubs.obj
 0001:00017c90       ___scrt_stub_for_acrt_thread_attach 10018c90 f   MSVCRTD:ucrt_stubs.obj
 0001:00017c90       ___vcrt_thread_attach      10018c90 f   MSVCRTD:ucrt_stubs.obj
 0001:00017ca0       ___acrt_thread_detach      10018ca0 f   MSVCRTD:ucrt_stubs.obj
 0001:00017ca0       ___scrt_stub_for_acrt_thread_detach 10018ca0 f   MSVCRTD:ucrt_stubs.obj
 0001:00017ca0       ___vcrt_thread_detach      10018ca0 f   MSVCRTD:ucrt_stubs.obj
 0001:00017cb0       ___acrt_uninitialize       10018cb0 f   MSVCRTD:ucrt_stubs.obj
 0001:00017cb0       ___scrt_stub_for_acrt_uninitialize 10018cb0 f   MSVCRTD:ucrt_stubs.obj
 0001:00017cb0       ___vcrt_uninitialize       10018cb0 f   MSVCRTD:ucrt_stubs.obj
 0001:00017cc0       ___acrt_uninitialize_critical 10018cc0 f   MSVCRTD:ucrt_stubs.obj
 0001:00017cc0       ___scrt_stub_for_acrt_uninitialize_critical 10018cc0 f   MSVCRTD:ucrt_stubs.obj
 0001:00017cc0       ___vcrt_uninitialize_critical 10018cc0 f   MSVCRTD:ucrt_stubs.obj
 0001:00017cd0       ___scrt_stub_for_is_c_termination_complete 10018cd0 f   MSVCRTD:ucrt_stubs.obj
 0001:00017cd0       __is_c_termination_complete 10018cd0 f   MSVCRTD:ucrt_stubs.obj
 0001:00017ce0       __filter_x86_sse2_floating_point_exception 10018ce0 f   MSVCRTD:x86_exception_filter.obj
 0001:00017ce0       __filter_x86_sse2_floating_point_exception_default 10018ce0 f   MSVCRTD:x86_exception_filter.obj
 0001:0001b430       ??__Finstance@?1??get_instance@GameService@@SAAAV1@XZ@YAXXZ 1001c430 f i sadll.obj
 0002:00000000       ___xc_a                    1001e000     MSVCRTD:initializers.obj
 0002:00000104       ___xc_z                    1001e104     MSVCRTD:initializers.obj
 0002:00000208       ___xi_a                    1001e208     MSVCRTD:initializers.obj
 0002:00000410       ___xi_z                    1001e410     MSVCRTD:initializers.obj
 0002:00000514       ___xl_a                    1001e514     MSVCRTD:tlssup.obj
 0002:00000518       ___xl_z                    1001e518     MSVCRTD:tlssup.obj
 0002:0000051c       ___xp_a                    1001e51c     MSVCRTD:initializers.obj
 0002:00000620       ___xp_z                    1001e620     MSVCRTD:initializers.obj
 0002:00000724       ___xt_a                    1001e724     MSVCRTD:initializers.obj
 0002:00000828       ___xt_z                    1001e828     MSVCRTD:initializers.obj
 0002:00000970       ??_C@_0EB@CPNIKEEC@0123456789ABCDEFGHIJKLMNOPQRSTU@ 1001e970     autil.obj
 0002:000009c0       ??_C@_01IPJKGB@?$CD@       1001e9c0     autil.obj
 0002:000009c4       ??_C@_02DKCKIIND@?$CFs@    1001e9c4     autil.obj
 0002:000009c8       ??_C@_11LOCGONAA@@         1001e9c8     autil.obj
 0002:000009d0       ??_C@_0GB@FECHECBJ@D?3?2Program?5Files?2Microsoft?5Visu@ 1001e9d0     autil.obj
 0002:00000a48       ??_C@_1MC@LCPLFHLA@?$AAD?$AA?3?$AA?2?$AAP?$AAr?$AAo?$AAg?$AAr?$AAa?$AAm?$AA?5?$AAF?$AAi?$AAl?$AAe@ 1001ea48     autil.obj
 0002:00000b30       ??_C@_0CO@CCCJIBKO@invalid?5min?5and?5max?5arguments?5f@ 1001eb30     autil.obj
 0002:00000b68       ??_C@_1GA@FJHEAOJP@?$AA?$CC?$AAi?$AAn?$AAv?$AAa?$AAl?$AAi?$AAd?$AA?5?$AAm?$AAi?$AAn?$AA?5?$AAa?$AAn@ 1001eb68     autil.obj
 0002:00001238       ??_C@_01ICJEACDI@?$DL@     1001f238     sadll.obj
 0002:00001240       ??_7exception@std@@6B@     1001f240     sadll.obj
 0002:0000124c       ??_C@_0BC@EOODALEL@Unknown?5exception@ 1001f24c     sadll.obj
 0002:00001268       ??_7bad_alloc@std@@6B@     1001f268     sadll.obj
 0002:00001278       ??_7bad_array_new_length@std@@6B@ 1001f278     sadll.obj
 0002:00001284       ??_C@_0BF@KINCDENJ@bad?5array?5new?5length@ 1001f284     sadll.obj
 0002:000012a0       ??_C@_0BB@FCMFBGOM@invalid?5argument@ 1001f2a0     sadll.obj
 0002:000012b8       ??_C@_0GC@LMAPENHO@D?3?2Program?5Files?2Microsoft?5Visu@ 1001f2b8     sadll.obj
 0002:00001330       ??_C@_1ME@KGLMCDIJ@?$AAD?$AA?3?$AA?2?$AAP?$AAr?$AAo?$AAg?$AAr?$AAa?$AAm?$AA?5?$AAF?$AAi?$AAl?$AAe@ 1001f330     sadll.obj
 0002:0000141c       ??_C@_1CG@JNLFBNGN@?$AA?$CC?$AAi?$AAn?$AAv?$AAa?$AAl?$AAi?$AAd?$AA?5?$AAa?$AAr?$AAg?$AAu?$AAm?$AAe@ 1001f41c     sadll.obj
 0002:0000144c       ??_C@_0BF@FBDAHHJI@Invalid?5memory?5order@ 1001f44c     sadll.obj
 0002:00001468       ??_C@_0GB@ILGMGAGE@D?3?2Program?5Files?2Microsoft?5Visu@ 1001f468     sadll.obj
 0002:000014e0       ??_C@_1MC@PKJIDANA@?$AAD?$AA?3?$AA?2?$AAP?$AAr?$AAo?$AAg?$AAr?$AAa?$AAm?$AA?5?$AAF?$AAi?$AAl?$AAe@ 1001f4e0     sadll.obj
 0002:000015c8       ??_C@_1CO@JOMFDNFG@?$AA?$CC?$AAI?$AAn?$AAv?$AAa?$AAl?$AAi?$AAd?$AA?5?$AAm?$AAe?$AAm?$AAo?$AAr?$AAy@ 1001f5c8     sadll.obj
 0002:00001600       ??_C@_0BA@JFNIOLAK@string?5too?5long@ 1001f600     sadll.obj
 0002:00001614       ??_C@_0DG@KGHKKGBC@null?5pointer?5cannot?5point?5to?5a?5@ 1001f614     sadll.obj
 0002:00001658       ??_C@_1HA@FACCKGGH@?$AA?$CC?$AAn?$AAu?$AAl?$AAl?$AA?5?$AAp?$AAo?$AAi?$AAn?$AAt?$AAe?$AAr?$AA?5?$AAc@ 1001f658     sadll.obj
 0002:000016e0       ??_C@_0BJ@HAJGEHKO@transposed?5pointer?5range@ 1001f6e0     sadll.obj
 0002:00001700       ??_C@_0GD@HEPKFHCG@D?3?2Program?5Files?2Microsoft?5Visu@ 1001f700     sadll.obj
 0002:00001778       ??_C@_1MG@EFOGNJMO@?$AAD?$AA?3?$AA?2?$AAP?$AAr?$AAo?$AAg?$AAr?$AAa?$AAm?$AA?5?$AAF?$AAi?$AAl?$AAe@ 1001f778     sadll.obj
 0002:00001868       ??_C@_1DG@FJIKMGFD@?$AA?$CC?$AAt?$AAr?$AAa?$AAn?$AAs?$AAp?$AAo?$AAs?$AAe?$AAd?$AA?5?$AAp?$AAo?$AAi@ 1001f868     sadll.obj
 0002:000018ac       ??_7SyncClient@@6B@        1001f8ac     sadll.obj
 0002:000018b4       ??_C@_0BP@GEDJMKHO@WSAStartup?5failed?5with?5error?3?5@ 1001f8b4     sadll.obj
 0002:000018dc       ??_C@_0BL@BHEMOCNM@socket?5failed?5with?5error?3?5@ 1001f8dc     sadll.obj
 0002:000018fc       ??_C@_0CA@EONFHMJK@inet_pton?5failed?4?5Error?5Code?5?3?5@ 1001f8fc     sadll.obj
 0002:00001924       ??_C@_0BO@LFDJDNGG@connect?5failed?4?5Error?5Code?5?3?5@ 1001f924     sadll.obj
 0002:00001954       ??_C@_17CNPHIMPH@?$AA?$CF?$AAl?$AAs@ 1001f954     MSVCRTD:thread_safe_statics.obj
 0002:00001960       ??_C@_1EC@JIJBPKFM@?$AAa?$AAp?$AAi?$AA?9?$AAm?$AAs?$AA?9?$AAw?$AAi?$AAn?$AA?9?$AAc?$AAo?$AAr?$AAe@ 1001f960     MSVCRTD:thread_safe_statics.obj
 0002:000019b0       ??_C@_1BK@MGMFAEKH@?$AAk?$AAe?$AAr?$AAn?$AAe?$AAl?$AA3?$AA2?$AA?4?$AAd?$AAl?$AAl@ 1001f9b0     MSVCRTD:thread_safe_statics.obj
 0002:000019d0       ??_C@_0BJ@JEBJOJFJ@SleepConditionVariableCS@ 1001f9d0     MSVCRTD:thread_safe_statics.obj
 0002:000019f0       ??_C@_0BJ@PGPPEPCC@WakeAllConditionVariable@ 1001f9f0     MSVCRTD:thread_safe_statics.obj
 0002:00001a10       ??_C@_1JE@OMOJFEE@?$AAD?$AA?3?$AA?2?$AAa?$AA?2?$AA_?$AAw?$AAo?$AAr?$AAk?$AA?2?$AA1?$AA?2?$AAs?$AA?2@ 1001fa10     MSVCRTD:thread_safe_statics.obj
 0002:00001ac8       ??_7type_info@@6B@         1001fac8     MSVCRTD:std_type_info_static.obj
 0002:00001ad0       __pDefaultRawDllMain       1001fad0     MSVCRTD:dll_dllmain.obj
 0002:00001ad0       __pRawDllMain              1001fad0     MSVCRTD:dll_dllmain.obj
 0002:00001b90       ??_C@_0NN@JMPELKLB@The?5value?5of?5ESP?5was?5not?5proper@ 1001fb90     MSVCRTD:error.obj
 0002:00001ca0       ??_C@_0BBN@ELNNILBE@A?5cast?5to?5a?5smaller?5data?5type?5h@ 1001fca0     MSVCRTD:error.obj
 0002:00001df8       ??_C@_0BN@BPOGFMJL@Stack?5memory?5was?5corrupted?$AN?6@ 1001fdf8     MSVCRTD:error.obj
 0002:00001e1c       ??_C@_0DG@DAJCDLPN@A?5local?5variable?5was?5used?5befor@ 1001fe1c     MSVCRTD:error.obj
 0002:00001e5c       ??_C@_0CM@JMIDGKLA@Stack?5memory?5around?5_alloca?5was@ 1001fe5c     MSVCRTD:error.obj
 0002:00001e90       ??_C@_0BO@CHIONIOI@Unknown?5Runtime?5Check?5Error?$AN?6@ 1001fe90     MSVCRTD:error.obj
 0002:00001eb8       ??_C@_1GM@CNOOJIHC@?$AAR?$AAu?$AAn?$AAt?$AAi?$AAm?$AAe?$AA?5?$AAC?$AAh?$AAe?$AAc?$AAk?$AA?5?$AAE@ 1001feb8     MSVCRTD:error.obj
 0002:00001f40       ??_C@_1EA@NFKNIFJP@?$AAR?$AAu?$AAn?$AA?9?$AAT?$AAi?$AAm?$AAe?$AA?5?$AAC?$AAh?$AAe?$AAc?$AAk?$AA?5@ 1001ff40     MSVCRTD:error.obj
 0002:00001f8c       ??_C@_0BB@PFFGGCJP@Unknown?5Filename@ 1001ff8c     MSVCRTD:error.obj
 0002:00001fa0       ??_C@_0BE@GNBOBNCK@Unknown?5Module?5Name@ 1001ffa0     MSVCRTD:error.obj
 0002:00001fb8       ??_C@_0CA@IODNCDPG@Run?9Time?5Check?5Failure?5?$CD?$CFd?5?9?5?$CFs@ 1001ffb8     MSVCRTD:error.obj
 0002:00001fe0       ??_C@_0CG@IAFNJNEE@Stack?5corrupted?5near?5unknown?5va@ 1001ffe0     MSVCRTD:error.obj
 0002:00002010       ??_C@_05MKKEDADM@?$CF?42X?5@ 10020010     MSVCRTD:error.obj
 0002:00002018       ??_C@_0EJ@LJKNEOLN@Stack?5area?5around?5_alloca?5memor@ 10020018     MSVCRTD:error.obj
 0002:00002070       ??_C@_01EEMJAFIK@?6@       10020070     MSVCRTD:error.obj
 0002:00002074       ??_C@_02LLMPMKNF@?$DO?5@   10020074     MSVCRTD:error.obj
 0002:00002078       ??_C@_08OMAHNMHJ@?6Data?3?5?$DM@ 10020078     MSVCRTD:error.obj
 0002:00002084       ??_C@_0CK@DKGBICFE@?6Allocation?5number?5within?5this?5@ 10020084     MSVCRTD:error.obj
 0002:000020b8       ??_C@_07DFDJCKFN@?6Size?3?5@ 100200b8     MSVCRTD:error.obj
 0002:000020c4       ??_C@_0N@MHFFIMFG@?6Address?3?50x@ 100200c4     MSVCRTD:error.obj
 0002:000020d8       ??_C@_0EI@CLEPFNGI@Stack?5area?5around?5_alloca?5memor@ 100200d8     MSVCRTD:error.obj
 0002:00002130       ??_C@_0BK@ODNDAGKB@?$CFs?$CFs?$CFp?$CFs?$CFzd?$CFs?$CFd?$CFs?$CFs?$CFs?$CFs?$CFs@ 10020130     MSVCRTD:error.obj
 0002:00002150       ??_C@_0DE@OHJBPMBP@A?5variable?5is?5being?5used?5withou@ 10020150     MSVCRTD:error.obj
 0002:000021a8       ??_C@_0BJ@HEGAHDFO@Stack?5pointer?5corruption@ 100201a8     MSVCRTD:userapi.obj
 0002:000021c8       ??_C@_0CK@FEGOIOPB@Cast?5to?5smaller?5type?5causing?5lo@ 100201c8     MSVCRTD:userapi.obj
 0002:000021fc       ??_C@_0BI@CIGMDCBH@Stack?5memory?5corruption@ 100201fc     MSVCRTD:userapi.obj
 0002:00002218       ??_C@_0CK@CNLNOEPB@Local?5variable?5used?5before?5init@ 10020218     MSVCRTD:userapi.obj
 0002:0000224c       ??_C@_0BP@OGBCLIBO@Stack?5around?5_alloca?5corrupted@ 1002024c     MSVCRTD:userapi.obj
 0002:00002274       ??_C@_0P@GHFPNOJB@bad?5allocation@ 10020274     MSVCRTD:throw_bad_alloc.obj
 0002:000022e0       ??_C@_1EI@MLPKHBGE@?$AAa?$AAp?$AAi?$AA?9?$AAm?$AAs?$AA?9?$AAw?$AAi?$AAn?$AA?9?$AAc?$AAo?$AAr?$AAe@ 100202e0     MSVCRTD:pdblkup.obj
 0002:00002338       ??_C@_1BK@JHLNAEJL@?$AAa?$AAd?$AAv?$AAa?$AAp?$AAi?$AA3?$AA2?$AA?4?$AAd?$AAl?$AAl@ 10020338     MSVCRTD:pdblkup.obj
 0002:00002358       ??_C@_0O@COHOBMLB@RegOpenKeyExW@ 10020358     MSVCRTD:pdblkup.obj
 0002:00002368       ??_C@_0BB@GLNAEDBD@RegQueryValueExW@ 10020368     MSVCRTD:pdblkup.obj
 0002:0000237c       ??_C@_0M@HLOHPNFA@RegCloseKey@ 1002037c     MSVCRTD:pdblkup.obj
 0002:00002390       ??_C@_1HE@EBEAGLFB@?$AAS?$AAO?$AAF?$AAT?$AAW?$AAA?$AAR?$AAE?$AA?2?$AAW?$AAo?$AAw?$AA6?$AA4?$AA3@ 10020390     MSVCRTD:pdblkup.obj
 0002:0000241c       ??_C@_1BG@EABPBLLF@?$AAP?$AAr?$AAo?$AAd?$AAu?$AAc?$AAt?$AAD?$AAi?$AAr@ 1002041c     MSVCRTD:pdblkup.obj
 0002:0000245c       ??_C@_1BC@JINFINNJ@?$AAM?$AAS?$AAP?$AAD?$AAB?$AA1?$AA4?$AA0@ 1002045c     MSVCRTD:pdblkup.obj
 0002:00002474       ??_C@_0BB@KCIACLNC@PDBOpenValidate5@ 10020474     MSVCRTD:pdblkup.obj
 0002:00002488       ??_C@_01KDCPPGHE@r@        10020488     MSVCRTD:pdblkup.obj
 0002:00002494       _DETOUR_EXE_RESTORE_GUID   10020494     detours:modules.obj
 0002:00002598       __load_config_used         10020598     MSVCRTD:loadcfg.obj
 0002:00002840       ___CastGuardVftablesStart  10020840     MSVCRTD:guard_support.obj
 0002:000029c0       ___CastGuardVftablesEnd    100209c0     MSVCRTD:guard_support.obj
 0002:00002b0c       __tls_used                 10020b0c     MSVCRTD:tlssup.obj
 0002:00002c28       ??_R4exception@std@@6B@    10020c28     sadll.obj
 0002:00002c40       ??_R3exception@std@@8      10020c40     sadll.obj
 0002:00002c54       ??_R2exception@std@@8      10020c54     sadll.obj
 0002:00002c5c       ??_R1A@?0A@EA@exception@std@@8 10020c5c     sadll.obj
 0002:00002c80       ??_R4bad_alloc@std@@6B@    10020c80     sadll.obj
 0002:00002c98       ??_R3bad_alloc@std@@8      10020c98     sadll.obj
 0002:00002cac       ??_R2bad_alloc@std@@8      10020cac     sadll.obj
 0002:00002cb8       ??_R1A@?0A@EA@bad_alloc@std@@8 10020cb8     sadll.obj
 0002:00002cdc       ??_R4bad_array_new_length@std@@6B@ 10020cdc     sadll.obj
 0002:00002cf4       ??_R3bad_array_new_length@std@@8 10020cf4     sadll.obj
 0002:00002d08       ??_R2bad_array_new_length@std@@8 10020d08     sadll.obj
 0002:00002d18       ??_R1A@?0A@EA@bad_array_new_length@std@@8 10020d18     sadll.obj
 0002:00002d3c       ??_R4SyncClient@@6B@       10020d3c     sadll.obj
 0002:00002d54       ??_R3SyncClient@@8         10020d54     sadll.obj
 0002:00002d68       ??_R2SyncClient@@8         10020d68     sadll.obj
 0002:00002d70       ??_R1A@?0A@EA@SyncClient@@8 10020d70     sadll.obj
 0002:00002d94       ??_R4type_info@@6B@        10020d94     MSVCRTD:std_type_info_static.obj
 0002:00002dac       ??_R3type_info@@8          10020dac     MSVCRTD:std_type_info_static.obj
 0002:00002dc0       ??_R2type_info@@8          10020dc0     MSVCRTD:std_type_info_static.obj
 0002:00002dc8       ??_R1A@?0A@EA@type_info@@8 10020dc8     MSVCRTD:std_type_info_static.obj
 0002:00002ef4       ___safe_se_handler_table   10020ef4     <linker-defined>
 0002:00003264       ___rtc_iaa                 10021264     MSVCRTD:initsect.obj
 0002:00003478       ___rtc_izz                 10021478     MSVCRTD:initsect.obj
 0002:0000357c       ___rtc_taa                 1002157c     MSVCRTD:initsect.obj
 0002:00003790       ___rtc_tzz                 10021790     MSVCRTD:initsect.obj
 0002:000041b8       __TI3?AVbad_array_new_length@std@@ 100221b8     sadll.obj
 0002:000041cc       __CTA3?AVbad_array_new_length@std@@ 100221cc     sadll.obj
 0002:000041e0       __CT??_R0?AVbad_array_new_length@std@@@8??0bad_array_new_length@std@@QAE@ABV01@@Z12 100221e0     sadll.obj
 0002:00004200       __CT??_R0?AVbad_alloc@std@@@8??0bad_alloc@std@@QAE@ABV01@@Z12 10022200     sadll.obj
 0002:00004220       __CT??_R0?AVexception@std@@@8??0exception@std@@QAE@ABV01@@Z12 10022220     sadll.obj
 0002:000042f0       __TI2?AVbad_alloc@std@@    100222f0     MSVCRTD:throw_bad_alloc.obj
 0002:00004304       __CTA2?AVbad_alloc@std@@   10022304     MSVCRTD:throw_bad_alloc.obj
 0003:00000000       ?instance@?1??get_instance@GameService@@SAAAV2@XZ@4V2@A 10023000     sadll.obj
 0003:00000060       ___security_cookie_complement 10023060     MSVCRTD:gs_cookie.obj
 0003:00000064       ___security_cookie         10023064     MSVCRTD:gs_cookie.obj
 0003:0000006c       ___scrt_native_dllmain_reason 1002306c     MSVCRTD:utility.obj
 0003:00000070       __Init_global_epoch        10023070     MSVCRTD:thread_safe_statics.obj
 0003:00000074       ?_RTC_ErrorLevels@@3PAHA   10023074     MSVCRTD:error.obj
 0003:0000008c       ___isa_enabled             1002308c     MSVCRTD:cpu_disp.obj
 0003:0000009c       ___scrt_ucrt_dll_is_in_use 1002309c     MSVCRTD:ucrt_stubs.obj
 0003:000001a8       ??_R0?AVbad_array_new_length@std@@@8 100231a8     sadll.obj
 0003:000001d8       ??_R0?AVbad_alloc@std@@@8  100231d8     sadll.obj
 0003:000001fc       ??_R0?AVexception@std@@@8  100231fc     sadll.obj
 0003:00000320       ??_R0?AVSyncClient@@@8     10023320     sadll.obj
 0003:00000340       ??_R0?AVtype_info@@@8      10023340     MSVCRTD:std_type_info_static.obj
 0003:00000460       ?MesgSlice@Autil@@3PAY0PPNM@DA 10023460     autil.obj
 0003:004ff920       ?SliceCount@Autil@@3HA     10522920     autil.obj
 0003:004ff924       ?PersonalKey@Autil@@3PADA  10522924     autil.obj
 0003:005ff6f0       ?_OptionsStorage@?1??__local_stdio_printf_options@@9@4_KA 106226f0     autil.obj
 0003:005ff6fc       ___@@_PchSym_@00@UfhvihUyvhgpzpplrrUwvhpglkUehPkilqvxgUhzhsUhzwooUwvyftUkxsOlyq@4B2008FD98C1DD4 106226fc     pch.obj
 0003:005ff700       ?g_OldWndProc@@3P6GJPAUHWND__@@IIJ@ZA 10622700     sadll.obj
 0003:005ff704       ?g_MainHwnd@@3PAUHWND__@@A 10622704     sadll.obj
 0003:005ff708       ?g_hGameModule@@3PAUHINSTANCE__@@A 10622708     sadll.obj
 0003:005ff70c       ?g_hDllModule@@3PAUHINSTANCE__@@A 1062270c     sadll.obj
 0003:005ff710       ?g_szGameModulePath@@3PA_WA 10622710     sadll.obj
 0003:005ff918       ?g_MainThreadId@@3KA       10622918     sadll.obj
 0003:005ff91c       ?g_MainThreadHandle@@3PAXA 1062291c     sadll.obj
 0003:005ff920       ?g_ParenthWnd@@3PAUHWND__@@A 10622920     sadll.obj
 0003:005ff924       ?net_readbuflen@@3HA       10622924     sadll.obj
 0003:005ff928       ?net_readbuf@@3PADA        10622928     sadll.obj
 0003:00601928       ?rpc_linebuffer@@3PADA     10624928     sadll.obj
 0003:00611928       ?g_szGameTitle@@3PA_WA     10634928     sadll.obj
 0003:00615ccc       ?$TSS0@?1??get_instance@GameService@@SAAAV2@XZ@4HA 10638ccc     sadll.obj
 0003:00615cd0       ?instance@?1??getInstance@SyncClient@@CAAAV2@XZ@4PAV2@A 10638cd0     sadll.obj
 0003:00615cd4       ?$TSS0@?1??getInstance@SyncClient@@CAAAV2@XZ@4HA 10638cd4     sadll.obj
 0003:00616094       ___scrt_current_native_startup_state 10639094     MSVCRTD:utility.obj
 0003:00616098       ___scrt_native_startup_lock 10639098     MSVCRTD:utility.obj
 0003:006160f0       __tls_index                106390f0     MSVCRTD:tlssup.obj
 0003:00616104       ___isa_available           10639104     MSVCRTD:cpu_disp.obj
 0003:00616108       ___favor                   10639108     MSVCRTD:cpu_disp.obj
 0003:00616110       ___scrt_debugger_hook_flag 10639110     MSVCRTD:utility_desktop.obj
 0003:00616114       ___castguard_check_failure_user_handled_fptr 10639114     MSVCRTD:guard_support.obj
 0003:00616118       ?__type_info_root_node@@3U__type_info_node@@A 10639118     MSVCRTD:tncleanup.obj
 0003:00616128       ?_OptionsStorage@?1??__local_stdio_scanf_options@@9@4_KA 10639128     MSVCRTD:default_local_stdio_options.obj
 0003:0061619c       ___dyn_tls_init_callback   1063919c     <common>
 0003:006161a8       ___DebuggerCurrentSteppingThreadId 106391a8     <common>
 0004:00000000       __imp__SetStdHandle@8      1063a000     kernel32:KERNEL32.dll
 0004:00000004       __imp__CreateFileW@28      1063a004     kernel32:KERNEL32.dll
 0004:00000008       __imp__SetLastError@4      1063a008     kernel32:KERNEL32.dll
 0004:0000000c       __imp__Sleep@4             1063a00c     kernel32:KERNEL32.dll
 0004:00000010       __imp__GetCurrentProcess@0 1063a010     kernel32:KERNEL32.dll
 0004:00000014       __imp__GetCurrentProcessId@0 1063a014     kernel32:KERNEL32.dll
 0004:00000018       __imp__SwitchToThread@0    1063a018     kernel32:KERNEL32.dll
 0004:0000001c       __imp__GetCurrentThread@0  1063a01c     kernel32:KERNEL32.dll
 0004:00000020       __imp__GetCurrentThreadId@0 1063a020     kernel32:KERNEL32.dll
 0004:00000024       __imp__VirtualProtect@16   1063a024     kernel32:KERNEL32.dll
 0004:00000028       __imp__DisableThreadLibraryCalls@4 1063a028     kernel32:KERNEL32.dll
 0004:0000002c       __imp__FreeLibrary@4       1063a02c     kernel32:KERNEL32.dll
 0004:00000030       __imp__FreeLibraryAndExitThread@8 1063a030     kernel32:KERNEL32.dll
 0004:00000034       __imp__GetModuleFileNameW@12 1063a034     kernel32:KERNEL32.dll
 0004:00000038       __imp__GetModuleHandleW@4  1063a038     kernel32:KERNEL32.dll
 0004:0000003c       __imp__AllocConsole@0      1063a03c     kernel32:KERNEL32.dll
 0004:00000040       __imp__SetConsoleCP@4      1063a040     kernel32:KERNEL32.dll
 0004:00000044       __imp__SetConsoleOutputCP@4 1063a044     kernel32:KERNEL32.dll
 0004:00000048       __imp__LoadLibraryExA@12   1063a048     kernel32:KERNEL32.dll
[...]
 0005:0000001f       __61CC25A1_errno@h         1063c01f     pch.obj
 0005:00000020       __C7BF34A6_vcruntime_string@h 1063c020     pch.obj
 0005:00000021       __E4C945B4_corecrt_memcpy_s@h 1063c021     pch.obj
 0005:00000022       __8EAFF484_corecrt_memory@h 1063c022     pch.obj
 0005:00000023       __6490AEC5_corecrt_wstring@h 1063c023     pch.obj
 0005:00000024       __E8295E1E_string@h        1063c024     pch.obj
 0005:00000025       __7FCB5136_guiddef@h       1063c025     pch.obj
 0005:00000026       __FF8A9E11_pshpack4@h      1063c026     pch.obj
 0005:00000027       __D5438902_poppack@h       1063c027     pch.obj
 0005:00000028       __FB07E2A3_pshpack2@h      1063c028     pch.obj
 0005:00000029       __F6906775_pshpack8@h      1063c029     pch.obj
 0005:0000002a       __F9415CFA_pshpack1@h      1063c02a     pch.obj
 0005:0000002b       __E58C6F1C_apiset@h        1063c02b     pch.obj
 0005:0000002c       __A5C52262_ktmtypes@h      1063c02c     pch.obj
 0005:0000002d       __FBBA8F9D_winnt@h         1063c02d     pch.obj
 0005:0000002e       __A32D3D2C_minwindef@h     1063c02e     pch.obj
 0005:0000002f       __7D798299_windef@h        1063c02f     pch.obj
 0005:00000030       __9AE108E9_apisetcconv@h   1063c030     pch.obj
 0005:00000031       __9CE53D2C_minwinbase@h    1063c031     pch.obj
 0005:00000032       __5D0AA210_apiquery2@h     1063c032     pch.obj
 0005:00000033       __4DD4E726_processenv@h    1063c033     pch.obj
 0005:00000034       __3575CC96_fileapi@h       1063c034     pch.obj
 0005:00000035       __8EA220E6_fileapifromapp@h 1063c035     pch.obj
 0005:00000036       __BF9B31FE_debugapi@h      1063c036     pch.obj
 0005:00000037       __C3AFE134_utilapiset@h    1063c037     pch.obj
 0005:00000038       __76F69E51_handleapi@h     1063c038     pch.obj
 0005:00000039       __7E63D784_errhandlingapi@h 1063c039     pch.obj
 0005:0000003a       __FFA7003C_fibersapi@h     1063c03a     pch.obj
 0005:0000003b       __8971CECF_namedpipeapi@h  1063c03b     pch.obj
 0005:0000003c       __46C9D8A6_profileapi@h    1063c03c     pch.obj
 0005:0000003d       __98D4F0A3_heapapi@h       1063c03d     pch.obj
 0005:0000003e       __50EF2A88_ioapiset@h      1063c03e     pch.obj
 0005:0000003f       __92EA1464_synchapi@h      1063c03f     pch.obj
 0005:00000040       __A53D8AED_interlockedapi@h 1063c040     pch.obj
 0005:00000041       __B506CAAF_processthreadsapi@h 1063c041     pch.obj
 0005:00000042       __FF735694_sysinfoapi@h    1063c042     pch.obj
 0005:00000043       __29589789_memoryapi@h     1063c043     pch.obj
 0005:00000044       __E9C7A663_enclaveapi@h    1063c044     pch.obj
 0005:00000045       __D035F9F7_threadpoollegacyapiset@h 1063c045     pch.obj
 0005:00000046       __C899130C_threadpoolapiset@h 1063c046     pch.obj
 0005:00000047       __E0441EE7_jobapi@h        1063c047     pch.obj
 0005:00000048       __CEF86838_jobapi2@h       1063c048     pch.obj
 0005:00000049       __35AC6B9A_wow64apiset@h   1063c049     pch.obj
 0005:0000004a       __C8AE41A5_libloaderapi@h  1063c04a     pch.obj
 0005:0000004b       __CC9E232D_securitybaseapi@h 1063c04b     pch.obj
 0005:0000004c       __C9D0C9B8_namespaceapi@h  1063c04c     pch.obj
 0005:0000004d       __30FF9CAD_systemtopologyapi@h 1063c04d     pch.obj
 0005:0000004e       __4D358795_processtopologyapi@h 1063c04e     pch.obj
 0005:0000004f       __40446D10_securityappcontainer@h 1063c04f     pch.obj
 0005:00000050       __3A952EDF_realtimeapiset@h 1063c050     pch.obj
 0005:00000051       __F4865F4B_winerror@h      1063c051     pch.obj
 0005:00000052       __53C1BD93_timezoneapi@h   1063c052     pch.obj
 0005:00000053       __1FFBEDBF_winbase@h       1063c053     pch.obj
 0005:00000054       __43D3FA34_wingdi@h        1063c054     pch.obj
 0005:00000055       __D24A7391_tvout@h         1063c055     pch.obj
 0005:00000056       __7713A6C8_winuser@h       1063c056     pch.obj
 0005:00000057       __0B345F71_datetimeapi@h   1063c057     pch.obj
 0005:00000058       __9AC6960C_winnls@h        1063c058     pch.obj
 0005:00000059       __973A40A8_stringapiset@h  1063c059     pch.obj
 0005:0000005a       __CC46FEE2_wincontypes@h   1063c05a     pch.obj
 0005:0000005b       __97D70BE1_consoleapi@h    1063c05b     pch.obj
 0005:0000005c       __27EC5E18_consoleapi2@h   1063c05c     pch.obj
 0005:0000005d       __262E342F_consoleapi3@h   1063c05d     pch.obj
 0005:0000005e       __641DCD70_wincon@h        1063c05e     pch.obj
 0005:0000005f       __5A96C7A7_verrsrc@h       1063c05f     pch.obj
 0005:00000060       __B69C6FF2_winver@h        1063c060     pch.obj
 0005:00000061       __7AEB8C37_reason@h        1063c061     pch.obj
 0005:00000062       __59F1A8A9_winreg@h        1063c062     pch.obj
 0005:00000063       __EE0E2B7F_wnnc@h          1063c063     pch.obj
 0005:00000064       __DCDB7054_winnetwk@h      1063c064     pch.obj
 0005:00000065       __81DDEDE3_stralign@h      1063c065     pch.obj
 0005:00000066       __2134D1B4_winsvc@h        1063c066     pch.obj
 0005:00000067       __11C07376_mcx@h           1063c067     pch.obj
 0005:00000068       __577CE3E7_ime_cmodes@h    1063c068     pch.obj
 0005:00000069       __1E72C31E_imm@h           1063c069     pch.obj
 0005:0000006a       __E15BF856_windows@h       1063c06a     pch.obj
 0005:0000006b       __832A4112_inaddr@h        1063c06b     pch.obj
 0005:0000006c       __C59B8995_ws2def@h        1063c06c     pch.obj
 0005:0000006d       __F9202461_qos@h           1063c06d     pch.obj
 0005:0000006e       __50CB22FA_WinSock2@h      1063c06e     pch.obj
 0005:0000006f       __B01BC3FD_in6addr@h       1063c06f     pch.obj
 0005:00000070       __DEBB33B8_ws2ipdef@h      1063c070     pch.obj
 0005:00000071       __2A51B905_limits@h        1063c071     pch.obj
 0005:00000072       __6AD23521_WS2tcpip@h      1063c072     pch.obj
 0005:00000073       __CDBF38D3_xkeycheck@h     1063c073     pch.obj
 0005:00000074       __B82E8187_yvals_core@h    1063c074     pch.obj
 0005:00000075       __85D44119_vcruntime_new@h 1063c075     pch.obj
 0005:00000076       __4A04F9FC_vcruntime_new_debug@h 1063c076     pch.obj
 0005:00000077       __935DC21B_crtdbg@h        1063c077     pch.obj
 0005:00000078       __7B9928CC_crtdefs@h       1063c078     pch.obj
 0005:00000079       __8E69A139_use_ansi@h      1063c079     pch.obj
 0005:0000007a       __9E3F5EBE_yvals@h         1063c07a     pch.obj
 0005:0000007b       __369A9BC3_corecrt_wtime@h 1063c07b     pch.obj
 0005:0000007c       __0A9237D2_time@h          1063c07c     pch.obj
 0005:0000007d       __7636E091_ctime           1063c07d     pch.obj
 0005:0000007e       __B9985323_float@h         1063c07e     pch.obj
 0005:0000007f       __9A0005AD_cfloat          1063c07f     pch.obj
 0005:00000080       __AC90CAF3_climits         1063c080     pch.obj
 0005:00000081       __44420885_corecrt_stdio_config@h 1063c081     pch.obj
 0005:00000082       __AB601D8D_corecrt_wstdio@h 1063c082     pch.obj
 0005:00000083       __C1EC35D3_stdio@h         1063c083     pch.obj
 0005:00000084       __E944CE2A_cstdio          1063c084     pch.obj
 0005:00000085       __EF1F6BBA_corecrt_wconio@h 1063c085     pch.obj
 0005:00000086       __3D1D430C_corecrt_wdirect@h 1063c086     pch.obj
 0005:00000087       __8ECB7138_corecrt_share@h 1063c087     pch.obj
 0005:00000088       __DB7FEBA6_corecrt_wio@h   1063c088     pch.obj
 0005:00000089       __9A9F0068_corecrt_wprocess@h 1063c089     pch.obj
 0005:0000008a       __E2E33A61_corecrt_wstdlib@h 1063c08a     pch.obj
 0005:0000008b       __CE789B9D_types@h         1063c08b     pch.obj
 0005:0000008c       __9901C817_stat@h          1063c08c     pch.obj
 0005:0000008d       __3FCAD62E_wchar@h         1063c08d     pch.obj
 0005:0000008e       __73CF1879_cwchar          1063c08e     pch.obj
 0005:0000008f       __DB641432_intrin0@inl@h   1063c08f     pch.obj
 0005:00000090       __62B491C7_intrin0@h       1063c090     pch.obj
 0005:00000091       __14343ED5_isa_availability@h 1063c091     pch.obj
 0005:00000092       __13F5961F_stddef@h        1063c092     pch.obj
 0005:00000093       __75679370_xtr1common      1063c093     pch.obj
 0005:00000094       __8DB432AC_cstddef         1063c094     pch.obj
 0005:00000095       __BB16330F_corecrt_math@h  1063c095     pch.obj
 0005:00000096       __3BF2A406_math@h          1063c096     pch.obj
 0005:00000097       __45DED006_corecrt_malloc@h 1063c097     pch.obj
 0005:00000098       __FD6DBD68_corecrt_search@h 1063c098     pch.obj
 0005:00000099       __6E5ACABA_stdlib@h        1063c099     pch.obj
 0005:0000009a       __287FE801_cstdlib         1063c09a     pch.obj
 0005:0000009b       __2E531C5B_initializer_list 1063c09b     pch.obj
 0005:0000009c       __E86DFA98_xstddef         1063c09c     pch.obj
 0005:0000009d       __FCE648C9_limits          1063c09d     pch.obj
 0005:0000009e       __9427973A_stdint@h        1063c09e     pch.obj
 0005:0000009f       __9521097C_cstdint         1063c09f     pch.obj
 0005:000000a0       __8316FE18_type_traits     1063c0a0     pch.obj
 0005:000000a1       __DC36E537_ratio           1063c0a1     pch.obj
 0005:000000a2       __1F726D8A_utility         1063c0a2     pch.obj
 0005:000000a3       __4E3B0C86_xtimec@h        1063c0a3     pch.obj
 0005:000000a4       __536815A4___msvc_chrono@hpp 1063c0a4     pch.obj
 0005:000000a5       __FA77ED4C_malloc@h        1063c0a5     pch.obj
 0005:000000a6       __89766DA4_corecrt_terminate@h 1063c0a6     pch.obj
 0005:000000a7       __15A429A0_eh@h            1063c0a7     pch.obj
 0005:000000a8       __42EAFCAE_vcruntime_exception@h 1063c0a8     pch.obj
 0005:000000a9       __B3C6465A_exception       1063c0a9     pch.obj
 0005:000000aa       __64ED40E1_cstring         1063c0aa     pch.obj
 0005:000000ab       __300F9D4F_iosfwd          1063c0ab     pch.obj
 0005:000000ac       __4C6B6D9A_vcruntime_typeinfo@h 1063c0ac     pch.obj
 0005:000000ad       __88201CDE_typeinfo        1063c0ad     pch.obj
 0005:000000ae       __D54891C9_new             1063c0ae     pch.obj
 0005:000000af       __B9CACA8C_xatomic@h       1063c0af     pch.obj
 0005:000000b0       __58858B05___msvc_iter_core@hpp 1063c0b0     pch.obj
 0005:000000b1       __F8FFEFC7_xutility        1063c0b1     pch.obj
 0005:000000b2       __75E70E49_xmemory         1063c0b2     pch.obj
 0005:000000b3       __40484447_memory          1063c0b3     pch.obj
 0005:000000b4       __537DDF86_vcruntime_startup@h 1063c0b4     pch.obj
 0005:000000b5       __005E73E1_corecrt_startup@h 1063c0b5     pch.obj
 0005:000000b6       __8B12B2C4_process@h       1063c0b6     pch.obj
 0005:000000b7       __16A665D8_tuple           1063c0b7     pch.obj
 0005:000000b8       __EF27968A_xthreads@h      1063c0b8     pch.obj
 0005:000000b9       __9B053CF1_thread          1063c0b9     pch.obj
 0005:000000ba       __97D3140B_atomic          1063c0ba     pch.obj
 0005:000000bb       __43E37B5E___msvc_sanitizer_annotate_container@hpp 1063c0bb     pch.obj
 0005:000000bc       __013488D5_xstring         1063c0bc     pch.obj
 0005:000000bd       __E68F298D_cctype          1063c0bd     pch.obj
 0005:000000be       __349BC2DB_string          1063c0be     pch.obj
 0005:000000bf       __B14B3829_vector          1063c0bf     pch.obj
 0005:000000c0       __B0857C99_cmath           1063c0c0     pch.obj
 0005:000000c1       __E9535887_iterator        1063c0c1     pch.obj
 0005:000000c2       __F7972D0B_share@h         1063c0c2     pch.obj
 0005:000000c3       __BF0DA2D8___msvc_system_error_abi@hpp 1063c0c3     pch.obj
 0005:000000c4       __7465BAD1_cerrno          1063c0c4     pch.obj
 0005:000000c5       __3A887C07_stdexcept       1063c0c5     pch.obj
 0005:000000c6       __FBB65FD7_xcall_once@h    1063c0c6     pch.obj
 0005:000000c7       __36AA4BB1_xerrc@h         1063c0c7     pch.obj
 0005:000000c8       __44EB4DF7_system_error    1063c0c8     pch.obj
 0005:000000c9       __6C0D1348_xfacet          1063c0c9     pch.obj
 0005:000000ca       __0E8B0509___msvc_xlocinfo_types@hpp 1063c0ca     pch.obj
 0005:000000cb       __791C33B7_locale@h        1063c0cb     pch.obj
 0005:000000cc       __BBD334D0_clocale         1063c0cc     pch.obj
 0005:000000cd       __97A9FF16_xlocinfo        1063c0cd     pch.obj
 0005:000000ce       __DE0AFCE4_xlocale         1063c0ce     pch.obj
 0005:000000cf       __AE4C8805_xiosbase        1063c0cf     pch.obj
 0005:000000d0       __3828C4BB_streambuf       1063c0d0     pch.obj
 0005:000000d1       __408D9AF3_xlocnum         1063c0d1     pch.obj
 0005:000000d2       __2D85ABDF_ios             1063c0d2     pch.obj
 0005:000000d3       __CD1A2620_ostream         1063c0d3     pch.obj
 0005:000000d4       __AECA131A_istream         1063c0d4     pch.obj
 0005:000000d5       __9A8695D8_iostream        1063c0d5     pch.obj
 0005:000000d6       __73AABCDD___msvc_int128@hpp 1063c0d6     pch.obj
 0005:000000d7       __590A048E_algorithm       1063c0d7     pch.obj
 0005:000000d8       __5A2DC2B7_xbit_ops@h      1063c0d8     pch.obj
 0005:000000d9       __BC1EAAA7_random          1063c0d9     pch.obj
 0005:000000da       __CE9BEF67_mutex           1063c0da     pch.obj
 0005:000000db       __7E731E85_condition_variable 1063c0db     pch.obj
 0005:000000dc       __BC9D66EA_deque           1063c0dc     pch.obj
 0005:000000dd       __5FAB222B_queue           1063c0dd     pch.obj
 0005:000000de       __3201A73B_windowsx@h      1063c0de     pch.obj
 0005:000000df       __7DDD9F45_winioctl@h      1063c0df     pch.obj
 0005:000000e0       __60C1BB96_ntstatus@h      1063c0e0     pch.obj
 0005:000000e1       __8527A4A5_cfg@h           1063c0e1     pch.obj
 0005:000000e2       __3C9886FD_d3dukmdt@h      1063c0e2     pch.obj
 0005:000000e3       __933B0786_d3dkmdt@h       1063c0e3     pch.obj
 0005:000000e4       __ED7C2C75_d3dkmthk@h      1063c0e4     pch.obj
 0005:000000e5       __17C221F5_lsalookup@h     1063c0e5     pch.obj
 0005:000000e6       __74EAFA7C_ntlsa@h         1063c0e6     pch.obj
 0005:000000e7       __0D771C8D_MINT@h          1063c0e7     pch.obj
 0005:000000e8       __CD0D37DF_detours@h       1063c0e8     pch.obj
 0005:000000e9       __9D20E11D_pch@h           1063c0e9     pch.obj
 0005:000000ea       __E1CC6C87_sadll@pch       1063c0ea     pch.obj
 0005:000000eb       __5B0EC4F9_pch@cpp         1063c0eb     pch.obj
 0005:00000118       __E1CC6C87_sadll@pch       1063c118     sadll.obj
 0005:00000119       __BB16330F_corecrt_math@h  1063c119     sadll.obj
 0005:0000011a       __16A665D8_tuple           1063c11a     sadll.obj
 0005:0000011b       __B9CACA8C_xatomic@h       1063c11b     sadll.obj
 0005:0000011c       __97A9FF16_xlocinfo        1063c11c     sadll.obj
 0005:0000011d       __88201CDE_typeinfo        1063c11d     sadll.obj
 0005:0000011e       __4C6B6D9A_vcruntime_typeinfo@h 1063c11e     sadll.obj
 0005:0000011f       __5B0EC4F9_pch@cpp         1063c11f     sadll.obj
 0005:00000120       __3828C4BB_streambuf       1063c120     sadll.obj
 0005:00000121       __C1EC35D3_stdio@h         1063c121     sadll.obj
 0005:00000122       __44420885_corecrt_stdio_config@h 1063c122     sadll.obj
 0005:00000123       __408D9AF3_xlocnum         1063c123     sadll.obj
 0005:00000124       __E9535887_iterator        1063c124     sadll.obj
 0005:00000125       __44EB4DF7_system_error    1063c125     sadll.obj
 0005:00000126       __3A887C07_stdexcept       1063c126     sadll.obj
 0005:00000127       __2D85ABDF_ios             1063c127     sadll.obj
 0005:00000128       __AE4C8805_xiosbase        1063c128     sadll.obj
 0005:00000129       __DE0AFCE4_xlocale         1063c129     sadll.obj
 0005:0000012a       __6C0D1348_xfacet          1063c12a     sadll.obj
 0005:0000012b       __CD1A2620_ostream         1063c12b     sadll.obj
 0005:0000012c       __349BC2DB_string          1063c12c     sadll.obj
 0005:0000012d       __1F726D8A_utility         1063c12d     sadll.obj
 0005:0000012e       __FCE648C9_limits          1063c12e     sadll.obj
 0005:0000012f       __B3C6465A_exception       1063c12f     sadll.obj
 0005:00000130       __42EAFCAE_vcruntime_exception@h 1063c130     sadll.obj
 0005:00000131       __8316FE18_type_traits     1063c131     sadll.obj
 0005:00000132       __85D44119_vcruntime_new@h 1063c132     sadll.obj
 0005:00000133       __F8FFEFC7_xutility        1063c133     sadll.obj
 0005:00000134       __013488D5_xstring         1063c134     sadll.obj
 0005:00000135       __E86DFA98_xstddef         1063c135     sadll.obj
 0005:00000136       __EF27968A_xthreads@h      1063c136     sadll.obj
 0005:00000137       __9B053CF1_thread          1063c137     sadll.obj
 0005:00000138       __E4C945B4_corecrt_memcpy_s@h 1063c138     sadll.obj
 0005:00000139       __D0F307B3_autil@h         1063c139     sadll.obj
 0005:0000013a       __6F37075B_sadll@cpp       1063c13a     sadll.obj
 0005:0000013b       __75E70E49_xmemory         1063c13b     sadll.obj
 0005:0000013c       __40484447_memory          1063c13c     sadll.obj
 0005:0000013d       __97D3140B_atomic          1063c13d     sadll.obj
 0005:0000013e       __EFCBAD69_sadll@h         1063c13e     sadll.obj
 0005:0000013f       __9D20E11D_pch@h           1063c13f     sadll.obj
 0008:00001468       ?vmread@?1??Copy0F78@CDetourDis@@IAEPAEPBUCOPYENTRY@2@PAE1@Z@4U32@B 10640468     detours:disasm.obj
 0008:00001474       ?extrq_insertq@?1??Copy0F78@CDetourDis@@IAEPAEPBUCOPYENTRY@2@PAE1@Z@4U32@B 10640474     detours:disasm.obj
 0008:00001480       ?other@?1??Copy0F00@CDetourDis@@IAEPAEPBUCOPYENTRY@2@PAE1@Z@4U32@B 10640480     detours:disasm.obj
 0008:0000148c       ?jmpe@?1??Copy0F00@CDetourDis@@IAEPAEPBUCOPYENTRY@2@PAE1@Z@4U32@B 1064048c     detours:disasm.obj
 0008:00001498       ?popcnt@?1??Copy0FB8@CDetourDis@@IAEPAEPBUCOPYENTRY@2@PAE1@Z@4U32@B 10640498     detours:disasm.obj
 0008:000014a4       ?jmpe@?1??Copy0FB8@CDetourDis@@IAEPAEPBUCOPYENTRY@2@PAE1@Z@4U32@B 106404a4     detours:disasm.obj
 0008:000014b0       ?ce@?4??CopyF6@CDetourDis@@IAEPAEPBUCOPYENTRY@2@PAE1@Z@4U32@B 106404b0     detours:disasm.obj
 0008:000014bc       ?ce@?1??CopyF6@CDetourDis@@IAEPAEPBUCOPYENTRY@2@PAE1@Z@4U32@B 106404bc     detours:disasm.obj
 0008:000014c8       ?ce@?4??CopyF7@CDetourDis@@IAEPAEPBUCOPYENTRY@2@PAE1@Z@4U32@B 106404c8     detours:disasm.obj
 0008:000014d4       ?ce@?1??CopyF7@CDetourDis@@IAEPAEPBUCOPYENTRY@2@PAE1@Z@4U32@B 106404d4     detours:disasm.obj
 0008:000014e0       ?ce@?1??CopyFF@CDetourDis@@IAEPAEPBUCOPYENTRY@2@PAE1@Z@4U32@B 106404e0     detours:disasm.obj
 0008:000014ec       ?ceF38@?1??CopyVexEvexCommon@CDetourDis@@IAEPAEEPAE0EE@Z@4UCOPYENTRY@2@B 106404ec     detours:disasm.obj
 0008:000014f8       ?ceF3A@?1??CopyVexEvexCommon@CDetourDis@@IAEPAEEPAE0EE@Z@4UCOPYENTRY@2@B 106404f8     detours:disasm.obj
 0008:00001504       ?ceInvalid@?1??CopyVexEvexCommon@CDetourDis@@IAEPAEEPAE0EE@Z@4UCOPYENTRY@2@B 10640504     detours:disasm.obj
 0008:00001510       ?ceLES@?1??CopyVex3@CDetourDis@@IAEPAEPBUCOPYENTRY@2@PAE1@Z@4U32@B 10640510     detours:disasm.obj
 0008:0000151c       ?ceLDS@?1??CopyVex2@CDetourDis@@IAEPAEPBUCOPYENTRY@2@PAE1@Z@4U32@B 1064051c     detours:disasm.obj
 0008:00001528       ?ceBound@?1??CopyEvex@CDetourDis@@IAEPAEPBUCOPYENTRY@2@PAE1@Z@4U32@B 10640528     detours:disasm.obj
 0008:00001534       ?ceInvalid@?1??CopyEvex@CDetourDis@@IAEPAEPBUCOPYENTRY@2@PAE1@Z@4U32@B 10640534     detours:disasm.obj
 0008:00001540       ?cePop@?1??CopyXop@CDetourDis@@IAEPAEPBUCOPYENTRY@2@PAE1@Z@4U32@B 10640540     detours:disasm.obj
 0008:0000154c       ?ceXop@?1??CopyXop@CDetourDis@@IAEPAEPBUCOPYENTRY@2@PAE1@Z@4U32@B 1064054c     detours:disasm.obj
 0008:00001558       ?ceXop1@?1??CopyXop@CDetourDis@@IAEPAEPBUCOPYENTRY@2@PAE1@Z@4U32@B 10640558     detours:disasm.obj
 0008:00001564       ?ceXop4@?1??CopyXop@CDetourDis@@IAEPAEPBUCOPYENTRY@2@PAE1@Z@4U32@B 10640564     detours:disasm.obj
 000a:00000170       $R000000                   10642170     * linker generated manifest res *

 Exports

  ordinal    name

