 sadll

 Timestamp is 647f37a1 (Tue Jun  6 21:41:53 2023)

 Preferred load address is 10000000

 Start         Length     Name                   Class
 0001:00000000 00019440H .text$mn                CODE
 0001:00019440 00001c80H .text$x                 CODE
 0001:0001b0c0 0000101bH .text$yd                CODE
 0002:00000000 00000104H .CRT$XCA                DATA
 0002:00000104 00000104H .CRT$XCZ                DATA
 0002:00000208 00000104H .CRT$XIA                DATA
 0002:0000030c 00000104H .CRT$XIC                DATA
 0002:00000410 00000104H .CRT$XIZ                DATA
 0002:00000514 00000004H .CRT$XLA                DATA
 0002:00000518 00000004H .CRT$XLZ                DATA
 0002:0000051c 00000104H .CRT$XPA                DATA
 0002:00000620 00000104H .CRT$XPZ                DATA
 0002:00000724 00000104H .CRT$XTA                DATA
 0002:00000828 00000108H .CRT$XTZ                DATA
 0002:00000930 00001f10H .rdata                  DATA
 0002:00002840 00000180H .rdata$CastGuardVftablesA DATA
 0002:000029c0 0000014cH .rdata$CastGuardVftablesC DATA
 0002:00002b0c 0000011cH .rdata$T                DATA
 0002:00002c28 000002ccH .rdata$r                DATA
 0002:00002ef4 000001ecH .rdata$sxdata           DATA
 0002:000030e0 00000184H .rdata$zzzdbg           DATA
 0002:00003264 00000104H .rtc$IAA                DATA
 0002:00003368 00000110H .rtc$IMZ                DATA
 0002:00003478 00000104H .rtc$IZZ                DATA
 0002:0000357c 00000104H .rtc$TAA                DATA
 0002:00003680 00000110H .rtc$TMZ                DATA
 0002:00003790 00000108H .rtc$TZZ                DATA
 0002:00003898 00000dfeH .xdata$x                DATA
 0002:00004696 00000000H .edata                  DATA
 0003:00000000 000001a8H .data                   DATA
 0003:000001a8 00000178H .data$r                 DATA
 0003:00000320 00000140H .data$rs                DATA
 0003:00000460 00615d54H .bss                    DATA
 0004:00000000 00000420H .idata$5                DATA
 0004:00000420 0000008cH .idata$2                DATA
 0004:000004ac 00000014H .idata$3                DATA
 0004:000004c0 00000420H .idata$4                DATA
 0004:000008e0 000012ceH .idata$6                DATA
 0005:00000000 00000247H .msvcjmc                DATA
 0006:00000000 00000104H .tls                    DATA
 0006:00000104 00000104H .tls$                   DATA
 0006:00000208 00000101H .tls$ZZZ                DATA
 0007:00000000 0000010eH .00cfg                  DATA
 0008:00000000 00001687H .detourc                DATA
 0009:00000000 0000010eH .detourd                DATA
 000a:00000000 00000170H .rsrc$01                DATA
 000a:00000170 000002d6H .rsrc$02                DATA

  Address         Publics by Value              Rva+Base       Lib:Object

 0000:00000000       ___AbsoluteZero            00000000     <absolute>
 0000:00000000       ___arm64x_extra_rfe_table  00000000     <absolute>
 0000:00000000       ___arm64x_extra_rfe_table_size 00000000     <absolute>
 0000:00000000       ___arm64x_native_entrypoint 00000000     <absolute>
 0000:00000000       ___arm64x_redirection_metadata 00000000     <absolute>
 0000:00000000       ___arm64x_redirection_metadata_count 00000000     <absolute>
 0000:00000000       ___dynamic_value_reloc_table 00000000     <absolute>
 0000:00000000       ___enclave_config          00000000     <absolute>
 0000:00000000       ___guard_check_icall_a64n_fptr 00000000     <absolute>
 0000:00000000       ___guard_eh_cont_count     00000000     <absolute>
 0000:00000000       ___guard_eh_cont_table     00000000     <absolute>
 0000:00000000       ___guard_fids_count        00000000     <absolute>
 0000:00000000       ___guard_fids_table        00000000     <absolute>
 0000:00000000       ___guard_iat_count         00000000     <absolute>
 0000:00000000       ___guard_iat_table         00000000     <absolute>
 0000:00000000       ___guard_longjmp_count     00000000     <absolute>
 0000:00000000       ___guard_longjmp_table     00000000     <absolute>
 0000:00000000       ___hybrid_auxiliary_delayload_iat 00000000     <absolute>
 0000:00000000       ___hybrid_auxiliary_delayload_iat_copy 00000000     <absolute>
 0000:00000000       ___hybrid_auxiliary_iat    00000000     <absolute>
 0000:00000000       ___hybrid_auxiliary_iat_copy 00000000     <absolute>
 0000:00000000       ___hybrid_code_map         00000000     <absolute>
 0000:00000000       ___hybrid_code_map_count   00000000     <absolute>
 0000:00000000       ___volatile_metadata       00000000     <absolute>
 0000:00000000       ___x64_code_ranges_to_entry_points 00000000     <absolute>
 0000:00000000       ___x64_code_ranges_to_entry_points_count 00000000     <absolute>
 0000:0000002c       __tls_array                0000002c     <absolute>
 0000:00000031       ___safe_se_handler_count   00000031     <absolute>
 0000:00000100       ___guard_flags             00000100     <absolute>
 0000:00000000       ___ImageBase               10000000     <linker-defined>
 0001:00001170       ?util_Init@Autil@@YAXXZ    10002170 f   autil.obj
 0001:000011b0       ?util_Release@Autil@@YAXXZ 100021b0 f   autil.obj
 0001:000011f0       ?util_SplitMessage@Autil@@YA_NPADI0@Z 100021f0 f   autil.obj
 0001:000012f0       ?util_EncodeMessage@Autil@@YAXPADI0@Z 100022f0 f   autil.obj
 0001:000014f0       ?util_DecodeMessage@Autil@@YAXPADI0@Z 100024f0 f   autil.obj
 0001:000016f0       ?util_GetFunctionFromSlice@Autil@@YAHPAH0@Z 100026f0 f   autil.obj
 0001:00001840       ?util_DiscardMessage@Autil@@YAXXZ 10002840 f   autil.obj
 0001:00001860       ?util_SendMesg@Autil@@YAXHHPAD@Z 10002860 f   autil.obj
 0001:00001880       ?util_256to64@Autil@@YAHPAD0H0@Z 10002880 f   autil.obj
 0001:000019c0       ?util_64to256@Autil@@YAHPAD00@Z 100029c0 f   autil.obj
 0001:00001b50       ?util_256to64_shr@Autil@@YAHPAD0H00@Z 10002b50 f   autil.obj
 0001:00001d20       ?util_shl_64to256@Autil@@YAHPAD000@Z 10002d20 f   autil.obj
 0001:00001f50       ?util_256to64_shl@Autil@@YAHPAD0H00@Z 10002f50 f   autil.obj
 0001:00002130       ?util_shr_64to256@Autil@@YAHPAD000@Z 10003130 f   autil.obj
 0001:00002340       ?util_swapint@Autil@@YAXPAH0PAD@Z 10003340 f   autil.obj
 0001:000023c0       ?util_xorstring@Autil@@YAXPAD0@Z 100033c0 f   autil.obj
 0001:00002430       ?util_shrstring@Autil@@YAXPADI0H@Z 10003430 f   autil.obj
 0001:00002520       ?util_shlstring@Autil@@YAXPADI0H@Z 10003520 f   autil.obj
 0001:000025e0       ?util_deint@Autil@@YAHHPAH@Z 100035e0 f   autil.obj
 0001:000026f0       ?util_mkint@Autil@@YAHPADH@Z 100036f0 f   autil.obj
 0001:00002840       ?util_destring@Autil@@YAHHPAD@Z 10003840 f   autil.obj
 0001:00002890       ?util_mkstring@Autil@@YAHPAD0@Z 10003890 f   autil.obj
 0001:00002fb0       ??$?RV?$mersenne_twister_engine@I$0CA@$0CHA@$0BIN@$0BP@$0JJAILANP@$0L@$0PPPPPPPP@$06$0JNCMFGIA@$0P@$0OPMGAAAA@$0BC@$0GMAHIJGF@@std@@@?$uniform_int@H@std@@QAEHAAV?$mersenne_twister_engine@I$0CA@$0CHA@$0BIN@$0BP@$0JJAILANP@$0L@$0PPPPPPPP@$06$0JNCMFGIA@$0P@$0OPMGAAAA@$0BC@$0GMAHIJGF@@1@@Z 10003fb0 f i autil.obj
 0001:00003010       ??$_Eval@V?$mersenne_twister_engine@I$0CA@$0CHA@$0BIN@$0BP@$0JJAILANP@$0L@$0PPPPPPPP@$06$0JNCMFGIA@$0P@$0OPMGAAAA@$0BC@$0GMAHIJGF@@std@@@?$uniform_int@H@std@@ABEHAAV?$mersenne_twister_engine@I$0CA@$0CHA@$0BIN@$0BP@$0JJAILANP@$0L@$0PPPPPPPP@$06$0JNCMFGIA@$0P@$0OPMGAAAA@$0BC@$0GMAHIJGF@@1@HH@Z 10004010 f i autil.obj
 0001:00003140       ??$strcat_s@$0PPNM@@@YAHAAY0PPNM@DPBD@Z 10004140 f i autil.obj
 0001:00003190       ??$strncpy_s@$0BAAA@@@YAHAAY0BAAA@DPBDI@Z 10004190 f i autil.obj
 0001:000031e0       ??0?$_Rng_from_urng_v2@IV?$mersenne_twister_engine@I$0CA@$0CHA@$0BIN@$0BP@$0JJAILANP@$0L@$0PPPPPPPP@$06$0JNCMFGIA@$0P@$0OPMGAAAA@$0BC@$0GMAHIJGF@@std@@@std@@QAE@AAV?$mersenne_twister_engine@I$0CA@$0CHA@$0BIN@$0BP@$0JJAILANP@$0L@$0PPPPPPPP@$06$0JNCMFGIA@$0P@$0OPMGAAAA@$0BC@$0GMAHIJGF@@1@@Z 100041e0 f i autil.obj
 0001:00003220       ??0?$mersenne_twister@I$0CA@$0CHA@$0BIN@$0BP@$0JJAILANP@$0L@$06$0JNCMFGIA@$0P@$0OPMGAAAA@$0BC@@std@@QAE@III@Z 10004220 f i autil.obj
 0001:00003280       ??0?$mersenne_twister_engine@I$0CA@$0CHA@$0BIN@$0BP@$0JJAILANP@$0L@$0PPPPPPPP@$06$0JNCMFGIA@$0P@$0OPMGAAAA@$0BC@$0GMAHIJGF@@std@@QAE@I@Z 10004280 f i autil.obj
 0001:000032d0       ??0?$uniform_int@H@std@@QAE@HH@Z 100042d0 f i autil.obj
 0001:00003320       ??0?$uniform_int_distribution@H@std@@QAE@HH@Z 10004320 f i autil.obj
 0001:00003370       ??0param_type@?$uniform_int@H@std@@QAE@HH@Z 10004370 f i autil.obj
 0001:000033c0       ??0random_device@std@@QAE@XZ 100043c0 f i autil.obj
 0001:00003400       ??R?$_Rng_from_urng_v2@IV?$mersenne_twister_engine@I$0CA@$0CHA@$0BIN@$0BP@$0JJAILANP@$0L@$0PPPPPPPP@$06$0JNCMFGIA@$0P@$0OPMGAAAA@$0BC@$0GMAHIJGF@@std@@@std@@QAEII@Z 10004400 f i autil.obj
 0001:00003500       ??R?$mersenne_twister@I$0CA@$0CHA@$0BIN@$0BP@$0JJAILANP@$0L@$06$0JNCMFGIA@$0P@$0OPMGAAAA@$0BC@@std@@QAEIXZ 10004500 f i autil.obj
 0001:000035f0       ??Rrandom_device@std@@QAEIXZ 100045f0 f i autil.obj
 0001:00003630       ?_Adjust@?$uniform_int@H@std@@CAII@Z 10004630 f i autil.obj
 0001:00003690       ?_Get_all_bits@?$_Rng_from_urng_v2@IV?$mersenne_twister_engine@I$0CA@$0CHA@$0BIN@$0BP@$0JJAILANP@$0L@$0PPPPPPPP@$06$0JNCMFGIA@$0P@$0OPMGAAAA@$0BC@$0GMAHIJGF@@std@@@std@@QAEIXZ 10004690 f i autil.obj
 0001:000036e0       ?_Get_bits@?$_Rng_from_urng_v2@IV?$mersenne_twister_engine@I$0CA@$0CHA@$0BIN@$0BP@$0JJAILANP@$0L@$0PPPPPPPP@$06$0JNCMFGIA@$0P@$0OPMGAAAA@$0BC@$0GMAHIJGF@@std@@@std@@AAEIXZ 100046e0 f i autil.obj
 0001:00003740       ?_Get_random_product@?$_Rng_from_urng_v2@IV?$mersenne_twister_engine@I$0CA@$0CHA@$0BIN@$0BP@$0JJAILANP@$0L@$0PPPPPPPP@$06$0JNCMFGIA@$0P@$0OPMGAAAA@$0BC@$0GMAHIJGF@@std@@@std@@AAE_KII@Z 10004740 f i autil.obj
 0001:000037a0       ?_Init@param_type@?$uniform_int@H@std@@QAEXHH@Z 100047a0 f i autil.obj
 0001:00003870       ?_Refill_lower@?$mersenne_twister@I$0CA@$0CHA@$0BIN@$0BP@$0JJAILANP@$0L@$06$0JNCMFGIA@$0P@$0OPMGAAAA@$0BC@@std@@IAEXXZ 10004870 f i autil.obj
 0001:00003ab0       ?_Refill_upper@?$mersenne_twister@I$0CA@$0CHA@$0BIN@$0BP@$0JJAILANP@$0L@$06$0JNCMFGIA@$0P@$0OPMGAAAA@$0BC@@std@@IAEXXZ 10004ab0 f i autil.obj
 0001:00003b90       ?__empty_global_delete@@YAXPAX@Z 10004b90 f i autil.obj
 0001:00003bb0       ?__empty_global_delete@@YAXPAXI@Z 10004bb0 f i autil.obj
 0001:00003bd0       ?seed@?$mersenne_twister@I$0CA@$0CHA@$0BIN@$0BP@$0JJAILANP@$0L@$06$0JNCMFGIA@$0P@$0OPMGAAAA@$0BC@@std@@QAEXII@Z 10004bd0 f i autil.obj
 0001:00003c90       ?strstr@@YAPADQADQBD@Z     10004c90 f i autil.obj
 0001:00003cc0       __JustMyCode_Default       10004cc0 f i autil.obj
 0001:00003cd0       ___local_stdio_printf_options 10004cd0 f i autil.obj
 0001:00003d00       __snprintf_s               10004d00 f i autil.obj
 0001:00003d80       __vsnprintf_s_l            10004d80 f i autil.obj
 0001:00003fa0       ?IsCurrentWindow@util@@YGHABQAUHWND__@@@Z 10004fa0 f   sadll.obj
 0001:00004000       ?EnumWindowsCallback@util@@YGHPAUHWND__@@J@Z 10005000 f   sadll.obj
 0001:000040d0       ?FindCurrentWindow@util@@YGPAUHWND__@@ABK@Z 100050d0 f   sadll.obj
 0001:00004180       ?GetCurrentWindowHandle@util@@YGPAUHWND__@@XZ 10005180 f   sadll.obj
 0001:00004230       ?initialize@GameService@@QAEXG@Z 10005230 f   sadll.obj
 0001:00004610       ?uninitialize@GameService@@QAEXXZ 10005610 f   sadll.obj
 0001:00004710       ?WM_EnableEffect@GameService@@QAEX_N@Z 10005710 f   sadll.obj
 0001:00004830       ?WM_EnablePlayerShow@GameService@@QAEX_N@Z 10005830 f   sadll.obj
 0001:00004900       ?WM_SetTimeLock@GameService@@QAEX_NH@Z 10005900 f   sadll.obj
 0001:00004b00       ?WM_EnableSound@GameService@@QAEX_N@Z 10005b00 f   sadll.obj
 0001:00004bd0       ?WM_EnableImageLock@GameService@@QAEX_N@Z 10005bd0 f   sadll.obj
 0001:00004c40       ?WM_EnablePassWall@GameService@@QAEX_N@Z 10005c40 f   sadll.obj
 0001:00004cb0       ?WM_EnableFastWalk@GameService@@QAEX_N@Z 10005cb0 f   sadll.obj
 0001:00004d20       ?WM_SetBoostSpeed@GameService@@QAEX_NH@Z 10005d20 f   sadll.obj
 0001:00004dd0       ?WM_EnableMoveLock@GameService@@QAEX_N@Z 10005dd0 f   sadll.obj
 0001:00004e40       ?WM_MuteSound@GameService@@QAEX_N@Z 10005e40 f   sadll.obj
 0001:00004e80       ?WM_BattleTimeExtend@GameService@@QAEX_N@Z 10005e80 f   sadll.obj
 0001:00004ee0       ?WM_EnableBattleDialog@GameService@@QAEX_N@Z 10005ee0 f   sadll.obj
 0001:00004f60       ?WM_SetGameStatus@GameService@@QAEXH@Z 10005f60 f   sadll.obj
 0001:00004fb0       ?WM_Announce@GameService@@QAEXPADH@Z 10005fb0 f   sadll.obj
 0001:00005010       ?WM_Move@GameService@@QAEXHH@Z 10006010 f   sadll.obj
 0001:00005090       ?WM_DistoryDialog@GameService@@QAEXXZ 10006090 f   sadll.obj
 0001:00005120       ?WM_CleanChatHistory@GameService@@QAEXXZ 10006120 f   sadll.obj
 0001:000051e0       ?New_socket@GameService@@QAGIHHH@Z 100061e0 f   sadll.obj
 0001:00005230       ?New_WSARecv@GameService@@QAGHIPAU_WSABUF@@KPAK1PAU_OVERLAPPED@@P6GXKK2K@Z@Z 10006230 f   sadll.obj
 0001:00005290       ?New_closesocket@GameService@@QAGHI@Z 10006290 f   sadll.obj
 0001:000052e0       ?New_send@GameService@@QAGHIPBDHH@Z 100062e0 f   sadll.obj
 0001:00005340       ?New_recv@GameService@@QAGHIPADHH@Z 10006340 f   sadll.obj
 0001:00005670       ?New_PlaySound@GameService@@QAAXHHH@Z 10006670 f   sadll.obj
 0001:000056c0       ?New_BattleProc@GameService@@QAAXXZ 100066c0 f   sadll.obj
 0001:00005700       ?New_BattleCommandReady@GameService@@QAAXXZ 10006700 f   sadll.obj
 0001:00005730       ?clearNetBuffer@@YAXXZ     10006730 f   sadll.obj
 0001:00005780       ?appendReadBuf@@YAHPADH@Z  10006780 f   sadll.obj
 0001:000057e0       ?shiftReadBuf@@YAHH@Z      100067e0 f   sadll.obj
 0001:00005860       ?getLineFromReadBuf@@YAHPADH@Z 10006860 f   sadll.obj
 0001:000059a0       ?CreateConsole@@YAXXZ      100069a0 f   sadll.obj
 0001:00005c90       ?WndProc@@YGHPAUHWND__@@KJJ@Z 10006c90 f   sadll.obj
 0001:00006190       _DllMain@12                10007190 f   sadll.obj
 0001:00006360       _New_socket@12             10007360 f   sadll.obj
 0001:000063b0       _New_send@16               100073b0 f   sadll.obj
 0001:00006400       _New_recv@16               10007400 f   sadll.obj
 0001:00006450       _New_WSARecv@28            10007450 f   sadll.obj
 0001:000064b0       _New_closesocket@4         100074b0 f   sadll.obj
 0001:000064f0       _New_Sleep@4               100074f0 f   sadll.obj
 0001:00006550       _New_PlaySound             10007550 f   sadll.obj
 0001:000065a0       _New_BattleProc            100075a0 f   sadll.obj
 0001:000065e0       _New_BattleCommandReady    100075e0 f   sadll.obj
 0001:00006740       ?SaDispatchMessage@@YAHHPAD@Z 10007740 f   sadll.obj
 0001:00007820       ??$?0$$V@?$_Compressed_pair@V?$allocator@D@std@@V?$_String_val@U?$_Simple_types@D@std@@@2@$00@std@@QAE@U_Zero_then_variadic_args_t@1@@Z 10008820 f i sadll.obj
 0001:000078b0       ??$?0AAPAD@?$_Compressed_pair@U?$default_delete@$$BY0A@D@std@@PAD$00@std@@QAE@U_Zero_then_variadic_args_t@1@AAPAD@Z 100088b0 f i sadll.obj
 0001:00007950       ??$?0ABV?$allocator@D@std@@$$V@?$_Compressed_pair@V?$allocator@D@std@@V?$_String_val@U?$_Simple_types@D@std@@@2@$00@std@@QAE@U_One_then_variadic_args_t@1@ABV?$allocator@D@1@@Z 10008950 f i sadll.obj
 0001:000079e0       ??$?0D@?$allocator@U_Container_proxy@std@@@std@@QAE@ABV?$allocator@D@1@@Z 100089e0 f i sadll.obj
 0001:00007a20       ??$?0PAD$0A@@?$basic_string@DU?$char_traits@D@std@@V?$allocator@D@2@@std@@QAE@PAD0ABV?$allocator@D@1@@Z 10008a20 f i sadll.obj
 0001:00007b60       ??$?0PADU?$default_delete@$$BY0A@D@std@@$0A@$0A@@?$unique_ptr@$$BY0A@DU?$default_delete@$$BY0A@D@std@@@std@@QAE@PAD@Z 10008b60 f i sadll.obj
 0001:00007cf0       ??$?0U_Exact_args_t@std@@$0A@@?$tuple@$$V@std@@QAE@U_Exact_args_t@1@@Z 10008cf0 f i sadll.obj
 0001:00007ec0       ??$?6DU?$char_traits@D@std@@V?$allocator@D@1@@std@@YAAAV?$basic_ostream@DU?$char_traits@D@std@@@0@AAV10@ABV?$basic_string@DU?$char_traits@D@std@@V?$allocator@D@2@@0@@Z 10008ec0 f i sadll.obj
 0001:00007f10       ??$?6U?$char_traits@D@std@@@std@@YAAAV?$basic_ostream@DU?$char_traits@D@std@@@0@AAV10@PBD@Z 10008f10 f i sadll.obj
 0001:000083f0       ??$?RD$0A@@?$default_delete@$$BY0A@D@std@@QBEXPAD@Z 100093f0 f i sadll.obj
 0001:00008470       ??$MemoryMove@K$$CBD@util@@YGXKPBDI@Z 10009470 f i sadll.obj
 0001:00008580       ??$_Adl_verify_range@PADPAD@std@@YAXABQAD0@Z 10009580 f i sadll.obj
 0001:000085c0       ??$_Alloc_proxy@V?$allocator@U_Container_proxy@std@@@std@@@_Container_base12@std@@QAEX$$QAV?$allocator@U_Container_proxy@std@@@1@@Z 100095c0 f i sadll.obj
 0001:00008660       ??$_Allocate@$07U_Default_allocate_traits@std@@$0A@@std@@YAPAXI@Z 10009660 f i sadll.obj
 0001:000086c0       ??$_Allocate_manually_vector_aligned@U_Default_allocate_traits@std@@@std@@YAPAXI@Z 100096c0 f i sadll.obj
 0001:00008800       ??$_Atomic_address_as@DU?$_Atomic_padded@_N@std@@@std@@YAPCDAAU?$_Atomic_padded@_N@0@@Z 10009800 f i sadll.obj
 0001:00008820       ??$_Atomic_address_as@DU?$_Atomic_padded@_N@std@@@std@@YAPDDABU?$_Atomic_padded@_N@0@@Z 10009820 f i sadll.obj
 0001:00008840       ??$_Atomic_reinterpret_as@D_N@std@@YADAB_N@Z 10009840 f i sadll.obj
 0001:00008870       ??$_Construct@$00PAD@?$basic_string@DU?$char_traits@D@std@@V?$allocator@D@2@@std@@AAEXQADI@Z 10009870 f i sadll.obj
 0001:00008b40       ??$_Construct@$00PBD@?$basic_string@DU?$char_traits@D@std@@V?$allocator@D@2@@std@@AAEXQBDI@Z 10009b40 f i sadll.obj
 0001:00008e10       ??$_Construct_in_place@PADABQAD@std@@YAXAAPADABQAD@Z 10009e10 f i sadll.obj
 0001:00008e80       ??$_Construct_in_place@U_Container_proxy@std@@PAU_Container_base12@2@@std@@YAXAAU_Container_proxy@0@$$QAPAU_Container_base12@0@@Z 10009e80 f i sadll.obj
 0001:00008ef0       ??$_Convert_size@II@std@@YAII@Z 10009ef0 f i sadll.obj
 0001:00008f10       ??$_Deallocate@$07$0A@@std@@YAXPAXI@Z 10009f10 f i sadll.obj
 0001:00008fa0       ??$_Deallocate_plain@V?$allocator@U_Container_proxy@std@@@std@@@std@@YAXAAV?$allocator@U_Container_proxy@std@@@0@QAU_Container_proxy@0@@Z 10009fa0 f i sadll.obj
 0001:00009020       ??$_Delete_plain_internal@V?$allocator@U_Container_proxy@std@@@std@@@std@@YAXAAV?$allocator@U_Container_proxy@std@@@0@QAU_Container_proxy@0@@Z 1000a020 f i sadll.obj
 0001:00009050       ??$_Destroy_in_place@PAD@std@@YAXAAPAD@Z 1000a050 f i sadll.obj
 0001:00009070       ??$_Get_size_of_n@$00@std@@YAII@Z 1000a070 f i sadll.obj
 0001:000090b0       ??$_Get_size_of_n@$07@std@@YAII@Z 1000a0b0 f i sadll.obj
 0001:00009110       ??$_Get_unwrapped@AAPAD@std@@YA?A_TAAPAD@Z 1000a110 f i sadll.obj
 0001:00009140       ??$_Insert_string@DU?$char_traits@D@std@@I@std@@YAAAV?$basic_ostream@DU?$char_traits@D@std@@@0@AAV10@QBDI@Z 1000a140 f i sadll.obj
 0001:000095b0       ??$_Integral_to_string@DH@std@@YA?AV?$basic_string@DU?$char_traits@D@std@@V?$allocator@D@2@@0@H@Z 1000a5b0 f i sadll.obj
 0001:00009a20       ??$_UIntegral_to_buff@DI@std@@YAPADPADI@Z 1000aa20 f i sadll.obj
 0001:00009ab0       ??$_Unfancy@D@std@@YAPADPAD@Z 1000aab0 f i sadll.obj
 0001:00009ad0       ??$_Unfancy@U_Container_proxy@std@@@std@@YAPAU_Container_proxy@0@PAU10@@Z 1000aad0 f i sadll.obj
 0001:00009af0       ??$_Verify_range@D@std@@YAXQBD0@Z 1000aaf0 f i sadll.obj
 0001:00009be0       ??$_Voidify_iter@PAPAD@std@@YAPAXPAPAD@Z 1000abe0 f i sadll.obj
 0001:00009c00       ??$_Voidify_iter@PAU_Container_proxy@std@@@std@@YAPAXPAU_Container_proxy@0@@Z 1000ac00 f i sadll.obj
 0001:00009c20       ??$addressof@PAD@std@@YAPAPADAAPAD@Z 1000ac20 f i sadll.obj
 0001:00009c40       ??$addressof@U_Container_base12@std@@@std@@YAPAU_Container_base12@0@AAU10@@Z 1000ac40 f i sadll.obj
 0001:00009c60       ??$addressof@U_Container_proxy@std@@@std@@YAPAU_Container_proxy@0@AAU10@@Z 1000ac60 f i sadll.obj
 0001:00009c80       ??$end@D$0BF@@std@@YAPADAAY0BF@D@Z 1000ac80 f i sadll.obj
 0001:00009cb0       ??$endl@DU?$char_traits@D@std@@@std@@YAAAV?$basic_ostream@DU?$char_traits@D@std@@@0@AAV10@@Z 1000acb0 f i sadll.obj
 0001:00009d30       ??$exchange@PAU_Iterator_base12@std@@$$T@std@@YAPAU_Iterator_base12@0@AAPAU10@$$QA$$T@Z 1000ad30 f i sadll.obj
 0001:00009dd0       ??$exchange@PAVSyncClient@@AAPAV1@@std@@YAPAVSyncClient@@AAPAV1@0@Z 1000add0 f i sadll.obj
 0001:00009f80       ??$max@I@std@@YAABIABI0@Z  1000af80 f i sadll.obj
 0001:00009ff0       ??$min@I@std@@YAABIABI0@Z  1000aff0 f i sadll.obj
 0001:0000a060       ??0?$_Container_proxy_ptr12@V?$allocator@U_Container_proxy@std@@@std@@@std@@QAE@AAV?$allocator@U_Container_proxy@std@@@1@AAU_Container_base12@1@@Z 1000b060 f i sadll.obj
 0001:0000a110       ??0?$_String_val@U?$_Simple_types@D@std@@@std@@QAE@XZ 1000b110 f i sadll.obj
 0001:0000a1c0       ??0?$allocator@D@std@@QAE@XZ 1000b1c0 f i sadll.obj
 0001:0000a200       ??0?$basic_string@DU?$char_traits@D@std@@V?$allocator@D@2@@std@@QAE@QBD@Z 1000b200 f i sadll.obj
 0001:0000a2d0       ??0SyncClient@@QAE@XZ      1000b2d0 f i sadll.obj
 0001:0000a420       ??0_Basic_container_proxy_ptr12@std@@IAE@XZ 1000b420 f i sadll.obj
 0001:0000a460       ??0_Bxty@?$_String_val@U?$_Simple_types@D@std@@@std@@QAE@XZ 1000b460 f i sadll.obj
 0001:0000a4b0       ??0_Container_base12@std@@QAE@XZ 1000b4b0 f i sadll.obj
 0001:0000a4f0       ??0_Container_proxy@std@@QAE@PAU_Container_base12@1@@Z 1000b4f0 f i sadll.obj
 0001:0000a540       ??0_Sentry_base@?$basic_ostream@DU?$char_traits@D@std@@@std@@QAE@AAV12@@Z 1000b540 f i sadll.obj
 0001:0000a5f0       ??0bad_alloc@std@@AAE@QBD@Z 1000b5f0 f i sadll.obj
 0001:0000a690       ??0bad_alloc@std@@QAE@ABV01@@Z 1000b690 f i sadll.obj
 0001:0000a720       ??0bad_array_new_length@std@@QAE@ABV01@@Z 1000b720 f i sadll.obj
 0001:0000a7b0       ??0bad_array_new_length@std@@QAE@XZ 1000b7b0 f i sadll.obj
 0001:0000a850       ??0exception@std@@QAE@ABV01@@Z 1000b850 f i sadll.obj
 0001:0000a900       ??0exception@std@@QAE@QBDH@Z 1000b900 f i sadll.obj
 0001:0000a960       ??0sentry@?$basic_ostream@DU?$char_traits@D@std@@@std@@QAE@AAV12@@Z 1000b960 f i sadll.obj
 0001:0000aab0       ??1?$_Compressed_pair@V?$allocator@D@std@@V?$_String_val@U?$_Simple_types@D@std@@@2@$00@std@@QAE@XZ 1000bab0 f i sadll.obj
 0001:0000ab30       ??1?$_Container_proxy_ptr12@V?$allocator@U_Container_proxy@std@@@std@@@std@@QAE@XZ 1000bb30 f i sadll.obj
 0001:0000ab90       ??1?$_String_val@U?$_Simple_types@D@std@@@std@@QAE@XZ 1000bb90 f i sadll.obj
 0001:0000ac10       ??1?$basic_string@DU?$char_traits@D@std@@V?$allocator@D@2@@std@@QAE@XZ 1000bc10 f i sadll.obj
 0001:0000ad50       ??1?$unique_ptr@$$BY0A@DU?$default_delete@$$BY0A@D@std@@@std@@QAE@XZ 1000bd50 f i sadll.obj
 0001:0000adb0       ??1?$unique_ptr@VSyncClient@@U?$default_delete@VSyncClient@@@std@@@std@@QAE@XZ 1000bdb0 f i sadll.obj
 0001:0000ae10       ??1GameService@@QAE@XZ     1000be10 f i sadll.obj
 0001:0000aea0       ??1SyncClient@@UAE@XZ      1000bea0 f i sadll.obj
 0001:0000af60       ??1_Bxty@?$_String_val@U?$_Simple_types@D@std@@@std@@QAE@XZ 1000bf60 f i sadll.obj
 0001:0000af90       ??1_Sentry_base@?$basic_ostream@DU?$char_traits@D@std@@@std@@QAE@XZ 1000bf90 f i sadll.obj
 0001:0000b070       ??1bad_alloc@std@@UAE@XZ   1000c070 f i sadll.obj
 0001:0000b0f0       ??1bad_array_new_length@std@@UAE@XZ 1000c0f0 f i sadll.obj
 0001:0000b170       ??1exception@std@@UAE@XZ   1000c170 f i sadll.obj
 0001:0000b200       ??1sentry@?$basic_ostream@DU?$char_traits@D@std@@@std@@QAE@XZ 1000c200 f i sadll.obj
 0001:0000b2e0       ??1thread@std@@QAE@XZ      1000c2e0 f i sadll.obj
 0001:0000b340       ??2@YAPAXIPAX@Z            1000c340 f i sadll.obj
 0001:0000b360       ??B?$unique_ptr@VSyncClient@@U?$default_delete@VSyncClient@@@std@@@std@@QBE_NXZ 1000c360 f i sadll.obj
 0001:0000b3c0       ??Bsentry@?$basic_ostream@DU?$char_traits@D@std@@@std@@QBE_NXZ 1000c3c0 f i sadll.obj
 0001:0000b400       ??C?$unique_ptr@VSyncClient@@U?$default_delete@VSyncClient@@@std@@@std@@QBEPAVSyncClient@@XZ 1000c400 f i sadll.obj
 0001:0000b440       ??R?$default_delete@VSyncClient@@@std@@QBEXPAVSyncClient@@@Z 1000c440 f i sadll.obj
 0001:0000b4d0       ??_ESyncClient@@UAEPAXI@Z  1000c4d0 f i sadll.obj
 0001:0000b4d0       ??_GSyncClient@@UAEPAXI@Z  1000c4d0 f i sadll.obj
 0001:0000b520       ??_Ebad_alloc@std@@UAEPAXI@Z 1000c520 f i sadll.obj
 0001:0000b520       ??_Gbad_alloc@std@@UAEPAXI@Z 1000c520 f i sadll.obj
 0001:0000b570       ??_Ebad_array_new_length@std@@UAEPAXI@Z 1000c570 f i sadll.obj
 0001:0000b570       ??_Gbad_array_new_length@std@@UAEPAXI@Z 1000c570 f i sadll.obj
 0001:0000b5c0       ??_Eexception@std@@UAEPAXI@Z 1000c5c0 f i sadll.obj
 0001:0000b5c0       ??_Gexception@std@@UAEPAXI@Z 1000c5c0 f i sadll.obj
 0001:0000b610       ?Connect@SyncClient@@QAE_NABV?$basic_string@DU?$char_traits@D@std@@V?$allocator@D@2@@std@@G@Z 1000c610 f i sadll.obj
 0001:0000bae0       ?Send@SyncClient@@QAEHPADH@Z 1000cae0 f i sadll.obj
 0001:0000bd30       ?WM_SetBLockPacket@GameService@@QAEX_N@Z 1000cd30 f i sadll.obj
 0001:0000bd70       ?_Activate_SSO_buffer@?$_String_val@U?$_Simple_types@D@std@@@std@@QAEXXZ 1000cd70 f i sadll.obj
 0001:0000bda0       ?_Adjust_manually_vector_aligned@std@@YAXAAPAXAAI@Z 1000cda0 f i sadll.obj
 0001:0000bf50       ?_Allocate@_Default_allocate_traits@std@@SAPAXI@Z 1000cf50 f i sadll.obj
 0001:0000bf80       ?_Calculate_growth@?$basic_string@DU?$char_traits@D@std@@V?$allocator@D@2@@std@@ABEII@Z 1000cf80 f i sadll.obj
 0001:0000bfe0       ?_Calculate_growth@?$basic_string@DU?$char_traits@D@std@@V?$allocator@D@2@@std@@CAIIII@Z 1000cfe0 f i sadll.obj
 0001:0000c0d0       ?_Check_C_return@std@@YAHH@Z 1000d0d0 f i sadll.obj
 0001:0000c110       ?_Get_first@?$_Compressed_pair@U?$default_delete@$$BY0A@D@std@@PAD$00@std@@QAEAAU?$default_delete@$$BY0A@D@2@XZ 1000d110 f i sadll.obj
 0001:0000c150       ?_Get_first@?$_Compressed_pair@U?$default_delete@VSyncClient@@@std@@PAVSyncClient@@$00@std@@QAEAAU?$default_delete@VSyncClient@@@2@XZ 1000d150 f i sadll.obj
 0001:0000c190       ?_Get_first@?$_Compressed_pair@V?$allocator@D@std@@V?$_String_val@U?$_Simple_types@D@std@@@2@$00@std@@QAEAAV?$allocator@D@2@XZ 1000d190 f i sadll.obj
 0001:0000c1d0       ?_Get_first@?$_Compressed_pair@V?$allocator@D@std@@V?$_String_val@U?$_Simple_types@D@std@@@2@$00@std@@QBEABV?$allocator@D@2@XZ 1000d1d0 f i sadll.obj
 0001:0000c210       ?_Getal@?$basic_string@DU?$char_traits@D@std@@V?$allocator@D@2@@std@@AAEAAV?$allocator@D@2@XZ 1000d210 f i sadll.obj
 0001:0000c250       ?_Getal@?$basic_string@DU?$char_traits@D@std@@V?$allocator@D@2@@std@@ABEABV?$allocator@D@2@XZ 1000d250 f i sadll.obj
 0001:0000c290       ?_Large_string_engaged@?$_String_val@U?$_Simple_types@D@std@@@std@@QBE_NXZ 1000d290 f i sadll.obj
 0001:0000c2f0       ?_Myptr@?$_String_val@U?$_Simple_types@D@std@@@std@@QBEPBDXZ 1000d2f0 f i sadll.obj
 0001:0000c370       ?_Orphan_all@_Container_base12@std@@QAEXXZ 1000d370 f i sadll.obj
 0001:0000c3b0       ?_Orphan_all_locked_v3@_Container_base12@std@@AAEXXZ 1000d3b0 f i sadll.obj
 0001:0000c4c0       ?_Orphan_all_unlocked_v3@_Container_base12@std@@AAEXXZ 1000d4c0 f i sadll.obj
 0001:0000c560       ?_Release@_Basic_container_proxy_ptr12@std@@QAEXXZ 1000d560 f i sadll.obj
 0001:0000c5a0       ?_Start_element_lifetimes@?$basic_string@DU?$char_traits@D@std@@V?$allocator@D@2@@std@@CAXQADI@Z 1000d5a0 f i sadll.obj
 0001:0000c5c0       ?_Throw_bad_array_new_length@std@@YAXXZ 1000d5c0 f i sadll.obj
 0001:0000c620       ?_Tidy_deallocate@?$basic_string@DU?$char_traits@D@std@@V?$allocator@D@2@@std@@AAEXXZ 1000d620 f i sadll.obj
 0001:0000c760       ?_Tidy_init@?$basic_string@DU?$char_traits@D@std@@V?$allocator@D@2@@std@@AAEXXZ 1000d760 f i sadll.obj
 0001:0000c800       ?_Xlen_string@std@@YAXXZ   1000d800 f i sadll.obj
 0001:0000c830       ?__autoclassinit2@?$unique_ptr@$$BY0A@DU?$default_delete@$$BY0A@D@std@@@std@@QAEXI@Z 1000d830 f i sadll.obj
 0001:0000c870       ?allocate@?$allocator@D@std@@QAEPADI@Z 1000d870 f i sadll.obj
 0001:0000c8c0       ?allocate@?$allocator@U_Container_proxy@std@@@std@@QAEPAU_Container_proxy@2@I@Z 1000d8c0 f i sadll.obj
 0001:0000c910       ?assign@?$_Narrow_char_traits@DH@std@@SAXAADABD@Z 1000d910 f i sadll.obj
 0001:0000c940       ?c_str@?$basic_string@DU?$char_traits@D@std@@V?$allocator@D@2@@std@@QBEPBDXZ 1000d940 f i sadll.obj
 0001:0000c980       ?copy@?$_Char_traits@DH@std@@SAPADQADQBDI@Z 1000d980 f i sadll.obj
 0001:0000ca00       ?data@?$basic_string@DU?$char_traits@D@std@@V?$allocator@D@2@@std@@QBEPBDXZ 1000da00 f i sadll.obj
 0001:0000ca40       ?deallocate@?$_Default_allocator_traits@V?$allocator@U_Container_proxy@std@@@std@@@std@@SAXAAV?$allocator@U_Container_proxy@std@@@2@QAU_Container_proxy@2@I@Z 1000da40 f i sadll.obj
 0001:0000ca80       ?deallocate@?$allocator@D@std@@QAEXQADI@Z 1000da80 f i sadll.obj
 0001:0000cb60       ?detach@thread@std@@QAEXXZ 1000db60 f i sadll.obj
 0001:0000cc00       ?eof@?$_Narrow_char_traits@DH@std@@SAHXZ 1000dc00 f i sadll.obj
 0001:0000cc20       ?eq_int_type@?$_Narrow_char_traits@DH@std@@SA_NABH0@Z 1000dc20 f i sadll.obj
 0001:0000cc80       ?get@?$unique_ptr@$$BY0A@DU?$default_delete@$$BY0A@D@std@@@std@@QBEPADXZ 1000dc80 f i sadll.obj
 0001:0000ccc0       ?getInstance@SyncClient@@CAAAV1@XZ 1000dcc0 f i sadll.obj
 0001:0000cdf0       ?get_instance@GameService@@SAAAV1@XZ 1000ddf0 f i sadll.obj
 0001:0000cec0       ?joinable@thread@std@@QBE_NXZ 1000dec0 f i sadll.obj
 0001:0000cf20       ?length@?$_Narrow_char_traits@DH@std@@SAIQBD@Z 1000df20 f i sadll.obj
 0001:0000cf90       ?load@?$_Atomic_storage@_N$00@std@@QBE_NW4memory_order@2@@Z 1000df90 f i sadll.obj
 0001:0000d100       ?max@?$numeric_limits@H@std@@SAHXZ 1000e100 f i sadll.obj
 0001:0000d130       ?max_size@?$_Default_allocator_traits@V?$allocator@D@std@@@std@@SAIABV?$allocator@D@2@@Z 1000e130 f i sadll.obj
 0001:0000d150       ?max_size@?$basic_string@DU?$char_traits@D@std@@V?$allocator@D@2@@std@@QBEIXZ 1000e150 f i sadll.obj
 0001:0000d270       ?reset@?$unique_ptr@VSyncClient@@U?$default_delete@VSyncClient@@@std@@@std@@QAEXPAVSyncClient@@@Z 1000e270 f i sadll.obj
 0001:0000d2f0       ?size@?$basic_string@DU?$char_traits@D@std@@V?$allocator@D@2@@std@@QBEIXZ 1000e2f0 f i sadll.obj
 0001:0000d330       ?store@?$_Atomic_storage@_N$00@std@@QAEX_N@Z 1000e330 f i sadll.obj
 0001:0000d3b0       ?store@?$_Atomic_storage@_N$00@std@@QAEX_NW4memory_order@2@@Z 1000e3b0 f i sadll.obj
 0001:0000d530       ?to_string@std@@YA?AV?$basic_string@DU?$char_traits@D@std@@V?$allocator@D@2@@1@H@Z 1000e530 f i sadll.obj
 0001:0000d5d0       ?what@exception@std@@UBEPBDXZ 1000e5d0 f i sadll.obj
 0001:0000d630       _SetStdHandle@8            1000e630 f   kernel32:KERNEL32.dll
 0001:0000d636       _CreateFileW@28            1000e636 f   kernel32:KERNEL32.dll
 0001:0000d63c       _SetLastError@4            1000e63c f   kernel32:KERNEL32.dll
 0001:0000d642       _Sleep@4                   1000e642 f   kernel32:KERNEL32.dll
 0001:0000d648       _GetCurrentProcess@0       1000e648 f   kernel32:KERNEL32.dll
 0001:0000d64e       _GetCurrentProcessId@0     1000e64e f   kernel32:KERNEL32.dll
 0001:0000d654       _SwitchToThread@0          1000e654 f   kernel32:KERNEL32.dll
 0001:0000d65a       _GetCurrentThread@0        1000e65a f   kernel32:KERNEL32.dll
 0001:0000d660       _GetCurrentThreadId@0      1000e660 f   kernel32:KERNEL32.dll
 0001:0000d666       _VirtualProtect@16         1000e666 f   kernel32:KERNEL32.dll
 0001:0000d66c       _DisableThreadLibraryCalls@4 1000e66c f   kernel32:KERNEL32.dll
 0001:0000d672       _FreeLibrary@4             1000e672 f   kernel32:KERNEL32.dll
 0001:0000d678       _FreeLibraryAndExitThread@8 1000e678 f   kernel32:KERNEL32.dll
 0001:0000d67e       _GetModuleFileNameW@12     1000e67e f   kernel32:KERNEL32.dll
 0001:0000d684       _GetModuleHandleW@4        1000e684 f   kernel32:KERNEL32.dll
 0001:0000d68a       _AllocConsole@0            1000e68a f   kernel32:KERNEL32.dll
 0001:0000d690       _SetConsoleCP@4            1000e690 f   kernel32:KERNEL32.dll
 0001:0000d696       _SetConsoleOutputCP@4      1000e696 f   kernel32:KERNEL32.dll
 0001:0000d69c       _PostMessageW@16           1000e69c f   user32:USER32.dll
 0001:0000d6a2       _CallWindowProcW@20        1000e6a2 f   user32:USER32.dll
 0001:0000d6a8       _IsWindowVisible@4         1000e6a8 f   user32:USER32.dll
 0001:0000d6ae       _GetWindowLongA@8          1000e6ae f   user32:USER32.dll
 0001:0000d6b4       _SetWindowLongW@12         1000e6b4 f   user32:USER32.dll
 0001:0000d6ba       _EnumWindows@8             1000e6ba f   user32:USER32.dll
 0001:0000d6c0       _GetWindowThreadProcessId@8 1000e6c0 f   user32:USER32.dll
 0001:0000d6c6       _GetWindow@8               1000e6c6 f   user32:USER32.dll
 0001:0000d6cc       ?_Random_device@std@@YAIXZ 1000e6cc f   msvcprtd:MSVCP140D.dll
 0001:0000d6d2       ??0_Lockit@std@@QAE@H@Z    1000e6d2 f   msvcprtd:MSVCP140D.dll
 0001:0000d6d8       ??1_Lockit@std@@QAE@XZ     1000e6d8 f   msvcprtd:MSVCP140D.dll
 0001:0000d6de       ?uncaught_exception@std@@YA_NXZ 1000e6de f   msvcprtd:MSVCP140D.dll
 0001:0000d6e4       ?_Xlength_error@std@@YAXPBD@Z 1000e6e4 f   msvcprtd:MSVCP140D.dll
 0001:0000d6ea       __Thrd_detach              1000e6ea f   msvcprtd:MSVCP140D.dll
 0001:0000d6f0       __Cnd_do_broadcast_at_thread_exit 1000e6f0 f   msvcprtd:MSVCP140D.dll
 0001:0000d6f6       ?_Throw_C_error@std@@YAXH@Z 1000e6f6 f   msvcprtd:MSVCP140D.dll
 0001:0000d6fc       ?_Throw_Cpp_error@std@@YAXH@Z 1000e6fc f   msvcprtd:MSVCP140D.dll
 0001:0000d702       ?good@ios_base@std@@QBE_NXZ 1000e702 f   msvcprtd:MSVCP140D.dll
 0001:0000d708       ?flags@ios_base@std@@QBEHXZ 1000e708 f   msvcprtd:MSVCP140D.dll
 0001:0000d70e       ?width@ios_base@std@@QBE_JXZ 1000e70e f   msvcprtd:MSVCP140D.dll
 0001:0000d714       ?width@ios_base@std@@QAE_J_J@Z 1000e714 f   msvcprtd:MSVCP140D.dll
 0001:0000d71a       ?sputc@?$basic_streambuf@DU?$char_traits@D@std@@@std@@QAEHD@Z 1000e71a f   msvcprtd:MSVCP140D.dll
 0001:0000d720       ?sputn@?$basic_streambuf@DU?$char_traits@D@std@@@std@@QAE_JPBD_J@Z 1000e720 f   msvcprtd:MSVCP140D.dll
 0001:0000d726       ?clear@?$basic_ios@DU?$char_traits@D@std@@@std@@QAEXH_N@Z 1000e726 f   msvcprtd:MSVCP140D.dll
 0001:0000d72c       ?setstate@?$basic_ios@DU?$char_traits@D@std@@@std@@QAEXH_N@Z 1000e72c f   msvcprtd:MSVCP140D.dll
 0001:0000d732       ?tie@?$basic_ios@DU?$char_traits@D@std@@@std@@QBEPAV?$basic_ostream@DU?$char_traits@D@std@@@2@XZ 1000e732 f   msvcprtd:MSVCP140D.dll
 0001:0000d738       ?rdbuf@?$basic_ios@DU?$char_traits@D@std@@@std@@QBEPAV?$basic_streambuf@DU?$char_traits@D@std@@@2@XZ 1000e738 f   msvcprtd:MSVCP140D.dll
 0001:0000d73e       ?fill@?$basic_ios@DU?$char_traits@D@std@@@std@@QBEDXZ 1000e73e f   msvcprtd:MSVCP140D.dll
 0001:0000d744       ?widen@?$basic_ios@DU?$char_traits@D@std@@@std@@QBEDD@Z 1000e744 f   msvcprtd:MSVCP140D.dll
 0001:0000d74a       ?clear@?$basic_ios@_WU?$char_traits@_W@std@@@std@@QAEXH_N@Z 1000e74a f   msvcprtd:MSVCP140D.dll
 0001:0000d750       ?_Osfx@?$basic_ostream@DU?$char_traits@D@std@@@std@@QAEXXZ 1000e750 f   msvcprtd:MSVCP140D.dll
 0001:0000d756       ??6?$basic_ostream@DU?$char_traits@D@std@@@std@@QAEAAV01@P6AAAV01@AAV01@@Z@Z 1000e756 f   msvcprtd:MSVCP140D.dll
 0001:0000d75c       ??6?$basic_ostream@DU?$char_traits@D@std@@@std@@QAEAAV01@H@Z 1000e75c f   msvcprtd:MSVCP140D.dll
 0001:0000d762       ?put@?$basic_ostream@DU?$char_traits@D@std@@@std@@QAEAAV12@D@Z 1000e762 f   msvcprtd:MSVCP140D.dll
 0001:0000d768       ?flush@?$basic_ostream@DU?$char_traits@D@std@@@std@@QAEAAV12@XZ 1000e768 f   msvcprtd:MSVCP140D.dll
 0001:0000d76e       _NtTerminateProcess@8      1000e76e f   ntdll:ntdll.dll
 0001:0000d780       ___raise_securityfailure   1000e780 f   MSVCRTD:gs_report.obj
 0001:0000d7c0       ___report_gsfailure        1000e7c0 f   MSVCRTD:gs_report.obj
 0001:0000d910       ___report_rangecheckfailure 1000e910 f   MSVCRTD:gs_report.obj
 0001:0000d920       ___report_securityfailure  1000e920 f   MSVCRTD:gs_report.obj
 0001:0000da30       ___report_securityfailureEx 1000ea30 f   MSVCRTD:gs_report.obj
 0001:0000dba0       @_RTC_AllocaHelper@12      1000eba0 f   MSVCRTD:stack.obj
 0001:0000dbe0       @_RTC_CheckStackVars2@12   1000ebe0 f   MSVCRTD:stack.obj
 0001:0000dcf0       @_RTC_CheckStackVars@8     1000ecf0 f   MSVCRTD:stack.obj
 0001:0000dd60       __RTC_CheckEsp             1000ed60 f   MSVCRTD:stack.obj
 0001:0000dd90       @__CheckForDebuggerJustMyCode@4 1000ed90 f   MSVCRTD:debugger_jmc.obj
 0001:0000dde0       @__security_check_cookie@4 1000ede0 f   MSVCRTD:secchk.obj
 0001:0000de00       __CRT_RTC_INIT             1000ee00 f   MSVCRTD:init.obj
 0001:0000de10       __CRT_RTC_INITW            1000ee10 f   MSVCRTD:init.obj
 0001:0000de20       __RTC_InitBase             1000ee20 f   MSVCRTD:init.obj
 0001:0000de60       __RTC_Shutdown             1000ee60 f   MSVCRTD:init.obj
 0001:0000de80       __aullshr                  1000ee80 f   MSVCRTD:ullshr.obj
 0001:0000deb0       __alloca_probe             1000eeb0 f   MSVCRTD:chkstk.obj
 0001:0000deb0       __chkstk                   1000eeb0 f   MSVCRTD:chkstk.obj
 0001:0000def0       ??2@YAPAXI@Z               1000eef0 f   MSVCRTD:new_scalar.obj
 0001:0000df50       ??3@YAXPAXI@Z              1000ef50 f   MSVCRTD:delete_scalar_size.obj
 0001:0000df70       ??_U@YAPAXI@Z              1000ef70 f   MSVCRTD:new_array.obj
 0001:0000df90       ??_V@YAXPAX@Z              1000ef90 f   MSVCRTD:delete_array.obj
 0001:0000dfb0       ?configure_argv@__scrt_narrow_argv_policy@@SAHXZ 1000efb0 f i MSVCRTD:utility.obj
 0001:0000e080       ?initialize_environment@__scrt_narrow_environment_policy@@SAHXZ 1000f080 f i MSVCRTD:utility.obj
 0001:0000e120       _NtCurrentTeb              1000f120 f i MSVCRTD:utility.obj
 0001:0000e130       ___scrt_acquire_startup_lock 1000f130 f   MSVCRTD:utility.obj
 0001:0000e190       ___scrt_dllmain_after_initialize_c 1000f190 f   MSVCRTD:utility.obj
 0001:0000e1d0       ___scrt_dllmain_before_initialize_c 1000f1d0 f   MSVCRTD:utility.obj
 0001:0000e200       ___scrt_dllmain_crt_thread_attach 1000f200 f   MSVCRTD:utility.obj
 0001:0000e240       ___scrt_dllmain_crt_thread_detach 1000f240 f   MSVCRTD:utility.obj
 0001:0000e260       ___scrt_dllmain_exception_filter 1000f260 f   MSVCRTD:utility.obj
 0001:0000e2c0       ___scrt_dllmain_uninitialize_c 1000f2c0 f   MSVCRTD:utility.obj
 0001:0000e300       ___scrt_dllmain_uninitialize_critical 1000f300 f   MSVCRTD:utility.obj
 0001:0000e320       ___scrt_initialize_crt     1000f320 f   MSVCRTD:utility.obj
 0001:0000e380       ___scrt_initialize_onexit_tables 1000f380 f   MSVCRTD:utility.obj
 0001:0000e490       ___scrt_is_nonwritable_in_current_image 1000f490 f   MSVCRTD:utility.obj
 0001:0000e610       ___scrt_release_startup_lock 1000f610 f   MSVCRTD:utility.obj
 0001:0000e640       ___scrt_uninitialize_crt   1000f640 f   MSVCRTD:utility.obj
 0001:0000e690       __onexit                   1000f690 f   MSVCRTD:utility.obj
 0001:0000e710       _at_quick_exit             1000f710 f   MSVCRTD:utility.obj
 0001:0000e760       _atexit                    1000f760 f   MSVCRTD:utility.obj
 0001:0000e8f0       __Init_thread_abort        1000f8f0 f   MSVCRTD:thread_safe_statics.obj
 0001:0000e920       __Init_thread_footer       1000f920 f   MSVCRTD:thread_safe_statics.obj
 0001:0000e980       __Init_thread_header       1000f980 f   MSVCRTD:thread_safe_statics.obj
 0001:0000ea10       __Init_thread_lock         1000fa10 f   MSVCRTD:thread_safe_statics.obj
 0001:0000ea30       __Init_thread_notify       1000fa30 f   MSVCRTD:thread_safe_statics.obj
 0001:0000ea90       __Init_thread_unlock       1000fa90 f   MSVCRTD:thread_safe_statics.obj
 0001:0000eab0       __Init_thread_wait         1000fab0 f   MSVCRTD:thread_safe_statics.obj
 0001:0000eb60       ??1type_info@@UAE@XZ       1000fb60 f   MSVCRTD:std_type_info_static.obj
 0001:0000eb80       ??_Etype_info@@UAEPAXI@Z   1000fb80 f i MSVCRTD:std_type_info_static.obj
 0001:0000eb80       ??_Gtype_info@@UAEPAXI@Z   1000fb80 f i MSVCRTD:std_type_info_static.obj
 0001:0000f1c0       __CRT_INIT@12              100101c0 f   MSVCRTD:dll_dllmain.obj
 0001:0000f1e0       __DllMainCRTStartup@12     100101e0 f   MSVCRTD:dll_dllmain.obj
 0001:0000f2c0       ?_RTC_AllocaFailure@@YAXPAXPAU_RTC_ALLOCA_NODE@@H@Z 100102c0 f   MSVCRTD:error.obj
 0001:0000f3e0       ?_RTC_Failure@@YAXPAXH@Z   100103e0 f   MSVCRTD:error.obj
 0001:0000f450       ?_RTC_StackFailure@@YAXPAXPBD@Z 10010450 f   MSVCRTD:error.obj
 0001:0000f900       __RTC_UninitUse            10010900 f   MSVCRTD:error.obj
 0001:0000f9e0       __vsprintf_s_l             100109e0 f i MSVCRTD:error.obj
 0001:0000fa20       _sprintf_s                 10010a20 f i MSVCRTD:error.obj
 0001:0000fa50       ?_RTC_GetErrorFunc@@YAP6AHHPBDH00ZZPBX@Z 10010a50 f   MSVCRTD:userapi.obj
 0001:0000fa60       ?_RTC_GetErrorFuncW@@YAP6AHHPB_WH00ZZPBX@Z 10010a60 f   MSVCRTD:userapi.obj
 0001:0000fa70       __RTC_GetErrDesc           10010a70 f   MSVCRTD:userapi.obj
 0001:0000fa90       __RTC_NumErrors            10010a90 f   MSVCRTD:userapi.obj
 0001:0000faa0       __RTC_SetErrorFunc         10010aa0 f   MSVCRTD:userapi.obj
 0001:0000fad0       __RTC_SetErrorFuncW        10010ad0 f   MSVCRTD:userapi.obj
 0001:0000fb00       __RTC_SetErrorType         10010b00 f   MSVCRTD:userapi.obj
 0001:0000fb30       ??0bad_alloc@std@@QAE@XZ   10010b30 f i MSVCRTD:throw_bad_alloc.obj
 0001:0000fb60       ?__scrt_throw_std_bad_alloc@@YAXXZ 10010b60 f   MSVCRTD:throw_bad_alloc.obj
 0001:0000fb90       ?__scrt_throw_std_bad_array_new_length@@YAXXZ 10010b90 f   MSVCRTD:throw_bad_alloc.obj
 0001:0000fbc0       ??3@YAXPAX@Z               10010bc0 f   MSVCRTD:delete_scalar.obj
 0001:0000fbe0       ___isa_available_init      10010be0 f   MSVCRTD:cpu_disp.obj
 0001:0000ffe0       __get_startup_argv_mode    10010fe0 f   MSVCRTD:argv_mode.obj
 0001:0000fff0       ___scrt_is_ucrt_dll_in_use 10010ff0 f   MSVCRTD:ucrt_detection.obj
 0001:00010020       ___scrt_fastfail           10011020 f   MSVCRTD:utility_desktop.obj
 0001:000101b0       ___scrt_get_show_window_mode 100111b0 f   MSVCRTD:utility_desktop.obj
 0001:00010200       ___scrt_initialize_mta     10011200 f   MSVCRTD:utility_desktop.obj
 0001:00010210       ___scrt_initialize_winrt   10011210 f   MSVCRTD:utility_desktop.obj
 0001:00010220       ___scrt_is_managed_app     10011220 f   MSVCRTD:utility_desktop.obj
 0001:000102d0       ___scrt_set_unhandled_exception_filter 100112d0 f   MSVCRTD:utility_desktop.obj
 0001:000102f0       ___scrt_exe_initialize_mta 100112f0 f   MSVCRTD:utility_desktop.obj
 0001:000102f0       ___scrt_stub_for_initialize_mta 100112f0 f   MSVCRTD:utility_desktop.obj
 0001:00010300       ___scrt_unhandled_exception_filter@4 10011300 f   MSVCRTD:utility_desktop.obj
 0001:000103a0       __crt_debugger_hook        100113a0 f   MSVCRTD:utility_desktop.obj
 0001:000103c0       __except_handler4          100113c0 f   MSVCRTD:chandler4gs.obj
 0001:00010410       @_guard_check_icall_nop@4  10011410 f i MSVCRTD:guard_support.obj
 0001:00010420       _ReadNoFence               10011420 f i MSVCRTD:guard_support.obj
 0001:00010440       _ReadPointerNoFence        10011440 f i MSVCRTD:guard_support.obj
 0001:00010460       __InlineInterlockedExchangePointer 10011460 f i MSVCRTD:guard_support.obj
 0001:00010470       ___castguard_check_failure_debugbreak 10011470 f i MSVCRTD:guard_support.obj
 0001:00010490       ___castguard_check_failure_fastfail 10011490 f i MSVCRTD:guard_support.obj
 0001:000104c0       ___castguard_check_failure_nop 100114c0 f i MSVCRTD:guard_support.obj
 0001:000104d0       ___castguard_check_failure_os_handled 100114d0 f i MSVCRTD:guard_support.obj
 0001:00010530       ___castguard_check_failure_user_handled 10011530 f i MSVCRTD:guard_support.obj
 0001:000105f0       ___castguard_set_user_handler 100115f0 f i MSVCRTD:guard_support.obj
 0001:00010620       ___castguard_slow_path_check_debugbreak 10011620 f i MSVCRTD:guard_support.obj
 0001:00010660       ___castguard_slow_path_check_fastfail 10011660 f i MSVCRTD:guard_support.obj
 0001:000106b0       ___castguard_slow_path_check_nop 100116b0 f i MSVCRTD:guard_support.obj
 0001:000106c0       ___castguard_slow_path_check_os_handled 100116c0 f i MSVCRTD:guard_support.obj
 0001:00010710       ___castguard_slow_path_check_user_handled 10011710 f i MSVCRTD:guard_support.obj
 0001:000107b0       __guard_icall_checks_enforced 100117b0 f i MSVCRTD:guard_support.obj
 0001:00010880       ___security_init_cookie    10011880 f   MSVCRTD:gs_support.obj
 0001:00010920       ?__scrt_initialize_type_info@@YAXXZ 10011920 f   MSVCRTD:tncleanup.obj
 0001:00010940       ?__scrt_uninitialize_type_info@@YAXXZ 10011940 f   MSVCRTD:tncleanup.obj
 0001:00010960       ___local_stdio_scanf_options 10011960 f i MSVCRTD:default_local_stdio_options.obj
 0001:00010970       ___scrt_initialize_default_local_stdio_options 10011970 f   MSVCRTD:default_local_stdio_options.obj
 0001:000109c0       ___scrt_get_dyn_tls_init_callback 100119c0 f   MSVCRTD:dyn_tls_init.obj
 0001:000109d0       __RTC_Initialize           100119d0 f   MSVCRTD:initsect.obj
 0001:00010a10       __RTC_Terminate            10011a10 f   MSVCRTD:initsect.obj
 0001:00010ff0       ?_RTC_GetSrcLine@@YAHPAEPA_WKPAH1K@Z 10011ff0 f   MSVCRTD:pdblkup.obj
 0001:00011450       __except_handler4_noexcept 10012450 f   MSVCRTD:chandler4_noexcept.obj
 0001:00011590       ?detour_2gb_above@@YAKK@Z  10012590 f i detours:detours.obj
 0001:000115d0       ?detour_2gb_below@@YAKK@Z  100125d0 f i detours:detours.obj
 0001:00011c40       ?detour_does_code_end_function@@YAHPAE@Z 10012c40 f i detours:detours.obj
 0001:00011e70       ?detour_find_jmp_bounds@@YAXPAEPAPAU_DETOUR_TRAMPOLINE@@1@Z 10012e70 f i detours:detours.obj
 0001:00012010       ?detour_gen_brk@@YAPAEPAE0@Z 10013010 f i detours:detours.obj
 0001:00012040       ?detour_gen_jmp_immediate@@YAPAEPAE0@Z 10013040 f i detours:detours.obj
 0001:00012090       ?detour_is_code_filler@@YAKPAE@Z 10013090 f i detours:detours.obj
 0001:00012aa0       ?detour_skip_jmp@@YAPAEPAEPAPAX@Z 10013aa0 f i detours:detours.obj
 0001:00012cb0       _DetourAllocateRegionWithinJumpBounds@8 10013cb0 f   detours:detours.obj
 0001:00012d20       _DetourAreSameGuid@8       10013d20 f   detours:detours.obj
 0001:00012f10       _DetourAttach@8            10013f10 f   detours:detours.obj
 0001:00012f30       _DetourAttachEx@20         10013f30 f   detours:detours.obj
 0001:00013490       _DetourCodeFromPointer@8   10014490 f   detours:detours.obj
 0001:000134b0       _DetourDetach@8            100144b0 f   detours:detours.obj
 0001:00013700       _DetourIsFunctionImported@8 10014700 f   detours:detours.obj
 0001:00013720       _DetourSetIgnoreTooSmall@4 10014720 f   detours:detours.obj
 0001:00013750       _DetourSetRetainRegions@4  10014750 f   detours:detours.obj
 0001:00013780       _DetourSetSystemRegionLowerBound@4 10014780 f   detours:detours.obj
 0001:000137b0       _DetourSetSystemRegionUpperBound@4 100147b0 f   detours:detours.obj
 0001:000137e0       _DetourTransactionAbort@0  100147e0 f   detours:detours.obj
 0001:00013930       _DetourTransactionBegin@0  10014930 f   detours:detours.obj
 0001:000139b0       _DetourTransactionCommit@0 100149b0 f   detours:detours.obj
 0001:000139c0       _DetourTransactionCommitEx@4 100149c0 f   detours:detours.obj
 0001:00013f40       _DetourUpdateThread@4      10014f40 f   detours:detours.obj
 0001:00014030       _DetourVirtualProtectSameExecute@16 10015030 f   detours:detours.obj
 0001:00014060       _DetourVirtualProtectSameExecuteEx@20 10015060 f   detours:detours.obj
 0001:00014140       ?DetourLoadImageHlp@@YAPAU_DETOUR_SYM_INFO@@XZ 10015140 f   detours:modules.obj
 0001:000146e0       ?StringCchCatA@@YGJPADIPBD@Z 100156e0 f i detours:modules.obj
 0001:00014750       ?StringCchCopyA@@YGJPADIPBD@Z 10015750 f i detours:modules.obj
 0001:000149c0       _DetourEnumerateExports@12 100159c0 f   detours:modules.obj
 0001:00014d90       _DetourEnumerateImports@16 10015d90 f   detours:modules.obj
 0001:00014df0       _DetourEnumerateImportsEx@16 10015df0 f   detours:modules.obj
 0001:000151e0       _DetourEnumerateModules@4  100161e0 f   detours:modules.obj
 0001:000153b0       _DetourFindFunction@8      100163b0 f   detours:modules.obj
 0001:00015660       _DetourFindPayload@12      10016660 f   detours:modules.obj
 0001:00015870       _DetourFindPayloadEx@8     10016870 f   detours:modules.obj
 0001:000158e0       _DetourFreePayload@4       100168e0 f   detours:modules.obj
 0001:00015940       _DetourGetContainingModule@4 10016940 f   detours:modules.obj
 0001:00015b90       _DetourGetEntryPoint@4     10016b90 f   detours:modules.obj
 0001:00015eb0       _DetourGetModuleSize@4     10016eb0 f   detours:modules.obj
 0001:00016070       _DetourGetSizeOfPayloads@4 10017070 f   detours:modules.obj
 0001:000161c0       _DetourRestoreAfterWith@0  100171c0 f   detours:modules.obj
 0001:00016210       _DetourRestoreAfterWithEx@8 10017210 f   detours:modules.obj
 0001:00016450       ?CopyBytes@CDetourDis@@IAEPAEPBUCOPYENTRY@1@PAE1@Z 10017450 f   detours:disasm.obj
 0001:00016680       ?CopyBytesPrefix@CDetourDis@@IAEPAEPBUCOPYENTRY@1@PAE1@Z 10017680 f   detours:disasm.obj
 0001:00016700       ?CopyBytesSegment@CDetourDis@@IAEPAEPBUCOPYENTRY@1@PAE1@Z 10017700 f   detours:disasm.obj
 0001:00016740       ?CopyBytesJump@CDetourDis@@IAEPAEPBUCOPYENTRY@1@PAE1@Z 10017740 f   detours:disasm.obj
 0001:000168a0       ?Invalid@CDetourDis@@IAEPAEPBUCOPYENTRY@1@PAE1@Z 100178a0 f   detours:disasm.obj
 0001:000168c0       ?Copy0F@CDetourDis@@IAEPAEPBUCOPYENTRY@1@PAE1@Z 100178c0 f   detours:disasm.obj
 0001:00016940       ?Copy0F00@CDetourDis@@IAEPAEPBUCOPYENTRY@1@PAE1@Z 10017940 f   detours:disasm.obj
 0001:000169b0       ?Copy0F78@CDetourDis@@IAEPAEPBUCOPYENTRY@1@PAE1@Z 100179b0 f   detours:disasm.obj
 0001:00016a10       ?Copy0FB8@CDetourDis@@IAEPAEPBUCOPYENTRY@1@PAE1@Z 10017a10 f   detours:disasm.obj
 0001:00016a70       ?Copy66@CDetourDis@@IAEPAEPBUCOPYENTRY@1@PAE1@Z 10017a70 f   detours:disasm.obj
 0001:00016ab0       ?Copy67@CDetourDis@@IAEPAEPBUCOPYENTRY@1@PAE1@Z 10017ab0 f   detours:disasm.obj
 0001:00016af0       ?CopyF2@CDetourDis@@IAEPAEPBUCOPYENTRY@1@PAE1@Z 10017af0 f   detours:disasm.obj
 0001:00016b30       ?CopyF3@CDetourDis@@IAEPAEPBUCOPYENTRY@1@PAE1@Z 10017b30 f   detours:disasm.obj
 0001:00016b70       ?CopyF6@CDetourDis@@IAEPAEPBUCOPYENTRY@1@PAE1@Z 10017b70 f   detours:disasm.obj
 0001:00016be0       ?CopyF7@CDetourDis@@IAEPAEPBUCOPYENTRY@1@PAE1@Z 10017be0 f   detours:disasm.obj
 0001:00016c50       ?CopyFF@CDetourDis@@IAEPAEPBUCOPYENTRY@1@PAE1@Z 10017c50 f   detours:disasm.obj
 0001:00016d70       ?CopyVex2@CDetourDis@@IAEPAEPBUCOPYENTRY@1@PAE1@Z 10017d70 f   detours:disasm.obj
 0001:00016e40       ?CopyVex3@CDetourDis@@IAEPAEPBUCOPYENTRY@1@PAE1@Z 10017e40 f   detours:disasm.obj
 0001:00016f40       ?CopyEvex@CDetourDis@@IAEPAEPBUCOPYENTRY@1@PAE1@Z 10017f40 f   detours:disasm.obj
 0001:00017060       ?CopyXop@CDetourDis@@IAEPAEPBUCOPYENTRY@1@PAE1@Z 10018060 f   detours:disasm.obj
 0001:00017120       ??0CDetourDis@@QAE@PAPAEPAJ@Z 10018120 f   detours:disasm.obj
 0001:00017200       ?AdjustTarget@CDetourDis@@IAEPAEPAE0III@Z 10018200 f   detours:disasm.obj
 0001:00017350       ?CopyBytesRax@CDetourDis@@IAEPAEPBUCOPYENTRY@1@PAE1@Z 10018350 f   detours:disasm.obj
 0001:000173a0       ?CopyInstruction@CDetourDis@@QAEPAEPAE0@Z 100183a0 f   detours:disasm.obj
 0001:00017420       ?CopyVexCommon@CDetourDis@@IAEPAEEPAE0@Z 10018420 f   detours:disasm.obj
 0001:00017480       ?CopyVexEvexCommon@CDetourDis@@IAEPAEEPAE0EE@Z 10018480 f   detours:disasm.obj
 0001:000175d0       ?SanityCheckSystem@CDetourDis@@SAHXZ 100185d0 f   detours:disasm.obj
 0001:000175e0       ?SetCodeModule@CDetourDis@@SAHPAE0H@Z 100185e0 f   detours:disasm.obj
 0001:00017620       _DetourCopyInstruction@20  10018620 f   detours:disasm.obj
 0001:00017670       _DetourSetCodeModule@8     10018670 f   detours:disasm.obj
 0001:000176d2       _closesocket@4             100186d2 f   ws2_32:WS2_32.dll
 0001:000176d8       _connect@12                100186d8 f   ws2_32:WS2_32.dll
 0001:000176de       _htons@4                   100186de f   ws2_32:WS2_32.dll
 0001:000176e4       _setsockopt@20             100186e4 f   ws2_32:WS2_32.dll
 0001:000176ea       _WSAStartup@8              100186ea f   ws2_32:WS2_32.dll
 0001:000176f0       _WSACleanup@0              100186f0 f   ws2_32:WS2_32.dll
 0001:000176f6       _WSAGetLastError@0         100186f6 f   ws2_32:WS2_32.dll
 0001:000176fc       _inet_pton@12              100186fc f   ws2_32:WS2_32.dll
 0001:00017702       _memset                    10018702 f   vcruntimed:VCRUNTIME140D.dll
 0001:00017708       _strstr                    10018708 f   vcruntimed:VCRUNTIME140D.dll
 0001:0001770e       _memcpy                    1001870e f   vcruntimed:VCRUNTIME140D.dll
 0001:00017714       ___std_exception_copy      10018714 f   vcruntimed:VCRUNTIME140D.dll
 0001:0001771a       ___std_exception_destroy   1001871a f   vcruntimed:VCRUNTIME140D.dll
 0001:00017720       __CxxThrowException@8      10018720 f   vcruntimed:VCRUNTIME140D.dll
 0001:00017726       ___CxxFrameHandler3        10018726 f   vcruntimed:VCRUNTIME140D.dll
 0001:0001772c       ___current_exception       1001872c f   vcruntimed:VCRUNTIME140D.dll
 0001:00017732       ___current_exception_context 10018732 f   vcruntimed:VCRUNTIME140D.dll
 0001:00017738       __except_handler4_common   10018738 f   vcruntimed:VCRUNTIME140D.dll
 0001:0001773e       ___std_type_info_destroy_list 1001873e f   vcruntimed:VCRUNTIME140D.dll
 0001:00017744       ___vcrt_GetModuleFileNameW 10018744 f   vcruntimed:VCRUNTIME140D.dll
 0001:0001774a       ___vcrt_GetModuleHandleW   1001874a f   vcruntimed:VCRUNTIME140D.dll
 0001:00017750       ___vcrt_LoadLibraryExW     10018750 f   vcruntimed:VCRUNTIME140D.dll
 0001:00017756       __invalid_parameter        10018756 f   ucrtd:ucrtbased.dll
 0001:0001775c       _strcpy_s                  1001875c f   ucrtd:ucrtbased.dll
 0001:00017762       _strcat_s                  10018762 f   ucrtd:ucrtbased.dll
 0001:00017768       _strncat_s                 10018768 f   ucrtd:ucrtbased.dll
 0001:0001776e       _strncpy_s                 1001876e f   ucrtd:ucrtbased.dll
 0001:00017774       _strcmp                    10018774 f   ucrtd:ucrtbased.dll
 0001:0001777a       _strlen                    1001877a f   ucrtd:ucrtbased.dll
 0001:00017780       __CrtDbgReport             10018780 f   ucrtd:ucrtbased.dll
 0001:00017786       ___stdio_common_vsnprintf_s 10018786 f   ucrtd:ucrtbased.dll
 0001:0001778c       _atoi                      1001878c f   ucrtd:ucrtbased.dll
 0001:00017792       __invalid_parameter_noinfo 10018792 f   ucrtd:ucrtbased.dll
 0001:00017798       __errno                    10018798 f   ucrtd:ucrtbased.dll
 0001:0001779e       ___acrt_iob_func           1001879e f   ucrtd:ucrtbased.dll
 0001:000177a4       _freopen_s                 100187a4 f   ucrtd:ucrtbased.dll
 0001:000177aa       _terminate                 100187aa f   ucrtd:ucrtbased.dll
 0001:000177b0       __beginthreadex            100187b0 f   ucrtd:ucrtbased.dll
 0001:000177b6       _setlocale                 100187b6 f   ucrtd:ucrtbased.dll
 0001:000177bc       __CrtDbgReportW            100187bc f   ucrtd:ucrtbased.dll
 0001:000177c2       __callnewh                 100187c2 f   ucrtd:ucrtbased.dll
 0001:000177c8       _malloc                    100187c8 f   ucrtd:ucrtbased.dll
 0001:000177ce       __seh_filter_dll           100187ce f   ucrtd:ucrtbased.dll
 0001:000177d4       __configure_narrow_argv    100187d4 f   ucrtd:ucrtbased.dll
 0001:000177da       __initialize_narrow_environment 100187da f   ucrtd:ucrtbased.dll
 0001:000177e0       __initialize_onexit_table  100187e0 f   ucrtd:ucrtbased.dll
 0001:000177e6       __register_onexit_function 100187e6 f   ucrtd:ucrtbased.dll
 0001:000177ec       __execute_onexit_table     100187ec f   ucrtd:ucrtbased.dll
 0001:000177f2       __crt_atexit               100187f2 f   ucrtd:ucrtbased.dll
 0001:000177f8       __crt_at_quick_exit        100187f8 f   ucrtd:ucrtbased.dll
 0001:000177fe       __cexit                    100187fe f   ucrtd:ucrtbased.dll
 0001:00017804       __initterm                 10018804 f   ucrtd:ucrtbased.dll
 0001:0001780a       __initterm_e               1001880a f   ucrtd:ucrtbased.dll
 0001:00017810       ___stdio_common_vsprintf_s 10018810 f   ucrtd:ucrtbased.dll
 0001:00017816       __free_dbg                 10018816 f   ucrtd:ucrtbased.dll
 0001:0001781c       __wmakepath_s              1001881c f   ucrtd:ucrtbased.dll
 0001:00017822       __wsplitpath_s             10018822 f   ucrtd:ucrtbased.dll
 0001:00017828       _wcscpy_s                  10018828 f   ucrtd:ucrtbased.dll
 0001:0001782e       _UnhandledExceptionFilter@4 1001882e f   kernel32:KERNEL32.dll
 0001:00017834       _SetUnhandledExceptionFilter@4 10018834 f   kernel32:KERNEL32.dll
 0001:0001783a       _TerminateProcess@8        1001883a f   kernel32:KERNEL32.dll
 0001:00017840       _IsProcessorFeaturePresent@4 10018840 f   kernel32:KERNEL32.dll
 0001:00017846       _CloseHandle@4             10018846 f   kernel32:KERNEL32.dll
 0001:0001784c       _EnterCriticalSection@4    1001884c f   kernel32:KERNEL32.dll
 0001:00017852       _LeaveCriticalSection@4    10018852 f   kernel32:KERNEL32.dll
 0001:00017858       _InitializeCriticalSectionAndSpinCount@8 10018858 f   kernel32:KERNEL32.dll
 0001:0001785e       _DeleteCriticalSection@4   1001885e f   kernel32:KERNEL32.dll
 0001:00017864       _SetEvent@4                10018864 f   kernel32:KERNEL32.dll
 0001:0001786a       _ResetEvent@4              1001886a f   kernel32:KERNEL32.dll
 0001:00017870       _WaitForSingleObjectEx@12  10018870 f   kernel32:KERNEL32.dll
 0001:00017876       _CreateEventW@16           10018876 f   kernel32:KERNEL32.dll
 0001:0001787c       _GetProcAddress@8          1001887c f   kernel32:KERNEL32.dll
 0001:00017882       _IsDebuggerPresent@0       10018882 f   kernel32:KERNEL32.dll
 0001:00017888       _RaiseException@16         10018888 f   kernel32:KERNEL32.dll
 0001:0001788e       _MultiByteToWideChar@24    1001888e f   kernel32:KERNEL32.dll
 0001:00017894       _WideCharToMultiByte@32    10018894 f   kernel32:KERNEL32.dll
 0001:0001789a       _GetStartupInfoW@4         1001889a f   kernel32:KERNEL32.dll
 0001:000178a0       _QueryPerformanceCounter@4 100188a0 f   kernel32:KERNEL32.dll
 0001:000178a6       _GetSystemTimeAsFileTime@4 100188a6 f   kernel32:KERNEL32.dll
 0001:000178ac       _InitializeSListHead@4     100188ac f   kernel32:KERNEL32.dll
 0001:000178b2       _GetLastError@0            100188b2 f   kernel32:KERNEL32.dll
 0001:000178b8       _HeapAlloc@12              100188b8 f   kernel32:KERNEL32.dll
 0001:000178be       _HeapFree@12               100188be f   kernel32:KERNEL32.dll
 0001:000178c4       _GetProcessHeap@0          100188c4 f   kernel32:KERNEL32.dll
 0001:000178ca       _VirtualQuery@12           100188ca f   kernel32:KERNEL32.dll
 0001:000178d0       _SuspendThread@4           100188d0 f   kernel32:KERNEL32.dll
 0001:000178d6       _ResumeThread@4            100188d6 f   kernel32:KERNEL32.dll
 0001:000178dc       _GetThreadContext@8        100188dc f   kernel32:KERNEL32.dll
 0001:000178e2       _SetThreadContext@8        100188e2 f   kernel32:KERNEL32.dll
 0001:000178e8       _FlushInstructionCache@12  100188e8 f   kernel32:KERNEL32.dll
 0001:000178ee       _VirtualAlloc@16           100188ee f   kernel32:KERNEL32.dll
 0001:000178f4       _VirtualFree@12            100188f4 f   kernel32:KERNEL32.dll
 0001:000178fa       _VirtualProtectEx@20       100188fa f   kernel32:KERNEL32.dll
 0001:00017900       _VirtualQueryEx@16         10018900 f   kernel32:KERNEL32.dll
 0001:00017906       _LoadLibraryExA@12         10018906 f   kernel32:KERNEL32.dll
 0001:0001790c       _LoadLibraryExW@12         1001890c f   kernel32:KERNEL32.dll
 0001:00017920       ___acrt_initialize         10018920 f   MSVCRTD:ucrt_stubs.obj
 0001:00017920       ___scrt_stub_for_acrt_initialize 10018920 f   MSVCRTD:ucrt_stubs.obj
 0001:00017920       ___vcrt_initialize         10018920 f   MSVCRTD:ucrt_stubs.obj
 0001:00017930       ___acrt_thread_attach      10018930 f   MSVCRTD:ucrt_stubs.obj
 0001:00017930       ___scrt_stub_for_acrt_thread_attach 10018930 f   MSVCRTD:ucrt_stubs.obj
 0001:00017930       ___vcrt_thread_attach      10018930 f   MSVCRTD:ucrt_stubs.obj
 0001:00017940       ___acrt_thread_detach      10018940 f   MSVCRTD:ucrt_stubs.obj
 0001:00017940       ___scrt_stub_for_acrt_thread_detach 10018940 f   MSVCRTD:ucrt_stubs.obj
 0001:00017940       ___vcrt_thread_detach      10018940 f   MSVCRTD:ucrt_stubs.obj
 0001:00017950       ___acrt_uninitialize       10018950 f   MSVCRTD:ucrt_stubs.obj
 0001:00017950       ___scrt_stub_for_acrt_uninitialize 10018950 f   MSVCRTD:ucrt_stubs.obj
 0001:00017950       ___vcrt_uninitialize       10018950 f   MSVCRTD:ucrt_stubs.obj
 0001:00017960       ___acrt_uninitialize_critical 10018960 f   MSVCRTD:ucrt_stubs.obj
 0001:00017960       ___scrt_stub_for_acrt_uninitialize_critical 10018960 f   MSVCRTD:ucrt_stubs.obj
 0001:00017960       ___vcrt_uninitialize_critical 10018960 f   MSVCRTD:ucrt_stubs.obj
 0001:00017970       ___scrt_stub_for_is_c_termination_complete 10018970 f   MSVCRTD:ucrt_stubs.obj
 0001:00017970       __is_c_termination_complete 10018970 f   MSVCRTD:ucrt_stubs.obj
 0001:00017980       __filter_x86_sse2_floating_point_exception 10018980 f   MSVCRTD:x86_exception_filter.obj
 0001:00017980       __filter_x86_sse2_floating_point_exception_default 10018980 f   MSVCRTD:x86_exception_filter.obj
 0001:0001b0c0       ??__Finstance@?1??get_instance@GameService@@SAAAV1@XZ@YAXXZ 1001c0c0 f i sadll.obj
 0002:00000000       ___xc_a                    1001e000     MSVCRTD:initializers.obj
 0002:00000104       ___xc_z                    1001e104     MSVCRTD:initializers.obj
 0002:00000208       ___xi_a                    1001e208     MSVCRTD:initializers.obj
 0002:00000410       ___xi_z                    1001e410     MSVCRTD:initializers.obj
 0002:00000514       ___xl_a                    1001e514     MSVCRTD:tlssup.obj
 0002:00000518       ___xl_z                    1001e518     MSVCRTD:tlssup.obj
 0002:0000051c       ___xp_a                    1001e51c     MSVCRTD:initializers.obj
 0002:00000620       ___xp_z                    1001e620     MSVCRTD:initializers.obj
 0002:00000724       ___xt_a                    1001e724     MSVCRTD:initializers.obj
 0002:00000828       ___xt_z                    1001e828     MSVCRTD:initializers.obj
 0002:00000968       ??_C@_01ICJEACDI@?$DL@     1001e968     autil.obj
 0002:00000970       ??_C@_0EB@CPNIKEEC@0123456789ABCDEFGHIJKLMNOPQRSTU@ 1001e970     autil.obj
 0002:000009c0       ??_C@_01IPJKGB@?$CD@       1001e9c0     autil.obj
 0002:000009c4       ??_C@_02DKCKIIND@?$CFs@    1001e9c4     autil.obj
 0002:000009c8       ??_C@_11LOCGONAA@@         1001e9c8     autil.obj
 0002:000009d0       ??_C@_0GB@FECHECBJ@D?3?2Program?5Files?2Microsoft?5Visu@ 1001e9d0     autil.obj
 0002:00000a48       ??_C@_1MC@LCPLFHLA@?$AAD?$AA?3?$AA?2?$AAP?$AAr?$AAo?$AAg?$AAr?$AAa?$AAm?$AA?5?$AAF?$AAi?$AAl?$AAe@ 1001ea48     autil.obj
 0002:00000b30       ??_C@_0CO@CCCJIBKO@invalid?5min?5and?5max?5arguments?5f@ 1001eb30     autil.obj
 0002:00000b68       ??_C@_1GA@FJHEAOJP@?$AA?$CC?$AAi?$AAn?$AAv?$AAa?$AAl?$AAi?$AAd?$AA?5?$AAm?$AAi?$AAn?$AA?5?$AAa?$AAn@ 1001eb68     autil.obj
 0002:0000123c       ??_7exception@std@@6B@     1001f23c     sadll.obj
 0002:00001248       ??_C@_0BC@EOODALEL@Unknown?5exception@ 1001f248     sadll.obj
 0002:00001264       ??_7bad_alloc@std@@6B@     1001f264     sadll.obj
 0002:00001274       ??_7bad_array_new_length@std@@6B@ 1001f274     sadll.obj
 0002:00001280       ??_C@_0BF@KINCDENJ@bad?5array?5new?5length@ 1001f280     sadll.obj
 0002:0000129c       ??_C@_0BB@FCMFBGOM@invalid?5argument@ 1001f29c     sadll.obj
 0002:000012b0       ??_C@_0GC@LMAPENHO@D?3?2Program?5Files?2Microsoft?5Visu@ 1001f2b0     sadll.obj
 0002:00001328       ??_C@_1ME@KGLMCDIJ@?$AAD?$AA?3?$AA?2?$AAP?$AAr?$AAo?$AAg?$AAr?$AAa?$AAm?$AA?5?$AAF?$AAi?$AAl?$AAe@ 1001f328     sadll.obj
 0002:00001414       ??_C@_1CG@JNLFBNGN@?$AA?$CC?$AAi?$AAn?$AAv?$AAa?$AAl?$AAi?$AAd?$AA?5?$AAa?$AAr?$AAg?$AAu?$AAm?$AAe@ 1001f414     sadll.obj
 0002:00001444       ??_C@_0BF@FBDAHHJI@Invalid?5memory?5order@ 1001f444     sadll.obj
 0002:00001460       ??_C@_0GB@ILGMGAGE@D?3?2Program?5Files?2Microsoft?5Visu@ 1001f460     sadll.obj
 0002:000014d8       ??_C@_1MC@PKJIDANA@?$AAD?$AA?3?$AA?2?$AAP?$AAr?$AAo?$AAg?$AAr?$AAa?$AAm?$AA?5?$AAF?$AAi?$AAl?$AAe@ 1001f4d8     sadll.obj
 0002:000015c0       ??_C@_1CO@JOMFDNFG@?$AA?$CC?$AAI?$AAn?$AAv?$AAa?$AAl?$AAi?$AAd?$AA?5?$AAm?$AAe?$AAm?$AAo?$AAr?$AAy@ 1001f5c0     sadll.obj
 0002:000015f8       ??_C@_0BA@JFNIOLAK@string?5too?5long@ 1001f5f8     sadll.obj
 0002:0000160c       ??_C@_0DG@KGHKKGBC@null?5pointer?5cannot?5point?5to?5a?5@ 1001f60c     sadll.obj
 0002:00001650       ??_C@_1HA@FACCKGGH@?$AA?$CC?$AAn?$AAu?$AAl?$AAl?$AA?5?$AAp?$AAo?$AAi?$AAn?$AAt?$AAe?$AAr?$AA?5?$AAc@ 1001f650     sadll.obj
 0002:000016d8       ??_C@_0BJ@HAJGEHKO@transposed?5pointer?5range@ 1001f6d8     sadll.obj
 0002:000016f8       ??_C@_0GD@HEPKFHCG@D?3?2Program?5Files?2Microsoft?5Visu@ 1001f6f8     sadll.obj
 0002:00001770       ??_C@_1MG@EFOGNJMO@?$AAD?$AA?3?$AA?2?$AAP?$AAr?$AAo?$AAg?$AAr?$AAa?$AAm?$AA?5?$AAF?$AAi?$AAl?$AAe@ 1001f770     sadll.obj
 0002:00001860       ??_C@_1DG@FJIKMGFD@?$AA?$CC?$AAt?$AAr?$AAa?$AAn?$AAs?$AAp?$AAo?$AAs?$AAe?$AAd?$AA?5?$AAp?$AAo?$AAi@ 1001f860     sadll.obj
 0002:000018a4       ??_7SyncClient@@6B@        1001f8a4     sadll.obj
 0002:000018ac       ??_C@_0BP@GEDJMKHO@WSAStartup?5failed?5with?5error?3?5@ 1001f8ac     sadll.obj
 0002:000018d4       ??_C@_0BL@BHEMOCNM@socket?5failed?5with?5error?3?5@ 1001f8d4     sadll.obj
 0002:000018f4       ??_C@_0CA@EONFHMJK@inet_pton?5failed?4?5Error?5Code?5?3?5@ 1001f8f4     sadll.obj
 0002:0000191c       ??_C@_0BO@LFDJDNGG@connect?5failed?4?5Error?5Code?5?3?5@ 1001f91c     sadll.obj
 0002:0000194c       ??_C@_17CNPHIMPH@?$AA?$CF?$AAl?$AAs@ 1001f94c     MSVCRTD:thread_safe_statics.obj
 0002:00001958       ??_C@_1EC@JIJBPKFM@?$AAa?$AAp?$AAi?$AA?9?$AAm?$AAs?$AA?9?$AAw?$AAi?$AAn?$AA?9?$AAc?$AAo?$AAr?$AAe@ 1001f958     MSVCRTD:thread_safe_statics.obj
 0002:000019a8       ??_C@_1BK@MGMFAEKH@?$AAk?$AAe?$AAr?$AAn?$AAe?$AAl?$AA3?$AA2?$AA?4?$AAd?$AAl?$AAl@ 1001f9a8     MSVCRTD:thread_safe_statics.obj
 0002:000019c8       ??_C@_0BJ@JEBJOJFJ@SleepConditionVariableCS@ 1001f9c8     MSVCRTD:thread_safe_statics.obj
 0002:000019e8       ??_C@_0BJ@PGPPEPCC@WakeAllConditionVariable@ 1001f9e8     MSVCRTD:thread_safe_statics.obj
 0002:00001a08       ??_C@_1JE@OMOJFEE@?$AAD?$AA?3?$AA?2?$AAa?$AA?2?$AA_?$AAw?$AAo?$AAr?$AAk?$AA?2?$AA1?$AA?2?$AAs?$AA?2@ 1001fa08     MSVCRTD:thread_safe_statics.obj
 0002:00001ac0       ??_7type_info@@6B@         1001fac0     MSVCRTD:std_type_info_static.obj
 0002:00001ac8       __pDefaultRawDllMain       1001fac8     MSVCRTD:dll_dllmain.obj
 0002:00001ac8       __pRawDllMain              1001fac8     MSVCRTD:dll_dllmain.obj
 0002:00001b88       ??_C@_0NN@JMPELKLB@The?5value?5of?5ESP?5was?5not?5proper@ 1001fb88     MSVCRTD:error.obj
 0002:00001c98       ??_C@_0BBN@ELNNILBE@A?5cast?5to?5a?5smaller?5data?5type?5h@ 1001fc98     MSVCRTD:error.obj
 0002:00001df0       ??_C@_0BN@BPOGFMJL@Stack?5memory?5was?5corrupted?$AN?6@ 1001fdf0     MSVCRTD:error.obj
 0002:00001e14       ??_C@_0DG@DAJCDLPN@A?5local?5variable?5was?5used?5befor@ 1001fe14     MSVCRTD:error.obj
 0002:00001e54       ??_C@_0CM@JMIDGKLA@Stack?5memory?5around?5_alloca?5was@ 1001fe54     MSVCRTD:error.obj
 0002:00001e88       ??_C@_0BO@CHIONIOI@Unknown?5Runtime?5Check?5Error?$AN?6@ 1001fe88     MSVCRTD:error.obj
 0002:00001eb0       ??_C@_1GM@CNOOJIHC@?$AAR?$AAu?$AAn?$AAt?$AAi?$AAm?$AAe?$AA?5?$AAC?$AAh?$AAe?$AAc?$AAk?$AA?5?$AAE@ 1001feb0     MSVCRTD:error.obj
 0002:00001f38       ??_C@_1EA@NFKNIFJP@?$AAR?$AAu?$AAn?$AA?9?$AAT?$AAi?$AAm?$AAe?$AA?5?$AAC?$AAh?$AAe?$AAc?$AAk?$AA?5@ 1001ff38     MSVCRTD:error.obj
 0002:00001f84       ??_C@_0BB@PFFGGCJP@Unknown?5Filename@ 1001ff84     MSVCRTD:error.obj
 0002:00001f98       ??_C@_0BE@GNBOBNCK@Unknown?5Module?5Name@ 1001ff98     MSVCRTD:error.obj
 0002:00001fb0       ??_C@_0CA@IODNCDPG@Run?9Time?5Check?5Failure?5?$CD?$CFd?5?9?5?$CFs@ 1001ffb0     MSVCRTD:error.obj
 0002:00001fd8       ??_C@_0CG@IAFNJNEE@Stack?5corrupted?5near?5unknown?5va@ 1001ffd8     MSVCRTD:error.obj
 0002:00002008       ??_C@_05MKKEDADM@?$CF?42X?5@ 10020008     MSVCRTD:error.obj
 0002:00002010       ??_C@_0EJ@LJKNEOLN@Stack?5area?5around?5_alloca?5memor@ 10020010     MSVCRTD:error.obj
 0002:00002068       ??_C@_01EEMJAFIK@?6@       10020068     MSVCRTD:error.obj
 0002:0000206c       ??_C@_02LLMPMKNF@?$DO?5@   1002006c     MSVCRTD:error.obj
 0002:00002070       ??_C@_08OMAHNMHJ@?6Data?3?5?$DM@ 10020070     MSVCRTD:error.obj
 0002:0000207c       ??_C@_0CK@DKGBICFE@?6Allocation?5number?5within?5this?5@ 1002007c     MSVCRTD:error.obj
 0002:000020b0       ??_C@_07DFDJCKFN@?6Size?3?5@ 100200b0     MSVCRTD:error.obj
 0002:000020bc       ??_C@_0N@MHFFIMFG@?6Address?3?50x@ 100200bc     MSVCRTD:error.obj
 0002:000020d0       ??_C@_0EI@CLEPFNGI@Stack?5area?5around?5_alloca?5memor@ 100200d0     MSVCRTD:error.obj
 0002:00002128       ??_C@_0BK@ODNDAGKB@?$CFs?$CFs?$CFp?$CFs?$CFzd?$CFs?$CFd?$CFs?$CFs?$CFs?$CFs?$CFs@ 10020128     MSVCRTD:error.obj
 0002:00002148       ??_C@_0DE@OHJBPMBP@A?5variable?5is?5being?5used?5withou@ 10020148     MSVCRTD:error.obj
 0002:000021a0       ??_C@_0BJ@HEGAHDFO@Stack?5pointer?5corruption@ 100201a0     MSVCRTD:userapi.obj
 0002:000021c0       ??_C@_0CK@FEGOIOPB@Cast?5to?5smaller?5type?5causing?5lo@ 100201c0     MSVCRTD:userapi.obj
 0002:000021f4       ??_C@_0BI@CIGMDCBH@Stack?5memory?5corruption@ 100201f4     MSVCRTD:userapi.obj
 0002:00002210       ??_C@_0CK@CNLNOEPB@Local?5variable?5used?5before?5init@ 10020210     MSVCRTD:userapi.obj
 0002:00002244       ??_C@_0BP@OGBCLIBO@Stack?5around?5_alloca?5corrupted@ 10020244     MSVCRTD:userapi.obj
 0002:0000226c       ??_C@_0P@GHFPNOJB@bad?5allocation@ 1002026c     MSVCRTD:throw_bad_alloc.obj
 0002:000022d8       ??_C@_1EI@MLPKHBGE@?$AAa?$AAp?$AAi?$AA?9?$AAm?$AAs?$AA?9?$AAw?$AAi?$AAn?$AA?9?$AAc?$AAo?$AAr?$AAe@ 100202d8     MSVCRTD:pdblkup.obj
 0002:00002330       ??_C@_1BK@JHLNAEJL@?$AAa?$AAd?$AAv?$AAa?$AAp?$AAi?$AA3?$AA2?$AA?4?$AAd?$AAl?$AAl@ 10020330     MSVCRTD:pdblkup.obj
 0002:00002350       ??_C@_0O@COHOBMLB@RegOpenKeyExW@ 10020350     MSVCRTD:pdblkup.obj
 0002:00002360       ??_C@_0BB@GLNAEDBD@RegQueryValueExW@ 10020360     MSVCRTD:pdblkup.obj
 0002:00002374       ??_C@_0M@HLOHPNFA@RegCloseKey@ 10020374     MSVCRTD:pdblkup.obj
 0002:00002388       ??_C@_1HE@EBEAGLFB@?$AAS?$AAO?$AAF?$AAT?$AAW?$AAA?$AAR?$AAE?$AA?2?$AAW?$AAo?$AAw?$AA6?$AA4?$AA3@ 10020388     MSVCRTD:pdblkup.obj
 0002:00002414       ??_C@_1BG@EABPBLLF@?$AAP?$AAr?$AAo?$AAd?$AAu?$AAc?$AAt?$AAD?$AAi?$AAr@ 10020414     MSVCRTD:pdblkup.obj
 0002:00002454       ??_C@_1BC@JINFINNJ@?$AAM?$AAS?$AAP?$AAD?$AAB?$AA1?$AA4?$AA0@ 10020454     MSVCRTD:pdblkup.obj
 0002:0000246c       ??_C@_0BB@KCIACLNC@PDBOpenValidate5@ 1002046c     MSVCRTD:pdblkup.obj
 0002:00002480       ??_C@_01KDCPPGHE@r@        10020480     MSVCRTD:pdblkup.obj
 0002:0000248c       _DETOUR_EXE_RESTORE_GUID   1002048c     detours:modules.obj
 0002:00002590       __load_config_used         10020590     MSVCRTD:loadcfg.obj
 0002:00002840       ___CastGuardVftablesStart  10020840     MSVCRTD:guard_support.obj
 0002:000029c0       ___CastGuardVftablesEnd    100209c0     MSVCRTD:guard_support.obj
 0002:00002b0c       __tls_used                 10020b0c     MSVCRTD:tlssup.obj
 0002:00002c28       ??_R4exception@std@@6B@    10020c28     sadll.obj
 0002:00002c40       ??_R3exception@std@@8      10020c40     sadll.obj
 0002:00002c54       ??_R2exception@std@@8      10020c54     sadll.obj
 0002:00002c5c       ??_R1A@?0A@EA@exception@std@@8 10020c5c     sadll.obj
 0002:00002c80       ??_R4bad_alloc@std@@6B@    10020c80     sadll.obj
 0002:00002c98       ??_R3bad_alloc@std@@8      10020c98     sadll.obj
 0002:00002cac       ??_R2bad_alloc@std@@8      10020cac     sadll.obj
 0002:00002cb8       ??_R1A@?0A@EA@bad_alloc@std@@8 10020cb8     sadll.obj
 0002:00002cdc       ??_R4bad_array_new_length@std@@6B@ 10020cdc     sadll.obj
 0002:00002cf4       ??_R3bad_array_new_length@std@@8 10020cf4     sadll.obj
 0002:00002d08       ??_R2bad_array_new_length@std@@8 10020d08     sadll.obj
 0002:00002d18       ??_R1A@?0A@EA@bad_array_new_length@std@@8 10020d18     sadll.obj
 0002:00002d3c       ??_R4SyncClient@@6B@       10020d3c     sadll.obj
 0002:00002d54       ??_R3SyncClient@@8         10020d54     sadll.obj
 0002:00002d68       ??_R2SyncClient@@8         10020d68     sadll.obj
 0002:00002d70       ??_R1A@?0A@EA@SyncClient@@8 10020d70     sadll.obj
 0002:00002d94       ??_R4type_info@@6B@        10020d94     MSVCRTD:std_type_info_static.obj
 0002:00002dac       ??_R3type_info@@8          10020dac     MSVCRTD:std_type_info_static.obj
 0002:00002dc0       ??_R2type_info@@8          10020dc0     MSVCRTD:std_type_info_static.obj
 0002:00002dc8       ??_R1A@?0A@EA@type_info@@8 10020dc8     MSVCRTD:std_type_info_static.obj
 0002:00002ef4       ___safe_se_handler_table   10020ef4     <linker-defined>
 0002:00003264       ___rtc_iaa                 10021264     MSVCRTD:initsect.obj
 0002:00003478       ___rtc_izz                 10021478     MSVCRTD:initsect.obj
 0002:0000357c       ___rtc_taa                 1002157c     MSVCRTD:initsect.obj
 0002:00003790       ___rtc_tzz                 10021790     MSVCRTD:initsect.obj
 0002:000041b8       __TI3?AVbad_array_new_length@std@@ 100221b8     sadll.obj
 0002:000041cc       __CTA3?AVbad_array_new_length@std@@ 100221cc     sadll.obj
 0002:000041e0       __CT??_R0?AVbad_array_new_length@std@@@8??0bad_array_new_length@std@@QAE@ABV01@@Z12 100221e0     sadll.obj
 0002:00004200       __CT??_R0?AVbad_alloc@std@@@8??0bad_alloc@std@@QAE@ABV01@@Z12 10022200     sadll.obj
 0002:00004220       __CT??_R0?AVexception@std@@@8??0exception@std@@QAE@ABV01@@Z12 10022220     sadll.obj
 0002:000042f0       __TI2?AVbad_alloc@std@@    100222f0     MSVCRTD:throw_bad_alloc.obj
 0002:00004304       __CTA2?AVbad_alloc@std@@   10022304     MSVCRTD:throw_bad_alloc.obj
 0003:00000000       ?instance@?1??get_instance@GameService@@SAAAV2@XZ@4V2@A 10023000     sadll.obj
 0003:00000060       ___security_cookie_complement 10023060     MSVCRTD:gs_cookie.obj
 0003:00000064       ___security_cookie         10023064     MSVCRTD:gs_cookie.obj
 0003:0000006c       ___scrt_native_dllmain_reason 1002306c     MSVCRTD:utility.obj
 0003:00000070       __Init_global_epoch        10023070     MSVCRTD:thread_safe_statics.obj
 0003:00000074       ?_RTC_ErrorLevels@@3PAHA   10023074     MSVCRTD:error.obj
 0003:0000008c       ___isa_enabled             1002308c     MSVCRTD:cpu_disp.obj
 0003:0000009c       ___scrt_ucrt_dll_is_in_use 1002309c     MSVCRTD:ucrt_stubs.obj
 0003:000001a8       ??_R0?AVbad_array_new_length@std@@@8 100231a8     sadll.obj
 0003:000001d8       ??_R0?AVbad_alloc@std@@@8  100231d8     sadll.obj
 0003:000001fc       ??_R0?AVexception@std@@@8  100231fc     sadll.obj
 0003:00000320       ??_R0?AVSyncClient@@@8     10023320     sadll.obj
 0003:00000340       ??_R0?AVtype_info@@@8      10023340     MSVCRTD:std_type_info_static.obj
 0003:00000460       ?MesgSlice@Autil@@3PAY0PPNM@DA 10023460     autil.obj
 0003:004ff920       ?SliceCount@Autil@@3HA     10522920     autil.obj
 0003:004ff924       ?PersonalKey@Autil@@3PADA  10522924     autil.obj
 0003:005ff6f0       ?_OptionsStorage@?1??__local_stdio_printf_options@@9@4_KA 106226f0     autil.obj
 0003:005ff6fc       ___@@_PchSym_@00@UfhvihUyvhgpzpplrrUwvhpglkUehPkilqvxgUhzhsUhzwooUwvyftUkxsOlyq@4B2008FD98C1DD4 106226fc     pch.obj
 0003:005ff700       ?g_OldWndProc@@3P6GJPAUHWND__@@IIJ@ZA 10622700     sadll.obj
 0003:005ff704       ?g_MainHwnd@@3PAUHWND__@@A 10622704     sadll.obj
 0003:005ff708       ?g_hGameModule@@3PAUHINSTANCE__@@A 10622708     sadll.obj
 0003:005ff70c       ?g_hDllModule@@3PAUHINSTANCE__@@A 1062270c     sadll.obj
 0003:005ff710       ?g_szGameModulePath@@3PA_WA 10622710     sadll.obj
 0003:005ff918       ?g_MainThreadId@@3KA       10622918     sadll.obj
 0003:005ff91c       ?g_MainThreadHandle@@3PAXA 1062291c     sadll.obj
 0003:005ff920       ?g_ParenthWnd@@3PAUHWND__@@A 10622920     sadll.obj
 0003:005ff924       ?net_readbuflen@@3HA       10622924     sadll.obj
 0003:005ff928       ?net_readbuf@@3PADA        10622928     sadll.obj
 0003:00601928       ?rpc_linebuffer@@3PADA     10624928     sadll.obj
 0003:00611928       ?g_szGameTitle@@3PA_WA     10634928     sadll.obj
 0003:00615ccc       ?$TSS0@?1??get_instance@GameService@@SAAAV2@XZ@4HA 10638ccc     sadll.obj
 0003:00615cd0       ?instance@?1??getInstance@SyncClient@@CAAAV2@XZ@4PAV2@A 10638cd0     sadll.obj
 0003:00615cd4       ?$TSS0@?1??getInstance@SyncClient@@CAAAV2@XZ@4HA 10638cd4     sadll.obj
 0003:00616094       ___scrt_current_native_startup_state 10639094     MSVCRTD:utility.obj
 0003:00616098       ___scrt_native_startup_lock 10639098     MSVCRTD:utility.obj
 0003:006160f0       __tls_index                106390f0     MSVCRTD:tlssup.obj
 0003:00616104       ___isa_available           10639104     MSVCRTD:cpu_disp.obj
 0003:00616108       ___favor                   10639108     MSVCRTD:cpu_disp.obj
 0003:00616110       ___scrt_debugger_hook_flag 10639110     MSVCRTD:utility_desktop.obj
 0003:00616114       ___castguard_check_failure_user_handled_fptr 10639114     MSVCRTD:guard_support.obj
 0003:00616118       ?__type_info_root_node@@3U__type_info_node@@A 10639118     MSVCRTD:tncleanup.obj
 0003:00616128       ?_OptionsStorage@?1??__local_stdio_scanf_options@@9@4_KA 10639128     MSVCRTD:default_local_stdio_options.obj
 0003:0061619c       ___dyn_tls_init_callback   1063919c     <common>
 0003:006161a8       ___DebuggerCurrentSteppingThreadId 106391a8     <common>
 0004:00000000       __imp__SetStdHandle@8      1063a000     kernel32:KERNEL32.dll
 0004:00000004       __imp__CreateFileW@28      1063a004     kernel32:KERNEL32.dll
 0004:00000008       __imp__SetLastError@4      1063a008     kernel32:KERNEL32.dll
 0004:0000000c       __imp__Sleep@4             1063a00c     kernel32:KERNEL32.dll
 0004:00000010       __imp__GetCurrentProcess@0 1063a010     kernel32:KERNEL32.dll
 0004:00000014       __imp__GetCurrentProcessId@0 1063a014     kernel32:KERNEL32.dll
 0004:00000018       __imp__SwitchToThread@0    1063a018     kernel32:KERNEL32.dll
 0004:0000001c       __imp__GetCurrentThread@0  1063a01c     kernel32:KERNEL32.dll
 0004:00000020       __imp__GetCurrentThreadId@0 1063a020     kernel32:KERNEL32.dll
 0004:00000024       __imp__VirtualProtect@16   1063a024     kernel32:KERNEL32.dll
 0004:00000028       __imp__DisableThreadLibraryCalls@4 1063a028     kernel32:KERNEL32.dll
 0004:0000002c       __imp__FreeLibrary@4       1063a02c     kernel32:KERNEL32.dll
 0004:00000030       __imp__FreeLibraryAndExitThread@8 1063a030     kernel32:KERNEL32.dll
 0004:00000034       __imp__GetModuleFileNameW@12 1063a034     kernel32:KERNEL32.dll
 0004:00000038       __imp__GetModuleHandleW@4  1063a038     kernel32:KERNEL32.dll
 0004:0000003c       __imp__AllocConsole@0      1063a03c     kernel32:KERNEL32.dll
 0004:00000040       __imp__SetConsoleCP@4      1063a040     kernel32:KERNEL32.dll
 0004:00000044       __imp__SetConsoleOutputCP@4 1063a044     kernel32:KERNEL32.dll
 0004:00000048       __imp__LoadLibraryExA@12   1063a048     kernel32:KERNEL32.dll
 0004:0000004c       __imp__VirtualQueryEx@16   1063a04c     kernel32:KERNEL32.dll
 0004:00000050       __imp__VirtualProtectEx@20 1063a050     kernel32:KERNEL32.dll
 0004:00000054       __imp__VirtualFree@12      1063a054     kernel32:KERNEL32.dll
 0004:00000058       __imp__VirtualAlloc@16     1063a058     kernel32:KERNEL32.dll
[...]
 0005:0000001d       __61CC25A1_errno@h         1063c01d     pch.obj
 0005:0000001e       __C7BF34A6_vcruntime_string@h 1063c01e     pch.obj
 0005:0000001f       __E4C945B4_corecrt_memcpy_s@h 1063c01f     pch.obj
 0005:00000020       __8EAFF484_corecrt_memory@h 1063c020     pch.obj
 0005:00000021       __6490AEC5_corecrt_wstring@h 1063c021     pch.obj
 0005:00000022       __E8295E1E_string@h        1063c022     pch.obj
 0005:00000023       __7FCB5136_guiddef@h       1063c023     pch.obj
 0005:00000024       __FF8A9E11_pshpack4@h      1063c024     pch.obj
 0005:00000025       __D5438902_poppack@h       1063c025     pch.obj
 0005:00000026       __FB07E2A3_pshpack2@h      1063c026     pch.obj
 0005:00000027       __F6906775_pshpack8@h      1063c027     pch.obj
 0005:00000028       __F9415CFA_pshpack1@h      1063c028     pch.obj
 0005:00000029       __E58C6F1C_apiset@h        1063c029     pch.obj
 0005:0000002a       __A5C52262_ktmtypes@h      1063c02a     pch.obj
 0005:0000002b       __FBBA8F9D_winnt@h         1063c02b     pch.obj
 0005:0000002c       __A32D3D2C_minwindef@h     1063c02c     pch.obj
 0005:0000002d       __7D798299_windef@h        1063c02d     pch.obj
 0005:0000002e       __9AE108E9_apisetcconv@h   1063c02e     pch.obj
 0005:0000002f       __9CE53D2C_minwinbase@h    1063c02f     pch.obj
 0005:00000030       __5D0AA210_apiquery2@h     1063c030     pch.obj
 0005:00000031       __4DD4E726_processenv@h    1063c031     pch.obj
 0005:00000032       __3575CC96_fileapi@h       1063c032     pch.obj
 0005:00000033       __8EA220E6_fileapifromapp@h 1063c033     pch.obj
 0005:00000034       __BF9B31FE_debugapi@h      1063c034     pch.obj
 0005:00000035       __C3AFE134_utilapiset@h    1063c035     pch.obj
 0005:00000036       __76F69E51_handleapi@h     1063c036     pch.obj
 0005:00000037       __7E63D784_errhandlingapi@h 1063c037     pch.obj
 0005:00000038       __FFA7003C_fibersapi@h     1063c038     pch.obj
 0005:00000039       __8971CECF_namedpipeapi@h  1063c039     pch.obj
 0005:0000003a       __46C9D8A6_profileapi@h    1063c03a     pch.obj
 0005:0000003b       __98D4F0A3_heapapi@h       1063c03b     pch.obj
 0005:0000003c       __50EF2A88_ioapiset@h      1063c03c     pch.obj
 0005:0000003d       __92EA1464_synchapi@h      1063c03d     pch.obj
 0005:0000003e       __A53D8AED_interlockedapi@h 1063c03e     pch.obj
 0005:0000003f       __B506CAAF_processthreadsapi@h 1063c03f     pch.obj
 0005:00000040       __FF735694_sysinfoapi@h    1063c040     pch.obj
 0005:00000041       __29589789_memoryapi@h     1063c041     pch.obj
 0005:00000042       __E9C7A663_enclaveapi@h    1063c042     pch.obj
 0005:00000043       __D035F9F7_threadpoollegacyapiset@h 1063c043     pch.obj
 0005:00000044       __C899130C_threadpoolapiset@h 1063c044     pch.obj
 0005:00000045       __E0441EE7_jobapi@h        1063c045     pch.obj
 0005:00000046       __CEF86838_jobapi2@h       1063c046     pch.obj
 0005:00000047       __35AC6B9A_wow64apiset@h   1063c047     pch.obj
 0005:00000048       __C8AE41A5_libloaderapi@h  1063c048     pch.obj
 0005:00000049       __CC9E232D_securitybaseapi@h 1063c049     pch.obj
 0005:0000004a       __C9D0C9B8_namespaceapi@h  1063c04a     pch.obj
 0005:0000004b       __30FF9CAD_systemtopologyapi@h 1063c04b     pch.obj
 0005:0000004c       __4D358795_processtopologyapi@h 1063c04c     pch.obj
 0005:0000004d       __40446D10_securityappcontainer@h 1063c04d     pch.obj
 0005:0000004e       __3A952EDF_realtimeapiset@h 1063c04e     pch.obj
 0005:0000004f       __F4865F4B_winerror@h      1063c04f     pch.obj
 0005:00000050       __53C1BD93_timezoneapi@h   1063c050     pch.obj
 0005:00000051       __1FFBEDBF_winbase@h       1063c051     pch.obj
 0005:00000052       __43D3FA34_wingdi@h        1063c052     pch.obj
 0005:00000053       __D24A7391_tvout@h         1063c053     pch.obj
 0005:00000054       __7713A6C8_winuser@h       1063c054     pch.obj
 0005:00000055       __0B345F71_datetimeapi@h   1063c055     pch.obj
 0005:00000056       __9AC6960C_winnls@h        1063c056     pch.obj
 0005:00000057       __973A40A8_stringapiset@h  1063c057     pch.obj
 0005:00000058       __CC46FEE2_wincontypes@h   1063c058     pch.obj
 0005:00000059       __97D70BE1_consoleapi@h    1063c059     pch.obj
 0005:0000005a       __27EC5E18_consoleapi2@h   1063c05a     pch.obj
 0005:0000005b       __262E342F_consoleapi3@h   1063c05b     pch.obj
 0005:0000005c       __641DCD70_wincon@h        1063c05c     pch.obj
 0005:0000005d       __5A96C7A7_verrsrc@h       1063c05d     pch.obj
 0005:0000005e       __B69C6FF2_winver@h        1063c05e     pch.obj
 0005:0000005f       __7AEB8C37_reason@h        1063c05f     pch.obj
 0005:00000060       __59F1A8A9_winreg@h        1063c060     pch.obj
 0005:00000061       __EE0E2B7F_wnnc@h          1063c061     pch.obj
 0005:00000062       __DCDB7054_winnetwk@h      1063c062     pch.obj
 0005:00000063       __81DDEDE3_stralign@h      1063c063     pch.obj
 0005:00000064       __2134D1B4_winsvc@h        1063c064     pch.obj
 0005:00000065       __11C07376_mcx@h           1063c065     pch.obj
 0005:00000066       __577CE3E7_ime_cmodes@h    1063c066     pch.obj
 0005:00000067       __1E72C31E_imm@h           1063c067     pch.obj
 0005:00000068       __E15BF856_windows@h       1063c068     pch.obj
 0005:00000069       __832A4112_inaddr@h        1063c069     pch.obj
 0005:0000006a       __C59B8995_ws2def@h        1063c06a     pch.obj
 0005:0000006b       __F9202461_qos@h           1063c06b     pch.obj
 0005:0000006c       __50CB22FA_WinSock2@h      1063c06c     pch.obj
 0005:0000006d       __B01BC3FD_in6addr@h       1063c06d     pch.obj
 0005:0000006e       __DEBB33B8_ws2ipdef@h      1063c06e     pch.obj
 0005:0000006f       __2A51B905_limits@h        1063c06f     pch.obj
 0005:00000070       __6AD23521_WS2tcpip@h      1063c070     pch.obj
 0005:00000071       __CDBF38D3_xkeycheck@h     1063c071     pch.obj
 0005:00000072       __B82E8187_yvals_core@h    1063c072     pch.obj
 0005:00000073       __85D44119_vcruntime_new@h 1063c073     pch.obj
 0005:00000074       __4A04F9FC_vcruntime_new_debug@h 1063c074     pch.obj
 0005:00000075       __935DC21B_crtdbg@h        1063c075     pch.obj
 0005:00000076       __7B9928CC_crtdefs@h       1063c076     pch.obj
 0005:00000077       __8E69A139_use_ansi@h      1063c077     pch.obj
 0005:00000078       __9E3F5EBE_yvals@h         1063c078     pch.obj
 0005:00000079       __369A9BC3_corecrt_wtime@h 1063c079     pch.obj
 0005:0000007a       __0A9237D2_time@h          1063c07a     pch.obj
 0005:0000007b       __7636E091_ctime           1063c07b     pch.obj
 0005:0000007c       __B9985323_float@h         1063c07c     pch.obj
 0005:0000007d       __9A0005AD_cfloat          1063c07d     pch.obj
 0005:0000007e       __AC90CAF3_climits         1063c07e     pch.obj
 0005:0000007f       __44420885_corecrt_stdio_config@h 1063c07f     pch.obj
 0005:00000080       __AB601D8D_corecrt_wstdio@h 1063c080     pch.obj
 0005:00000081       __C1EC35D3_stdio@h         1063c081     pch.obj
 0005:00000082       __E944CE2A_cstdio          1063c082     pch.obj
 0005:00000083       __EF1F6BBA_corecrt_wconio@h 1063c083     pch.obj
 0005:00000084       __3D1D430C_corecrt_wdirect@h 1063c084     pch.obj
 0005:00000085       __8ECB7138_corecrt_share@h 1063c085     pch.obj
 0005:00000086       __DB7FEBA6_corecrt_wio@h   1063c086     pch.obj
 0005:00000087       __9A9F0068_corecrt_wprocess@h 1063c087     pch.obj
 0005:00000088       __E2E33A61_corecrt_wstdlib@h 1063c088     pch.obj
 0005:00000089       __CE789B9D_types@h         1063c089     pch.obj
 0005:0000008a       __9901C817_stat@h          1063c08a     pch.obj
 0005:0000008b       __3FCAD62E_wchar@h         1063c08b     pch.obj
 0005:0000008c       __73CF1879_cwchar          1063c08c     pch.obj
 0005:0000008d       __DB641432_intrin0@inl@h   1063c08d     pch.obj
 0005:0000008e       __62B491C7_intrin0@h       1063c08e     pch.obj
 0005:0000008f       __14343ED5_isa_availability@h 1063c08f     pch.obj
 0005:00000090       __13F5961F_stddef@h        1063c090     pch.obj
 0005:00000091       __75679370_xtr1common      1063c091     pch.obj
 0005:00000092       __8DB432AC_cstddef         1063c092     pch.obj
 0005:00000093       __BB16330F_corecrt_math@h  1063c093     pch.obj
 0005:00000094       __3BF2A406_math@h          1063c094     pch.obj
 0005:00000095       __45DED006_corecrt_malloc@h 1063c095     pch.obj
 0005:00000096       __FD6DBD68_corecrt_search@h 1063c096     pch.obj
 0005:00000097       __6E5ACABA_stdlib@h        1063c097     pch.obj
 0005:00000098       __287FE801_cstdlib         1063c098     pch.obj
 0005:00000099       __2E531C5B_initializer_list 1063c099     pch.obj
 0005:0000009a       __E86DFA98_xstddef         1063c09a     pch.obj
 0005:0000009b       __FCE648C9_limits          1063c09b     pch.obj
 0005:0000009c       __9427973A_stdint@h        1063c09c     pch.obj
 0005:0000009d       __9521097C_cstdint         1063c09d     pch.obj
 0005:0000009e       __8316FE18_type_traits     1063c09e     pch.obj
 0005:0000009f       __DC36E537_ratio           1063c09f     pch.obj
 0005:000000a0       __1F726D8A_utility         1063c0a0     pch.obj
 0005:000000a1       __4E3B0C86_xtimec@h        1063c0a1     pch.obj
 0005:000000a2       __536815A4___msvc_chrono@hpp 1063c0a2     pch.obj
 0005:000000a3       __FA77ED4C_malloc@h        1063c0a3     pch.obj
 0005:000000a4       __89766DA4_corecrt_terminate@h 1063c0a4     pch.obj
 0005:000000a5       __15A429A0_eh@h            1063c0a5     pch.obj
 0005:000000a6       __42EAFCAE_vcruntime_exception@h 1063c0a6     pch.obj
 0005:000000a7       __B3C6465A_exception       1063c0a7     pch.obj
 0005:000000a8       __64ED40E1_cstring         1063c0a8     pch.obj
 0005:000000a9       __300F9D4F_iosfwd          1063c0a9     pch.obj
 0005:000000aa       __4C6B6D9A_vcruntime_typeinfo@h 1063c0aa     pch.obj
 0005:000000ab       __88201CDE_typeinfo        1063c0ab     pch.obj
 0005:000000ac       __D54891C9_new             1063c0ac     pch.obj
 0005:000000ad       __B9CACA8C_xatomic@h       1063c0ad     pch.obj
 0005:000000ae       __58858B05___msvc_iter_core@hpp 1063c0ae     pch.obj
 0005:000000af       __F8FFEFC7_xutility        1063c0af     pch.obj
 0005:000000b0       __75E70E49_xmemory         1063c0b0     pch.obj
 0005:000000b1       __40484447_memory          1063c0b1     pch.obj
 0005:000000b2       __537DDF86_vcruntime_startup@h 1063c0b2     pch.obj
 0005:000000b3       __005E73E1_corecrt_startup@h 1063c0b3     pch.obj
 0005:000000b4       __8B12B2C4_process@h       1063c0b4     pch.obj
 0005:000000b5       __16A665D8_tuple           1063c0b5     pch.obj
 0005:000000b6       __EF27968A_xthreads@h      1063c0b6     pch.obj
 0005:000000b7       __9B053CF1_thread          1063c0b7     pch.obj
 0005:000000b8       __97D3140B_atomic          1063c0b8     pch.obj
 0005:000000b9       __43E37B5E___msvc_sanitizer_annotate_container@hpp 1063c0b9     pch.obj
 0005:000000ba       __013488D5_xstring         1063c0ba     pch.obj
 0005:000000bb       __E68F298D_cctype          1063c0bb     pch.obj
 0005:000000bc       __349BC2DB_string          1063c0bc     pch.obj
 0005:000000bd       __B14B3829_vector          1063c0bd     pch.obj
 0005:000000be       __B0857C99_cmath           1063c0be     pch.obj
 0005:000000bf       __E9535887_iterator        1063c0bf     pch.obj
 0005:000000c0       __F7972D0B_share@h         1063c0c0     pch.obj
 0005:000000c1       __BF0DA2D8___msvc_system_error_abi@hpp 1063c0c1     pch.obj
 0005:000000c2       __7465BAD1_cerrno          1063c0c2     pch.obj
 0005:000000c3       __3A887C07_stdexcept       1063c0c3     pch.obj
 0005:000000c4       __FBB65FD7_xcall_once@h    1063c0c4     pch.obj
 0005:000000c5       __36AA4BB1_xerrc@h         1063c0c5     pch.obj
 0005:000000c6       __44EB4DF7_system_error    1063c0c6     pch.obj
 0005:000000c7       __6C0D1348_xfacet          1063c0c7     pch.obj
 0005:000000c8       __0E8B0509___msvc_xlocinfo_types@hpp 1063c0c8     pch.obj
 0005:000000c9       __791C33B7_locale@h        1063c0c9     pch.obj
 0005:000000ca       __BBD334D0_clocale         1063c0ca     pch.obj
 0005:000000cb       __97A9FF16_xlocinfo        1063c0cb     pch.obj
 0005:000000cc       __DE0AFCE4_xlocale         1063c0cc     pch.obj
 0005:000000cd       __AE4C8805_xiosbase        1063c0cd     pch.obj
 0005:000000ce       __3828C4BB_streambuf       1063c0ce     pch.obj
 0005:000000cf       __408D9AF3_xlocnum         1063c0cf     pch.obj
 0005:000000d0       __2D85ABDF_ios             1063c0d0     pch.obj
 0005:000000d1       __CD1A2620_ostream         1063c0d1     pch.obj
 0005:000000d2       __AECA131A_istream         1063c0d2     pch.obj
 0005:000000d3       __9A8695D8_iostream        1063c0d3     pch.obj
 0005:000000d4       __73AABCDD___msvc_int128@hpp 1063c0d4     pch.obj
 0005:000000d5       __590A048E_algorithm       1063c0d5     pch.obj
 0005:000000d6       __5A2DC2B7_xbit_ops@h      1063c0d6     pch.obj
 0005:000000d7       __BC1EAAA7_random          1063c0d7     pch.obj
 0005:000000d8       __CE9BEF67_mutex           1063c0d8     pch.obj
 0005:000000d9       __7E731E85_condition_variable 1063c0d9     pch.obj
 0005:000000da       __BC9D66EA_deque           1063c0da     pch.obj
 0005:000000db       __5FAB222B_queue           1063c0db     pch.obj
 0005:000000dc       __3201A73B_windowsx@h      1063c0dc     pch.obj
 0005:000000dd       __7DDD9F45_winioctl@h      1063c0dd     pch.obj
 0005:000000de       __60C1BB96_ntstatus@h      1063c0de     pch.obj
 0005:000000df       __8527A4A5_cfg@h           1063c0df     pch.obj
 0005:000000e0       __3C9886FD_d3dukmdt@h      1063c0e0     pch.obj
 0005:000000e1       __933B0786_d3dkmdt@h       1063c0e1     pch.obj
 0005:000000e2       __ED7C2C75_d3dkmthk@h      1063c0e2     pch.obj
 0005:000000e3       __17C221F5_lsalookup@h     1063c0e3     pch.obj
 0005:000000e4       __74EAFA7C_ntlsa@h         1063c0e4     pch.obj
 0005:000000e5       __0D771C8D_MINT@h          1063c0e5     pch.obj
 0005:000000e6       __CD0D37DF_detours@h       1063c0e6     pch.obj
 0005:000000e7       __9D20E11D_pch@h           1063c0e7     pch.obj
 0005:000000e8       __E1CC6C87_sadll@pch       1063c0e8     pch.obj
 0005:000000e9       __5B0EC4F9_pch@cpp         1063c0e9     pch.obj
 0005:00000116       __E1CC6C87_sadll@pch       1063c116     sadll.obj
 0005:00000117       __BB16330F_corecrt_math@h  1063c117     sadll.obj
 0005:00000118       __16A665D8_tuple           1063c118     sadll.obj
 0005:00000119       __B9CACA8C_xatomic@h       1063c119     sadll.obj
 0005:0000011a       __97A9FF16_xlocinfo        1063c11a     sadll.obj
 0005:0000011b       __88201CDE_typeinfo        1063c11b     sadll.obj
 0005:0000011c       __4C6B6D9A_vcruntime_typeinfo@h 1063c11c     sadll.obj
 0005:0000011d       __5B0EC4F9_pch@cpp         1063c11d     sadll.obj
 0005:0000011e       __3828C4BB_streambuf       1063c11e     sadll.obj
 0005:0000011f       __C1EC35D3_stdio@h         1063c11f     sadll.obj
 0005:00000120       __44420885_corecrt_stdio_config@h 1063c120     sadll.obj
 0005:00000121       __408D9AF3_xlocnum         1063c121     sadll.obj
 0005:00000122       __E9535887_iterator        1063c122     sadll.obj
 0005:00000123       __44EB4DF7_system_error    1063c123     sadll.obj
 0005:00000124       __3A887C07_stdexcept       1063c124     sadll.obj
 0005:00000125       __2D85ABDF_ios             1063c125     sadll.obj
 0005:00000126       __AE4C8805_xiosbase        1063c126     sadll.obj
 0005:00000127       __DE0AFCE4_xlocale         1063c127     sadll.obj
 0005:00000128       __6C0D1348_xfacet          1063c128     sadll.obj
 0005:00000129       __CD1A2620_ostream         1063c129     sadll.obj
 0005:0000012a       __349BC2DB_string          1063c12a     sadll.obj
 0005:0000012b       __1F726D8A_utility         1063c12b     sadll.obj
 0005:0000012c       __FCE648C9_limits          1063c12c     sadll.obj
 0005:0000012d       __B3C6465A_exception       1063c12d     sadll.obj
 0005:0000012e       __42EAFCAE_vcruntime_exception@h 1063c12e     sadll.obj
 0005:0000012f       __8316FE18_type_traits     1063c12f     sadll.obj
 0005:00000130       __85D44119_vcruntime_new@h 1063c130     sadll.obj
 0005:00000131       __F8FFEFC7_xutility        1063c131     sadll.obj
 0005:00000132       __013488D5_xstring         1063c132     sadll.obj
 0005:00000133       __E86DFA98_xstddef         1063c133     sadll.obj
 0005:00000134       __EF27968A_xthreads@h      1063c134     sadll.obj
 0005:00000135       __9B053CF1_thread          1063c135     sadll.obj
 0005:00000136       __E4C945B4_corecrt_memcpy_s@h 1063c136     sadll.obj
 0005:00000137       __D0F307B3_autil@h         1063c137     sadll.obj
 0005:00000138       __6F37075B_sadll@cpp       1063c138     sadll.obj
 0005:00000139       __75E70E49_xmemory         1063c139     sadll.obj
 0005:0000013a       __40484447_memory          1063c13a     sadll.obj
 0005:0000013b       __97D3140B_atomic          1063c13b     sadll.obj
 0005:0000013c       __EFCBAD69_sadll@h         1063c13c     sadll.obj
 0005:0000013d       __9D20E11D_pch@h           1063c13d     sadll.obj
 0008:00001468       ?vmread@?1??Copy0F78@CDetourDis@@IAEPAEPBUCOPYENTRY@2@PAE1@Z@4U32@B 10640468     detours:disasm.obj
 0008:00001474       ?extrq_insertq@?1??Copy0F78@CDetourDis@@IAEPAEPBUCOPYENTRY@2@PAE1@Z@4U32@B 10640474     detours:disasm.obj
 0008:00001480       ?other@?1??Copy0F00@CDetourDis@@IAEPAEPBUCOPYENTRY@2@PAE1@Z@4U32@B 10640480     detours:disasm.obj
 0008:0000148c       ?jmpe@?1??Copy0F00@CDetourDis@@IAEPAEPBUCOPYENTRY@2@PAE1@Z@4U32@B 1064048c     detours:disasm.obj
 0008:00001498       ?popcnt@?1??Copy0FB8@CDetourDis@@IAEPAEPBUCOPYENTRY@2@PAE1@Z@4U32@B 10640498     detours:disasm.obj
 0008:000014a4       ?jmpe@?1??Copy0FB8@CDetourDis@@IAEPAEPBUCOPYENTRY@2@PAE1@Z@4U32@B 106404a4     detours:disasm.obj
 0008:000014b0       ?ce@?4??CopyF6@CDetourDis@@IAEPAEPBUCOPYENTRY@2@PAE1@Z@4U32@B 106404b0     detours:disasm.obj
 0008:000014bc       ?ce@?1??CopyF6@CDetourDis@@IAEPAEPBUCOPYENTRY@2@PAE1@Z@4U32@B 106404bc     detours:disasm.obj
 0008:000014c8       ?ce@?4??CopyF7@CDetourDis@@IAEPAEPBUCOPYENTRY@2@PAE1@Z@4U32@B 106404c8     detours:disasm.obj
 0008:000014d4       ?ce@?1??CopyF7@CDetourDis@@IAEPAEPBUCOPYENTRY@2@PAE1@Z@4U32@B 106404d4     detours:disasm.obj
 0008:000014e0       ?ce@?1??CopyFF@CDetourDis@@IAEPAEPBUCOPYENTRY@2@PAE1@Z@4U32@B 106404e0     detours:disasm.obj
 0008:000014ec       ?ceF38@?1??CopyVexEvexCommon@CDetourDis@@IAEPAEEPAE0EE@Z@4UCOPYENTRY@2@B 106404ec     detours:disasm.obj
 0008:000014f8       ?ceF3A@?1??CopyVexEvexCommon@CDetourDis@@IAEPAEEPAE0EE@Z@4UCOPYENTRY@2@B 106404f8     detours:disasm.obj
 0008:00001504       ?ceInvalid@?1??CopyVexEvexCommon@CDetourDis@@IAEPAEEPAE0EE@Z@4UCOPYENTRY@2@B 10640504     detours:disasm.obj
 0008:00001510       ?ceLES@?1??CopyVex3@CDetourDis@@IAEPAEPBUCOPYENTRY@2@PAE1@Z@4U32@B 10640510     detours:disasm.obj
 0008:0000151c       ?ceLDS@?1??CopyVex2@CDetourDis@@IAEPAEPBUCOPYENTRY@2@PAE1@Z@4U32@B 1064051c     detours:disasm.obj
 0008:00001528       ?ceBound@?1??CopyEvex@CDetourDis@@IAEPAEPBUCOPYENTRY@2@PAE1@Z@4U32@B 10640528     detours:disasm.obj
 0008:00001534       ?ceInvalid@?1??CopyEvex@CDetourDis@@IAEPAEPBUCOPYENTRY@2@PAE1@Z@4U32@B 10640534     detours:disasm.obj
 0008:00001540       ?cePop@?1??CopyXop@CDetourDis@@IAEPAEPBUCOPYENTRY@2@PAE1@Z@4U32@B 10640540     detours:disasm.obj
 0008:0000154c       ?ceXop@?1??CopyXop@CDetourDis@@IAEPAEPBUCOPYENTRY@2@PAE1@Z@4U32@B 1064054c     detours:disasm.obj
 0008:00001558       ?ceXop1@?1??CopyXop@CDetourDis@@IAEPAEPBUCOPYENTRY@2@PAE1@Z@4U32@B 10640558     detours:disasm.obj
 0008:00001564       ?ceXop4@?1??CopyXop@CDetourDis@@IAEPAEPBUCOPYENTRY@2@PAE1@Z@4U32@B 10640564     detours:disasm.obj
 000a:00000170       $R000000                   10642170     * linker generated manifest res *

 Exports

  ordinal    name

